            sshd-765   [000] ....  4351.861795: sys_enter: NR 228 (7, 7ffd31677820, 7ffd31677820, 0, 7ffd316c00f0, 7ffd31677820)
            sshd-765   [000] ....  4351.861889: sys_exit: NR 228 = 0
            sshd-765   [000] ....  4351.861889: sys_enter: NR 23 (c, 555efd66bd50, 555efd66b0f0, 0, 0, 1000)
            sshd-765   [000] ....  4351.861889: sys_exit: NR 23 = 1
            sshd-765   [000] ....  4351.861889: sys_enter: NR 14 (0, 7ffd316778b0, 7ffd31677830, 8, 0, 1000)
            sshd-765   [000] ....  4351.861889: sys_exit: NR 14 = 0
            sshd-765   [000] ....  4351.861889: sys_enter: NR 14 (2, 7ffd31677830, 0, 8, 0, 1000)
            sshd-765   [000] ....  4351.861889: sys_exit: NR 14 = 0
            sshd-765   [000] ....  4351.861889: sys_enter: NR 228 (7, 7ffd316778d0, 7ffd316778d0, 8, 7ffd316c00f0, 7ffd316778d0)
            sshd-765   [000] ....  4351.861889: sys_exit: NR 228 = 0
            sshd-765   [000] ....  4351.861889: sys_enter: NR 1 (3, 555efd68cb50, 2c, 8, 7ffd316c00f0, 7ffd316778d0)
          <idle>-0     [001] d...  4351.865439: sched_switch: prev_comm=swapper/1 prev_pid=0 prev_prio=120 prev_state=R ==> next_comm=rcu_sched next_pid=10 next_prio=120
       rcu_sched-10    [001] d...  4351.865452: sched_switch: prev_comm=rcu_sched prev_pid=10 prev_prio=120 prev_state=I ==> next_comm=swapper/1 next_pid=0 next_prio=120
            sshd-765   [000] d...  4351.866659: sched_switch: prev_comm=sshd prev_pid=765 prev_prio=120 prev_state=R+ ==> next_comm=ksoftirqd/0 next_pid=9 next_prio=120
     ksoftirqd/0-9     [000] d...  4351.866659: sched_switch: prev_comm=ksoftirqd/0 prev_pid=9 prev_prio=120 prev_state=S ==> next_comm=sshd next_pid=765 next_prio=120
            sshd-765   [000] ....  4351.866659: sys_exit: NR 1 = 44
            sshd-765   [000] ....  4351.866659: sys_enter: NR 228 (7, 7ffd31677820, 7ffd31677820, 0, 7ffd316c00f0, 7ffd31677820)
            sshd-765   [000] ....  4351.866659: sys_exit: NR 228 = 0
            sshd-765   [000] ....  4351.866659: sys_enter: NR 23 (c, 555efd66bd50, 555efd66b0f0, 0, 0, 1000)
            sshd-765   [000] d...  4351.866659: sched_switch: prev_comm=sshd prev_pid=765 prev_prio=120 prev_state=S ==> next_comm=swapper/0 next_pid=0 next_prio=120
          <idle>-0     [001] d...  4351.869723: sched_switch: prev_comm=swapper/1 prev_pid=0 prev_prio=120 prev_state=R ==> next_comm=rcu_sched next_pid=10 next_prio=120
       rcu_sched-10    [001] d...  4351.869736: sched_switch: prev_comm=rcu_sched prev_pid=10 prev_prio=120 prev_state=I ==> next_comm=swapper/1 next_pid=0 next_prio=120
          <idle>-0     [001] d...  4351.975452: sched_switch: prev_comm=swapper/1 prev_pid=0 prev_prio=120 prev_state=R ==> next_comm=rcu_sched next_pid=10 next_prio=120
       rcu_sched-10    [001] d...  4351.975472: sched_switch: prev_comm=rcu_sched prev_pid=10 prev_prio=120 prev_state=I ==> next_comm=kworker/u8:1 next_pid=25598 next_prio=120
    kworker/u8:1-25598 [001] d...  4351.975505: sched_switch: prev_comm=kworker/u8:1 prev_pid=25598 prev_prio=120 prev_state=I ==> next_comm=swapper/1 next_pid=0 next_prio=120
          <idle>-0     [000] d...  4351.975699: sched_switch: prev_comm=swapper/0 prev_pid=0 prev_prio=120 prev_state=R ==> next_comm=kworker/0:1 next_pid=25614 next_prio=120
          <idle>-0     [003] d...  4351.975926: sched_switch: prev_comm=swapper/3 prev_pid=0 prev_prio=120 prev_state=R ==> next_comm=kworker/3:1 next_pid=23948 next_prio=120
          <idle>-0     [002] d...  4351.976866: sched_switch: prev_comm=swapper/2 prev_pid=0 prev_prio=120 prev_state=R ==> next_comm=kworker/2:2 next_pid=108 next_prio=120
     kworker/3:1-23948 [003] d...  4351.976866: sched_switch: prev_comm=kworker/3:1 prev_pid=23948 prev_prio=120 prev_state=I ==> next_comm=swapper/3 next_pid=0 next_prio=120
     kworker/2:2-108   [002] d...  4351.977163: sched_switch: prev_comm=kworker/2:2 prev_pid=108 prev_prio=120 prev_state=D ==> next_comm=kworker/2:1 next_pid=25643 next_prio=120
     kworker/2:1-25643 [002] d...  4351.977875: sched_switch: prev_comm=kworker/2:1 prev_pid=25643 prev_prio=120 prev_state=I ==> next_comm=swapper/2 next_pid=0 next_prio=120
          <idle>-0     [001] d...  4351.980485: sched_switch: prev_comm=swapper/1 prev_pid=0 prev_prio=120 prev_state=R ==> next_comm=rcu_sched next_pid=10 next_prio=120
       rcu_sched-10    [001] d...  4351.980510: sched_switch: prev_comm=rcu_sched prev_pid=10 prev_prio=120 prev_state=I ==> next_comm=swapper/1 next_pid=0 next_prio=120
     kworker/0:1-25614 [000] d...  4351.981418: sched_switch: prev_comm=kworker/0:1 prev_pid=25614 prev_prio=120 prev_state=R+ ==> next_comm=ksoftirqd/0 next_pid=9 next_prio=120
          <idle>-0     [002] d...  4351.982844: sched_switch: prev_comm=swapper/2 prev_pid=0 prev_prio=120 prev_state=R ==> next_comm=kworker/2:2 next_pid=108 next_prio=120
          <idle>-0     [001] d...  4351.984483: sched_switch: prev_comm=swapper/1 prev_pid=0 prev_prio=120 prev_state=R ==> next_comm=rcu_sched next_pid=10 next_prio=120
       rcu_sched-10    [001] d...  4351.984504: sched_switch: prev_comm=rcu_sched prev_pid=10 prev_prio=120 prev_state=I ==> next_comm=swapper/1 next_pid=0 next_prio=120
     ksoftirqd/0-9     [000] d...  4351.984602: sched_switch: prev_comm=ksoftirqd/0 prev_pid=9 prev_prio=120 prev_state=S ==> next_comm=kworker/0:1 next_pid=25614 next_prio=120
     kworker/0:1-25614 [000] d...  4351.984613: sched_switch: prev_comm=kworker/0:1 prev_pid=25614 prev_prio=120 prev_state=I ==> next_comm=swapper/0 next_pid=0 next_prio=120
     kworker/2:2-108   [002] d...  4351.985259: sched_switch: prev_comm=kworker/2:2 prev_pid=108 prev_prio=120 prev_state=I ==> next_comm=swapper/2 next_pid=0 next_prio=120
          <idle>-0     [001] d...  4352.008256: sched_switch: prev_comm=swapper/1 prev_pid=0 prev_prio=120 prev_state=R ==> next_comm=gmain next_pid=567 next_prio=120
           gmain-567   [001] ....  4352.008271: sys_exit: NR 7 = 0
           gmain-567   [001] ....  4352.008278: sys_enter: NR 228 (1, 7f270a2aebf0, 7f270a2aebf0, 5646065f2d80, 7ffc6dfae090, 7f270a2aebf0)
           gmain-567   [001] ....  4352.008515: sys_exit: NR 228 = 0
           gmain-567   [001] ....  4352.008528: sys_enter: NR 254 (7, 5646065fa3a0, 1002fce, 5646065f2d80, 56cd36aa, 7f270a2aebf0)
           gmain-567   [001] ....  4352.008541: sys_exit: NR 254 = -2
           gmain-567   [001] ....  4352.008544: sys_enter: NR 254 (7, 5646065f9980, 1002fce, 5646065f2d80, b10563a8, 7f270a2aebf0)
           gmain-567   [001] ....  4352.008548: sys_exit: NR 254 = -2
           gmain-567   [001] ....  4352.008550: sys_enter: NR 254 (7, 5646065f9450, 1002fce, 5646065f2d80, b10563a8, 7f270a2aebf0)
           gmain-567   [001] ....  4352.008551: sys_exit: NR 254 = -2
           gmain-567   [001] ....  4352.008553: sys_enter: NR 254 (7, 5646065f9100, 1002fce, 5646065f2d80, b10563a8, 7f270a2aebf0)
           gmain-567   [001] ....  4352.008554: sys_exit: NR 254 = -2
           gmain-567   [001] ....  4352.008560: sys_enter: NR 228 (1, 7f270a2aebe0, 7f270a2aebe0, 5646065f2d80, 7ffc6dfae090, 7f270a2aebe0)
           gmain-567   [001] ....  4352.008620: sys_exit: NR 228 = 0
           gmain-567   [001] ....  4352.008627: sys_enter: NR 7 (5646065d9410, 2, f99, 5646065f2d80, 0, 5646065f62a0)
           gmain-567   [001] d...  4352.008756: sched_switch: prev_comm=gmain prev_pid=567 prev_prio=120 prev_state=S ==> next_comm=swapper/1 next_pid=0 next_prio=120
          <idle>-0     [000] d...  4352.951540: sched_switch: prev_comm=swapper/0 prev_pid=0 prev_prio=120 prev_state=R ==> next_comm=sshd next_pid=765 next_prio=120
            sshd-765   [000] ....  4352.951540: sys_exit: NR 23 = 1
            sshd-765   [000] ....  4352.951540: sys_enter: NR 14 (0, 7ffd316778b0, 7ffd31677830, 8, 0, 1000)
            sshd-765   [000] ....  4352.951540: sys_exit: NR 14 = 0
            sshd-765   [000] ....  4352.951540: sys_enter: NR 14 (2, 7ffd31677830, 0, 8, 0, 1000)
            sshd-765   [000] ....  4352.951540: sys_exit: NR 14 = 0
            sshd-765   [000] ....  4352.951540: sys_enter: NR 228 (7, 7ffd316778d0, 7ffd316778d0, 8, 7ffd316c00f0, 7ffd316778d0)
            sshd-765   [000] .N..  4352.953488: sys_exit: NR 228 = 0
            sshd-765   [000] d...  4352.953492: sched_switch: prev_comm=sshd prev_pid=765 prev_prio=120 prev_state=R ==> next_comm=kworker/0:1 next_pid=25614 next_prio=120
     kworker/0:1-25614 [000] d...  4352.953503: sched_switch: prev_comm=kworker/0:1 prev_pid=25614 prev_prio=120 prev_state=I ==> next_comm=sshd next_pid=765 next_prio=120
            sshd-765   [000] ....  4352.953509: sys_enter: NR 0 (3, 7ffd31673940, 4000, 8, 7ffd316c00f0, 7ffd316778d0)
            sshd-765   [000] ....  4352.953569: sys_exit: NR 0 = 36
            sshd-765   [000] ....  4352.953587: sys_enter: NR 228 (7, 7ffd31677820, 7ffd31677820, 0, 7ffd316c00f0, 7ffd31677820)
            sshd-765   [000] ....  4352.953634: sys_exit: NR 228 = 0
            sshd-765   [000] ....  4352.953639: sys_enter: NR 23 (c, 555efd66bd50, 555efd66b0f0, 0, 0, 1000)
            sshd-765   [000] ....  4352.953647: sys_exit: NR 23 = 1
            sshd-765   [000] ....  4352.953649: sys_enter: NR 14 (0, 7ffd316778b0, 7ffd31677830, 8, 0, 1000)
            sshd-765   [000] ....  4352.953650: sys_exit: NR 14 = 0
            sshd-765   [000] ....  4352.953651: sys_enter: NR 14 (2, 7ffd31677830, 0, 8, 0, 1000)
            sshd-765   [000] ....  4352.953651: sys_exit: NR 14 = 0
            sshd-765   [000] ....  4352.953653: sys_enter: NR 228 (7, 7ffd316778d0, 7ffd316778d0, 8, 7ffd316c00f0, 7ffd316778d0)
            sshd-765   [000] ....  4352.953699: sys_exit: NR 228 = 0
            sshd-765   [000] ....  4352.953704: sys_enter: NR 1 (9, 555efd670f90, 1, 8, 0, 0)
            sshd-765   [000] ....  4352.953940: sys_exit: NR 1 = 1
            sshd-765   [000] ....  4352.953947: sys_enter: NR 228 (7, 7ffd31677820, 7ffd31677820, 0, 7ffd316c00f0, 7ffd31677820)
          <idle>-0     [001] d...  4352.954316: sched_switch: prev_comm=swapper/1 prev_pid=0 prev_prio=120 prev_state=R ==> next_comm=kworker/u8:1 next_pid=25598 next_prio=120
    kworker/u8:1-25598 [001] d...  4352.954334: sched_switch: prev_comm=kworker/u8:1 prev_pid=25598 prev_prio=120 prev_state=R+ ==> next_comm=bash next_pid=25648 next_prio=120
            bash-25648 [001] ....  4352.954346: sys_exit: NR 270 = 1
            bash-25648 [001] ....  4352.954354: sys_enter: NR 0 (0, 7ffd5281617f, 1, 0, 0, 7ffd52816130)
            bash-25648 [001] ....  4352.954360: sys_exit: NR 0 = 1
            bash-25648 [001] ....  4352.954367: sys_enter: NR 1 (2, 55cde635d120, 1, a, a, 7ffd52816130)
            bash-25648 [001] .N..  4352.954375: sys_exit: NR 1 = 1
            bash-25648 [001] d...  4352.954378: sched_switch: prev_comm=bash prev_pid=25648 prev_prio=120 prev_state=R ==> next_comm=kworker/u8:0 next_pid=25634 next_prio=120
    kworker/u8:0-25634 [001] d...  4352.954384: sched_switch: prev_comm=kworker/u8:0 prev_pid=25634 prev_prio=120 prev_state=I ==> next_comm=bash next_pid=25648 next_prio=120
            bash-25648 [001] ....  4352.954397: sys_enter: NR 16 (0, 5401, 7ffd52816270, 1, 7f05ea6128b0, 55cde4b6af60)
            bash-25648 [001] ....  4352.954402: sys_exit: NR 16 = 0
            bash-25648 [001] ....  4352.954403: sys_enter: NR 16 (0, 5403, 7ffd52816240, 10, 0, 55cde4b6af60)
            sshd-765   [000] ....  4352.954403: sys_exit: NR 228 = 0
            bash-25648 [001] ....  4352.954406: sys_exit: NR 16 = 0
            bash-25648 [001] ....  4352.954408: sys_enter: NR 16 (0, 5401, 7ffd52816240, 10, ffffffffffffff80, 55cde4b6af60)
            bash-25648 [001] ....  4352.954409: sys_exit: NR 16 = 0
            sshd-765   [000] ....  4352.954409: sys_enter: NR 23 (c, 555efd66bd50, 555efd66b0f0, 0, 0, 1000)
            bash-25648 [001] ....  4352.954412: sys_enter: NR 13 (2, 7ffd52816030, 7ffd528160d0, 8, 7ffd52816180, 55cde4b6af60)
            bash-25648 [001] ....  4352.954413: sys_exit: NR 13 = 0
            bash-25648 [001] ....  4352.954414: sys_enter: NR 13 (f, 7ffd52816030, 7ffd528160d0, 8, 7ffd52816180, 55cde4b6af60)
            bash-25648 [001] ....  4352.954415: sys_exit: NR 13 = 0
            bash-25648 [001] ....  4352.954416: sys_enter: NR 13 (1, 7ffd52816030, 7ffd528160d0, 8, 7ffd52816180, 55cde4b6af60)
            bash-25648 [001] ....  4352.954417: sys_exit: NR 13 = 0
            bash-25648 [001] ....  4352.954418: sys_enter: NR 13 (e, 7ffd52816030, 7ffd528160d0, 8, 7ffd52816180, 55cde4b6af60)
            bash-25648 [001] ....  4352.954419: sys_exit: NR 13 = 0
            sshd-765   [000] ....  4352.954419: sys_exit: NR 23 = 1
            bash-25648 [001] ....  4352.954420: sys_enter: NR 13 (1c, 7ffd528160f0, 7ffd52816190, 8, 7ffd52816240, 55cde4b6af60)
            bash-25648 [001] ....  4352.954421: sys_exit: NR 13 = 0
            sshd-765   [000] ....  4352.954421: sys_enter: NR 14 (0, 7ffd316778b0, 7ffd31677830, 8, 0, 1000)
            sshd-765   [000] ....  4352.954421: sys_exit: NR 14 = 0
            bash-25648 [001] ....  4352.954423: sys_enter: NR 13 (2, 7ffd52816050, 7ffd528160f0, 8, 7ffd52816240, 55cde4b6af60)
            sshd-765   [000] ....  4352.954423: sys_enter: NR 14 (2, 7ffd31677830, 0, 8, 0, 1000)
            bash-25648 [001] ....  4352.954424: sys_exit: NR 13 = 0
            sshd-765   [000] ....  4352.954424: sys_exit: NR 14 = 0
            sshd-765   [000] ....  4352.954424: sys_enter: NR 228 (7, 7ffd316778d0, 7ffd316778d0, 8, 7ffd316c00f0, 7ffd316778d0)
            sshd-765   [000] ....  4352.954438: sys_exit: NR 228 = 0
            sshd-765   [000] ....  4352.954443: sys_enter: NR 0 (b, 7ffd31673810, 4000, 8, 7ffd316c00f0, 7ffd316778d0)
            bash-25648 [001] ....  4352.954488: sys_enter: NR 14 (0, 7ffd52817030, 7ffd528170b0, 8, ffff, 0)
            bash-25648 [001] ....  4352.954490: sys_exit: NR 14 = 0
            bash-25648 [001] ....  4352.954492: sys_enter: NR 22 (55cde4b5f738, 7ffd52817030, 7ffd528170b0, 8, ffff, 0)
            sshd-765   [000] ....  4352.954492: sys_exit: NR 0 = 2
            sshd-765   [000] ....  4352.954492: sys_enter: NR 39 (555efd66eeb0, 4, 10, 0, 1, 100)
            sshd-765   [000] ....  4352.954492: sys_exit: NR 39 = 765
            sshd-765   [000] ....  4352.954492: sys_enter: NR 228 (7, 7ffd31677820, 7ffd31677820, 0, 7ffd316c00f0, 7ffd31677820)
            bash-25648 [001] ....  4352.954511: sys_exit: NR 22 = 0
            bash-25648 [001] ....  4352.954514: sys_enter: NR 56 (1200011, 0, 0, 7f05eac5aa10, 7f05eac5a740, 0)
            sshd-765   [000] ....  4352.954518: sys_exit: NR 228 = 0
            sshd-765   [000] ....  4352.954524: sys_enter: NR 23 (c, 555efd66bd50, 555efd66b0f0, 0, 0, 1000)
            sshd-765   [000] ....  4352.954529: sys_exit: NR 23 = 1
            sshd-765   [000] ....  4352.954531: sys_enter: NR 14 (0, 7ffd316778b0, 7ffd31677830, 8, 0, 1000)
            sshd-765   [000] ....  4352.954532: sys_exit: NR 14 = 0
            sshd-765   [000] ....  4352.954534: sys_enter: NR 14 (2, 7ffd31677830, 0, 8, 0, 1000)
            sshd-765   [000] ....  4352.954534: sys_exit: NR 14 = 0
            sshd-765   [000] ....  4352.954536: sys_enter: NR 228 (7, 7ffd316778d0, 7ffd316778d0, 8, 7ffd316c00f0, 7ffd316778d0)
            sshd-765   [000] ....  4352.954590: sys_exit: NR 228 = 0
            sshd-765   [000] ....  4352.954596: sys_enter: NR 1 (3, 555efd68cb50, 24, 8, 7ffd316c00f0, 7ffd316778d0)
            bash-25648 [001] ....  4352.954943: sys_exit: NR 56 = 25666
            bash-25648 [001] ....  4352.954943: sys_enter: NR 109 (6442, 6442, 0, 7f05eac5aa10, 7f05eac5a740, 0)
            bash-25648 [001] ....  4352.954943: sys_exit: NR 109 = 0
            bash-25648 [001] ....  4352.954943: sys_enter: NR 14 (2, 7ffd528170b0, 0, 8, 8, 55cde6330290)
            bash-25648 [001] ....  4352.954943: sys_exit: NR 14 = 0
          <idle>-0     [002] d...  4352.955622: sched_switch: prev_comm=swapper/2 prev_pid=0 prev_prio=120 prev_state=R ==> next_comm=bash next_pid=25666 next_prio=120
            bash-25666 [002] ....  4352.955654: sys_exit: NR 56 = 0
            bash-25666 [002] ....  4352.955733: sys_enter: NR 39 (1200011, 0, 0, 7f05eac5aa10, 7f05eac5a740, 0)
            bash-25666 [002] ....  4352.955735: sys_exit: NR 39 = 25666
            bash-25648 [001] ....  4352.955735: sys_enter: NR 14 (0, 7ffd52816fd0, 7ffd52817050, 8, 0, 1)
            bash-25648 [001] ....  4352.955735: sys_exit: NR 14 = 0
            bash-25648 [001] ....  4352.955735: sys_enter: NR 3 (3, 7ffd52816fd0, 7ffd52817050, 8, 0, 1)
            bash-25648 [001] ....  4352.955735: sys_exit: NR 3 = 0
            bash-25648 [001] ....  4352.955735: sys_enter: NR 3 (4, 7ffd52816fd0, 7ffd52817050, 8, 0, 1)
            bash-25648 [001] ....  4352.955735: sys_exit: NR 3 = 0
            bash-25666 [002] ....  4352.955750: sys_enter: NR 14 (2, 55cde4b70b00, 0, 8, 7f05eac5a740, 0)
            bash-25666 [002] ....  4352.955754: sys_exit: NR 14 = 0
            bash-25666 [002] ....  4352.955770: sys_enter: NR 13 (14, 7ffd52816d50, 7ffd52816df0, 8, 7ffd52816f40, 0)
            bash-25648 [001] ....  4352.955770: sys_enter: NR 16 (ff, 540f, 7ffd52816f94, 1, 0, 2f78756e696c6c61)
            bash-25666 [002] ....  4352.955771: sys_exit: NR 13 = 0
            bash-25666 [002] ....  4352.955773: sys_enter: NR 13 (15, 7ffd52816d50, 7ffd52816df0, 8, 7ffd52816f40, 0)
            bash-25666 [002] ....  4352.955774: sys_exit: NR 13 = 0
            bash-25648 [001] ....  4352.955774: sys_exit: NR 16 = 0
            bash-25666 [002] ....  4352.955776: sys_enter: NR 13 (16, 7ffd52816d60, 7ffd52816e00, 8, 7ffd52816f50, 0)
            bash-25666 [002] ....  4352.955777: sys_exit: NR 13 = 0
            bash-25648 [001] ....  4352.955777: sys_enter: NR 14 (0, 7ffd52816e80, 7ffd52816f00, 8, 0, 2f78756e696c6c61)
            bash-25648 [001] ....  4352.955777: sys_exit: NR 14 = 0
            bash-25648 [001] ....  4352.955777: sys_enter: NR 16 (ff, 5410, 7ffd52816e6c, 8, 0, 2f78756e696c6c61)
            bash-25666 [002] ....  4352.955783: sys_enter: NR 109 (6442, 6442, 7f05ea263f10, 8, 7ffd52816f50, 0)
            bash-25648 [001] ....  4352.955783: sys_exit: NR 16 = 0
            bash-25666 [002] ....  4352.955787: sys_exit: NR 109 = 0
            bash-25648 [001] ....  4352.955787: sys_enter: NR 14 (2, 7ffd52816f00, 0, 8, 0, 2f78756e696c6c61)
            bash-25648 [001] ....  4352.955787: sys_exit: NR 14 = 0
            bash-25648 [001] ....  4352.955787: sys_enter: NR 14 (2, 7ffd52817050, 0, 8, 0, 2f78756e696c6c61)
            bash-25648 [001] ....  4352.955790: sys_exit: NR 14 = 0
            bash-25666 [002] ....  4352.955791: sys_enter: NR 14 (0, 7ffd52816ee0, 7ffd52816f60, 8, 0, 0)
            bash-25666 [002] ....  4352.955792: sys_exit: NR 14 = 0
            bash-25648 [001] ....  4352.955792: sys_enter: NR 14 (0, 7ffd528170d0, 7ffd52817150, 8, 0, 2f78756e696c6c61)
            bash-25648 [001] ....  4352.955792: sys_exit: NR 14 = 0
            bash-25648 [001] ....  4352.955792: sys_enter: NR 61 (ffffffff, 7ffd52817070, a, 0, 55cde6330290, 8)
            bash-25666 [002] ....  4352.955803: sys_enter: NR 16 (ff, 5410, 7ffd52816ecc, 8, 0, 0)
            bash-25648 [001] d...  4352.955803: sched_switch: prev_comm=bash prev_pid=25648 prev_prio=120 prev_state=S ==> next_comm=kworker/u8:1 next_pid=25598 next_prio=120
            bash-25666 [002] ....  4352.955809: sys_exit: NR 16 = 0
            bash-25666 [002] ....  4352.955814: sys_enter: NR 14 (2, 7ffd52816f60, 0, 8, 0, 0)
            bash-25666 [002] ....  4352.955815: sys_exit: NR 14 = 0
            bash-25666 [002] ....  4352.955817: sys_enter: NR 3 (4, 7ffd52816f60, 0, 8, 0, 0)
    kworker/u8:1-25598 [001] d...  4352.955817: sched_switch: prev_comm=kworker/u8:1 prev_pid=25598 prev_prio=120 prev_state=I ==> next_comm=swapper/1 next_pid=0 next_prio=120
            bash-25666 [002] ....  4352.955819: sys_exit: NR 3 = 0
            bash-25666 [002] ....  4352.955827: sys_enter: NR 0 (3, 7ffd5281702f, 1, 8, 0, 0)
            bash-25666 [002] ....  4352.955830: sys_exit: NR 0 = 0
            bash-25666 [002] ....  4352.955840: sys_enter: NR 3 (3, 7ffd5281702f, 1, 8, 0, 0)
            bash-25666 [002] ....  4352.955840: sys_exit: NR 3 = 0
            bash-25666 [002] ....  4352.955856: sys_enter: NR 13 (1, 7ffd52816f70, 0, 8, 0, 0)
            bash-25666 [002] ....  4352.955857: sys_exit: NR 13 = 0
            bash-25666 [002] ....  4352.955859: sys_enter: NR 13 (4, 7ffd52816f70, 0, 8, 0, 0)
            bash-25666 [002] ....  4352.955859: sys_exit: NR 13 = 0
            bash-25666 [002] ....  4352.955861: sys_enter: NR 13 (5, 7ffd52816f70, 0, 8, 0, 0)
            bash-25666 [002] ....  4352.955861: sys_exit: NR 13 = 0
            bash-25666 [002] ....  4352.955863: sys_enter: NR 13 (6, 7ffd52816f70, 0, 8, 0, 0)
            bash-25666 [002] ....  4352.955864: sys_exit: NR 13 = 0
            bash-25666 [002] ....  4352.955865: sys_enter: NR 13 (8, 7ffd52816f70, 0, 8, 0, 0)
            bash-25666 [002] ....  4352.955866: sys_exit: NR 13 = 0
            bash-25666 [002] ....  4352.955867: sys_enter: NR 13 (7, 7ffd52816f70, 0, 8, 0, 0)
            bash-25666 [002] ....  4352.955868: sys_exit: NR 13 = 0
            bash-25666 [002] ....  4352.955869: sys_enter: NR 13 (b, 7ffd52816f70, 0, 8, 0, 0)
            bash-25666 [002] ....  4352.955870: sys_exit: NR 13 = 0
            bash-25666 [002] ....  4352.955872: sys_enter: NR 13 (1f, 7ffd52816f70, 0, 8, 0, 0)
            bash-25666 [002] ....  4352.955873: sys_exit: NR 13 = 0
            bash-25666 [002] ....  4352.955874: sys_enter: NR 13 (d, 7ffd52816f70, 0, 8, 0, 0)
            bash-25666 [002] ....  4352.955875: sys_exit: NR 13 = 0
            bash-25666 [002] ....  4352.955876: sys_enter: NR 13 (e, 7ffd52816f70, 0, 8, 0, 0)
            bash-25666 [002] ....  4352.955877: sys_exit: NR 13 = 0
            bash-25666 [002] ....  4352.955879: sys_enter: NR 13 (18, 7ffd52816f70, 0, 8, 0, 0)
            bash-25666 [002] ....  4352.955879: sys_exit: NR 13 = 0
            bash-25666 [002] ....  4352.955881: sys_enter: NR 13 (19, 7ffd52816f70, 0, 8, 0, 0)
            bash-25666 [002] ....  4352.955882: sys_exit: NR 13 = 0
            bash-25666 [002] ....  4352.955883: sys_enter: NR 13 (1a, 7ffd52816f70, 0, 8, 0, 0)
            bash-25666 [002] ....  4352.955884: sys_exit: NR 13 = 0
            bash-25666 [002] ....  4352.955886: sys_enter: NR 13 (a, 7ffd52816f70, 0, 8, 0, 0)
            bash-25666 [002] ....  4352.955886: sys_exit: NR 13 = 0
            bash-25666 [002] ....  4352.955888: sys_enter: NR 13 (c, 7ffd52816f70, 0, 8, 0, 0)
            bash-25666 [002] ....  4352.955889: sys_exit: NR 13 = 0
            bash-25666 [002] ....  4352.955903: sys_enter: NR 13 (2, 7ffd52816e70, 7ffd52816f10, 8, 7ffd52817060, 0)
            bash-25666 [002] ....  4352.955905: sys_exit: NR 13 = 0
            bash-25666 [002] ....  4352.955906: sys_enter: NR 13 (3, 7ffd52816e70, 7ffd52816f10, 8, 7ffd52817060, 0)
            bash-25666 [002] ....  4352.955907: sys_exit: NR 13 = 0
            bash-25666 [002] ....  4352.955908: sys_enter: NR 13 (f, 7ffd52816e70, 7ffd52816f10, 8, 7ffd52817060, 0)
            bash-25666 [002] ....  4352.955909: sys_exit: NR 13 = 0
            bash-25666 [002] ....  4352.955910: sys_enter: NR 13 (11, 7ffd52816e70, 7ffd52816f10, 8, 7ffd52817060, 0)
            bash-25666 [002] ....  4352.955911: sys_exit: NR 13 = 0
            bash-25666 [002] ....  4352.955952: sys_enter: NR 59 (55cde635e470, 55cde635e4b0, 55cde6334c60, 55cde6321010, 7ffd52817060, 0)
            bash-25666 [002] ....  4352.956030: sys_exit: NR 59 = -8
            bash-25666 [002] ....  4352.956030: sys_enter: NR 257 (ffffff9c, 55cde635e470, 0, 0, 7ffd52817060, 0)
            bash-25666 [002] ....  4352.956030: sys_exit: NR 257 = 3
            bash-25666 [002] ....  4352.956030: sys_enter: NR 0 (3, 7ffd528170b0, 80, 0, 7ffd52817060, 0)
            bash-25666 [002] ....  4352.956030: sys_exit: NR 0 = 122
            bash-25666 [002] ....  4352.956030: sys_enter: NR 3 (3, 7ffd528170b0, 80, 0, 7ffd52817060, 0)
            bash-25666 [002] ....  4352.956030: sys_exit: NR 3 = 0
            bash-25666 [002] ....  4352.956562: sys_enter: NR 22 (55cde4b5f738, 0, 55cde63303c0, 0, 7ffd52817060, 0)
            bash-25666 [002] ....  4352.956596: sys_exit: NR 22 = 0
            bash-25666 [002] ....  4352.956598: sys_enter: NR 3 (3, 0, 55cde63303c0, 0, 7ffd52817060, 0)
            bash-25666 [002] ....  4352.956599: sys_exit: NR 3 = 0
            bash-25666 [002] ....  4352.956603: sys_enter: NR 3 (4, 0, 55cde63303c0, 0, 7ffd52817060, 0)
            bash-25666 [002] ....  4352.956603: sys_exit: NR 3 = 0
            bash-25666 [002] ....  4352.956609: sys_enter: NR 14 (0, 7ffd52816f50, 7ffd52816fd0, 8, 7ffd52817060, 0)
            bash-25666 [002] ....  4352.956610: sys_exit: NR 14 = 0
            bash-25666 [002] ....  4352.956612: sys_enter: NR 14 (2, 7ffd52816fd0, 0, 8, 7ffd52817060, 0)
            bash-25666 [002] ....  4352.956613: sys_exit: NR 14 = 0
            bash-25666 [002] ....  4352.956614: sys_enter: NR 13 (11, 7ffd52816df0, 7ffd52816e90, 8, 7ffd52816fe0, 0)
            bash-25666 [002] ....  4352.956615: sys_exit: NR 13 = 0
            bash-25666 [002] ....  4352.956640: sys_enter: NR 13 (2, 7ffd52816df0, 7ffd52816e90, 8, 7ffd52816fe0, 0)
            bash-25666 [002] ....  4352.956641: sys_exit: NR 13 = 0
            bash-25666 [002] ....  4352.956684: sys_enter: NR 14 (2, 55cde4b6c028, 0, 8, 7f05ea610c40, 0)
            bash-25666 [002] ....  4352.956685: sys_exit: NR 14 = 0
            bash-25666 [002] ....  4352.956920: sys_enter: NR 13 (11, 7ffd52816f70, 7ffd52817010, 8, 7ffd52817160, 0)
            bash-25666 [002] ....  4352.956922: sys_exit: NR 13 = 0
            bash-25666 [002] ....  4352.956923: sys_enter: NR 13 (11, 7ffd52816f70, 7ffd52817010, 8, 7ffd52817160, 0)
            bash-25666 [002] ....  4352.956923: sys_exit: NR 13 = 0
            bash-25666 [002] ....  4352.956925: sys_enter: NR 13 (2, 7ffd52816f70, 7ffd52817010, 8, 7ffd52817160, 0)
            bash-25666 [002] ....  4352.956925: sys_exit: NR 13 = 0
            bash-25666 [002] ....  4352.956926: sys_enter: NR 13 (2, 7ffd52816f70, 7ffd52817010, 8, 7ffd52817160, 0)
            bash-25666 [002] ....  4352.956927: sys_exit: NR 13 = 0
            bash-25666 [002] ....  4352.956928: sys_enter: NR 13 (3, 7ffd52816f70, 7ffd52817010, 8, 7ffd52817160, 0)
            bash-25666 [002] ....  4352.956929: sys_exit: NR 13 = 0
            bash-25666 [002] ....  4352.956931: sys_enter: NR 13 (3, 7ffd52816f70, 7ffd52817010, 8, 7ffd52817160, 0)
            bash-25666 [002] ....  4352.956931: sys_exit: NR 13 = 0
            bash-25666 [002] ....  4352.956933: sys_enter: NR 14 (0, 0, 55cde4b70b00, 8, 7ffd52817160, 0)
            bash-25666 [002] ....  4352.956934: sys_exit: NR 14 = 0
            bash-25666 [002] ....  4352.956935: sys_enter: NR 13 (3, 7ffd52816f70, 7ffd52817010, 8, 7ffd52817160, 0)
            bash-25666 [002] ....  4352.956936: sys_exit: NR 13 = 0
            bash-25666 [002] ....  4352.957002: sys_enter: NR 4 (55cde6330000, 7ffd52817020, 7ffd52817020, 55cde6321010, 0, 0)
            bash-25666 [002] ....  4352.957016: sys_exit: NR 4 = 0
            bash-25666 [002] ....  4352.957017: sys_enter: NR 4 (55cde492a873, 7ffd528170b0, 7ffd528170b0, 55cde6321010, 0, 0)
            bash-25666 [002] ....  4352.957019: sys_exit: NR 4 = 0
            bash-25666 [002] ....  4352.957022: sys_enter: NR 4 (55cde6334b20, 7ffd52817060, 7ffd52817060, 55cde6334b21, 0, 2f78756e696c6c61)
            bash-25666 [002] ....  4352.957024: sys_exit: NR 4 = 0
            bash-25666 [002] ....  4352.957025: sys_enter: NR 4 (55cde6334b20, 7ffd52817060, 7ffd52817060, 55cde6334b21, 0, 2f78756e696c6c61)
            bash-25666 [002] ....  4352.957027: sys_exit: NR 4 = 0
            bash-25666 [002] ....  4352.957029: sys_enter: NR 4 (55cde6334b20, 7ffd52817060, 7ffd52817060, 55cde6334b21, 0, 2f78756e696c6c61)
            bash-25666 [002] ....  4352.957031: sys_exit: NR 4 = 0
            bash-25666 [002] ....  4352.957032: sys_enter: NR 4 (55cde6334b20, 7ffd52817060, 7ffd52817060, 55cde6334b21, 0, 2f78756e696c6c61)
            bash-25666 [002] ....  4352.957034: sys_exit: NR 4 = 0
            bash-25666 [002] ....  4352.957038: sys_enter: NR 39 (55cde6330650, 55cde492b4f2, 1, 7f05ea38fbf0, 0, 1)
            bash-25666 [002] ....  4352.957039: sys_exit: NR 39 = 25666
          <idle>-0     [001] d...  4352.957460: sched_switch: prev_comm=swapper/1 prev_pid=0 prev_prio=120 prev_state=R ==> next_comm=rcu_sched next_pid=10 next_prio=120
       rcu_sched-10    [001] d...  4352.957470: sched_switch: prev_comm=rcu_sched prev_pid=10 prev_prio=120 prev_state=I ==> next_comm=swapper/1 next_pid=0 next_prio=120
            bash-25666 [002] ....  4352.957470: sys_enter: NR 110 (0, 55cde6321010, 0, 55cde6321010, 0, 0)
            bash-25666 [002] ....  4352.957470: sys_exit: NR 110 = 25648
            bash-25666 [002] ....  4352.957470: sys_enter: NR 4 (55cde492a873, 7ffd528170b0, 7ffd528170b0, 55cde6321010, 0, 0)
            bash-25666 [002] ....  4352.957477: sys_exit: NR 4 = 0
            bash-25666 [002] ....  4352.957481: sys_enter: NR 4 (55cde632d3f0, 7ffd52816fa0, 7ffd52816fa0, 55cde6321010, 0, 0)
            bash-25666 [002] ....  4352.957487: sys_exit: NR 4 = -2
            bash-25666 [002] ....  4352.957489: sys_enter: NR 4 (55cde632d3f0, 7ffd52816fa0, 7ffd52816fa0, 55cde6321010, 55cde6329ece, 7f05ea393be0)
            bash-25666 [002] ....  4352.957492: sys_exit: NR 4 = -2
            bash-25666 [002] ....  4352.957494: sys_enter: NR 4 (55cde632d3f0, 7ffd52816fa0, 7ffd52816fa0, 55cde6321010, 55cde6329ed8, 7f05ea393250)
            bash-25666 [002] ....  4352.957496: sys_exit: NR 4 = -2
            bash-25666 [002] ....  4352.957498: sys_enter: NR 4 (55cde632d3f0, 7ffd52816fa0, 7ffd52816fa0, 55cde6321010, 55cde6329ee1, 7f05ea393090)
            bash-25666 [002] ....  4352.957500: sys_exit: NR 4 = -2
            bash-25666 [002] ....  4352.957501: sys_enter: NR 4 (55cde632d3f0, 7ffd52816fa0, 7ffd52816fa0, 55cde6321010, 55cde6329ee7, 7f05ea393a00)
            bash-25666 [002] ....  4352.957503: sys_exit: NR 4 = -2
            bash-25666 [002] ....  4352.957505: sys_enter: NR 4 (55cde632d3f0, 7ffd52816fa0, 7ffd52816fa0, 55cde6321010, 55cde6329eec, 7f05ea393800)
            bash-25666 [002] ....  4352.957510: sys_exit: NR 4 = 0
            bash-25666 [002] ....  4352.957511: sys_enter: NR 4 (55cde632d3f0, 7ffd52816ec0, 7ffd52816ec0, 55cde6321010, 55cde6329eec, 7f05ea393800)
            bash-25666 [002] ....  4352.957513: sys_exit: NR 4 = 0
            bash-25666 [002] ....  4352.957514: sys_enter: NR 107 (55cde632d3f0, 7ffd52816ec0, 7ffd52816ec0, 55cde6321010, 55cde6329eec, 7f05ea393800)
            bash-25666 [002] ....  4352.957514: sys_exit: NR 107 = 0
            bash-25666 [002] ....  4352.957516: sys_enter: NR 108 (55cde632d3f0, 7ffd52816ec0, 7ffd52816ec0, 55cde6321010, 55cde6329eec, 7f05ea393800)
            bash-25666 [002] ....  4352.957516: sys_exit: NR 108 = 0
            bash-25666 [002] ....  4352.957517: sys_enter: NR 102 (55cde632d3f0, 7ffd52816ec0, 7ffd52816ec0, 55cde6321010, 55cde6329eec, 7f05ea393800)
            bash-25666 [002] ....  4352.957518: sys_exit: NR 102 = 0
            bash-25666 [002] ....  4352.957519: sys_enter: NR 104 (55cde632d3f0, 7ffd52816ec0, 7ffd52816ec0, 55cde6321010, 55cde6329eec, 7f05ea393800)
            bash-25666 [002] ....  4352.957519: sys_exit: NR 104 = 0
            bash-25666 [002] ....  4352.957521: sys_enter: NR 21 (55cde632d3f0, 1, 7ffd52816ec0, 55cde6321010, 55cde6329eec, 7f05ea393800)
            bash-25666 [002] ....  4352.957526: sys_exit: NR 21 = 0
            bash-25666 [002] ....  4352.957528: sys_enter: NR 4 (55cde632d3f0, 7ffd52816ec0, 7ffd52816ec0, 55cde6321010, 55cde6329eec, 7f05ea393800)
            bash-25666 [002] ....  4352.957529: sys_exit: NR 4 = 0
            bash-25666 [002] ....  4352.957531: sys_enter: NR 107 (55cde632d3f0, 7ffd52816ec0, 7ffd52816ec0, 55cde6321010, 55cde6329eec, 7f05ea393800)
            bash-25666 [002] ....  4352.957531: sys_exit: NR 107 = 0
            bash-25666 [002] ....  4352.957532: sys_enter: NR 108 (55cde632d3f0, 7ffd52816ec0, 7ffd52816ec0, 55cde6321010, 55cde6329eec, 7f05ea393800)
            bash-25666 [002] ....  4352.957533: sys_exit: NR 108 = 0
            bash-25666 [002] ....  4352.957534: sys_enter: NR 102 (55cde632d3f0, 7ffd52816ec0, 7ffd52816ec0, 55cde6321010, 55cde6329eec, 7f05ea393800)
            bash-25666 [002] ....  4352.957534: sys_exit: NR 102 = 0
            bash-25666 [002] ....  4352.957535: sys_enter: NR 104 (55cde632d3f0, 7ffd52816ec0, 7ffd52816ec0, 55cde6321010, 55cde6329eec, 7f05ea393800)
            bash-25666 [002] ....  4352.957536: sys_exit: NR 104 = 0
            bash-25666 [002] ....  4352.957537: sys_enter: NR 21 (55cde632d3f0, 4, 7ffd52816ec0, 55cde6321010, 55cde6329eec, 7f05ea393800)
            bash-25666 [002] ....  4352.957539: sys_exit: NR 21 = 0
            bash-25666 [002] ....  4352.957540: sys_enter: NR 4 (55cde632d3f0, 7ffd52816fd0, 7ffd52816fd0, 55cde6321010, 55cde6329eec, 7f05ea393800)
            bash-25666 [002] ....  4352.957542: sys_exit: NR 4 = 0
            bash-25666 [002] ....  4352.957543: sys_enter: NR 4 (55cde632d3f0, 7ffd52816ef0, 7ffd52816ef0, 55cde6321010, 55cde6329eec, 7f05ea393800)
            bash-25666 [002] ....  4352.957545: sys_exit: NR 4 = 0
            bash-25666 [002] ....  4352.957546: sys_enter: NR 107 (55cde632d3f0, 7ffd52816ef0, 7ffd52816ef0, 55cde6321010, 55cde6329eec, 7f05ea393800)
            bash-25666 [002] ....  4352.957546: sys_exit: NR 107 = 0
            bash-25666 [002] ....  4352.957548: sys_enter: NR 108 (55cde632d3f0, 7ffd52816ef0, 7ffd52816ef0, 55cde6321010, 55cde6329eec, 7f05ea393800)
            bash-25666 [002] ....  4352.957548: sys_exit: NR 108 = 0
            bash-25666 [002] ....  4352.957549: sys_enter: NR 102 (55cde632d3f0, 7ffd52816ef0, 7ffd52816ef0, 55cde6321010, 55cde6329eec, 7f05ea393800)
            bash-25666 [002] ....  4352.957550: sys_exit: NR 102 = 0
            bash-25666 [002] ....  4352.957551: sys_enter: NR 104 (55cde632d3f0, 7ffd52816ef0, 7ffd52816ef0, 55cde6321010, 55cde6329eec, 7f05ea393800)
            bash-25666 [002] ....  4352.957551: sys_exit: NR 104 = 0
            bash-25666 [002] ....  4352.957553: sys_enter: NR 21 (55cde632d3f0, 1, 7ffd52816ef0, 55cde6321010, 55cde6329eec, 7f05ea393800)
            bash-25666 [002] ....  4352.957554: sys_exit: NR 21 = 0
            bash-25666 [002] ....  4352.957556: sys_enter: NR 4 (55cde632d3f0, 7ffd52816ef0, 7ffd52816ef0, 55cde6321010, 55cde6329eec, 7f05ea393800)
            bash-25666 [002] ....  4352.957557: sys_exit: NR 4 = 0
            bash-25666 [002] ....  4352.957558: sys_enter: NR 107 (55cde632d3f0, 7ffd52816ef0, 7ffd52816ef0, 55cde6321010, 55cde6329eec, 7f05ea393800)
            bash-25666 [002] ....  4352.957559: sys_exit: NR 107 = 0
            bash-25666 [002] ....  4352.957560: sys_enter: NR 108 (55cde632d3f0, 7ffd52816ef0, 7ffd52816ef0, 55cde6321010, 55cde6329eec, 7f05ea393800)
            bash-25666 [002] ....  4352.957560: sys_exit: NR 108 = 0
            bash-25666 [002] ....  4352.957562: sys_enter: NR 102 (55cde632d3f0, 7ffd52816ef0, 7ffd52816ef0, 55cde6321010, 55cde6329eec, 7f05ea393800)
            bash-25666 [002] ....  4352.957562: sys_exit: NR 102 = 0
            bash-25666 [002] ....  4352.957563: sys_enter: NR 104 (55cde632d3f0, 7ffd52816ef0, 7ffd52816ef0, 55cde6321010, 55cde6329eec, 7f05ea393800)
            bash-25666 [002] ....  4352.957563: sys_exit: NR 104 = 0
            bash-25666 [002] ....  4352.957565: sys_enter: NR 21 (55cde632d3f0, 4, 7ffd52816ef0, 55cde6321010, 55cde6329eec, 7f05ea393800)
            bash-25666 [002] ....  4352.957567: sys_exit: NR 21 = 0
            bash-25666 [002] ....  4352.957578: sys_enter: NR 96 (7ffd52817160, 0, 7ffd52817130, 55cde6321010, 7ffd52904080, 7ffd52817130)
            bash-25666 [002] ....  4352.957641: sys_exit: NR 96 = 0
            bash-25666 [002] ....  4352.957645: sys_enter: NR 39 (7ffd52817160, 0, 7ffd52817130, 55cde6321010, 7ffd52904080, 7ffd52817130)
            bash-25666 [002] ....  4352.957645: sys_exit: NR 39 = 25666
            bash-25666 [002] ....  4352.957667: sys_enter: NR 111 (0, 70, 55cde632b710, 55cde6321010, 0, 0)
            bash-25666 [002] ....  4352.957667: sys_exit: NR 111 = 25666
            bash-25666 [002] ....  4352.957677: sys_enter: NR 16 (2, 540f, 7ffd528171f4, 55cde6321010, 0, 0)
            bash-25666 [002] ....  4352.957680: sys_exit: NR 16 = 0
            bash-25666 [002] ....  4352.957682: sys_enter: NR 13 (11, 7ffd52816f60, 7ffd52817000, 8, 7ffd52817150, 0)
            bash-25666 [002] ....  4352.957683: sys_exit: NR 13 = 0
            sshd-765   [000] d...  4352.957714: sched_switch: prev_comm=sshd prev_pid=765 prev_prio=120 prev_state=R+ ==> next_comm=ksoftirqd/0 next_pid=9 next_prio=120
     ksoftirqd/0-9     [000] d...  4352.957722: sched_switch: prev_comm=ksoftirqd/0 prev_pid=9 prev_prio=120 prev_state=S ==> next_comm=sshd next_pid=765 next_prio=120
            sshd-765   [000] ....  4352.957726: sys_exit: NR 1 = 36
            sshd-765   [000] ....  4352.957737: sys_enter: NR 228 (7, 7ffd31677820, 7ffd31677820, 0, 7ffd316c00f0, 7ffd31677820)
            bash-25666 [002] ....  4352.957756: sys_enter: NR 14 (0, 0, 55cde4b70bc8, 8, 0, 0)
            bash-25666 [002] ....  4352.957757: sys_exit: NR 14 = 0
            bash-25666 [002] ....  4352.957762: sys_enter: NR 257 (ffffff9c, 55cde632a4c0, 0, 0, 0, 0)
            bash-25666 [002] ....  4352.957770: sys_exit: NR 257 = 3
            bash-25666 [002] ....  4352.957772: sys_enter: NR 4 (55cde632a4c0, 7ffd528172a0, 7ffd528172a0, 0, 0, 0)
            bash-25666 [002] ....  4352.957775: sys_exit: NR 4 = 0
            bash-25666 [002] ....  4352.957779: sys_enter: NR 16 (3, 5401, 7ffd528172b0, 55cde6321010, 7ffd528172f0, 0)
            bash-25666 [002] ....  4352.957781: sys_exit: NR 16 = -25
            bash-25666 [002] ....  4352.957782: sys_enter: NR 8 (3, 0, 1, 55cde6321010, 7ffd528172f0, 0)
            bash-25666 [002] ....  4352.957783: sys_exit: NR 8 = 0
            bash-25666 [002] ....  4352.957785: sys_enter: NR 0 (3, 7ffd52817410, 50, 55cde6321010, 7ffd528172f0, 0)
            sshd-765   [000] ....  4352.957798: sys_exit: NR 228 = 0
            bash-25666 [002] ....  4352.957798: sys_exit: NR 0 = 80
            bash-25666 [002] ....  4352.957798: sys_enter: NR 8 (3, 0, 0, 55cde6321010, 7ffd528172f0, 0)
            bash-25666 [002] ....  4352.957798: sys_exit: NR 8 = 0
            bash-25666 [002] ....  4352.957798: sys_enter: NR 302 (0, 7, 0, 7ffd528172e0, 7ffd528172f0, 0)
            bash-25666 [002] ....  4352.957798: sys_exit: NR 302 = 0
            sshd-765   [000] ....  4352.957805: sys_enter: NR 23 (c, 555efd66bd50, 555efd66b0f0, 0, 0, 1000)
            bash-25666 [002] ....  4352.957805: sys_enter: NR 72 (ff, 1, 7ffd52817314, 7ffd528172e0, 7ffd528172f0, 0)
            bash-25666 [002] ....  4352.957805: sys_exit: NR 72 = 1
            bash-25666 [002] ....  4352.957817: sys_enter: NR 72 (fe, 1, 7ffd52817314, 7ffd528172e0, 7ffd528172f0, 0)
            bash-25666 [002] ....  4352.957818: sys_exit: NR 72 = -9
            bash-25666 [002] ....  4352.957819: sys_enter: NR 33 (3, fe, ffffffffffffff80, 7ffd528172e0, 7ffd528172f0, 0)
            bash-25666 [002] ....  4352.957820: sys_exit: NR 33 = 254
            bash-25666 [002] ....  4352.957821: sys_enter: NR 3 (3, fe, ffffffffffffff80, 7ffd528172e0, 7ffd528172f0, 0)
            bash-25666 [002] ....  4352.957822: sys_exit: NR 3 = 0
            bash-25666 [002] ....  4352.957823: sys_enter: NR 72 (fe, 2, 1, 7ffd528172e0, 7ffd528172f0, 0)
            bash-25666 [002] ....  4352.957823: sys_exit: NR 72 = 0
            bash-25666 [002] ....  4352.957825: sys_enter: NR 72 (fe, 3, 0, 7ffd528172e0, 7ffd528172f0, 0)
            bash-25666 [002] ....  4352.957825: sys_exit: NR 72 = 32768
            bash-25666 [002] ....  4352.957827: sys_enter: NR 5 (fe, 7ffd52817260, 7ffd52817260, 7ffd528172e0, 7ffd528172f0, 0)
            bash-25666 [002] ....  4352.957828: sys_exit: NR 5 = 0
            bash-25666 [002] ....  4352.957829: sys_enter: NR 8 (fe, 0, 1, 7ffd528172e0, 7ffd528172f0, 0)
            bash-25666 [002] ....  4352.957830: sys_exit: NR 8 = 0
            sshd-765   [000] d...  4352.957842: sched_switch: prev_comm=sshd prev_pid=765 prev_prio=120 prev_state=S ==> next_comm=swapper/0 next_pid=0 next_prio=120
            bash-25666 [002] ....  4352.957842: sys_enter: NR 0 (fe, 55cde6334f50, 7a, 1, 0, 0)
            bash-25666 [002] ....  4352.957842: sys_exit: NR 0 = 122
            bash-25666 [002] ....  4352.957882: sys_enter: NR 257 (ffffff9c, 55cde632c7a0, 241, 1b6, 20, 756265642f6c656e)
            bash-25666 [002] ....  4352.957902: sys_exit: NR 257 = 3
            bash-25666 [002] ....  4352.957903: sys_enter: NR 72 (1, 1, 0, 1b6, 20, 756265642f6c656e)
            bash-25666 [002] ....  4352.957904: sys_exit: NR 72 = 0
            bash-25666 [002] ....  4352.957905: sys_enter: NR 72 (1, 0, a, 1b6, 20, 756265642f6c656e)
            bash-25666 [002] ....  4352.957906: sys_exit: NR 72 = 10
            bash-25666 [002] ....  4352.957907: sys_enter: NR 72 (1, 1, 0, 1b6, 20, 756265642f6c656e)
            bash-25666 [002] ....  4352.957907: sys_exit: NR 72 = 0
            bash-25666 [002] ....  4352.957909: sys_enter: NR 72 (a, 2, 1, 55cde6321010, 55cde632c870, 1)
            bash-25666 [002] ....  4352.957910: sys_exit: NR 72 = 0
            bash-25666 [002] ....  4352.957913: sys_enter: NR 33 (3, 1, 0, 55cde6321010, 7f05ea6128c0, 7f05eac5a740)
            bash-25666 [002] ....  4352.957913: sys_exit: NR 33 = 1
            bash-25666 [002] ....  4352.957914: sys_enter: NR 3 (3, 1, 0, 55cde6321010, 7f05ea6128c0, 7f05eac5a740)
            bash-25666 [002] ....  4352.957915: sys_exit: NR 3 = 0
            bash-25666 [002] ....  4352.957926: sys_enter: NR 5 (1, 7ffd52816910, 7ffd52816910, ffffffff, 55cde632c610, 1)
            bash-25666 [002] ....  4352.957927: sys_exit: NR 5 = 0
            bash-25666 [002] ....  4352.957934: sys_enter: NR 1 (1, 55cde635ed70, 2, a, a, 1)
