           mandb-16378 [001] ....  2000.496411: sys_enter: NR 5 (1, 7ffc9ba92bc0, 7ffc9ba92bc0, 3c20656c62696148, 7f7d6b7ba760, 206f6e7572422029)
           mandb-16378 [001] ....  2000.496411: sys_exit: NR 5 = 0
           mandb-16378 [001] ....  2000.496411: sys_enter: NR 3 (6, 55bc6c952010, 55bc6c952010, 9, 0, 7777772f2f3a7370)
           mandb-16378 [001] ....  2000.496411: sys_exit: NR 3 = 0
          <idle>-0     [002] d...  2000.496669: sched_switch: prev_comm=swapper/2 prev_pid=0 prev_prio=120 prev_state=R ==> next_comm=kworker/2:2 next_pid=108 next_prio=120
           mandb-16378 [001] ....  2000.496669: sys_enter: NR 1 (1, 55bc6cc99010, b45, c, 0, 0)
           mandb-16378 [001] ....  2000.497214: sys_exit: NR 1 = 2885
           mandb-16378 [001] ....  2000.497214: sys_enter: NR 231 (0, 3c, 0, c, e7, ffffffffffffff78)
           mandb-16378 [001] d...  2000.497214: sched_switch: prev_comm=mandb prev_pid=16378 prev_prio=120 prev_state=Z ==> next_comm=swapper/1 next_pid=0 next_prio=120
          <idle>-0     [001] d...  2000.497214: sched_switch: prev_comm=swapper/1 prev_pid=0 prev_prio=120 prev_state=R ==> next_comm=kworker/1:3 next_pid=370 next_prio=120
           <...>-370   [001] d...  2000.497214: sched_switch: prev_comm=kworker/1:3 prev_pid=370 prev_prio=120 prev_state=I ==> next_comm=swapper/1 next_pid=0 next_prio=120
     kworker/2:2-108   [002] d...  2000.497470: sched_switch: prev_comm=kworker/2:2 prev_pid=108 prev_prio=120 prev_state=I ==> next_comm=swapper/2 next_pid=0 next_prio=120
          <idle>-0     [003] d...  2000.498638: sched_switch: prev_comm=swapper/3 prev_pid=0 prev_prio=120 prev_state=R ==> next_comm=mandb next_pid=16377 next_prio=120
           mandb-16377 [003] ....  2000.498638: sys_exit: NR 0 = 2885
           mandb-16377 [003] ....  2000.498638: sys_enter: NR 257 (ffffff9c, 7f7d6b5855b0, 0, 0, 0, 0)
           mandb-16377 [003] ....  2000.498638: sys_exit: NR 257 = 6
           mandb-16377 [003] ....  2000.498638: sys_enter: NR 5 (6, 7ffc9ba93c30, 7ffc9ba93c30, 0, 0, 0)
           mandb-16377 [003] ....  2000.498638: sys_exit: NR 5 = 0
           mandb-16377 [003] ....  2000.498638: sys_enter: NR 9 (0, 6708, 1, 1, 6, 0)
           mandb-16377 [003] ....  2000.498638: sys_exit: NR 9 = 140176661839872
           mandb-16377 [003] ....  2000.498638: sys_enter: NR 3 (6, 6708, 1, 1, 6, 0)
           mandb-16377 [003] ....  2000.498638: sys_exit: NR 3 = 0
           mandb-16377 [003] ....  2000.498638: sys_enter: NR 0 (7, 55bc6cc735e5, f4bb, 100010000ffff, 7f7d6b7b9c40, ffffffff00000000)
           mandb-16377 [003] ....  2000.498638: sys_exit: NR 0 = 0
           mandb-16377 [003] ....  2000.498638: sys_enter: NR 0 (7, 55bc6cc735e5, f4bb, 100010000ffff, 7f7d6b7b9c40, ffffffff00000000)
           mandb-16377 [003] ....  2000.498638: sys_exit: NR 0 = 0
           mandb-16377 [003] ....  2000.498638: sys_enter: NR 12 (55bc6ccd1000, 7f7d6b7b9c40, 2e430, fffffffffffff000, 7f7d6b7ba2c0, 0)
           mandb-16377 [003] ....  2000.498638: sys_exit: NR 12 = 94267767590912
           mandb-16377 [003] ....  2000.498638: sys_enter: NR 5 (1, 7ffc9ba93d60, 7ffc9ba93d60, 3c20656c62696148, 7f7d6b7ba760, 206f6e7572422029)
           mandb-16377 [003] ....  2000.498638: sys_exit: NR 5 = 0
           mandb-16377 [003] ....  2000.498638: sys_enter: NR 0 (7, 55bc6cc72aa0, 10000, 2e6c656e72656b2e, 55bc6cc91300, 7777772f2f3a7370)
           mandb-16377 [003] ....  2000.498638: sys_exit: NR 0 = 0
           mandb-16377 [003] ....  2000.498638: sys_enter: NR 0 (7, 55bc6cc72aa0, 10000, 2e6c656e72656b2e, 55bc6cc91300, 7777772f2f3a7370)
           mandb-16377 [003] ....  2000.498638: sys_exit: NR 0 = 0
           mandb-16377 [003] ....  2000.498638: sys_enter: NR 3 (7, 0, 0, 2e6c656e72656b2e, 55bc6cc91300, 7777772f2f3a7370)
           mandb-16377 [003] ....  2000.498638: sys_exit: NR 3 = 0
           mandb-16377 [003] ....  2000.498638: sys_enter: NR 61 (ffffffff, 7ffc9ba93f74, 0, 0, 55bc6cc91300, 7777772f2f3a7370)
           mandb-16377 [003] ....  2000.498638: sys_exit: NR 61 = 16378
           mandb-16377 [003] ....  2000.498638: sys_enter: NR 1 (1, 55bc6cc913f0, b45, c, 0, 0)
           mandb-16377 [003] ....  2000.498797: sys_exit: NR 1 = 2885
           mandb-16377 [003] ....  2000.498797: sys_enter: NR 231 (0, 3c, 0, c, e7, ffffffffffffff78)
          <idle>-0     [002] d...  2000.499095: sched_switch: prev_comm=swapper/2 prev_pid=0 prev_prio=120 prev_state=R ==> next_comm=rcu_sched next_pid=10 next_prio=120
       rcu_sched-10    [002] d...  2000.499102: sched_switch: prev_comm=rcu_sched prev_pid=10 prev_prio=120 prev_state=I ==> next_comm=mandb next_pid=1258 next_prio=120
           <...>-1258  [002] ....  2000.499108: sys_exit: NR 0 = 1024
           <...>-1258  [002] ....  2000.499166: sys_enter: NR 0 (6, 55bc6cb3b6b0, 400, 55bc6c953400, 7ffc9ba94240, 70)
           <...>-1258  [002] ....  2000.499169: sys_exit: NR 0 = 1024
           <...>-1258  [002] ....  2000.499259: sys_enter: NR 61 (ffffffff, 7ffc9ba93ce4, 1, 0, 7ffc9ba94240, 70)
           mandb-16377 [003] d...  2000.499259: sched_switch: prev_comm=mandb prev_pid=16377 prev_prio=120 prev_state=X ==> next_comm=swapper/3 next_pid=0 next_prio=120
           <...>-1258  [002] ....  2000.499363: sys_exit: NR 61 = 16377
           <...>-1258  [002] ....  2000.499367: sys_enter: NR 61 (ffffffff, 7ffc9ba93ce4, 1, 0, 8, 55bc6cc70ac4)
           <...>-1258  [002] ....  2000.499368: sys_exit: NR 61 = -10
           <...>-1258  [002] ....  2000.499370: sys_enter: NR 15 (ffffffff, 7ffc9ba93ce4, ffffffffffffff78, 0, 8, 55bc6cc70ac4)
           <...>-1258  [002] ....  2000.499373: sys_exit: NR -1 = 1024
           <...>-1258  [002] ....  2000.499398: sys_enter: NR 0 (6, 55bc6cb3b6b0, 400, 55bc6c953400, 7ffc9ba94240, 61)
           <...>-1258  [002] ....  2000.499402: sys_exit: NR 0 = 837
           <...>-1258  [002] ....  2000.499420: sys_enter: NR 0 (6, 55bc6cb3b6b0, 400, 55bc6c953400, 7ffc9ba94240, a)
           <...>-1258  [002] ....  2000.499421: sys_exit: NR 0 = 0
           <...>-1258  [002] ....  2000.499425: sys_enter: NR 3 (6, 0, 0, 1, 7ffc9ba94240, 0)
           <...>-1258  [002] ....  2000.499426: sys_exit: NR 3 = 0
           <...>-1258  [002] ....  2000.499557: sys_enter: NR 6 (55bc6cc1acf0, 7ffc9ba94460, 7ffc9ba94460, 55bc6cc6e640, fe3f, 7f7d6b53c250)
           <...>-1258  [002] ....  2000.499567: sys_exit: NR 6 = 0
           <...>-1258  [002] ....  2000.499575: sys_enter: NR 4 (55bc6cc6f100, 7ffc9ba942b0, 7ffc9ba942b0, 6d2f6e616d2f6572, f1f, 6168732f7273752f)
           <...>-1258  [002] ....  2000.499577: sys_exit: NR 4 = 0
           <...>-1258  [002] ....  2000.499578: sys_enter: NR 4 (55bc6cc72a70, 7ffc9ba941d0, 7ffc9ba941d0, 6d2f6e616d2f6572, fe7b, 6168732f7273752f)
           <...>-1258  [002] ....  2000.499579: sys_exit: NR 4 = 0
           <...>-1258  [002] ....  2000.499584: sys_enter: NR 14 (0, 7ffc9ba94130, 7ffc9ba941b0, 8, 0, 6168732f7273752f)
           <...>-1258  [002] ....  2000.499585: sys_exit: NR 14 = 0
           <...>-1258  [002] ....  2000.499587: sys_enter: NR 14 (2, 7ffc9ba941b0, 0, 8, 55bc6cc70cb0, 55bc6cc70440)
           <...>-1258  [002] ....  2000.499587: sys_exit: NR 14 = 0
           <...>-1258  [002] ....  2000.499588: sys_enter: NR 257 (ffffff9c, 55bc6cc719f0, 0, 0, 55bc6cc70cb0, 55bc6cc70440)
           <...>-1258  [002] ....  2000.499594: sys_exit: NR 257 = 6
           <...>-1258  [002] ....  2000.499595: sys_enter: NR 22 (7ffc9ba94128, 55bc6cc719f0, 0, 0, 55bc6cc70cb0, 55bc6cc70440)
           <...>-1258  [002] ....  2000.499602: sys_exit: NR 22 = 0
           <...>-1258  [002] ....  2000.499603: sys_enter: NR 14 (0, 7ffc9ba94130, 7ffc9ba941b0, 8, 55bc6cc70cb0, 55bc6cc70440)
           <...>-1258  [002] ....  2000.499604: sys_exit: NR 14 = 0
           <...>-1258  [002] ....  2000.499605: sys_enter: NR 56 (1200011, 0, 0, 7f7d6c21ca10, 7f7d6c21c740, 55bc6cc70440)
           <...>-1258  [002] ....  2000.499959: sys_exit: NR 56 = 16379
           <...>-1258  [002] ....  2000.499959: sys_enter: NR 3 (6, 0, 0, 7f7d6c21ca10, 7f7d6c21c740, 55bc6cc70440)
           <...>-1258  [002] ....  2000.499959: sys_exit: NR 3 = 0
           <...>-1258  [002] ....  2000.499959: sys_enter: NR 3 (8, 0, 0, 7f7d6c21ca10, 7f7d6c21c740, 55bc6cc70440)
           <...>-1258  [002] ....  2000.499959: sys_exit: NR 3 = 0
           <...>-1258  [002] ....  2000.499959: sys_enter: NR 14 (2, 7ffc9ba941b0, 0, 8, 7f7d6c21c740, 55bc6cc70440)
           <...>-1258  [002] ....  2000.499959: sys_exit: NR 14 = 0
           <...>-1258  [002] ....  2000.499959: sys_enter: NR 0 (7, 55bc6cc71a50, 1000, 55bc6c952010, 55bc6cc71a40, 0)
           <...>-1258  [002] d...  2000.499959: sched_switch: prev_comm=mandb prev_pid=1258 prev_prio=120 prev_state=S ==> next_comm=swapper/2 next_pid=0 next_prio=120
          <idle>-0     [003] d...  2000.500192: sched_switch: prev_comm=swapper/3 prev_pid=0 prev_prio=120 prev_state=R ==> next_comm=mandb next_pid=16379 next_prio=120
           mandb-16379 [003] ....  2000.500209: sys_exit: NR 56 = 0
           mandb-16379 [003] ....  2000.500325: sys_enter: NR 13 (1, 0, 7ffc9ba93f80, 8, 7ffc9ba94030, 55bc6cc70440)
           mandb-16379 [003] ....  2000.500333: sys_exit: NR 13 = 0
           mandb-16379 [003] ....  2000.500335: sys_enter: NR 13 (2, 0, 7ffc9ba93f80, 8, 7ffc9ba94030, 55bc6cc70440)
           mandb-16379 [003] ....  2000.500335: sys_exit: NR 13 = 0
           mandb-16379 [003] ....  2000.500336: sys_enter: NR 13 (2, 7ffc9ba93ee0, 0, 8, 0, 55bc6cc70440)
           mandb-16379 [003] ....  2000.500337: sys_exit: NR 13 = 0
           mandb-16379 [003] ....  2000.500338: sys_enter: NR 13 (f, 0, 7ffc9ba93f80, 8, 7ffc9ba94030, 55bc6cc70440)
           mandb-16379 [003] ....  2000.500339: sys_exit: NR 13 = 0
           mandb-16379 [003] ....  2000.500340: sys_enter: NR 13 (f, 7ffc9ba93ee0, 0, 8, 0, 55bc6cc70440)
           mandb-16379 [003] ....  2000.500341: sys_exit: NR 13 = 0
           mandb-16379 [003] ....  2000.500348: sys_enter: NR 33 (6, 0, 0, 8, 0, 55bc6cc70440)
           mandb-16379 [003] ....  2000.500350: sys_exit: NR 33 = 0
           mandb-16379 [003] ....  2000.500371: sys_enter: NR 3 (6, 0, 0, 8, 0, 55bc6cc70440)
           mandb-16379 [003] ....  2000.500372: sys_exit: NR 3 = 0
           mandb-16379 [003] ....  2000.500373: sys_enter: NR 33 (8, 1, 0, 8, 0, 55bc6cc70440)
           mandb-16379 [003] ....  2000.500374: sys_exit: NR 33 = 1
           mandb-16379 [003] ....  2000.500375: sys_enter: NR 3 (8, 1, 0, 8, 0, 55bc6cc70440)
           mandb-16379 [003] ....  2000.500375: sys_exit: NR 3 = 0
           mandb-16379 [003] ....  2000.500376: sys_enter: NR 3 (7, 1, 0, 8, 0, 55bc6cc70440)
           mandb-16379 [003] ....  2000.500377: sys_exit: NR 3 = 0
           mandb-16379 [003] ....  2000.500416: sys_enter: NR 157 (15, 0, 0, 0, 0, 3)
           mandb-16379 [003] ....  2000.500417: sys_exit: NR 157 = 0
          <idle>-0     [002] d...  2000.500762: sched_switch: prev_comm=swapper/2 prev_pid=0 prev_prio=120 prev_state=R ==> next_comm=kworker/2:2 next_pid=108 next_prio=120
           mandb-16379 [003] ....  2000.500943: sys_enter: NR 12 (55bc6cca2000, 7f7d6b7b9c40, 20030, fffffffffffff000, 55bc6cc80f30, 0)
           mandb-16379 [003] ....  2000.500943: sys_exit: NR 12 = 94267767398400
           mandb-16379 [003] ....  2000.500943: sys_enter: NR 157 (26, 1, 0, 0, 0, 1)
           mandb-16379 [003] ....  2000.500943: sys_exit: NR 157 = 0
           mandb-16379 [003] ....  2000.500943: sys_enter: NR 317 (0, 1, 0, ffff, 1, 55bc6c9522a0)
           mandb-16379 [003] ....  2000.500943: sys_exit: NR 317 = -22
           mandb-16379 [003] ....  2000.500943: sys_enter: NR 317 (1, 0, 55bc6cc70450, 1, 55bc6c9522a0, 55bc6c952280)
          <idle>-0     [001] d...  2000.779980: sched_switch: prev_comm=swapper/1 prev_pid=0 prev_prio=120 prev_state=R ==> next_comm=rcu_sched next_pid=10 next_prio=120
       rcu_sched-10    [001] d...  2000.779990: sched_switch: prev_comm=rcu_sched prev_pid=10 prev_prio=120 prev_state=I ==> next_comm=swapper/1 next_pid=0 next_prio=120
          <idle>-0     [000] d...  2000.781390: sched_switch: prev_comm=swapper/0 prev_pid=0 prev_prio=120 prev_state=R ==> next_comm=ksoftirqd/0 next_pid=9 next_prio=120
           <...>-9     [000] d...  2000.781410: sched_switch: prev_comm=ksoftirqd/0 prev_pid=9 prev_prio=120 prev_state=S ==> next_comm=kworker/0:0 next_pid=5 next_prio=120
     kworker/0:0-5     [000] d...  2000.781419: sched_switch: prev_comm=kworker/0:0 prev_pid=5 prev_prio=120 prev_state=I ==> next_comm=sshd next_pid=765 next_prio=120
            sshd-765   [000] ....  2000.781433: sys_exit: NR 23 = 1
            sshd-765   [000] ....  2000.781441: sys_enter: NR 14 (0, 7ffd316778b0, 7ffd31677830, 8, 0, e00)
            sshd-765   [000] ....  2000.781443: sys_exit: NR 14 = 0
            sshd-765   [000] ....  2000.781445: sys_enter: NR 14 (2, 7ffd31677830, 0, 8, 0, e00)
            sshd-765   [000] ....  2000.781445: sys_exit: NR 14 = 0
            sshd-765   [000] ....  2000.781449: sys_enter: NR 228 (7, 7ffd316778d0, 7ffd316778d0, 8, 7ffd316c00f0, 7ffd316778d0)
            sshd-765   [000] ....  2000.781510: sys_exit: NR 228 = 0
            sshd-765   [000] ....  2000.781515: sys_enter: NR 0 (3, 7ffd31673940, 4000, 8, 7ffd316c00f0, 7ffd316778d0)
            sshd-765   [000] ....  2000.781561: sys_exit: NR 0 = 36
            sshd-765   [000] ....  2000.781576: sys_enter: NR 228 (7, 7ffd31677820, 7ffd31677820, 0, 7ffd316c00f0, 7ffd31677820)
            sshd-765   [000] ....  2000.781613: sys_exit: NR 228 = 0
            sshd-765   [000] ....  2000.781663: sys_enter: NR 23 (c, 555efd66bd50, 555efd66b0f0, 0, 0, e00)
            sshd-765   [000] ....  2000.781699: sys_exit: NR 23 = 1
            sshd-765   [000] ....  2000.781702: sys_enter: NR 14 (0, 7ffd316778b0, 7ffd31677830, 8, 0, e00)
            sshd-765   [000] ....  2000.781704: sys_exit: NR 14 = 0
            sshd-765   [000] ....  2000.781705: sys_enter: NR 14 (2, 7ffd31677830, 0, 8, 0, e00)
            sshd-765   [000] ....  2000.781706: sys_exit: NR 14 = 0
            sshd-765   [000] ....  2000.781728: sys_enter: NR 228 (7, 7ffd316778d0, 7ffd316778d0, 8, 7ffd316c00f0, 7ffd316778d0)
            sshd-765   [000] ....  2000.781789: sys_exit: NR 228 = 0
            sshd-765   [000] ....  2000.781814: sys_enter: NR 1 (9, 555efd670f90, 1, 8, 0, 0)
            sshd-765   [000] .N..  2000.781849: sys_exit: NR 1 = 1
            sshd-765   [000] d...  2000.781853: sched_switch: prev_comm=sshd prev_pid=765 prev_prio=120 prev_state=R ==> next_comm=kworker/u8:2 next_pid=7690 next_prio=120
           <...>-7690  [000] d...  2000.781861: sched_switch: prev_comm=kworker/u8:2 prev_pid=7690 prev_prio=120 prev_state=I ==> next_comm=bash next_pid=16209 next_prio=120
           <...>-16209 [000] ....  2000.781869: sys_exit: NR 270 = 1
           <...>-16209 [000] ....  2000.781875: sys_enter: NR 0 (0, 7ffc11ae137f, 1, 0, 0, 7ffc11ae1330)
           <...>-16209 [000] ....  2000.781879: sys_exit: NR 0 = 1
           <...>-16209 [000] ....  2000.781926: sys_enter: NR 1 (2, 55c592275f20, 4, 0, 7f85b69c18b0, 7f85b7009740)
           <...>-16209 [000] .N..  2000.781930: sys_exit: NR 1 = 4
           <...>-16209 [000] d...  2000.781932: sched_switch: prev_comm=bash prev_pid=16209 prev_prio=120 prev_state=R ==> next_comm=kworker/u8:2 next_pid=7690 next_prio=120
           <...>-7690  [000] d...  2000.781935: sched_switch: prev_comm=kworker/u8:2 prev_pid=7690 prev_prio=120 prev_state=I ==> next_comm=bash next_pid=16209 next_prio=120
           <...>-16209 [000] ....  2000.781939: sys_enter: NR 270 (1, 7ffc11ae1400, 0, 0, 0, 7ffc11ae1330)
           <...>-16209 [000] d...  2000.781942: sched_switch: prev_comm=bash prev_pid=16209 prev_prio=120 prev_state=S ==> next_comm=sshd next_pid=765 next_prio=120
            sshd-765   [000] ....  2000.781946: sys_enter: NR 16 (9, 5401, 7ffd31677810, 8, 7ffd31677870, 0)
            sshd-765   [000] ....  2000.781949: sys_exit: NR 16 = 0
            sshd-765   [000] ....  2000.781952: sys_enter: NR 228 (7, 7ffd31677820, 7ffd31677820, 0, 7ffd316c00f0, 7ffd31677820)
            sshd-765   [000] ....  2000.782221: sys_exit: NR 228 = 0
            sshd-765   [000] ....  2000.782227: sys_enter: NR 23 (c, 555efd66bd50, 555efd66b0f0, 0, 0, e00)
            sshd-765   [000] ....  2000.782233: sys_exit: NR 23 = 1
            sshd-765   [000] ....  2000.782235: sys_enter: NR 14 (0, 7ffd316778b0, 7ffd31677830, 8, 0, e00)
            sshd-765   [000] ....  2000.782236: sys_exit: NR 14 = 0
            sshd-765   [000] ....  2000.782237: sys_enter: NR 14 (2, 7ffd31677830, 0, 8, 0, e00)
            sshd-765   [000] ....  2000.782237: sys_exit: NR 14 = 0
            sshd-765   [000] ....  2000.782239: sys_enter: NR 228 (7, 7ffd316778d0, 7ffd316778d0, 8, 7ffd316c00f0, 7ffd316778d0)
            sshd-765   [000] ....  2000.782287: sys_exit: NR 228 = 0
            sshd-765   [000] ....  2000.782292: sys_enter: NR 0 (b, 7ffd31673810, 4000, 8, 7ffd316c00f0, 7ffd316778d0)
            sshd-765   [000] ....  2000.782296: sys_exit: NR 0 = 4
            sshd-765   [000] ....  2000.782303: sys_enter: NR 39 (555efd66eeb2, a, 12, 0, 1, 100)
            sshd-765   [000] ....  2000.782304: sys_exit: NR 39 = 765
            sshd-765   [000] ....  2000.782309: sys_enter: NR 228 (7, 7ffd31677820, 7ffd31677820, 0, 7ffd316c00f0, 7ffd31677820)
            sshd-765   [000] ....  2000.782357: sys_exit: NR 228 = 0
            sshd-765   [000] ....  2000.782362: sys_enter: NR 23 (c, 555efd66bd50, 555efd66b0f0, 0, 0, e00)
            sshd-765   [000] ....  2000.782367: sys_exit: NR 23 = 1
            sshd-765   [000] ....  2000.782369: sys_enter: NR 14 (0, 7ffd316778b0, 7ffd31677830, 8, 0, e00)
            sshd-765   [000] ....  2000.782369: sys_exit: NR 14 = 0
            sshd-765   [000] ....  2000.782370: sys_enter: NR 14 (2, 7ffd31677830, 0, 8, 0, e00)
            sshd-765   [000] ....  2000.782371: sys_exit: NR 14 = 0
            sshd-765   [000] ....  2000.782372: sys_enter: NR 228 (7, 7ffd316778d0, 7ffd316778d0, 8, 7ffd316c00f0, 7ffd316778d0)
            sshd-765   [000] ....  2000.782420: sys_exit: NR 228 = 0
            sshd-765   [000] ....  2000.782425: sys_enter: NR 1 (3, 555efd68d380, 2c, 8, 7ffd316c00f0, 7ffd316778d0)
          <idle>-0     [001] d...  2000.784417: sched_switch: prev_comm=swapper/1 prev_pid=0 prev_prio=120 prev_state=R ==> next_comm=rcu_sched next_pid=10 next_prio=120
       rcu_sched-10    [001] d...  2000.784423: sched_switch: prev_comm=rcu_sched prev_pid=10 prev_prio=120 prev_state=I ==> next_comm=swapper/1 next_pid=0 next_prio=120
            sshd-765   [000] d...  2000.785307: sched_switch: prev_comm=sshd prev_pid=765 prev_prio=120 prev_state=R+ ==> next_comm=ksoftirqd/0 next_pid=9 next_prio=120
           <...>-9     [000] d...  2000.785312: sched_switch: prev_comm=ksoftirqd/0 prev_pid=9 prev_prio=120 prev_state=S ==> next_comm=sshd next_pid=765 next_prio=120
            sshd-765   [000] ....  2000.785315: sys_exit: NR 1 = 44
            sshd-765   [000] ....  2000.785321: sys_enter: NR 228 (7, 7ffd31677820, 7ffd31677820, 0, 7ffd316c00f0, 7ffd31677820)
            sshd-765   [000] ....  2000.785371: sys_exit: NR 228 = 0
            sshd-765   [000] ....  2000.785376: sys_enter: NR 23 (c, 555efd66bd50, 555efd66b0f0, 0, 0, e00)
            sshd-765   [000] d...  2000.785387: sched_switch: prev_comm=sshd prev_pid=765 prev_prio=120 prev_state=S ==> next_comm=swapper/0 next_pid=0 next_prio=120
          <idle>-0     [001] d...  2000.934442: sched_switch: prev_comm=swapper/1 prev_pid=0 prev_prio=120 prev_state=R ==> next_comm=rcu_sched next_pid=10 next_prio=120
       rcu_sched-10    [001] d...  2000.934455: sched_switch: prev_comm=rcu_sched prev_pid=10 prev_prio=120 prev_state=I ==> next_comm=swapper/1 next_pid=0 next_prio=120
          <idle>-0     [000] d...  2000.935793: sched_switch: prev_comm=swapper/0 prev_pid=0 prev_prio=120 prev_state=R ==> next_comm=ksoftirqd/0 next_pid=9 next_prio=120
           <...>-9     [000] d...  2000.935804: sched_switch: prev_comm=ksoftirqd/0 prev_pid=9 prev_prio=120 prev_state=S ==> next_comm=sshd next_pid=765 next_prio=120
            sshd-765   [000] ....  2000.935820: sys_exit: NR 23 = 1
            sshd-765   [000] ....  2000.935828: sys_enter: NR 14 (0, 7ffd316778b0, 7ffd31677830, 8, 0, e00)
            sshd-765   [000] ....  2000.935830: sys_exit: NR 14 = 0
            sshd-765   [000] ....  2000.935832: sys_enter: NR 14 (2, 7ffd31677830, 0, 8, 0, e00)
            sshd-765   [000] ....  2000.935832: sys_exit: NR 14 = 0
            sshd-765   [000] ....  2000.935837: sys_enter: NR 228 (7, 7ffd316778d0, 7ffd316778d0, 8, 7ffd316c00f0, 7ffd316778d0)
            sshd-765   [000] ....  2000.935891: sys_exit: NR 228 = 0
            sshd-765   [000] ....  2000.935897: sys_enter: NR 0 (3, 7ffd31673940, 4000, 8, 7ffd316c00f0, 7ffd316778d0)
            sshd-765   [000] ....  2000.936456: sys_exit: NR 0 = 36
            sshd-765   [000] ....  2000.936480: sys_enter: NR 228 (7, 7ffd31677820, 7ffd31677820, 0, 7ffd316c00f0, 7ffd31677820)
            sshd-765   [000] ....  2000.936550: sys_exit: NR 228 = 0
            sshd-765   [000] ....  2000.936557: sys_enter: NR 23 (c, 555efd66bd50, 555efd66b0f0, 0, 0, e00)
            sshd-765   [000] ....  2000.936571: sys_exit: NR 23 = 1
            sshd-765   [000] ....  2000.936574: sys_enter: NR 14 (0, 7ffd316778b0, 7ffd31677830, 8, 0, e00)
            sshd-765   [000] ....  2000.936575: sys_exit: NR 14 = 0
            sshd-765   [000] ....  2000.936577: sys_enter: NR 14 (2, 7ffd31677830, 0, 8, 0, e00)
            sshd-765   [000] ....  2000.936578: sys_exit: NR 14 = 0
            sshd-765   [000] ....  2000.936580: sys_enter: NR 228 (7, 7ffd316778d0, 7ffd316778d0, 8, 7ffd316c00f0, 7ffd316778d0)
            sshd-765   [000] ....  2000.936645: sys_exit: NR 228 = 0
            sshd-765   [000] ....  2000.936651: sys_enter: NR 1 (9, 555efd670f90, 1, 8, 0, 0)
            sshd-765   [000] .N..  2000.936666: sys_exit: NR 1 = 1
            sshd-765   [000] d...  2000.936670: sched_switch: prev_comm=sshd prev_pid=765 prev_prio=120 prev_state=R ==> next_comm=kworker/u8:2 next_pid=7690 next_prio=120
           <...>-7690  [000] d...  2000.936688: sched_switch: prev_comm=kworker/u8:2 prev_pid=7690 prev_prio=120 prev_state=I ==> next_comm=bash next_pid=16209 next_prio=120
           <...>-16209 [000] ....  2000.936700: sys_exit: NR 270 = 1
           <...>-16209 [000] ....  2000.936708: sys_enter: NR 0 (0, 7ffc11ae137f, 1, 0, 0, 7ffc11ae1330)
           <...>-16209 [000] ....  2000.936714: sys_exit: NR 0 = 1
           <...>-16209 [000] ....  2000.936764: sys_enter: NR 1 (2, 55c592275f20, 4, 0, 7f85b69c18b0, 7f85b7009740)
           <...>-16209 [000] .N..  2000.936771: sys_exit: NR 1 = 4
           <...>-16209 [000] d...  2000.936774: sched_switch: prev_comm=bash prev_pid=16209 prev_prio=120 prev_state=R ==> next_comm=kworker/u8:2 next_pid=7690 next_prio=120
           <...>-7690  [000] d...  2000.936779: sched_switch: prev_comm=kworker/u8:2 prev_pid=7690 prev_prio=120 prev_state=I ==> next_comm=bash next_pid=16209 next_prio=120
           <...>-16209 [000] ....  2000.936785: sys_enter: NR 270 (1, 7ffc11ae1400, 0, 0, 0, 7ffc11ae1330)
           <...>-16209 [000] d...  2000.936789: sched_switch: prev_comm=bash prev_pid=16209 prev_prio=120 prev_state=S ==> next_comm=sshd next_pid=765 next_prio=120
            sshd-765   [000] ....  2000.936793: sys_enter: NR 16 (9, 5401, 7ffd31677810, 8, 7ffd31677870, 0)
            sshd-765   [000] ....  2000.936797: sys_exit: NR 16 = 0
            sshd-765   [000] ....  2000.936801: sys_enter: NR 228 (7, 7ffd31677820, 7ffd31677820, 0, 7ffd316c00f0, 7ffd31677820)
            sshd-765   [000] ....  2000.936864: sys_exit: NR 228 = 0
            sshd-765   [000] ....  2000.936924: sys_enter: NR 23 (c, 555efd66bd50, 555efd66b0f0, 0, 0, e00)
            sshd-765   [000] ....  2000.936932: sys_exit: NR 23 = 1
            sshd-765   [000] ....  2000.936936: sys_enter: NR 14 (0, 7ffd316778b0, 7ffd31677830, 8, 0, e00)
            sshd-765   [000] ....  2000.936937: sys_exit: NR 14 = 0
            sshd-765   [000] ....  2000.936938: sys_enter: NR 14 (2, 7ffd31677830, 0, 8, 0, e00)
            sshd-765   [000] ....  2000.936939: sys_exit: NR 14 = 0
            sshd-765   [000] ....  2000.936941: sys_enter: NR 228 (7, 7ffd316778d0, 7ffd316778d0, 8, 7ffd316c00f0, 7ffd316778d0)
            sshd-765   [000] ....  2000.937007: sys_exit: NR 228 = 0
            sshd-765   [000] ....  2000.937013: sys_enter: NR 0 (b, 7ffd31673810, 4000, 8, 7ffd316c00f0, 7ffd316778d0)
            sshd-765   [000] ....  2000.937017: sys_exit: NR 0 = 4
            sshd-765   [000] ....  2000.937024: sys_enter: NR 39 (555efd66eeb2, a, 12, 0, 1, 100)
            sshd-765   [000] ....  2000.937026: sys_exit: NR 39 = 765
            sshd-765   [000] ....  2000.937052: sys_enter: NR 228 (7, 7ffd31677820, 7ffd31677820, 0, 7ffd316c00f0, 7ffd31677820)
            sshd-765   [000] ....  2000.937307: sys_exit: NR 228 = 0
            sshd-765   [000] ....  2000.937314: sys_enter: NR 23 (c, 555efd66bd50, 555efd66b0f0, 0, 0, e00)
            sshd-765   [000] ....  2000.937323: sys_exit: NR 23 = 1
            sshd-765   [000] ....  2000.937325: sys_enter: NR 14 (0, 7ffd316778b0, 7ffd31677830, 8, 0, e00)
            sshd-765   [000] ....  2000.937326: sys_exit: NR 14 = 0
            sshd-765   [000] ....  2000.937327: sys_enter: NR 14 (2, 7ffd31677830, 0, 8, 0, e00)
            sshd-765   [000] ....  2000.937328: sys_exit: NR 14 = 0
            sshd-765   [000] ....  2000.937330: sys_enter: NR 228 (7, 7ffd316778d0, 7ffd316778d0, 8, 7ffd316c00f0, 7ffd316778d0)
            sshd-765   [000] ....  2000.937390: sys_exit: NR 228 = 0
            sshd-765   [000] ....  2000.937396: sys_enter: NR 1 (3, 555efd68d380, 2c, 8, 7ffd316c00f0, 7ffd316778d0)
          <idle>-0     [001] d...  2000.939469: sched_switch: prev_comm=swapper/1 prev_pid=0 prev_prio=120 prev_state=R ==> next_comm=rcu_sched next_pid=10 next_prio=120
       rcu_sched-10    [001] d...  2000.939482: sched_switch: prev_comm=rcu_sched prev_pid=10 prev_prio=120 prev_state=I ==> next_comm=swapper/1 next_pid=0 next_prio=120
            sshd-765   [000] d...  2000.940397: sched_switch: prev_comm=sshd prev_pid=765 prev_prio=120 prev_state=R+ ==> next_comm=ksoftirqd/0 next_pid=9 next_prio=120
           <...>-9     [000] d...  2000.940404: sched_switch: prev_comm=ksoftirqd/0 prev_pid=9 prev_prio=120 prev_state=S ==> next_comm=sshd next_pid=765 next_prio=120
            sshd-765   [000] ....  2000.940407: sys_exit: NR 1 = 44
            sshd-765   [000] ....  2000.940414: sys_enter: NR 228 (7, 7ffd31677820, 7ffd31677820, 0, 7ffd316c00f0, 7ffd31677820)
            sshd-765   [000] ....  2000.940474: sys_exit: NR 228 = 0
            sshd-765   [000] ....  2000.940480: sys_enter: NR 23 (c, 555efd66bd50, 555efd66b0f0, 0, 0, e00)
            sshd-765   [000] d...  2000.940492: sched_switch: prev_comm=sshd prev_pid=765 prev_prio=120 prev_state=S ==> next_comm=swapper/0 next_pid=0 next_prio=120
          <idle>-0     [001] d...  2001.026199: sched_switch: prev_comm=swapper/1 prev_pid=0 prev_prio=120 prev_state=R ==> next_comm=rcu_sched next_pid=10 next_prio=120
       rcu_sched-10    [001] d...  2001.026213: sched_switch: prev_comm=rcu_sched prev_pid=10 prev_prio=120 prev_state=I ==> next_comm=swapper/1 next_pid=0 next_prio=120
          <idle>-0     [000] d...  2001.028122: sched_switch: prev_comm=swapper/0 prev_pid=0 prev_prio=120 prev_state=R ==> next_comm=ksoftirqd/0 next_pid=9 next_prio=120
           <...>-9     [000] d...  2001.028141: sched_switch: prev_comm=ksoftirqd/0 prev_pid=9 prev_prio=120 prev_state=S ==> next_comm=kworker/0:0 next_pid=5 next_prio=120
     kworker/0:0-5     [000] d...  2001.029222: sched_switch: prev_comm=kworker/0:0 prev_pid=5 prev_prio=120 prev_state=D ==> next_comm=kworker/0:3 next_pid=1859 next_prio=120
          <idle>-0     [001] d...  2001.030148: sched_switch: prev_comm=swapper/1 prev_pid=0 prev_prio=120 prev_state=R ==> next_comm=rcu_sched next_pid=10 next_prio=120
       rcu_sched-10    [001] d...  2001.030158: sched_switch: prev_comm=rcu_sched prev_pid=10 prev_prio=120 prev_state=I ==> next_comm=swapper/1 next_pid=0 next_prio=120
          <idle>-0     [001] d...  2001.034413: sched_switch: prev_comm=swapper/1 prev_pid=0 prev_prio=120 prev_state=R ==> next_comm=rcu_sched next_pid=10 next_prio=120
       rcu_sched-10    [001] d...  2001.034422: sched_switch: prev_comm=rcu_sched prev_pid=10 prev_prio=120 prev_state=I ==> next_comm=swapper/1 next_pid=0 next_prio=120
           <...>-1859  [000] d...  2001.034793: sched_switch: prev_comm=kworker/0:3 prev_pid=1859 prev_prio=120 prev_state=R+ ==> next_comm=kworker/0:0 next_pid=5 next_prio=120
     kworker/0:0-5     [000] d...  2001.034852: sched_switch: prev_comm=kworker/0:0 prev_pid=5 prev_prio=120 prev_state=I ==> next_comm=ksoftirqd/0 next_pid=9 next_prio=120
           <...>-9     [000] d...  2001.034856: sched_switch: prev_comm=ksoftirqd/0 prev_pid=9 prev_prio=120 prev_state=S ==> next_comm=kworker/0:3 next_pid=1859 next_prio=120
           <...>-1859  [000] d...  2001.034859: sched_switch: prev_comm=kworker/0:3 prev_pid=1859 prev_prio=120 prev_state=I ==> next_comm=sshd next_pid=765 next_prio=120
            sshd-765   [000] ....  2001.034874: sys_exit: NR 23 = 1
            sshd-765   [000] ....  2001.034883: sys_enter: NR 14 (0, 7ffd316778b0, 7ffd31677830, 8, 0, e00)
            sshd-765   [000] ....  2001.034885: sys_exit: NR 14 = 0
            sshd-765   [000] ....  2001.034887: sys_enter: NR 14 (2, 7ffd31677830, 0, 8, 0, e00)
            sshd-765   [000] ....  2001.034887: sys_exit: NR 14 = 0
            sshd-765   [000] ....  2001.034892: sys_enter: NR 228 (7, 7ffd316778d0, 7ffd316778d0, 8, 7ffd316c00f0, 7ffd316778d0)
            sshd-765   [000] ....  2001.035389: sys_exit: NR 228 = 0
            sshd-765   [000] ....  2001.035396: sys_enter: NR 0 (3, 7ffd31673940, 4000, 8, 7ffd316c00f0, 7ffd316778d0)
            sshd-765   [000] ....  2001.035470: sys_exit: NR 0 = 36
            sshd-765   [000] ....  2001.035492: sys_enter: NR 228 (7, 7ffd31677820, 7ffd31677820, 0, 7ffd316c00f0, 7ffd31677820)
            sshd-765   [000] ....  2001.035552: sys_exit: NR 228 = 0
            sshd-765   [000] ....  2001.035559: sys_enter: NR 23 (c, 555efd66bd50, 555efd66b0f0, 0, 0, e00)
            sshd-765   [000] ....  2001.035569: sys_exit: NR 23 = 1
            sshd-765   [000] ....  2001.035571: sys_enter: NR 14 (0, 7ffd316778b0, 7ffd31677830, 8, 0, e00)
            sshd-765   [000] ....  2001.035572: sys_exit: NR 14 = 0
            sshd-765   [000] ....  2001.035574: sys_enter: NR 14 (2, 7ffd31677830, 0, 8, 0, e00)
            sshd-765   [000] ....  2001.035574: sys_exit: NR 14 = 0
            sshd-765   [000] ....  2001.035576: sys_enter: NR 228 (7, 7ffd316778d0, 7ffd316778d0, 8, 7ffd316c00f0, 7ffd316778d0)
            sshd-765   [000] ....  2001.035635: sys_exit: NR 228 = 0
            sshd-765   [000] ....  2001.035641: sys_enter: NR 1 (9, 555efd670f90, 1, 8, 0, 0)
            sshd-765   [000] .N..  2001.035654: sys_exit: NR 1 = 1
            sshd-765   [000] d...  2001.035658: sched_switch: prev_comm=sshd prev_pid=765 prev_prio=120 prev_state=R ==> next_comm=kworker/u8:2 next_pid=7690 next_prio=120
           <...>-7690  [000] d...  2001.035670: sched_switch: prev_comm=kworker/u8:2 prev_pid=7690 prev_prio=120 prev_state=I ==> next_comm=bash next_pid=16209 next_prio=120
           <...>-16209 [000] ....  2001.035679: sys_exit: NR 270 = 1
           <...>-16209 [000] ....  2001.035686: sys_enter: NR 0 (0, 7ffc11ae137f, 1, 0, 0, 7ffc11ae1330)
           <...>-16209 [000] ....  2001.035691: sys_exit: NR 0 = 1
           <...>-16209 [000] ....  2001.035704: sys_enter: NR 23 (1, 7ffc11ae1320, 0, 7ffc11ae13a0, 7ffc11ae1310, 7f85b6742260)
           <...>-16209 [000] ....  2001.035707: sys_exit: NR 23 = 0
           <...>-16209 [000] ....  2001.035747: sys_enter: NR 1 (2, 55c592275f20, 1, 0, 7f85b69c18b0, 7f85b7009740)
           <...>-16209 [000] .N..  2001.035753: sys_exit: NR 1 = 1
           <...>-16209 [000] d...  2001.035755: sched_switch: prev_comm=bash prev_pid=16209 prev_prio=120 prev_state=R ==> next_comm=kworker/u8:2 next_pid=7690 next_prio=120
           <...>-7690  [000] d...  2001.035760: sched_switch: prev_comm=kworker/u8:2 prev_pid=7690 prev_prio=120 prev_state=I ==> next_comm=bash next_pid=16209 next_prio=120
           <...>-16209 [000] ....  2001.035765: sys_enter: NR 270 (1, 7ffc11ae1400, 0, 0, 0, 7ffc11ae1330)
           <...>-16209 [000] d...  2001.035770: sched_switch: prev_comm=bash prev_pid=16209 prev_prio=120 prev_state=S ==> next_comm=sshd next_pid=765 next_prio=120
            sshd-765   [000] ....  2001.035774: sys_enter: NR 16 (9, 5401, 7ffd31677810, 8, 7ffd31677870, 0)
            sshd-765   [000] ....  2001.035778: sys_exit: NR 16 = 0
            sshd-765   [000] ....  2001.035783: sys_enter: NR 228 (7, 7ffd31677820, 7ffd31677820, 0, 7ffd316c00f0, 7ffd31677820)
            sshd-765   [000] ....  2001.035852: sys_exit: NR 228 = 0
            sshd-765   [000] ....  2001.035859: sys_enter: NR 23 (c, 555efd66bd50, 555efd66b0f0, 0, 0, e00)
            sshd-765   [000] ....  2001.035864: sys_exit: NR 23 = 1
            sshd-765   [000] ....  2001.035866: sys_enter: NR 14 (0, 7ffd316778b0, 7ffd31677830, 8, 0, e00)
            sshd-765   [000] ....  2001.035867: sys_exit: NR 14 = 0
            sshd-765   [000] ....  2001.035869: sys_enter: NR 14 (2, 7ffd31677830, 0, 8, 0, e00)
            sshd-765   [000] ....  2001.035869: sys_exit: NR 14 = 0
            sshd-765   [000] ....  2001.035871: sys_enter: NR 228 (7, 7ffd316778d0, 7ffd316778d0, 8, 7ffd316c00f0, 7ffd316778d0)
            sshd-765   [000] ....  2001.035930: sys_exit: NR 228 = 0
            sshd-765   [000] ....  2001.035936: sys_enter: NR 0 (b, 7ffd31673810, 4000, 8, 7ffd316c00f0, 7ffd316778d0)
            sshd-765   [000] ....  2001.035940: sys_exit: NR 0 = 1
            sshd-765   [000] ....  2001.035948: sys_enter: NR 39 (555efd66eeaf, 5, f, 0, 1, 100)
            sshd-765   [000] ....  2001.035949: sys_exit: NR 39 = 765
            sshd-765   [000] ....  2001.035955: sys_enter: NR 228 (7, 7ffd31677820, 7ffd31677820, 0, 7ffd316c00f0, 7ffd31677820)
            sshd-765   [000] ....  2001.036029: sys_exit: NR 228 = 0
            sshd-765   [000] ....  2001.036035: sys_enter: NR 23 (c, 555efd66bd50, 555efd66b0f0, 0, 0, e00)
            sshd-765   [000] ....  2001.036040: sys_exit: NR 23 = 1
            sshd-765   [000] ....  2001.036042: sys_enter: NR 14 (0, 7ffd316778b0, 7ffd31677830, 8, 0, e00)
            sshd-765   [000] ....  2001.036043: sys_exit: NR 14 = 0
            sshd-765   [000] ....  2001.036044: sys_enter: NR 14 (2, 7ffd31677830, 0, 8, 0, e00)
            sshd-765   [000] ....  2001.036044: sys_exit: NR 14 = 0
            sshd-765   [000] ....  2001.036046: sys_enter: NR 228 (7, 7ffd316778d0, 7ffd316778d0, 8, 7ffd316c00f0, 7ffd316778d0)
            sshd-765   [000] ....  2001.036340: sys_exit: NR 228 = 0
            sshd-765   [000] ....  2001.036347: sys_enter: NR 1 (3, 555efd68d380, 24, 8, 7ffd316c00f0, 7ffd316778d0)
            sshd-765   [000] d...  2001.039522: sched_switch: prev_comm=sshd prev_pid=765 prev_prio=120 prev_state=R+ ==> next_comm=ksoftirqd/0 next_pid=9 next_prio=120
           <...>-9     [000] d...  2001.039535: sched_switch: prev_comm=ksoftirqd/0 prev_pid=9 prev_prio=120 prev_state=S ==> next_comm=sshd next_pid=765 next_prio=120
            sshd-765   [000] ....  2001.039539: sys_exit: NR 1 = 36
            sshd-765   [000] ....  2001.039549: sys_enter: NR 228 (7, 7ffd31677820, 7ffd31677820, 0, 7ffd316c00f0, 7ffd31677820)
            sshd-765   [000] ....  2001.039638: sys_exit: NR 228 = 0
            sshd-765   [000] ....  2001.039644: sys_enter: NR 23 (c, 555efd66bd50, 555efd66b0f0, 0, 0, e00)
            sshd-765   [000] d...  2001.039659: sched_switch: prev_comm=sshd prev_pid=765 prev_prio=120 prev_state=S ==> next_comm=swapper/0 next_pid=0 next_prio=120
          <idle>-0     [001] d...  2001.039696: sched_switch: prev_comm=swapper/1 prev_pid=0 prev_prio=120 prev_state=R ==> next_comm=rcu_sched next_pid=10 next_prio=120
       rcu_sched-10    [001] d...  2001.039706: sched_switch: prev_comm=rcu_sched prev_pid=10 prev_prio=120 prev_state=I ==> next_comm=swapper/1 next_pid=0 next_prio=120
     kworker/2:2-108   [002] d...  2001.220380: sched_switch: prev_comm=kworker/2:2 prev_pid=108 prev_prio=120 prev_state=I ==> next_comm=swapper/2 next_pid=0 next_prio=120
          <idle>-0     [001] d...  2001.221100: sched_switch: prev_comm=swapper/1 prev_pid=0 prev_prio=120 prev_state=R ==> next_comm=rcu_sched next_pid=10 next_prio=120
       rcu_sched-10    [001] d...  2001.221111: sched_switch: prev_comm=rcu_sched prev_pid=10 prev_prio=120 prev_state=I ==> next_comm=swapper/1 next_pid=0 next_prio=120
           mandb-16379 [003] .N..  2001.221781: sys_exit: NR 317 = 0
           mandb-16379 [003] d...  2001.221788: sched_switch: prev_comm=mandb prev_pid=16379 prev_prio=120 prev_state=R ==> next_comm=kworker/3:3 next_pid=116 next_prio=120
           <...>-116   [003] d...  2001.221800: sched_switch: prev_comm=kworker/3:3 prev_pid=116 prev_prio=120 prev_state=I ==> next_comm=mandb next_pid=16379 next_prio=120
           mandb-16379 [003] ....  2001.221817: sys_enter: NR 32 (0, 0, 55bc6cc6bff0, 1, 55bc6c9522a0, 55bc6c952280)
           mandb-16379 [003] ....  2001.221820: sys_exit: NR 32 = 6
           mandb-16379 [003] ....  2001.221905: sys_enter: NR 8 (6, 0, 1, 9, 55bc6cc71bc0, 6)
           mandb-16379 [003] ....  2001.221908: sys_exit: NR 8 = 0
           mandb-16379 [003] ....  2001.221990: sys_enter: NR 0 (6, 55bc6cc91420, 2000, 9, 0, 0)
          <idle>-0     [001] d...  2001.222112: sched_switch: prev_comm=swapper/1 prev_pid=0 prev_prio=120 prev_state=R ==> next_comm=rcu_sched next_pid=10 next_prio=120
       rcu_sched-10    [001] d...  2001.222121: sched_switch: prev_comm=rcu_sched prev_pid=10 prev_prio=120 prev_state=I ==> next_comm=swapper/1 next_pid=0 next_prio=120
           mandb-16379 [003] d...  2001.222669: sched_switch: prev_comm=mandb prev_pid=16379 prev_prio=120 prev_state=D ==> next_comm=swapper/3 next_pid=0 next_prio=120
          <idle>-0     [003] d...  2001.225406: sched_switch: prev_comm=swapper/3 prev_pid=0 prev_prio=120 prev_state=R ==> next_comm=ksoftirqd/3 next_pid=25 next_prio=120
           <...>-25    [003] d...  2001.225413: sched_switch: prev_comm=ksoftirqd/3 prev_pid=25 prev_prio=120 prev_state=S ==> next_comm=mandb next_pid=16379 next_prio=120
           mandb-16379 [003] ....  2001.225434: sys_exit: NR 0 = 1219
           mandb-16379 [003] ....  2001.225440: sys_enter: NR 0 (6, 55bc6cc918e3, 1b3d, 9, 0, 0)
           mandb-16379 [003] ....  2001.225444: sys_exit: NR 0 = 0
           mandb-16379 [003] ....  2001.225522: sys_enter: NR 5 (1, 7ffc9ba92e40, 7ffc9ba92e40, 656e72656b2e7777, 7f7d6b7ba760, 772f2f3a73707474)
           mandb-16379 [003] ....  2001.225527: sys_exit: NR 5 = 0
           mandb-16379 [003] ....  2001.225536: sys_enter: NR 3 (6, 55bc6c952010, 55bc6c952010, 9, 0, 0)
           mandb-16379 [003] ....  2001.225537: sys_exit: NR 3 = 0
          <idle>-0     [001] d...  2001.225690: sched_switch: prev_comm=swapper/1 prev_pid=0 prev_prio=120 prev_state=R ==> next_comm=rcu_sched next_pid=10 next_prio=120
       rcu_sched-10    [001] d...  2001.225698: sched_switch: prev_comm=rcu_sched prev_pid=10 prev_prio=120 prev_state=I ==> next_comm=swapper/1 next_pid=0 next_prio=120
           mandb-16379 [003] ....  2001.225780: sys_enter: NR 1 (1, 55bc6cc99040, 8df, c, 0, 0)
           mandb-16379 [003] ....  2001.226056: sys_exit: NR 1 = 2271
           mandb-16379 [003] ....  2001.226066: sys_enter: NR 231 (0, 3c, 0, c, e7, ffffffffffffff78)
          <idle>-0     [002] d...  2001.226066: sched_switch: prev_comm=swapper/2 prev_pid=0 prev_prio=120 prev_state=R ==> next_comm=mandb next_pid=1258 next_prio=120
           <...>-1258  [002] ....  2001.226066: sys_exit: NR 0 = 2271
           <...>-1258  [002] ....  2001.226076: sys_enter: NR 0 (7, 55bc6cc7337f, 758, 6f206568540a5345, 7f7d6b7b9c40, e5c1)
           <...>-1258  [002] d...  2001.226084: sched_switch: prev_comm=mandb prev_pid=1258 prev_prio=120 prev_state=S ==> next_comm=swapper/2 next_pid=0 next_prio=120
          <idle>-0     [002] d...  2001.226197: sched_switch: prev_comm=swapper/2 prev_pid=0 prev_prio=120 prev_state=R ==> next_comm=mandb next_pid=1258 next_prio=120
           <...>-1258  [002] ....  2001.226197: sys_exit: NR 0 = 0
           mandb-16379 [003] d...  2001.226197: sched_switch: prev_comm=mandb prev_pid=16379 prev_prio=120 prev_state=Z ==> next_comm=swapper/3 next_pid=0 next_prio=120
          <idle>-0     [003] d...  2001.226197: sched_switch: prev_comm=swapper/3 prev_pid=0 prev_prio=120 prev_state=R ==> next_comm=kworker/3:3 next_pid=116 next_prio=120
           <...>-116   [003] d...  2001.226197: sched_switch: prev_comm=kworker/3:3 prev_pid=116 prev_prio=120 prev_state=I ==> next_comm=swapper/3 next_pid=0 next_prio=120
           <...>-1258  [002] ....  2001.226204: sys_enter: NR 61 (ffffffff, 7ffc9ba93ce4, 1, 0, 7f7d6b7b9c40, e5c1)
           <...>-1258  [002] ....  2001.226215: sys_exit: NR 61 = 16379
           <...>-1258  [002] ....  2001.226217: sys_enter: NR 61 (ffffffff, 7ffc9ba93ce4, 1, 0, 7f7d6b7b9c40, 55bc6cc70cb0)
           <...>-1258  [002] ....  2001.226218: sys_exit: NR 61 = -10
           <...>-1258  [002] ....  2001.226222: sys_enter: NR 15 (ffffffff, 7ffc9ba93ce4, ffffffffffffff78, 0, 7f7d6b7b9c40, 55bc6cc70cb0)
           <...>-1258  [002] ....  2001.226223: sys_exit: NR -1 = 0
           <...>-1258  [002] ....  2001.226231: sys_enter: NR 0 (7, 55bc6cc7337f, 75c, 55bc6cc72ac0, 7f7d6b7b9c40, 7f7d6b53c800)
           <...>-1258  [002] ....  2001.226233: sys_exit: NR 0 = 0
           <...>-1258  [002] ....  2001.226235: sys_enter: NR 0 (7, 55bc6cc7337f, 785, 4c50472854524154, 7f7d6b7b9c40, 535f45534e454349)
           <...>-1258  [002] ....  2001.226235: sys_exit: NR 0 = 0
           <...>-1258  [002] ....  2001.226237: sys_enter: NR 0 (7, 55bc6cc7337f, 7c4, 206e616320756f79, 7f7d6b7b9c40, 203b6e6f69746174)
           <...>-1258  [002] ....  2001.226237: sys_exit: NR 0 = 0
           <...>-1258  [002] ....  2001.226239: sys_enter: NR 0 (7, 55bc6cc7337f, 807, 6c6172656e654720, 7f7d6b7b9c40, 554e472065687420)
           <...>-1258  [002] ....  2001.226239: sys_exit: NR 0 = 0
           <...>-1258  [002] ....  2001.226240: sys_enter: NR 0 (7, 55bc6cc7337f, 84a, 65203b6e6f697461, 7f7d6b7b9c40, 646e756f46206572)
           <...>-1258  [002] ....  2001.226241: sys_exit: NR 0 = 0
           <...>-1258  [002] ....  2001.226242: sys_enter: NR 0 (7, 55bc6cc7337f, 882, 796e6120296e6f69, 7f7d6b7b9c40, 74706f2072756f79)
           <...>-1258  [002] ....  2001.226243: sys_exit: NR 0 = 0
           <...>-1258  [002] ....  2001.226244: sys_enter: NR 0 (7, 55bc6cc7337f, 895, 55bc6cc72c00, 7f7d6b7b9c40, 7f7d6b53c5f0)
           <...>-1258  [002] ....  2001.226245: sys_exit: NR 0 = 0
           <...>-1258  [002] ....  2001.226246: sys_enter: NR 0 (7, 55bc6cc7337f, 899, 55bc6cc72c00, 7f7d6b7b9c40, 7f7d6b53c800)
           <...>-1258  [002] ....  2001.226247: sys_exit: NR 0 = 0
           <...>-1258  [002] ....  2001.226248: sys_enter: NR 0 (7, 55bc6cc7337f, 8b3, 6566655220225c2e, 7f7d6b7b9c40, 7f7d6b53c3f0)
           <...>-1258  [002] ....  2001.226249: sys_exit: NR 0 = 0
           <...>-1258  [002] ....  2001.226250: sys_enter: NR 0 (7, 55bc6cc7337f, 8dc, 656372756f732032, 7f7d6b7b9c40, 2d6362696c672055)
           <...>-1258  [002] ....  2001.226251: sys_exit: NR 0 = 0
           <...>-1258  [002] ....  2001.226252: sys_enter: NR 0 (7, 55bc6cc7337f, 91c, 2e7777772f2f3a70, 7f7d6b7b9c40, 7474682065636e65)
           <...>-1258  [002] ....  2001.226253: sys_exit: NR 0 = 0
           <...>-1258  [002] ....  2001.226257: sys_enter: NR 0 (7, 55bc6cc7337f, 970, 55bc6cc72cc0, 7f7d6b7b9c40, 7f7d6b53b937)
           <...>-1258  [002] ....  2001.226257: sys_exit: NR 0 = 0
           <...>-1258  [002] ....  2001.226259: sys_enter: NR 0 (7, 55bc6cc7337f, 988, 5349202020225c2e, 7f7d6b7b9c40, 7f7d6b53c050)
           <...>-1258  [002] ....  2001.226259: sys_exit: NR 0 = 0
           <...>-1258  [002] ....  2001.226261: sys_enter: NR 0 (7, 55bc6cc7337f, 98c, 55bc6cc72d00, 7f7d6b7b9c40, 7f7d6b53c800)
           <...>-1258  [002] ....  2001.226261: sys_exit: NR 0 = 0
           <...>-1258  [002] ....  2001.226265: sys_enter: NR 3 (7, 0, 0, 502078756e694c22, 7f7d6c09a82c, 2022554e47222038)
           <...>-1258  [002] ....  2001.226266: sys_exit: NR 3 = 0
           <...>-1258  [002] ....  2001.226323: sys_enter: NR 4 (55bc6cc6f100, 7ffc9ba942c0, 7ffc9ba942c0, 55bc6cc1ad00, fec1, 7f7d6b53c7f0)
           <...>-1258  [002] ....  2001.226342: sys_exit: NR 4 = 0
           <...>-1258  [002] ....  2001.226343: sys_enter: NR 4 (55bc6cc6f100, 7ffc9ba94200, 7ffc9ba94200, 55bc6cc1ad00, fec1, 7f7d6b53c7f0)
           <...>-1258  [002] ....  2001.226345: sys_exit: NR 4 = 0
           <...>-1258  [002] ....  2001.226384: sys_enter: NR 14 (0, 7ffc9ba94160, 7ffc9ba941e0, 8, 382d46545520662d, 3538382d4f53493a)
           <...>-1258  [002] ....  2001.226385: sys_exit: NR 14 = 0
           <...>-1258  [002] ....  2001.226389: sys_enter: NR 14 (2, 7ffc9ba941e0, 0, 8, 55bc6cc70450, 7f7d6b7b9c40)
           <...>-1258  [002] ....  2001.226390: sys_exit: NR 14 = 0
           <...>-1258  [002] ....  2001.226391: sys_enter: NR 257 (ffffff9c, 55bc6cc719c0, 0, 0, 55bc6cc70450, 7f7d6b7b9c40)
           <...>-1258  [002] ....  2001.226402: sys_exit: NR 257 = 6
           <...>-1258  [002] ....  2001.226404: sys_enter: NR 22 (7ffc9ba94158, 55bc6cc719c0, 0, 0, 55bc6cc70450, 7f7d6b7b9c40)
           <...>-1258  [002] ....  2001.226412: sys_exit: NR 22 = 0
           <...>-1258  [002] ....  2001.226413: sys_enter: NR 14 (0, 7ffc9ba94160, 7ffc9ba941e0, 8, 55bc6cc70450, 7f7d6b7b9c40)
           <...>-1258  [002] ....  2001.226414: sys_exit: NR 14 = 0
           <...>-1258  [002] ....  2001.226415: sys_enter: NR 56 (1200011, 0, 0, 7f7d6c21ca10, 7f7d6c21c740, 7f7d6b7b9c40)
           <...>-1258  [002] ....  2001.227497: sys_exit: NR 56 = 16380
           <...>-1258  [002] ....  2001.227512: sys_enter: NR 3 (6, 0, 0, 7f7d6c21ca10, 7f7d6c21c740, 7f7d6b7b9c40)
           <...>-1258  [002] ....  2001.227514: sys_exit: NR 3 = 0
           <...>-1258  [002] ....  2001.227515: sys_enter: NR 3 (8, 0, 0, 7f7d6c21ca10, 7f7d6c21c740, 7f7d6b7b9c40)
           <...>-1258  [002] ....  2001.227516: sys_exit: NR 3 = 0
           <...>-1258  [002] ....  2001.227523: sys_enter: NR 14 (2, 7ffc9ba941e0, 0, 8, 7f7d6c21c740, 7f7d6b7b9c40)
           <...>-1258  [002] ....  2001.227525: sys_exit: NR 14 = 0
           <...>-1258  [002] ....  2001.227526: sys_enter: NR 22 (7ffc9ba94158, 55bc6cc71990, 1, 8, 7f7d6c21c740, 7f7d6b7b9c40)
           <...>-1258  [002] ....  2001.227536: sys_exit: NR 22 = 0
           <...>-1258  [002] ....  2001.227549: sys_enter: NR 14 (0, 7ffc9ba94160, 7ffc9ba941e0, 8, 7f7d6c21c740, 7f7d6b7b9c40)
           <...>-1258  [002] ....  2001.227550: sys_exit: NR 14 = 0
           <...>-1258  [002] ....  2001.227551: sys_enter: NR 56 (1200011, 0, 0, 7f7d6c21ca10, 7f7d6c21c740, 7f7d6b7b9c40)
           <...>-1258  [002] ....  2001.227878: sys_exit: NR 56 = 16381
           <...>-1258  [002] ....  2001.227878: sys_enter: NR 3 (7, 0, 0, 7f7d6c21ca10, 7f7d6c21c740, 7f7d6b7b9c40)
           <...>-1258  [002] ....  2001.227878: sys_exit: NR 3 = 0
           <...>-1258  [002] ....  2001.227878: sys_enter: NR 3 (8, 0, 0, 7f7d6c21ca10, 7f7d6c21c740, 7f7d6b7b9c40)
           <...>-1258  [002] ....  2001.227878: sys_exit: NR 3 = 0
           <...>-1258  [002] ....  2001.227878: sys_enter: NR 14 (2, 7ffc9ba941e0, 0, 8, 7f7d6c21c740, 7f7d6b7b9c40)
           <...>-1258  [002] ....  2001.227878: sys_exit: NR 14 = 0
           <...>-1258  [002] ....  2001.227878: sys_enter: NR 0 (6, 55bc6cb3b6b0, 400, 55bc6c953400, 7ffc9ba94240, 1)
           <...>-1258  [002] d...  2001.227878: sched_switch: prev_comm=mandb prev_pid=1258 prev_prio=120 prev_state=S ==> next_comm=kworker/2:2 next_pid=108 next_prio=120
          <idle>-0     [001] d...  2001.228064: sched_switch: prev_comm=swapper/1 prev_pid=0 prev_prio=120 prev_state=R ==> next_comm=mandb next_pid=16380 next_prio=120
           mandb-16380 [001] ....  2001.228084: sys_exit: NR 56 = 0
           mandb-16380 [001] ....  2001.228144: sys_enter: NR 13 (1, 0, 7ffc9ba93fb0, 8, 7ffc9ba94060, 7f7d6b7b9c40)
           mandb-16380 [001] ....  2001.228151: sys_exit: NR 13 = 0
           mandb-16380 [001] ....  2001.228153: sys_enter: NR 13 (2, 0, 7ffc9ba93fb0, 8, 7ffc9ba94060, 7f7d6b7b9c40)
           mandb-16380 [001] ....  2001.228154: sys_exit: NR 13 = 0
           mandb-16380 [001] ....  2001.228155: sys_enter: NR 13 (2, 7ffc9ba93f10, 0, 8, 0, 7f7d6b7b9c40)
           mandb-16380 [001] ....  2001.228156: sys_exit: NR 13 = 0
           mandb-16380 [001] ....  2001.228158: sys_enter: NR 13 (f, 0, 7ffc9ba93fb0, 8, 7ffc9ba94060, 7f7d6b7b9c40)
           mandb-16380 [001] ....  2001.228158: sys_exit: NR 13 = 0
           mandb-16380 [001] ....  2001.228159: sys_enter: NR 13 (f, 7ffc9ba93f10, 0, 8, 0, 7f7d6b7b9c40)
           mandb-16380 [001] ....  2001.228160: sys_exit: NR 13 = 0
           mandb-16380 [001] ....  2001.228167: sys_enter: NR 33 (6, 0, 0, 8, 0, 7f7d6b7b9c40)
           mandb-16380 [001] ....  2001.228169: sys_exit: NR 33 = 0
           mandb-16380 [001] ....  2001.228171: sys_enter: NR 3 (6, 0, 0, 8, 0, 7f7d6b7b9c40)
           mandb-16380 [001] ....  2001.228171: sys_exit: NR 3 = 0
