           mandb-16380 [001] ....  2001.228173: sys_enter: NR 33 (8, 1, 0, 8, 0, 7f7d6b7b9c40)
           mandb-16380 [001] ....  2001.228173: sys_exit: NR 33 = 1
           mandb-16380 [001] ....  2001.228175: sys_enter: NR 3 (8, 1, 0, 8, 0, 7f7d6b7b9c40)
           mandb-16380 [001] ....  2001.228176: sys_exit: NR 3 = 0
           mandb-16380 [001] ....  2001.228177: sys_enter: NR 3 (7, 1, 0, 8, 0, 7f7d6b7b9c40)
           mandb-16380 [001] ....  2001.228177: sys_exit: NR 3 = 0
           mandb-16380 [001] ....  2001.228227: sys_enter: NR 157 (15, 0, 0, 0, 0, 3)
           mandb-16380 [001] ....  2001.228229: sys_exit: NR 157 = 0
          <idle>-0     [000] d...  2001.228377: sched_switch: prev_comm=swapper/0 prev_pid=0 prev_prio=120 prev_state=R ==> next_comm=mandb next_pid=16381 next_prio=120
           mandb-16381 [000] ....  2001.228389: sys_exit: NR 56 = 0
           mandb-16381 [000] ....  2001.228444: sys_enter: NR 13 (1, 0, 7ffc9ba93fb0, 8, 7ffc9ba94060, 7f7d6b7b9c40)
           mandb-16381 [000] ....  2001.228451: sys_exit: NR 13 = 0
           mandb-16381 [000] ....  2001.228453: sys_enter: NR 13 (2, 0, 7ffc9ba93fb0, 8, 7ffc9ba94060, 7f7d6b7b9c40)
           mandb-16381 [000] ....  2001.228453: sys_exit: NR 13 = 0
           mandb-16381 [000] ....  2001.228454: sys_enter: NR 13 (2, 7ffc9ba93f10, 0, 8, 0, 7f7d6b7b9c40)
           mandb-16381 [000] ....  2001.228455: sys_exit: NR 13 = 0
           mandb-16381 [000] ....  2001.228456: sys_enter: NR 13 (f, 0, 7ffc9ba93fb0, 8, 7ffc9ba94060, 7f7d6b7b9c40)
           mandb-16381 [000] ....  2001.228457: sys_exit: NR 13 = 0
           mandb-16381 [000] ....  2001.228458: sys_enter: NR 13 (f, 7ffc9ba93f10, 0, 8, 0, 7f7d6b7b9c40)
           mandb-16381 [000] ....  2001.228459: sys_exit: NR 13 = 0
           mandb-16381 [000] ....  2001.228466: sys_enter: NR 33 (7, 0, 0, 8, 0, 7f7d6b7b9c40)
           mandb-16381 [000] ....  2001.228467: sys_exit: NR 33 = 0
           mandb-16381 [000] ....  2001.228469: sys_enter: NR 3 (7, 0, 0, 8, 0, 7f7d6b7b9c40)
           mandb-16381 [000] ....  2001.228469: sys_exit: NR 3 = 0
           mandb-16381 [000] ....  2001.228471: sys_enter: NR 33 (8, 1, 0, 8, 0, 7f7d6b7b9c40)
           mandb-16381 [000] ....  2001.228471: sys_exit: NR 33 = 1
           mandb-16381 [000] ....  2001.228473: sys_enter: NR 3 (8, 1, 0, 8, 0, 7f7d6b7b9c40)
           mandb-16381 [000] ....  2001.228473: sys_exit: NR 3 = 0
           mandb-16381 [000] ....  2001.228474: sys_enter: NR 3 (6, 1, 0, 8, 0, 7f7d6b7b9c40)
           mandb-16381 [000] ....  2001.228475: sys_exit: NR 3 = 0
           mandb-16381 [000] ....  2001.228521: sys_enter: NR 157 (15, 0, 0, 0, 0, 3)
           mandb-16381 [000] ....  2001.228523: sys_exit: NR 157 = 0
           mandb-16380 [001] ....  2001.228565: sys_enter: NR 12 (55bc6cca2000, 7f7d6b7b9c40, 20020, fffffffffffff000, 55bc6cc80f00, 0)
           mandb-16380 [001] ....  2001.228565: sys_exit: NR 12 = 94267767398400
           mandb-16381 [000] ....  2001.228945: sys_enter: NR 12 (55bc6cca2000, 7f7d6b7b9c40, 20020, fffffffffffff000, 55bc6cc80f00, 0)
           mandb-16381 [000] ....  2001.228945: sys_exit: NR 12 = 94267767398400
           mandb-16380 [001] ....  2001.228945: sys_enter: NR 157 (26, 1, 0, 0, 0, 1)
           mandb-16380 [001] ....  2001.228945: sys_exit: NR 157 = 0
           mandb-16380 [001] ....  2001.228945: sys_enter: NR 317 (0, 1, 0, ffff, 1, 55bc6c9522a0)
           mandb-16380 [001] ....  2001.228945: sys_exit: NR 317 = -22
           mandb-16380 [001] ....  2001.228945: sys_enter: NR 317 (1, 0, 55bc6cc71ad0, 1, 55bc6c9522a0, 55bc6c952280)
           mandb-16381 [000] ....  2001.228945: sys_enter: NR 157 (26, 1, 0, 0, 0, 1)
           mandb-16381 [000] ....  2001.228945: sys_exit: NR 157 = 0
           mandb-16381 [000] ....  2001.228945: sys_enter: NR 317 (0, 1, 0, ffff, 1, 55bc6c9522a0)
           mandb-16381 [000] ....  2001.228945: sys_exit: NR 317 = -22
           mandb-16381 [000] ....  2001.228945: sys_enter: NR 317 (1, 0, 55bc6cc71ad0, 1, 55bc6c9522a0, 55bc6c952280)
     kworker/2:2-108   [002] d...  2001.228945: sched_switch: prev_comm=kworker/2:2 prev_pid=108 prev_prio=120 prev_state=I ==> next_comm=swapper/2 next_pid=0 next_prio=120
           mandb-16380 [001] ....  2001.313659: sys_exit: NR 317 = 0
           mandb-16380 [001] ....  2001.313677: sys_enter: NR 32 (0, 0, 55bc6cc71b50, 1, 55bc6c9522a0, 55bc6c952280)
           mandb-16380 [001] ....  2001.313680: sys_exit: NR 32 = 6
           mandb-16380 [001] ....  2001.313802: sys_enter: NR 8 (6, 0, 1, 9, 55bc6cc71c80, 6)
           mandb-16380 [001] ....  2001.313805: sys_exit: NR 8 = 0
           mandb-16380 [001] ....  2001.314043: sys_enter: NR 0 (6, 55bc6cc91870, 2000, 9, 0, 0)
           mandb-16380 [001] ....  2001.314058: sys_exit: NR 0 = 1219
           mandb-16380 [001] ....  2001.314061: sys_enter: NR 0 (6, 55bc6cc91d33, 1b3d, 9, 0, 0)
           mandb-16380 [001] ....  2001.314063: sys_exit: NR 0 = 0
           mandb-16380 [001] d...  2001.314292: sched_switch: prev_comm=mandb prev_pid=16380 prev_prio=120 prev_state=R ==> next_comm=rcu_sched next_pid=10 next_prio=120
       rcu_sched-10    [001] d...  2001.314299: sched_switch: prev_comm=rcu_sched prev_pid=10 prev_prio=120 prev_state=I ==> next_comm=mandb next_pid=16380 next_prio=120
           mandb-16380 [001] ....  2001.314376: sys_enter: NR 5 (1, 7ffc9ba92e70, 7ffc9ba92e70, 9, 7f7d6b7ba760, 0)
           mandb-16380 [001] ....  2001.314380: sys_exit: NR 5 = 0
           mandb-16380 [001] ....  2001.314388: sys_enter: NR 3 (6, 55bc6c952010, 55bc6c952010, 9, 0, 772f2f3a73707474)
           mandb-16380 [001] ....  2001.314391: sys_exit: NR 3 = 0
           mandb-16380 [001] ....  2001.314785: sys_enter: NR 1 (1, 55bc6cc99490, 8df, c, 0, 0)
           mandb-16380 [001] ....  2001.314796: sys_exit: NR 1 = 2271
           mandb-16380 [001] ....  2001.314804: sys_enter: NR 231 (0, 3c, 0, c, e7, ffffffffffffff78)
           mandb-16380 [001] d...  2001.315140: sched_switch: prev_comm=mandb prev_pid=16380 prev_prio=120 prev_state=Z ==> next_comm=swapper/1 next_pid=0 next_prio=120
          <idle>-0     [001] d...  2001.315140: sched_switch: prev_comm=swapper/1 prev_pid=0 prev_prio=120 prev_state=R ==> next_comm=kworker/1:3 next_pid=370 next_prio=120
           <...>-370   [001] d...  2001.315140: sched_switch: prev_comm=kworker/1:3 prev_pid=370 prev_prio=120 prev_state=I ==> next_comm=swapper/1 next_pid=0 next_prio=120
          <idle>-0     [002] d...  2001.315140: sched_switch: prev_comm=swapper/2 prev_pid=0 prev_prio=120 prev_state=R ==> next_comm=mandb next_pid=1258 next_prio=120
           <...>-1258  [002] ....  2001.315140: sys_exit: NR 0 = -512
           <...>-1258  [002] ....  2001.315140: sys_enter: NR 61 (ffffffff, 7ffc9ba93ce4, 1, 0, 7ffc9ba94240, 1)
           <...>-1258  [002] ....  2001.315144: sys_exit: NR 61 = 16380
           <...>-1258  [002] ....  2001.315147: sys_enter: NR 61 (ffffffff, 7ffc9ba93ce4, 1, 0, 7ffc9ba94240, 55bc6cc70450)
           <...>-1258  [002] ....  2001.315148: sys_exit: NR 61 = 0
           <...>-1258  [002] ....  2001.315149: sys_enter: NR 15 (ffffffff, 7ffc9ba93ce4, 1, 0, 7ffc9ba94240, 55bc6cc70450)
           <...>-1258  [002] ....  2001.315151: sys_exit: NR -1 = 0
           <...>-1258  [002] ....  2001.315153: sys_enter: NR 0 (6, 55bc6cb3b6b0, 400, 55bc6c953400, 7ffc9ba94240, 1)
           <...>-1258  [002] d...  2001.315165: sched_switch: prev_comm=mandb prev_pid=1258 prev_prio=120 prev_state=S ==> next_comm=swapper/2 next_pid=0 next_prio=120
           mandb-16381 [000] .N..  2001.315165: sys_exit: NR 317 = 0
           mandb-16381 [000] d...  2001.315165: sched_switch: prev_comm=mandb prev_pid=16381 prev_prio=120 prev_state=R ==> next_comm=ksoftirqd/0 next_pid=9 next_prio=120
          <idle>-0     [001] d...  2001.315842: sched_switch: prev_comm=swapper/1 prev_pid=0 prev_prio=120 prev_state=R ==> next_comm=mandb next_pid=16381 next_prio=120
           mandb-16381 [001] ....  2001.315862: sys_enter: NR 32 (0, 0, 55bc6cc71b50, 1, 55bc6c9522a0, 55bc6c952280)
           mandb-16381 [001] ....  2001.315864: sys_exit: NR 32 = 6
           mandb-16381 [001] ....  2001.316521: sys_enter: NR 14 (0, 7ffc9ba93eb0, 7ffc9ba93f30, 8, 55bc6c9522a0, 7f7d6b53ca00)
           mandb-16381 [001] ....  2001.316523: sys_exit: NR 14 = 0
           mandb-16381 [001] ....  2001.316530: sys_enter: NR 14 (2, 7ffc9ba93f30, 0, 8, 55bc6cc71bf0, 55bc6cc734f0)
           mandb-16381 [001] ....  2001.316531: sys_exit: NR 14 = 0
           mandb-16381 [001] ....  2001.316534: sys_enter: NR 22 (7ffc9ba93ea8, 7ffc9ba93f30, 0, 8, 55bc6cc71bf0, 55bc6cc734f0)
           mandb-16381 [001] ....  2001.316551: sys_exit: NR 22 = 0
           mandb-16381 [001] ....  2001.316554: sys_enter: NR 14 (0, 7ffc9ba93eb0, 7ffc9ba93f30, 8, 55bc6cc71bf0, 55bc6cc734f0)
           mandb-16381 [001] ....  2001.316554: sys_exit: NR 14 = 0
           mandb-16381 [001] ....  2001.316558: sys_enter: NR 56 (1200011, 0, 0, 7f7d6c21ca10, 7f7d6c21c740, 55bc6cc734f0)
           <...>-9     [000] d...  2001.317104: sched_switch: prev_comm=ksoftirqd/0 prev_pid=9 prev_prio=120 prev_state=S ==> next_comm=sshd next_pid=765 next_prio=120
            sshd-765   [000] ....  2001.317118: sys_exit: NR 23 = 1
            sshd-765   [000] ....  2001.317125: sys_enter: NR 14 (0, 7ffd316778b0, 7ffd31677830, 8, 0, e00)
            sshd-765   [000] ....  2001.317127: sys_exit: NR 14 = 0
            sshd-765   [000] ....  2001.317128: sys_enter: NR 14 (2, 7ffd31677830, 0, 8, 0, e00)
            sshd-765   [000] ....  2001.317128: sys_exit: NR 14 = 0
            sshd-765   [000] ....  2001.317132: sys_enter: NR 228 (7, 7ffd316778d0, 7ffd316778d0, 8, 7ffd316c00f0, 7ffd316778d0)
            sshd-765   [000] ....  2001.317161: sys_exit: NR 228 = 0
           mandb-16381 [001] d...  2001.317319: sched_switch: prev_comm=mandb prev_pid=16381 prev_prio=120 prev_state=R+ ==> next_comm=rcu_sched next_pid=10 next_prio=120
            sshd-765   [000] ....  2001.317319: sys_enter: NR 0 (3, 7ffd31673940, 4000, 8, 7ffd316c00f0, 7ffd316778d0)
       rcu_sched-10    [001] d...  2001.317319: sched_switch: prev_comm=rcu_sched prev_pid=10 prev_prio=120 prev_state=I ==> next_comm=mandb next_pid=16381 next_prio=120
            sshd-765   [000] ....  2001.319711: sys_exit: NR 0 = 36
            sshd-765   [000] ....  2001.319735: sys_enter: NR 228 (7, 7ffd31677820, 7ffd31677820, 0, 7ffd316c00f0, 7ffd31677820)
            sshd-765   [000] ....  2001.319798: sys_exit: NR 228 = 0
            sshd-765   [000] ....  2001.319805: sys_enter: NR 23 (c, 555efd66bd50, 555efd66b0f0, 0, 0, e00)
            sshd-765   [000] ....  2001.319815: sys_exit: NR 23 = 1
            sshd-765   [000] ....  2001.319817: sys_enter: NR 14 (0, 7ffd316778b0, 7ffd31677830, 8, 0, e00)
            sshd-765   [000] ....  2001.319819: sys_exit: NR 14 = 0
            sshd-765   [000] ....  2001.319820: sys_enter: NR 14 (2, 7ffd31677830, 0, 8, 0, e00)
            sshd-765   [000] ....  2001.319820: sys_exit: NR 14 = 0
            sshd-765   [000] ....  2001.319822: sys_enter: NR 228 (7, 7ffd316778d0, 7ffd316778d0, 8, 7ffd316c00f0, 7ffd316778d0)
            sshd-765   [000] ....  2001.319883: sys_exit: NR 228 = 0
            sshd-765   [000] ....  2001.319889: sys_enter: NR 1 (9, 555efd670f90, 1, 8, 0, 0)
            sshd-765   [000] .N..  2001.319902: sys_exit: NR 1 = 1
            sshd-765   [000] d...  2001.319907: sched_switch: prev_comm=sshd prev_pid=765 prev_prio=120 prev_state=R ==> next_comm=kworker/u8:2 next_pid=7690 next_prio=120
           <...>-7690  [000] d...  2001.319919: sched_switch: prev_comm=kworker/u8:2 prev_pid=7690 prev_prio=120 prev_state=I ==> next_comm=bash next_pid=16209 next_prio=120
           <...>-16209 [000] ....  2001.319926: sys_exit: NR 270 = 1
           <...>-16209 [000] ....  2001.319926: sys_enter: NR 0 (0, 7ffc11ae137f, 1, 0, 0, 7ffc11ae1330)
           <...>-16209 [000] ....  2001.319926: sys_exit: NR 0 = 1
           mandb-16381 [001] ....  2001.319933: sys_exit: NR 56 = 16382
           <...>-16209 [000] ....  2001.319933: sys_enter: NR 4 (55c59224add0, 7ffc11ae1090, 7ffc11ae1090, 55c59224add1, fe03, 2f78756e696c6c61)
           <...>-16209 [000] ....  2001.319933: sys_exit: NR 4 = 0
           <...>-16209 [000] ....  2001.319933: sys_enter: NR 4 (55c59224add0, 7ffc11ae1090, 7ffc11ae1090, 55c59224add1, fe03, 2f78756e696c6c61)
           mandb-16381 [001] ....  2001.319933: sys_enter: NR 3 (6, 0, 0, 7f7d6c21ca10, 7f7d6c21c740, 55bc6cc734f0)
           <...>-16209 [000] ....  2001.319933: sys_exit: NR 4 = 0
           mandb-16381 [001] ....  2001.319933: sys_exit: NR 3 = 0
           <...>-16209 [000] ....  2001.319933: sys_enter: NR 4 (55c59224add0, 7ffc11ae1090, 7ffc11ae1090, 55c59224add1, fe03, 2f78756e696c6c61)
           mandb-16381 [001] ....  2001.319933: sys_enter: NR 3 (8, 0, 0, 7f7d6c21ca10, 7f7d6c21c740, 55bc6cc734f0)
           mandb-16381 [001] ....  2001.319933: sys_exit: NR 3 = 0
           <...>-16209 [000] ....  2001.319933: sys_exit: NR 4 = 0
           <...>-16209 [000] ....  2001.319933: sys_enter: NR 4 (55c59224add0, 7ffc11ae1090, 7ffc11ae1090, 55c59224add1, fe03, 2f78756e696c6c61)
           <...>-16209 [000] ....  2001.319933: sys_exit: NR 4 = 0
           <...>-16209 [000] ....  2001.319933: sys_enter: NR 257 (ffffff9c, 55c59224add0, 90800, 0, 7f85b69bfc40, 2f78756e696c6c61)
           mandb-16381 [001] ....  2001.319933: sys_enter: NR 14 (2, 7ffc9ba93f30, 0, 8, 7f7d6c21c740, 55bc6cc734f0)
           mandb-16381 [001] ....  2001.319933: sys_exit: NR 14 = 0
           <...>-16209 [000] ....  2001.319933: sys_exit: NR 257 = 3
           <...>-16209 [000] ....  2001.319933: sys_enter: NR 5 (3, 7ffc11ae1120, 7ffc11ae1120, 0, 7f85b69bfc40, 2f78756e696c6c61)
           <...>-16209 [000] ....  2001.319933: sys_exit: NR 5 = 0
           <...>-16209 [000] ....  2001.319933: sys_enter: NR 78 (3, 55c59227e460, 8000, 55c59223b010, 7f85b69c03e0, 0)
           <...>-16209 [000] ....  2001.319933: sys_exit: NR 78 = 216
           <...>-16209 [000] ....  2001.319933: sys_enter: NR 4 (55c5922771b0, 7ffc11ae1140, 7ffc11ae1140, 55c5922771b1, 0, 2f78756e696c6c61)
           <...>-16209 [000] ....  2001.319933: sys_exit: NR 4 = 0
           <...>-16209 [000] ....  2001.319933: sys_enter: NR 4 (55c5922771b0, 7ffc11ae1140, 7ffc11ae1140, 55c5922771b1, 0, 2f78756e696c6c61)
           <...>-16209 [000] ....  2001.319933: sys_exit: NR 4 = 0
           <...>-16209 [000] ....  2001.319933: sys_enter: NR 4 (55c5922771b0, 7ffc11ae1140, 7ffc11ae1140, 55c5922771b1, 0, 2f78756e696c6c61)
           <...>-16209 [000] ....  2001.319933: sys_exit: NR 4 = 0
           <...>-16209 [000] ....  2001.319933: sys_enter: NR 4 (55c5922771b0, 7ffc11ae1140, 7ffc11ae1140, 55c5922771b1, 0, 2f78756e696c6c61)
           <...>-16209 [000] ....  2001.319933: sys_exit: NR 4 = 0
           <...>-16209 [000] ....  2001.319933: sys_enter: NR 4 (55c5922771b0, 7ffc11ae1140, 7ffc11ae1140, 55c5922771b1, 0, 2f78756e696c6c61)
           <...>-16209 [000] ....  2001.319933: sys_exit: NR 4 = 0
           <...>-16209 [000] ....  2001.319933: sys_enter: NR 4 (55c592277190, 7ffc11ae11d0, 7ffc11ae11d0, 55c5922771b1, 0, 2f78756e696c6c61)
           <...>-16209 [000] ....  2001.319933: sys_exit: NR 4 = 0
           <...>-16209 [000] ....  2001.319933: sys_enter: NR 4 (55c592277190, 7ffc11ae10f0, 7ffc11ae10f0, 55c5922771b1, 0, 2f78756e696c6c61)
           <...>-16209 [000] ....  2001.319933: sys_exit: NR 4 = 0
           <...>-16209 [000] ....  2001.319933: sys_enter: NR 107 (55c592277190, 7ffc11ae10f0, 7ffc11ae10f0, 55c5922771b1, 0, 2f78756e696c6c61)
           <...>-16209 [000] ....  2001.319933: sys_exit: NR 107 = 0
           <...>-16209 [000] ....  2001.319933: sys_enter: NR 108 (55c592277190, 7ffc11ae10f0, 7ffc11ae10f0, 55c5922771b1, 0, 2f78756e696c6c61)
           <...>-16209 [000] ....  2001.319933: sys_exit: NR 108 = 0
           <...>-16209 [000] ....  2001.319933: sys_enter: NR 102 (55c592277190, 7ffc11ae10f0, 7ffc11ae10f0, 55c5922771b1, 0, 2f78756e696c6c61)
           <...>-16209 [000] ....  2001.319933: sys_exit: NR 102 = 0
           <...>-16209 [000] ....  2001.319933: sys_enter: NR 104 (55c592277190, 7ffc11ae10f0, 7ffc11ae10f0, 55c5922771b1, 0, 2f78756e696c6c61)
           <...>-16209 [000] ....  2001.319933: sys_exit: NR 104 = 0
           <...>-16209 [000] ....  2001.319933: sys_enter: NR 21 (55c592277190, 1, 7ffc11ae10f0, 55c5922771b1, 0, 2f78756e696c6c61)
           <...>-16209 [000] ....  2001.319933: sys_exit: NR 21 = -13
           <...>-16209 [000] ....  2001.319933: sys_enter: NR 4 (55c592277190, 7ffc11ae10f0, 7ffc11ae10f0, 55c5922771b1, 0, 2f78756e696c6c61)
           <...>-16209 [000] ....  2001.319933: sys_exit: NR 4 = 0
           <...>-16209 [000] ....  2001.319933: sys_enter: NR 107 (55c592277190, 7ffc11ae10f0, 7ffc11ae10f0, 55c5922771b1, 0, 2f78756e696c6c61)
           <...>-16209 [000] ....  2001.319933: sys_exit: NR 107 = 0
           <...>-16209 [000] ....  2001.319933: sys_enter: NR 108 (55c592277190, 7ffc11ae10f0, 7ffc11ae10f0, 55c5922771b1, 0, 2f78756e696c6c61)
           <...>-16209 [000] ....  2001.319933: sys_exit: NR 108 = 0
           <...>-16209 [000] ....  2001.319933: sys_enter: NR 102 (55c592277190, 7ffc11ae10f0, 7ffc11ae10f0, 55c5922771b1, 0, 2f78756e696c6c61)
           <...>-16209 [000] ....  2001.319933: sys_exit: NR 102 = 0
           <...>-16209 [000] ....  2001.319933: sys_enter: NR 104 (55c592277190, 7ffc11ae10f0, 7ffc11ae10f0, 55c5922771b1, 0, 2f78756e696c6c61)
           <...>-16209 [000] ....  2001.319933: sys_exit: NR 104 = 0
           <...>-16209 [000] ....  2001.319933: sys_enter: NR 21 (55c592277190, 4, 7ffc11ae10f0, 55c5922771b1, 0, 2f78756e696c6c61)
           <...>-16209 [000] ....  2001.319933: sys_exit: NR 21 = 0
           <...>-16209 [000] ....  2001.319933: sys_enter: NR 4 (55c5922771b0, 7ffc11ae1140, 7ffc11ae1140, 55c5922771b1, a000, 2f78756e696c6c61)
           <...>-16209 [000] ....  2001.319933: sys_exit: NR 4 = 0
           <...>-16209 [000] ....  2001.319933: sys_enter: NR 4 (55c5922771b0, 7ffc11ae1140, 7ffc11ae1140, 55c5922771b1, a000, 2f78756e696c6c61)
           <...>-16209 [000] ....  2001.319933: sys_exit: NR 4 = 0
           <...>-16209 [000] ....  2001.319933: sys_enter: NR 4 (55c5922771b0, 7ffc11ae1140, 7ffc11ae1140, 55c5922771b1, a000, 2f78756e696c6c61)
           <...>-16209 [000] ....  2001.319933: sys_exit: NR 4 = 0
           <...>-16209 [000] ....  2001.319933: sys_enter: NR 4 (55c5922771b0, 7ffc11ae1140, 7ffc11ae1140, 55c5922771b1, a000, 2f78756e696c6c61)
           <...>-16209 [000] ....  2001.319933: sys_exit: NR 4 = 0
           <...>-16209 [000] ....  2001.319933: sys_enter: NR 4 (55c5922771b0, 7ffc11ae1140, 7ffc11ae1140, 55c5922771b1, a000, 2f78756e696c6c61)
           <...>-16209 [000] ....  2001.319933: sys_exit: NR 4 = 0
           <...>-16209 [000] ....  2001.319933: sys_enter: NR 4 (55c592277170, 7ffc11ae11d0, 7ffc11ae11d0, 55c5922771b1, a000, 2f78756e696c6c61)
           <...>-16209 [000] ....  2001.319933: sys_exit: NR 4 = 0
           <...>-16209 [000] ....  2001.319933: sys_enter: NR 4 (55c592277170, 7ffc11ae10f0, 7ffc11ae10f0, 55c5922771b1, a000, 2f78756e696c6c61)
           <...>-16209 [000] ....  2001.319933: sys_exit: NR 4 = 0
           <...>-16209 [000] ....  2001.319933: sys_enter: NR 107 (55c592277170, 7ffc11ae10f0, 7ffc11ae10f0, 55c5922771b1, a000, 2f78756e696c6c61)
           <...>-16209 [000] ....  2001.319933: sys_exit: NR 107 = 0
           <...>-16209 [000] ....  2001.319933: sys_enter: NR 108 (55c592277170, 7ffc11ae10f0, 7ffc11ae10f0, 55c5922771b1, a000, 2f78756e696c6c61)
           <...>-16209 [000] ....  2001.319933: sys_exit: NR 108 = 0
           <...>-16209 [000] ....  2001.319933: sys_enter: NR 102 (55c592277170, 7ffc11ae10f0, 7ffc11ae10f0, 55c5922771b1, a000, 2f78756e696c6c61)
           <...>-16209 [000] ....  2001.319933: sys_exit: NR 102 = 0
           <...>-16209 [000] ....  2001.319933: sys_enter: NR 104 (55c592277170, 7ffc11ae10f0, 7ffc11ae10f0, 55c5922771b1, a000, 2f78756e696c6c61)
           <...>-16209 [000] ....  2001.319933: sys_exit: NR 104 = 0
           <...>-16209 [000] ....  2001.319933: sys_enter: NR 21 (55c592277170, 1, 7ffc11ae10f0, 55c5922771b1, a000, 2f78756e696c6c61)
           <...>-16209 [000] ....  2001.319933: sys_exit: NR 21 = 0
           <...>-16209 [000] ....  2001.319933: sys_enter: NR 4 (55c592277170, 7ffc11ae10f0, 7ffc11ae10f0, 55c5922771b1, a000, 2f78756e696c6c61)
           <...>-16209 [000] ....  2001.319933: sys_exit: NR 4 = 0
           <...>-16209 [000] ....  2001.319933: sys_enter: NR 107 (55c592277170, 7ffc11ae10f0, 7ffc11ae10f0, 55c5922771b1, a000, 2f78756e696c6c61)
           <...>-16209 [000] ....  2001.319933: sys_exit: NR 107 = 0
           <...>-16209 [000] ....  2001.319933: sys_enter: NR 108 (55c592277170, 7ffc11ae10f0, 7ffc11ae10f0, 55c5922771b1, a000, 2f78756e696c6c61)
           <...>-16209 [000] ....  2001.319933: sys_exit: NR 108 = 0
           <...>-16209 [000] ....  2001.319933: sys_enter: NR 102 (55c592277170, 7ffc11ae10f0, 7ffc11ae10f0, 55c5922771b1, a000, 2f78756e696c6c61)
           <...>-16209 [000] ....  2001.319933: sys_exit: NR 102 = 0
           <...>-16209 [000] ....  2001.319933: sys_enter: NR 104 (55c592277170, 7ffc11ae10f0, 7ffc11ae10f0, 55c5922771b1, a000, 2f78756e696c6c61)
           <...>-16209 [000] ....  2001.319933: sys_exit: NR 104 = 0
           <...>-16209 [000] ....  2001.319933: sys_enter: NR 21 (55c592277170, 4, 7ffc11ae10f0, 55c5922771b1, a000, 2f78756e696c6c61)
           <...>-16209 [000] ....  2001.319933: sys_exit: NR 21 = 0
           <...>-16209 [000] ....  2001.319933: sys_enter: NR 78 (3, 55c59227e460, 8000, 55c5922771b1, 0, 0)
           <...>-16209 [000] ....  2001.319933: sys_exit: NR 78 = 0
           <...>-16209 [000] ....  2001.319933: sys_enter: NR 3 (3, 0, 0, 55c5922771b1, 0, 0)
           <...>-16209 [000] ....  2001.319933: sys_exit: NR 3 = 0
           <...>-16209 [000] ....  2001.319933: sys_enter: NR 4 (55c5922771b0, 7ffc11ae1210, 7ffc11ae1210, 55c5922771b1, a000, 2f78756e696c6c61)
           <...>-16209 [000] ....  2001.319933: sys_exit: NR 4 = 0
           <...>-16209 [000] ....  2001.319933: sys_enter: NR 4 (55c5922771b0, 7ffc11ae1210, 7ffc11ae1210, 55c5922771b1, a000, 2f78756e696c6c61)
           <...>-16209 [000] ....  2001.319933: sys_exit: NR 4 = 0
           <...>-16209 [000] ....  2001.319933: sys_enter: NR 4 (55c5922771b0, 7ffc11ae1210, 7ffc11ae1210, 55c5922771b1, a000, 2f78756e696c6c61)
           <...>-16209 [000] ....  2001.319933: sys_exit: NR 4 = 0
           <...>-16209 [000] ....  2001.319933: sys_enter: NR 4 (55c5922771b0, 7ffc11ae1210, 7ffc11ae1210, 55c5922771b1, a000, 2f78756e696c6c61)
           <...>-16209 [000] ....  2001.319933: sys_exit: NR 4 = 0
           <...>-16209 [000] ....  2001.319933: sys_enter: NR 4 (55c5922771b0, 7ffc11ae1210, 7ffc11ae1210, 55c5922771b1, a000, 2f78756e696c6c61)
           <...>-16209 [000] ....  2001.319933: sys_exit: NR 4 = 0
           <...>-16209 [000] ....  2001.319933: sys_enter: NR 6 (55c592277170, 7ffc11ae1370, 7ffc11ae1370, 55c5922771b1, a000, 2f78756e696c6c61)
           <...>-16209 [000] ....  2001.319933: sys_exit: NR 6 = 0
           <...>-16209 [000] ....  2001.319933: sys_enter: NR 1 (2, 55c592275f20, c, 0, 7f85b69c18b0, 7f85b7009740)
           <...>-16209 [000] .N..  2001.319933: sys_exit: NR 1 = 12
           <...>-16209 [000] d...  2001.319933: sched_switch: prev_comm=bash prev_pid=16209 prev_prio=120 prev_state=R ==> next_comm=kworker/u8:2 next_pid=7690 next_prio=120
           <...>-7690  [000] d...  2001.319933: sched_switch: prev_comm=kworker/u8:2 prev_pid=7690 prev_prio=120 prev_state=I ==> next_comm=bash next_pid=16209 next_prio=120
           <...>-16209 [000] ....  2001.319933: sys_enter: NR 270 (1, 7ffc11ae1400, 0, 0, 0, 7ffc11ae1330)
           <...>-16209 [000] d...  2001.319933: sched_switch: prev_comm=bash prev_pid=16209 prev_prio=120 prev_state=S ==> next_comm=sshd next_pid=765 next_prio=120
            sshd-765   [000] ....  2001.319933: sys_enter: NR 16 (9, 5401, 7ffd31677810, 8, 7ffd31677870, 0)
            sshd-765   [000] ....  2001.319933: sys_exit: NR 16 = 0
            sshd-765   [000] ....  2001.319933: sys_enter: NR 228 (7, 7ffd31677820, 7ffd31677820, 0, 7ffd316c00f0, 7ffd31677820)
          <idle>-0     [003] d...  2001.319933: sched_switch: prev_comm=swapper/3 prev_pid=0 prev_prio=120 prev_state=R ==> next_comm=mandb next_pid=16382 next_prio=120
           mandb-16382 [003] ....  2001.319933: sys_exit: NR 56 = 0
            sshd-765   [000] ....  2001.319933: sys_exit: NR 228 = 0
            sshd-765   [000] ....  2001.319933: sys_enter: NR 23 (c, 555efd66bd50, 555efd66b0f0, 0, 0, e00)
           mandb-16382 [003] ....  2001.319933: sys_enter: NR 13 (1, 0, 7ffc9ba93d00, 8, 7ffc9ba93db0, 55bc6cc734f0)
            sshd-765   [000] ....  2001.319933: sys_exit: NR 23 = 1
           mandb-16382 [003] ....  2001.319933: sys_exit: NR 13 = 0
            sshd-765   [000] ....  2001.319933: sys_enter: NR 14 (0, 7ffd316778b0, 7ffd31677830, 8, 0, e00)
            sshd-765   [000] ....  2001.319933: sys_exit: NR 14 = 0
           mandb-16382 [003] ....  2001.319933: sys_enter: NR 13 (2, 0, 7ffc9ba93d00, 8, 7ffc9ba93db0, 55bc6cc734f0)
           mandb-16382 [003] ....  2001.319933: sys_exit: NR 13 = 0
            sshd-765   [000] ....  2001.319933: sys_enter: NR 14 (2, 7ffd31677830, 0, 8, 0, e00)
            sshd-765   [000] ....  2001.319933: sys_exit: NR 14 = 0
           mandb-16382 [003] ....  2001.319933: sys_enter: NR 13 (2, 7ffc9ba93c60, 0, 8, 0, 55bc6cc734f0)
            sshd-765   [000] ....  2001.319933: sys_enter: NR 228 (7, 7ffd316778d0, 7ffd316778d0, 8, 7ffd316c00f0, 7ffd316778d0)
           mandb-16382 [003] ....  2001.319933: sys_exit: NR 13 = 0
           mandb-16382 [003] ....  2001.319933: sys_enter: NR 13 (f, 0, 7ffc9ba93d00, 8, 7ffc9ba93db0, 55bc6cc734f0)
           mandb-16382 [003] ....  2001.319933: sys_exit: NR 13 = 0
           mandb-16382 [003] ....  2001.319933: sys_enter: NR 13 (f, 7ffc9ba93c60, 0, 8, 0, 55bc6cc734f0)
           mandb-16382 [003] ....  2001.319933: sys_exit: NR 13 = 0
           mandb-16382 [003] ....  2001.319933: sys_enter: NR 33 (6, 0, 0, 8, 0, 55bc6cc734f0)
           mandb-16382 [003] ....  2001.319933: sys_exit: NR 33 = 0
           mandb-16382 [003] ....  2001.319933: sys_enter: NR 3 (6, 0, 0, 8, 0, 55bc6cc734f0)
           mandb-16382 [003] ....  2001.319933: sys_exit: NR 3 = 0
           mandb-16382 [003] ....  2001.319933: sys_enter: NR 33 (8, 1, 0, 8, 0, 55bc6cc734f0)
           mandb-16382 [003] ....  2001.319933: sys_exit: NR 33 = 1
           mandb-16382 [003] ....  2001.319933: sys_enter: NR 3 (8, 1, 0, 8, 0, 55bc6cc734f0)
           mandb-16382 [003] ....  2001.319933: sys_exit: NR 3 = 0
           mandb-16382 [003] ....  2001.319933: sys_enter: NR 3 (7, 1, 0, 8, 0, 55bc6cc734f0)
           mandb-16382 [003] ....  2001.319933: sys_exit: NR 3 = 0
           mandb-16382 [003] ....  2001.319933: sys_enter: NR 3 (6, 1, 2, 8, 0, 55bc6cc734f0)
           mandb-16382 [003] ....  2001.319933: sys_exit: NR 3 = -9
           mandb-16381 [001] ....  2001.319933: sys_enter: NR 0 (7, 55bc6cc91870, 1000, 55bc6c952010, 0, 0)
           mandb-16381 [001] d...  2001.319933: sched_switch: prev_comm=mandb prev_pid=16381 prev_prio=120 prev_state=S ==> next_comm=swapper/1 next_pid=0 next_prio=120
            sshd-765   [000] ....  2001.319933: sys_exit: NR 228 = 0
            sshd-765   [000] ....  2001.319933: sys_enter: NR 0 (b, 7ffd31673810, 4000, 8, 7ffd316c00f0, 7ffd316778d0)
            sshd-765   [000] ....  2001.319933: sys_exit: NR 0 = 12
            sshd-765   [000] ....  2001.319933: sys_enter: NR 39 (555efd66eeba, a, 1a, 0, 1, 100)
            sshd-765   [000] ....  2001.319933: sys_exit: NR 39 = 765
           mandb-16382 [003] ....  2001.319933: sys_enter: NR 157 (15, 0, 0, 0, 0, 3)
            sshd-765   [000] ....  2001.319933: sys_enter: NR 228 (7, 7ffd31677820, 7ffd31677820, 0, 7ffd316c00f0, 7ffd31677820)
           mandb-16382 [003] ....  2001.319933: sys_exit: NR 157 = 2
           mandb-16382 [003] ....  2001.319933: sys_enter: NR 32 (0, 0, 0, 0, 0, 3)
           mandb-16382 [003] ....  2001.319933: sys_exit: NR 32 = 6
           mandb-16382 [003] ....  2001.320534: sys_enter: NR 8 (6, 0, 1, 9, 55bc6cc71b60, 6)
           mandb-16382 [003] ....  2001.320534: sys_exit: NR 8 = -29
           mandb-16382 [003] ....  2001.320534: sys_enter: NR 0 (6, 55bc6cc91870, 2000, 9, 0, 0)
           mandb-16382 [003] ....  2001.320534: sys_exit: NR 0 = 2271
           mandb-16382 [003] ....  2001.320534: sys_enter: NR 0 (6, 55bc6cc9214f, 1721, 9, 0, 0)
           mandb-16382 [003] ....  2001.320534: sys_exit: NR 0 = 0
           mandb-16382 [003] ....  2001.320534: sys_enter: NR 5 (1, 7ffc9ba92bc0, 7ffc9ba92bc0, 656e72656b2e7777, 7f7d6b7ba760, 0)
           mandb-16382 [003] ....  2001.320534: sys_exit: NR 5 = 0
           mandb-16382 [003] ....  2001.320534: sys_enter: NR 3 (6, 55bc6c952010, 55bc6c952010, 9, 0, 772f2f3a73707474)
           mandb-16382 [003] ....  2001.320534: sys_exit: NR 3 = 0
          <idle>-0     [001] d...  2001.322341: sched_switch: prev_comm=swapper/1 prev_pid=0 prev_prio=120 prev_state=R ==> next_comm=rcu_sched next_pid=10 next_prio=120
       rcu_sched-10    [001] d...  2001.322348: sched_switch: prev_comm=rcu_sched prev_pid=10 prev_prio=120 prev_state=I ==> next_comm=swapper/1 next_pid=0 next_prio=120
           mandb-16382 [003] ....  2001.322348: sys_enter: NR 1 (1, 55bc6cc99490, 8df, c, 0, 0)
            sshd-765   [000] ....  2001.322348: sys_exit: NR 228 = 0
            sshd-765   [000] ....  2001.322348: sys_enter: NR 23 (c, 555efd66bd50, 555efd66b0f0, 0, 0, e00)
            sshd-765   [000] ....  2001.322348: sys_exit: NR 23 = 1
            sshd-765   [000] ....  2001.322348: sys_enter: NR 14 (0, 7ffd316778b0, 7ffd31677830, 8, 0, e00)
            sshd-765   [000] ....  2001.322348: sys_exit: NR 14 = 0
            sshd-765   [000] ....  2001.322348: sys_enter: NR 14 (2, 7ffd31677830, 0, 8, 0, e00)
            sshd-765   [000] ....  2001.322348: sys_exit: NR 14 = 0
            sshd-765   [000] ....  2001.322348: sys_enter: NR 228 (7, 7ffd316778d0, 7ffd316778d0, 8, 7ffd316c00f0, 7ffd316778d0)
            sshd-765   [000] ....  2001.322348: sys_exit: NR 228 = 0
            sshd-765   [000] ....  2001.322348: sys_enter: NR 1 (3, 555efd68d380, 34, 8, 7ffd316c00f0, 7ffd316778d0)
           mandb-16382 [003] ....  2001.322402: sys_exit: NR 1 = 2271
           mandb-16382 [003] ....  2001.322402: sys_enter: NR 231 (0, 3c, 0, c, e7, ffffffffffffff78)
           mandb-16382 [003] d...  2001.322402: sched_switch: prev_comm=mandb prev_pid=16382 prev_prio=120 prev_state=Z ==> next_comm=swapper/3 next_pid=0 next_prio=120
          <idle>-0     [003] d...  2001.322402: sched_switch: prev_comm=swapper/3 prev_pid=0 prev_prio=120 prev_state=R ==> next_comm=kworker/3:3 next_pid=116 next_prio=120
           <...>-116   [003] d...  2001.322402: sched_switch: prev_comm=kworker/3:3 prev_pid=116 prev_prio=120 prev_state=I ==> next_comm=swapper/3 next_pid=0 next_prio=120
          <idle>-0     [002] d...  2001.322799: sched_switch: prev_comm=swapper/2 prev_pid=0 prev_prio=120 prev_state=R ==> next_comm=kworker/2:2 next_pid=108 next_prio=120
          <idle>-0     [001] d...  2001.323627: sched_switch: prev_comm=swapper/1 prev_pid=0 prev_prio=120 prev_state=R ==> next_comm=mandb next_pid=16381 next_prio=120
           mandb-16381 [001] ....  2001.323627: sys_exit: NR 0 = 2271
           mandb-16381 [001] ....  2001.323627: sys_enter: NR 257 (ffffff9c, 7f7d6b5855b0, 0, 0, 0, 0)
           mandb-16381 [001] ....  2001.323627: sys_exit: NR 257 = 6
           mandb-16381 [001] ....  2001.323627: sys_enter: NR 5 (6, 7ffc9ba93c30, 7ffc9ba93c30, 0, 0, 0)
           mandb-16381 [001] ....  2001.323627: sys_exit: NR 5 = 0
           mandb-16381 [001] ....  2001.323627: sys_enter: NR 9 (0, 6708, 1, 1, 6, 0)
           mandb-16381 [001] ....  2001.323627: sys_exit: NR 9 = 140176661839872
           mandb-16381 [001] ....  2001.323627: sys_enter: NR 3 (6, 6708, 1, 1, 6, 0)
           mandb-16381 [001] ....  2001.323627: sys_exit: NR 3 = 0
     kworker/2:2-108   [002] d...  2001.323627: sched_switch: prev_comm=kworker/2:2 prev_pid=108 prev_prio=120 prev_state=I ==> next_comm=swapper/2 next_pid=0 next_prio=120
           mandb-16381 [001] ....  2001.323627: sys_enter: NR 0 (7, 55bc6cc7337f, f721, 100010000ffff, 7f7d6b7b9c40, ffffffff00000000)
           mandb-16381 [001] ....  2001.323627: sys_exit: NR 0 = 0
           mandb-16381 [001] ....  2001.323627: sys_enter: NR 0 (7, 55bc6cc7337f, f721, 100010000ffff, 7f7d6b7b9c40, ffffffff00000000)
           mandb-16381 [001] ....  2001.323627: sys_exit: NR 0 = 0
           mandb-16381 [001] ....  2001.323627: sys_enter: NR 12 (55bc6ccd1000, 7f7d6b7b9c40, 2e8b0, fffffffffffff000, 7f7d6b7ba2c0, 0)
           mandb-16381 [001] ....  2001.323627: sys_exit: NR 12 = 94267767590912
           mandb-16381 [001] ....  2001.323627: sys_enter: NR 5 (1, 7ffc9ba93d60, 7ffc9ba93d60, 4, 7f7d6b7ba760, 0)
           mandb-16381 [001] ....  2001.323627: sys_exit: NR 5 = 0
           mandb-16381 [001] ....  2001.323627: sys_enter: NR 0 (7, 55bc6cc72aa0, 10000, 55bc6c952010, 55bc6cc92100, 0)
           mandb-16381 [001] ....  2001.323627: sys_exit: NR 0 = 0
           mandb-16381 [001] ....  2001.323627: sys_enter: NR 0 (7, 55bc6cc72aa0, 10000, 55bc6c952010, 55bc6cc92100, 0)
           mandb-16381 [001] ....  2001.323627: sys_exit: NR 0 = 0
           mandb-16381 [001] ....  2001.323627: sys_enter: NR 3 (7, 0, 0, 55bc6c952010, 55bc6cc92100, 0)
           mandb-16381 [001] ....  2001.323627: sys_exit: NR 3 = 0
           mandb-16381 [001] ....  2001.323627: sys_enter: NR 61 (ffffffff, 7ffc9ba93f74, 0, 0, 55bc6cc92100, 0)
           mandb-16381 [001] ....  2001.323627: sys_exit: NR 61 = 16382
            sshd-765   [000] ....  2001.324390: sys_exit: NR 1 = 52
            sshd-765   [000] ....  2001.324402: sys_enter: NR 228 (7, 7ffd31677820, 7ffd31677820, 0, 7ffd316c00f0, 7ffd31677820)
            sshd-765   [000] ....  2001.324473: sys_exit: NR 228 = 0
            sshd-765   [000] ....  2001.324480: sys_enter: NR 23 (c, 555efd66bd50, 555efd66b0f0, 0, 0, e00)
            sshd-765   [000] d...  2001.324498: sched_switch: prev_comm=sshd prev_pid=765 prev_prio=120 prev_state=S ==> next_comm=swapper/0 next_pid=0 next_prio=120
           mandb-16381 [001] ....  2001.324498: sys_enter: NR 1 (1, 55bc6cc91870, 8df, c, 0, 0)
           mandb-16381 [001] ....  2001.324498: sys_exit: NR 1 = 2271
           mandb-16381 [001] ....  2001.324498: sys_enter: NR 231 (0, 3c, 0, c, e7, ffffffffffffff78)
           mandb-16381 [001] d...  2001.324498: sched_switch: prev_comm=mandb prev_pid=16381 prev_prio=120 prev_state=Z ==> next_comm=swapper/1 next_pid=0 next_prio=120
          <idle>-0     [002] d...  2001.325562: sched_switch: prev_comm=swapper/2 prev_pid=0 prev_prio=120 prev_state=R ==> next_comm=mandb next_pid=1258 next_prio=120
           <...>-1258  [002] ....  2001.325570: sys_exit: NR 0 = 1024
           <...>-1258  [002] ....  2001.325580: sys_enter: NR 61 (ffffffff, 7ffc9ba93ce4, 1, 0, 7ffc9ba94240, 1)
           <...>-1258  [002] ....  2001.325591: sys_exit: NR 61 = 16381
           <...>-1258  [002] ....  2001.325594: sys_enter: NR 61 (ffffffff, 7ffc9ba93ce4, 1, 0, 8, 55bc6cc70454)
           <...>-1258  [002] ....  2001.325594: sys_exit: NR 61 = -10
           <...>-1258  [002] ....  2001.325596: sys_enter: NR 15 (ffffffff, 7ffc9ba93ce4, ffffffffffffff78, 0, 8, 55bc6cc70454)
           <...>-1258  [002] ....  2001.325598: sys_exit: NR -1 = 1024
           <...>-1258  [002] ....  2001.325649: sys_enter: NR 0 (6, 55bc6cb3b6b0, 400, 55bc6c953400, 7ffc9ba94240, 20)
           <...>-1258  [002] ....  2001.325654: sys_exit: NR 0 = 1024
           <...>-1258  [002] ....  2001.325680: sys_enter: NR 0 (6, 55bc6cb3b6b0, 400, 55bc6c953400, 7ffc9ba94240, 20)
           <...>-1258  [002] ....  2001.325682: sys_exit: NR 0 = 223
           <...>-1258  [002] ....  2001.325688: sys_enter: NR 0 (6, 55bc6cb3b6b0, 400, 55bc6c953400, 7ffc9ba94240, a)
           <...>-1258  [002] ....  2001.325689: sys_exit: NR 0 = 0
           <...>-1258  [002] ....  2001.325693: sys_enter: NR 3 (6, 0, 0, 1, 7ffc9ba94240, 0)
           <...>-1258  [002] ....  2001.325694: sys_exit: NR 3 = 0
          <idle>-0     [003] d...  2001.326046: sched_switch: prev_comm=swapper/3 prev_pid=0 prev_prio=120 prev_state=R ==> next_comm=jbd2/sda2-8 next_pid=281 next_prio=120
          <idle>-0     [001] d...  2001.326137: sched_switch: prev_comm=swapper/1 prev_pid=0 prev_prio=120 prev_state=R ==> next_comm=rcu_sched next_pid=10 next_prio=120
       rcu_sched-10    [001] d...  2001.326149: sched_switch: prev_comm=rcu_sched prev_pid=10 prev_prio=120 prev_state=I ==> next_comm=swapper/1 next_pid=0 next_prio=120
           <...>-1258  [002] ....  2001.326738: sys_enter: NR 6 (55bc6cc1acf0, 7ffc9ba94460, 7ffc9ba94460, 55bc6cc6e640, fe3f, 7f7d6b53c090)
           <...>-1258  [002] ....  2001.326758: sys_exit: NR 6 = 0
           <...>-1258  [002] ....  2001.326778: sys_enter: NR 4 (55bc6cc6f100, 7ffc9ba942b0, 7ffc9ba942b0, 6d2f6e616d2f6572, f1f, 6168732f7273752f)
           <...>-1258  [002] ....  2001.326781: sys_exit: NR 4 = 0
           <...>-1258  [002] ....  2001.326783: sys_enter: NR 4 (55bc6cc71a20, 7ffc9ba941d0, 7ffc9ba941d0, 6d2f6e616d2f6572, fe7b, 6168732f7273752f)
           <...>-1258  [002] ....  2001.326785: sys_exit: NR 4 = 0
           <...>-1258  [002] ....  2001.326795: sys_enter: NR 14 (0, 7ffc9ba94130, 7ffc9ba941b0, 8, 0, 6168732f7273752f)
           <...>-1258  [002] ....  2001.326798: sys_exit: NR 14 = 0
           <...>-1258  [002] ....  2001.326801: sys_enter: NR 14 (2, 7ffc9ba941b0, 0, 8, 55bc6cc70450, 55bc6cc70ca0)
           <...>-1258  [002] ....  2001.326801: sys_exit: NR 14 = 0
           <...>-1258  [002] ....  2001.326803: sys_enter: NR 257 (ffffff9c, 55bc6cc71b90, 0, 0, 55bc6cc70450, 55bc6cc70ca0)
           <...>-1258  [002] ....  2001.326815: sys_exit: NR 257 = 6
           <...>-1258  [002] ....  2001.326816: sys_enter: NR 22 (7ffc9ba94128, 55bc6cc71b90, 0, 0, 55bc6cc70450, 55bc6cc70ca0)
           <...>-1258  [002] ....  2001.326831: sys_exit: NR 22 = 0
           <...>-1258  [002] ....  2001.326832: sys_enter: NR 14 (0, 7ffc9ba94130, 7ffc9ba941b0, 8, 55bc6cc70450, 55bc6cc70ca0)
           <...>-1258  [002] ....  2001.326833: sys_exit: NR 14 = 0
           <...>-1258  [002] ....  2001.326835: sys_enter: NR 56 (1200011, 0, 0, 7f7d6c21ca10, 7f7d6c21c740, 55bc6cc70ca0)
     jbd2/sda2-8-281   [003] d...  2001.327187: sched_switch: prev_comm=jbd2/sda2-8 prev_pid=281 prev_prio=120 prev_state=D ==> next_comm=swapper/3 next_pid=0 next_prio=120
           <...>-1258  [002] ....  2001.328297: sys_exit: NR 56 = 16383
           <...>-1258  [002] ....  2001.328297: sys_enter: NR 3 (6, 0, 0, 7f7d6c21ca10, 7f7d6c21c740, 55bc6cc70ca0)
           <...>-1258  [002] ....  2001.328297: sys_exit: NR 3 = 0
           <...>-1258  [002] ....  2001.328297: sys_enter: NR 3 (8, 0, 0, 7f7d6c21ca10, 7f7d6c21c740, 55bc6cc70ca0)
           <...>-1258  [002] ....  2001.328297: sys_exit: NR 3 = 0
           <...>-1258  [002] ....  2001.328297: sys_enter: NR 14 (2, 7ffc9ba941b0, 0, 8, 7f7d6c21c740, 55bc6cc70ca0)
           <...>-1258  [002] ....  2001.328297: sys_exit: NR 14 = 0
          <idle>-0     [003] d...  2001.328356: sched_switch: prev_comm=swapper/3 prev_pid=0 prev_prio=120 prev_state=R ==> next_comm=mandb next_pid=16383 next_prio=120
           <...>-1258  [002] ....  2001.328356: sys_enter: NR 0 (7, 55bc6cc72aa0, 1000, 55bc6c952010, 7f7d6b7b9ce0, 0)
           <...>-1258  [002] d...  2001.328356: sched_switch: prev_comm=mandb prev_pid=1258 prev_prio=120 prev_state=S ==> next_comm=kworker/2:2 next_pid=108 next_prio=120
           mandb-16383 [003] ....  2001.328378: sys_exit: NR 56 = 0
           mandb-16383 [003] ....  2001.328444: sys_enter: NR 13 (1, 0, 7ffc9ba93f80, 8, 7ffc9ba94030, 55bc6cc70ca0)
           mandb-16383 [003] ....  2001.328453: sys_exit: NR 13 = 0
           mandb-16383 [003] ....  2001.328455: sys_enter: NR 13 (2, 0, 7ffc9ba93f80, 8, 7ffc9ba94030, 55bc6cc70ca0)
           mandb-16383 [003] ....  2001.328456: sys_exit: NR 13 = 0
           mandb-16383 [003] ....  2001.328457: sys_enter: NR 13 (2, 7ffc9ba93ee0, 0, 8, 0, 55bc6cc70ca0)
           mandb-16383 [003] ....  2001.328458: sys_exit: NR 13 = 0
           mandb-16383 [003] ....  2001.328459: sys_enter: NR 13 (f, 0, 7ffc9ba93f80, 8, 7ffc9ba94030, 55bc6cc70ca0)
           mandb-16383 [003] ....  2001.328460: sys_exit: NR 13 = 0
           mandb-16383 [003] ....  2001.328461: sys_enter: NR 13 (f, 7ffc9ba93ee0, 0, 8, 0, 55bc6cc70ca0)
           mandb-16383 [003] ....  2001.328462: sys_exit: NR 13 = 0
           mandb-16383 [003] ....  2001.328470: sys_enter: NR 33 (6, 0, 0, 8, 0, 55bc6cc70ca0)
           mandb-16383 [003] ....  2001.328472: sys_exit: NR 33 = 0
           mandb-16383 [003] ....  2001.328474: sys_enter: NR 3 (6, 0, 0, 8, 0, 55bc6cc70ca0)
           mandb-16383 [003] ....  2001.328475: sys_exit: NR 3 = 0
           mandb-16383 [003] ....  2001.328476: sys_enter: NR 33 (8, 1, 0, 8, 0, 55bc6cc70ca0)
           mandb-16383 [003] ....  2001.328477: sys_exit: NR 33 = 1
           mandb-16383 [003] ....  2001.328478: sys_enter: NR 3 (8, 1, 0, 8, 0, 55bc6cc70ca0)
           mandb-16383 [003] ....  2001.328479: sys_exit: NR 3 = 0
           mandb-16383 [003] ....  2001.328480: sys_enter: NR 3 (7, 1, 0, 8, 0, 55bc6cc70ca0)
           mandb-16383 [003] ....  2001.328481: sys_exit: NR 3 = 0
           mandb-16383 [003] ....  2001.328849: sys_enter: NR 157 (15, 0, 0, 0, 0, 3)
           mandb-16383 [003] ....  2001.328852: sys_exit: NR 157 = 0
          <idle>-0     [001] d...  2001.329788: sched_switch: prev_comm=swapper/1 prev_pid=0 prev_prio=120 prev_state=R ==> next_comm=rcu_sched next_pid=10 next_prio=120
       rcu_sched-10    [001] d...  2001.329797: sched_switch: prev_comm=rcu_sched prev_pid=10 prev_prio=120 prev_state=I ==> next_comm=swapper/1 next_pid=0 next_prio=120
           mandb-16383 [003] ....  2001.329797: sys_enter: NR 12 (55bc6cca2000, 7f7d6b7b9c40, 20070, fffffffffffff000, 7f7d6b7b9cc0, 0)
           mandb-16383 [003] ....  2001.329797: sys_exit: NR 12 = 94267767398400
           mandb-16383 [003] ....  2001.329797: sys_enter: NR 157 (26, 1, 0, 0, 0, 1)
           mandb-16383 [003] ....  2001.329797: sys_exit: NR 157 = 0
           mandb-16383 [003] ....  2001.329797: sys_enter: NR 317 (0, 1, 0, ffff, 1, 55bc6c9522a0)
           mandb-16383 [003] ....  2001.329797: sys_exit: NR 317 = -22
           mandb-16383 [003] ....  2001.329797: sys_enter: NR 317 (1, 0, 55bc6cc70cb0, 1, 55bc6c9522a0, 55bc6c952280)
          <idle>-0     [001] d...  2001.947324: sched_switch: prev_comm=swapper/1 prev_pid=0 prev_prio=120 prev_state=R ==> next_comm=kworker/1:3 next_pid=370 next_prio=120
           <...>-370   [001] d...  2001.947338: sched_switch: prev_comm=kworker/1:3 prev_pid=370 prev_prio=120 prev_state=I ==> next_comm=rcu_sched next_pid=10 next_prio=120
       rcu_sched-10    [001] d...  2001.947344: sched_switch: prev_comm=rcu_sched prev_pid=10 prev_prio=120 prev_state=I ==> next_comm=swapper/1 next_pid=0 next_prio=120
          <idle>-0     [000] d...  2001.948777: sched_switch: prev_comm=swapper/0 prev_pid=0 prev_prio=120 prev_state=R ==> next_comm=ksoftirqd/0 next_pid=9 next_prio=120
           <...>-9     [000] d...  2001.948797: sched_switch: prev_comm=ksoftirqd/0 prev_pid=9 prev_prio=120 prev_state=R+ ==> next_comm=kworker/0:1H next_pid=105 next_prio=100
    kworker/0:1H-105   [000] d...  2001.948804: sched_switch: prev_comm=kworker/0:1H prev_pid=105 prev_prio=100 prev_state=I ==> next_comm=kworker/0:3 next_pid=1859 next_prio=120
           <...>-1859  [000] d...  2001.948810: sched_switch: prev_comm=kworker/0:3 prev_pid=1859 prev_prio=120 prev_state=I ==> next_comm=ksoftirqd/0 next_pid=9 next_prio=120
           <...>-9     [000] d...  2001.948812: sched_switch: prev_comm=ksoftirqd/0 prev_pid=9 prev_prio=120 prev_state=S ==> next_comm=sshd next_pid=765 next_prio=120
            sshd-765   [000] ....  2001.948826: sys_exit: NR 23 = 1
            sshd-765   [000] ....  2001.948834: sys_enter: NR 14 (0, 7ffd316778b0, 7ffd31677830, 8, 0, e00)
            sshd-765   [000] ....  2001.948836: sys_exit: NR 14 = 0
            sshd-765   [000] ....  2001.948837: sys_enter: NR 14 (2, 7ffd31677830, 0, 8, 0, e00)
            sshd-765   [000] ....  2001.948838: sys_exit: NR 14 = 0
            sshd-765   [000] ....  2001.948842: sys_enter: NR 228 (7, 7ffd316778d0, 7ffd316778d0, 8, 7ffd316c00f0, 7ffd316778d0)
            sshd-765   [000] ....  2001.949223: sys_exit: NR 228 = 0
            sshd-765   [000] ....  2001.949229: sys_enter: NR 0 (3, 7ffd31673940, 4000, 8, 7ffd316c00f0, 7ffd316778d0)
            sshd-765   [000] ....  2001.949296: sys_exit: NR 0 = 36
            sshd-765   [000] ....  2001.949315: sys_enter: NR 228 (7, 7ffd31677820, 7ffd31677820, 0, 7ffd316c00f0, 7ffd31677820)
            sshd-765   [000] ....  2001.949368: sys_exit: NR 228 = 0
            sshd-765   [000] ....  2001.949373: sys_enter: NR 23 (c, 555efd66bd50, 555efd66b0f0, 0, 0, e00)
            sshd-765   [000] ....  2001.949383: sys_exit: NR 23 = 1
            sshd-765   [000] ....  2001.949384: sys_enter: NR 14 (0, 7ffd316778b0, 7ffd31677830, 8, 0, e00)
            sshd-765   [000] ....  2001.949386: sys_exit: NR 14 = 0
            sshd-765   [000] ....  2001.949387: sys_enter: NR 14 (2, 7ffd31677830, 0, 8, 0, e00)
            sshd-765   [000] ....  2001.949387: sys_exit: NR 14 = 0
            sshd-765   [000] ....  2001.949389: sys_enter: NR 228 (7, 7ffd316778d0, 7ffd316778d0, 8, 7ffd316c00f0, 7ffd316778d0)
            sshd-765   [000] ....  2001.949439: sys_exit: NR 228 = 0
            sshd-765   [000] ....  2001.949444: sys_enter: NR 1 (9, 555efd670f90, 1, 8, 0, 0)
            sshd-765   [000] .N..  2001.949456: sys_exit: NR 1 = 1
            sshd-765   [000] d...  2001.949460: sched_switch: prev_comm=sshd prev_pid=765 prev_prio=120 prev_state=R ==> next_comm=kworker/u8:2 next_pid=7690 next_prio=120
           <...>-7690  [000] d...  2001.949470: sched_switch: prev_comm=kworker/u8:2 prev_pid=7690 prev_prio=120 prev_state=I ==> next_comm=bash next_pid=16209 next_prio=120
           <...>-16209 [000] ....  2001.949479: sys_exit: NR 270 = 1
           <...>-16209 [000] ....  2001.949505: sys_enter: NR 0 (0, 7ffc11ae137f, 1, 0, 0, 7ffc11ae1330)
           <...>-16209 [000] ....  2001.949510: sys_exit: NR 0 = 1
           <...>-16209 [000] ....  2001.949606: sys_enter: NR 1 (2, 55c592275f20, 1, a, a, 7ffc11ae1330)
           <...>-16209 [000] .N..  2001.949621: sys_exit: NR 1 = 1
           <...>-16209 [000] d...  2001.949626: sched_switch: prev_comm=bash prev_pid=16209 prev_prio=120 prev_state=R ==> next_comm=kworker/u8:2 next_pid=7690 next_prio=120
           <...>-7690  [000] d...  2001.949634: sched_switch: prev_comm=kworker/u8:2 prev_pid=7690 prev_prio=120 prev_state=I ==> next_comm=bash next_pid=16209 next_prio=120
           <...>-16209 [000] ....  2001.949651: sys_enter: NR 16 (0, 5401, 7ffc11ae1470, 1, 7f85b69c18b0, 55c5911aff60)
           <...>-16209 [000] ....  2001.949656: sys_exit: NR 16 = 0
           <...>-16209 [000] ....  2001.949657: sys_enter: NR 16 (0, 5403, 7ffc11ae1440, 10, 0, 55c5911aff60)
           <...>-16209 [000] ....  2001.949661: sys_exit: NR 16 = 0
           <...>-16209 [000] ....  2001.949662: sys_enter: NR 16 (0, 5401, 7ffc11ae1440, 10, ffffffffffffff80, 55c5911aff60)
           <...>-16209 [000] ....  2001.949663: sys_exit: NR 16 = 0
           <...>-16209 [000] ....  2001.949666: sys_enter: NR 13 (2, 7ffc11ae1230, 7ffc11ae12d0, 8, 7ffc11ae1380, 55c5911aff60)
           <...>-16209 [000] ....  2001.949686: sys_exit: NR 13 = 0
           <...>-16209 [000] ....  2001.949688: sys_enter: NR 13 (f, 7ffc11ae1230, 7ffc11ae12d0, 8, 7ffc11ae1380, 55c5911aff60)
           <...>-16209 [000] ....  2001.949689: sys_exit: NR 13 = 0
           <...>-16209 [000] ....  2001.949690: sys_enter: NR 13 (1, 7ffc11ae1230, 7ffc11ae12d0, 8, 7ffc11ae1380, 55c5911aff60)
           <...>-16209 [000] ....  2001.949690: sys_exit: NR 13 = 0
           <...>-16209 [000] ....  2001.949692: sys_enter: NR 13 (e, 7ffc11ae1230, 7ffc11ae12d0, 8, 7ffc11ae1380, 55c5911aff60)
           <...>-16209 [000] ....  2001.949692: sys_exit: NR 13 = 0
           <...>-16209 [000] ....  2001.949693: sys_enter: NR 13 (1c, 7ffc11ae12f0, 7ffc11ae1390, 8, 7ffc11ae1440, 55c5911aff60)
           <...>-16209 [000] ....  2001.949694: sys_exit: NR 13 = 0
           <...>-16209 [000] ....  2001.949696: sys_enter: NR 13 (2, 7ffc11ae1250, 7ffc11ae12f0, 8, 7ffc11ae1440, 55c5911aff60)
           <...>-16209 [000] ....  2001.949697: sys_exit: NR 13 = 0
           <...>-16209 [000] ....  2001.949767: sys_enter: NR 14 (0, 7ffc11ae2230, 7ffc11ae22b0, 8, 0, 0)
           <...>-16209 [000] ....  2001.949768: sys_exit: NR 14 = 0
           <...>-16209 [000] ....  2001.949769: sys_enter: NR 22 (55c5911a4738, 7ffc11ae2230, 7ffc11ae22b0, 8, 0, 0)
           <...>-16209 [000] ....  2001.949785: sys_exit: NR 22 = 0
           <...>-16209 [000] ....  2001.949787: sys_enter: NR 56 (1200011, 0, 0, 7f85b7009a10, 7f85b7009740, 0)
           <...>-16209 [000] ....  2001.950031: sys_exit: NR 56 = 16384
           <...>-16209 [000] ....  2001.950031: sys_enter: NR 109 (4000, 4000, 0, 7f85b7009a10, 7f85b7009740, 0)
           <...>-16209 [000] ....  2001.950031: sys_exit: NR 109 = 0
           <...>-16209 [000] ....  2001.950031: sys_enter: NR 14 (2, 7ffc11ae22b0, 0, 8, 8, 55c592267cd0)
           <...>-16209 [000] ....  2001.950031: sys_exit: NR 14 = 0
