           mandb-16363 [000] ....  2000.317608: sys_enter: NR 13 (f, 7ffc9ba93ee0, 0, 8, 0, 55bc6cc6ec70)
           mandb-16363 [000] ....  2000.317609: sys_exit: NR 13 = 0
           mandb-16363 [000] ....  2000.317613: sys_enter: NR 33 (6, 0, 0, 8, 0, 55bc6cc6ec70)
           mandb-16363 [000] ....  2000.317614: sys_exit: NR 33 = 0
           mandb-16363 [000] ....  2000.317614: sys_enter: NR 3 (6, 0, 0, 8, 0, 55bc6cc6ec70)
           mandb-16363 [000] ....  2000.317615: sys_exit: NR 3 = 0
           mandb-16363 [000] ....  2000.317615: sys_enter: NR 33 (8, 1, 0, 8, 0, 55bc6cc6ec70)
           mandb-16363 [000] ....  2000.317616: sys_exit: NR 33 = 1
           mandb-16363 [000] ....  2000.317617: sys_enter: NR 3 (8, 1, 0, 8, 0, 55bc6cc6ec70)
           mandb-16363 [000] ....  2000.317617: sys_exit: NR 3 = 0
           mandb-16363 [000] ....  2000.317618: sys_enter: NR 3 (7, 1, 0, 8, 0, 55bc6cc6ec70)
           mandb-16363 [000] ....  2000.317618: sys_exit: NR 3 = 0
           mandb-16363 [000] ....  2000.317644: sys_enter: NR 157 (15, 0, 0, 0, 0, 3)
           mandb-16363 [000] ....  2000.317645: sys_exit: NR 157 = 0
           mandb-16363 [000] ....  2000.318542: sys_enter: NR 12 (55bc6cca2000, 7f7d6b7b9c40, 20050, fffffffffffff000, 7f7d6b7b9ce0, 0)
           mandb-16363 [000] ....  2000.318545: sys_exit: NR 12 = 94267767398400
          <idle>-0     [002] d...  2000.319559: sched_switch: prev_comm=swapper/2 prev_pid=0 prev_prio=120 prev_state=R ==> next_comm=kworker/2:2 next_pid=108 next_prio=120
     kworker/2:2-108   [002] d...  2000.320293: sched_switch: prev_comm=kworker/2:2 prev_pid=108 prev_prio=120 prev_state=I ==> next_comm=swapper/2 next_pid=0 next_prio=120
          <idle>-0     [002] d...  2000.321030: sched_switch: prev_comm=swapper/2 prev_pid=0 prev_prio=120 prev_state=R ==> next_comm=rcu_sched next_pid=10 next_prio=120
       rcu_sched-10    [002] d...  2000.321035: sched_switch: prev_comm=rcu_sched prev_pid=10 prev_prio=120 prev_state=I ==> next_comm=swapper/2 next_pid=0 next_prio=120
           mandb-16363 [000] ....  2000.321035: sys_enter: NR 157 (26, 1, 0, 0, 0, 1)
           mandb-16363 [000] ....  2000.321035: sys_exit: NR 157 = 0
           mandb-16363 [000] ....  2000.321035: sys_enter: NR 317 (0, 1, 0, ffff, 1, 55bc6c9522a0)
           mandb-16363 [000] ....  2000.321035: sys_exit: NR 317 = -22
           mandb-16363 [000] ....  2000.321035: sys_enter: NR 317 (1, 0, 55bc6cc6ec80, 1, 55bc6c9522a0, 55bc6c952280)
           mandb-16363 [000] ....  2000.331242: sys_exit: NR 317 = 0
           mandb-16363 [000] ....  2000.331250: sys_enter: NR 32 (0, 0, 55bc6cc70f40, 1, 55bc6c9522a0, 55bc6c952280)
           mandb-16363 [000] ....  2000.331252: sys_exit: NR 32 = 6
           mandb-16363 [000] ....  2000.331325: sys_enter: NR 8 (6, 0, 1, 9, 55bc6cc70100, 6)
           mandb-16363 [000] ....  2000.331326: sys_exit: NR 8 = 0
          <idle>-0     [002] d...  2000.331376: sched_switch: prev_comm=swapper/2 prev_pid=0 prev_prio=120 prev_state=R ==> next_comm=ksoftirqd/2 next_pid=20 next_prio=120
     ksoftirqd/2-20    [002] d...  2000.331386: sched_switch: prev_comm=ksoftirqd/2 prev_pid=20 prev_prio=120 prev_state=S ==> next_comm=rcu_sched next_pid=10 next_prio=120
       rcu_sched-10    [002] d...  2000.331389: sched_switch: prev_comm=rcu_sched prev_pid=10 prev_prio=120 prev_state=I ==> next_comm=kworker/2:2 next_pid=108 next_prio=120
           mandb-16363 [000] ....  2000.331389: sys_enter: NR 0 (6, 55bc6cc90e80, 2000, 9, 0, 0)
     kworker/2:2-108   [002] d...  2000.337202: sched_switch: prev_comm=kworker/2:2 prev_pid=108 prev_prio=120 prev_state=R+ ==> next_comm=rcu_sched next_pid=10 next_prio=120
       rcu_sched-10    [002] d...  2000.337206: sched_switch: prev_comm=rcu_sched prev_pid=10 prev_prio=120 prev_state=I ==> next_comm=kworker/2:2 next_pid=108 next_prio=120
     kworker/2:2-108   [002] d...  2000.337212: sched_switch: prev_comm=kworker/2:2 prev_pid=108 prev_prio=120 prev_state=I ==> next_comm=swapper/2 next_pid=0 next_prio=120
           mandb-16363 [000] d...  2000.337592: sched_switch: prev_comm=mandb prev_pid=16363 prev_prio=120 prev_state=D ==> next_comm=swapper/0 next_pid=0 next_prio=120
          <idle>-0     [000] d...  2000.339760: sched_switch: prev_comm=swapper/0 prev_pid=0 prev_prio=120 prev_state=R ==> next_comm=mandb next_pid=16363 next_prio=120
           mandb-16363 [000] ....  2000.339760: sys_exit: NR 0 = 1622
           mandb-16363 [000] ....  2000.339760: sys_enter: NR 0 (6, 55bc6cc914d6, 19aa, 9, 0, 0)
           mandb-16363 [000] ....  2000.339760: sys_exit: NR 0 = 0
           mandb-16363 [000] ....  2000.339760: sys_enter: NR 5 (1, 7ffc9ba92e40, 7ffc9ba92e40, 3c20656c62696148, 7f7d6b7ba760, 206f6e7572422029)
           mandb-16363 [000] ....  2000.339760: sys_exit: NR 5 = 0
           mandb-16363 [000] ....  2000.339760: sys_enter: NR 3 (6, 55bc6c952010, 55bc6c952010, 9, 0, 72656b2e7777772f)
           mandb-16363 [000] ....  2000.339760: sys_exit: NR 3 = 0
           mandb-16363 [000] ....  2000.339760: sys_enter: NR 1 (1, 55bc6cc98aa0, cc1, c, 0, 0)
           mandb-16363 [000] ....  2000.339760: sys_exit: NR 1 = 3265
           mandb-16363 [000] ....  2000.339760: sys_enter: NR 231 (0, 3c, 0, c, e7, ffffffffffffff78)
          <idle>-0     [002] d...  2000.339908: sched_switch: prev_comm=swapper/2 prev_pid=0 prev_prio=120 prev_state=R ==> next_comm=mandb next_pid=1258 next_prio=120
           <...>-1258  [002] ....  2000.339915: sys_exit: NR 0 = 3265
           <...>-1258  [002] ....  2000.339926: sys_enter: NR 0 (7, 55bc6cc720d1, 376, 3c20656c62696148, 7f7d6b7b9c40, 206f6e7572422029)
           <...>-1258  [002] d...  2000.339932: sched_switch: prev_comm=mandb prev_pid=1258 prev_prio=120 prev_state=S ==> next_comm=swapper/2 next_pid=0 next_prio=120
           mandb-16363 [000] d...  2000.340419: sched_switch: prev_comm=mandb prev_pid=16363 prev_prio=120 prev_state=Z ==> next_comm=swapper/0 next_pid=0 next_prio=120
          <idle>-0     [000] d...  2000.340425: sched_switch: prev_comm=swapper/0 prev_pid=0 prev_prio=120 prev_state=R ==> next_comm=kworker/0:0 next_pid=5 next_prio=120
     kworker/0:0-5     [000] d...  2000.340431: sched_switch: prev_comm=kworker/0:0 prev_pid=5 prev_prio=120 prev_state=I ==> next_comm=swapper/0 next_pid=0 next_prio=120
          <idle>-0     [002] d...  2000.340888: sched_switch: prev_comm=swapper/2 prev_pid=0 prev_prio=120 prev_state=R ==> next_comm=rcu_sched next_pid=10 next_prio=120
       rcu_sched-10    [002] d...  2000.340892: sched_switch: prev_comm=rcu_sched prev_pid=10 prev_prio=120 prev_state=I ==> next_comm=mandb next_pid=1258 next_prio=120
           <...>-1258  [002] ....  2000.340894: sys_exit: NR 0 = 0
           <...>-1258  [002] ....  2000.340908: sys_enter: NR 61 (ffffffff, 7ffc9ba93ce4, 1, 0, 7f7d6b7b9c40, 206f6e7572422029)
           <...>-1258  [002] ....  2000.340915: sys_exit: NR 61 = 16363
           <...>-1258  [002] ....  2000.340916: sys_enter: NR 61 (ffffffff, 7ffc9ba93ce4, 1, 0, 7f7d6b7b9c40, 55bc6cc70cb0)
           <...>-1258  [002] ....  2000.340917: sys_exit: NR 61 = -10
           <...>-1258  [002] ....  2000.340919: sys_enter: NR 15 (ffffffff, 7ffc9ba93ce4, ffffffffffffff78, 0, 7f7d6b7b9c40, 55bc6cc70cb0)
           <...>-1258  [002] ....  2000.340920: sys_exit: NR -1 = 0
           <...>-1258  [002] ....  2000.340925: sys_enter: NR 0 (7, 55bc6cc720d1, 37a, 55bc6cc71440, 7f7d6b7b9c40, 7f7d6b53c800)
           <...>-1258  [002] ....  2000.340927: sys_exit: NR 0 = 0
           <...>-1258  [002] ....  2000.340928: sys_enter: NR 0 (7, 55bc6cc720d1, 3a3, 4c50472854524154, 7f7d6b7b9c40, 535f45534e454349)
           <...>-1258  [002] ....  2000.340929: sys_exit: NR 0 = 0
           <...>-1258  [002] ....  2000.340930: sys_enter: NR 0 (7, 55bc6cc720d1, 3e2, 206e616320756f79, 7f7d6b7b9c40, 203b6e6f69746174)
           <...>-1258  [002] ....  2000.340930: sys_exit: NR 0 = 0
           <...>-1258  [002] ....  2000.340931: sys_enter: NR 0 (7, 55bc6cc720d1, 425, 6c6172656e654720, 7f7d6b7b9c40, 554e472065687420)
           <...>-1258  [002] ....  2000.340932: sys_exit: NR 0 = 0
           <...>-1258  [002] ....  2000.340933: sys_enter: NR 0 (7, 55bc6cc720d1, 468, 65203b6e6f697461, 7f7d6b7b9c40, 646e756f46206572)
           <...>-1258  [002] ....  2000.340933: sys_exit: NR 0 = 0
           <...>-1258  [002] ....  2000.340934: sys_enter: NR 0 (7, 55bc6cc720d1, 4a0, 796e6120296e6f69, 7f7d6b7b9c40, 74706f2072756f79)
           <...>-1258  [002] ....  2000.340934: sys_exit: NR 0 = 0
           <...>-1258  [002] ....  2000.340935: sys_enter: NR 0 (7, 55bc6cc720d1, 4b3, 55bc6cc71580, 7f7d6b7b9c40, 7f7d6b53c5f0)
           <...>-1258  [002] ....  2000.340936: sys_exit: NR 0 = 0
           <...>-1258  [002] ....  2000.340937: sys_enter: NR 0 (7, 55bc6cc720d1, 4b7, 55bc6cc71580, 7f7d6b7b9c40, 7f7d6b53c800)
           <...>-1258  [002] ....  2000.340937: sys_exit: NR 0 = 0
           <...>-1258  [002] ....  2000.340938: sys_enter: NR 0 (7, 55bc6cc720d1, 4d1, 6566655220225c2e, 7f7d6b7b9c40, 7f7d6b53c3f0)
           <...>-1258  [002] ....  2000.340939: sys_exit: NR 0 = 0
           <...>-1258  [002] ....  2000.340940: sys_enter: NR 0 (7, 55bc6cc720d1, 4fa, 656372756f732032, 7f7d6b7b9c40, 2d6362696c672055)
           <...>-1258  [002] ....  2000.340940: sys_exit: NR 0 = 0
           <...>-1258  [002] ....  2000.340941: sys_enter: NR 0 (7, 55bc6cc720d1, 53a, 2e7777772f2f3a70, 7f7d6b7b9c40, 7474682065636e65)
           <...>-1258  [002] ....  2000.340942: sys_exit: NR 0 = 0
           <...>-1258  [002] ....  2000.340944: sys_enter: NR 0 (7, 55bc6cc720d1, 58e, 55bc6cc71640, 7f7d6b7b9c40, 7f7d6b53b887)
           <...>-1258  [002] ....  2000.340945: sys_exit: NR 0 = 0
           <...>-1258  [002] ....  2000.340946: sys_enter: NR 0 (7, 55bc6cc720d1, 5a6, 5349202020225c2e, 7f7d6b7b9c40, 7f7d6b53c050)
           <...>-1258  [002] ....  2000.340946: sys_exit: NR 0 = 0
           <...>-1258  [002] ....  2000.340947: sys_enter: NR 0 (7, 55bc6cc720d1, 5aa, 55bc6cc71640, 7f7d6b7b9c40, 7f7d6b53c800)
           <...>-1258  [002] ....  2000.340947: sys_exit: NR 0 = 0
           <...>-1258  [002] ....  2000.340949: sys_enter: NR 3 (7, 0, 0, 2078756e694c2220, 7f7d6c09a82c, 22554e4722203531)
           <...>-1258  [002] ....  2000.340950: sys_exit: NR 3 = 0
           <...>-1258  [002] ....  2000.340966: sys_enter: NR 4 (55bc6cc6f100, 7ffc9ba942c0, 7ffc9ba942c0, 55bc6cc1ad00, fec1, 7f7d6b53c9e0)
           <...>-1258  [002] ....  2000.340973: sys_exit: NR 4 = 0
           <...>-1258  [002] ....  2000.340974: sys_enter: NR 4 (55bc6cc6f100, 7ffc9ba94200, 7ffc9ba94200, 55bc6cc1ad00, fec1, 7f7d6b53c9e0)
           <...>-1258  [002] ....  2000.340976: sys_exit: NR 4 = 0
           <...>-1258  [002] ....  2000.340994: sys_enter: NR 14 (0, 7ffc9ba94160, 7ffc9ba941e0, 8, 382d46545520662d, 3538382d4f53493a)
           <...>-1258  [002] ....  2000.340994: sys_exit: NR 14 = 0
           <...>-1258  [002] ....  2000.340996: sys_enter: NR 14 (2, 7ffc9ba941e0, 0, 8, 55bc6cc6e3c0, 7f7d6b7b9c40)
           <...>-1258  [002] ....  2000.340997: sys_exit: NR 14 = 0
           <...>-1258  [002] ....  2000.340998: sys_enter: NR 257 (ffffff9c, 55bc6cc700b0, 0, 0, 55bc6cc6e3c0, 7f7d6b7b9c40)
           <...>-1258  [002] ....  2000.341003: sys_exit: NR 257 = 6
           <...>-1258  [002] ....  2000.341004: sys_enter: NR 22 (7ffc9ba94158, 55bc6cc700b0, 0, 0, 55bc6cc6e3c0, 7f7d6b7b9c40)
           <...>-1258  [002] ....  2000.341010: sys_exit: NR 22 = 0
           <...>-1258  [002] ....  2000.341010: sys_enter: NR 14 (0, 7ffc9ba94160, 7ffc9ba941e0, 8, 55bc6cc6e3c0, 7f7d6b7b9c40)
           <...>-1258  [002] ....  2000.341011: sys_exit: NR 14 = 0
           <...>-1258  [002] ....  2000.341011: sys_enter: NR 56 (1200011, 0, 0, 7f7d6c21ca10, 7f7d6c21c740, 7f7d6b7b9c40)
           <...>-1258  [002] ....  2000.341413: sys_exit: NR 56 = 16364
           <...>-1258  [002] ....  2000.341425: sys_enter: NR 3 (6, 0, 0, 7f7d6c21ca10, 7f7d6c21c740, 7f7d6b7b9c40)
           <...>-1258  [002] ....  2000.341427: sys_exit: NR 3 = 0
           <...>-1258  [002] ....  2000.341428: sys_enter: NR 3 (8, 0, 0, 7f7d6c21ca10, 7f7d6c21c740, 7f7d6b7b9c40)
           <...>-1258  [002] ....  2000.341428: sys_exit: NR 3 = 0
           <...>-1258  [002] ....  2000.341440: sys_enter: NR 14 (2, 7ffc9ba941e0, 0, 8, 7f7d6c21c740, 7f7d6b7b9c40)
           <...>-1258  [002] ....  2000.341441: sys_exit: NR 14 = 0
           <...>-1258  [002] ....  2000.341442: sys_enter: NR 22 (7ffc9ba94158, 55bc6cc700e0, 1, 8, 7f7d6c21c740, 7f7d6b7b9c40)
           <...>-1258  [002] ....  2000.341450: sys_exit: NR 22 = 0
           <...>-1258  [002] ....  2000.341457: sys_enter: NR 14 (0, 7ffc9ba94160, 7ffc9ba941e0, 8, 7f7d6c21c740, 7f7d6b7b9c40)
           <...>-1258  [002] ....  2000.341458: sys_exit: NR 14 = 0
           <...>-1258  [002] ....  2000.341459: sys_enter: NR 56 (1200011, 0, 0, 7f7d6c21ca10, 7f7d6c21c740, 7f7d6b7b9c40)
          <idle>-0     [001] d...  2000.341653: sched_switch: prev_comm=swapper/1 prev_pid=0 prev_prio=120 prev_state=R ==> next_comm=mandb next_pid=16364 next_prio=120
           mandb-16364 [001] ....  2000.341670: sys_exit: NR 56 = 0
           <...>-1258  [002] ....  2000.341805: sys_exit: NR 56 = 16365
           <...>-1258  [002] ....  2000.341817: sys_enter: NR 3 (7, 0, 0, 7f7d6c21ca10, 7f7d6c21c740, 7f7d6b7b9c40)
           <...>-1258  [002] ....  2000.341819: sys_exit: NR 3 = 0
           <...>-1258  [002] ....  2000.341820: sys_enter: NR 3 (8, 0, 0, 7f7d6c21ca10, 7f7d6c21c740, 7f7d6b7b9c40)
           <...>-1258  [002] ....  2000.341820: sys_exit: NR 3 = 0
           <...>-1258  [002] ....  2000.341834: sys_enter: NR 14 (2, 7ffc9ba941e0, 0, 8, 7f7d6c21c740, 7f7d6b7b9c40)
           <...>-1258  [002] ....  2000.341835: sys_exit: NR 14 = 0
           mandb-16364 [001] ....  2000.341835: sys_enter: NR 13 (1, 0, 7ffc9ba93fb0, 8, 7ffc9ba94060, 7f7d6b7b9c40)
           mandb-16364 [001] ....  2000.341835: sys_exit: NR 13 = 0
           mandb-16364 [001] ....  2000.341835: sys_enter: NR 13 (2, 0, 7ffc9ba93fb0, 8, 7ffc9ba94060, 7f7d6b7b9c40)
           mandb-16364 [001] ....  2000.341835: sys_exit: NR 13 = 0
           mandb-16364 [001] ....  2000.341835: sys_enter: NR 13 (2, 7ffc9ba93f10, 0, 8, 0, 7f7d6b7b9c40)
           mandb-16364 [001] ....  2000.341835: sys_exit: NR 13 = 0
           mandb-16364 [001] ....  2000.341835: sys_enter: NR 13 (f, 0, 7ffc9ba93fb0, 8, 7ffc9ba94060, 7f7d6b7b9c40)
           mandb-16364 [001] ....  2000.341835: sys_exit: NR 13 = 0
           mandb-16364 [001] ....  2000.341835: sys_enter: NR 13 (f, 7ffc9ba93f10, 0, 8, 0, 7f7d6b7b9c40)
           mandb-16364 [001] ....  2000.341835: sys_exit: NR 13 = 0
           mandb-16364 [001] ....  2000.341835: sys_enter: NR 33 (6, 0, 0, 8, 0, 7f7d6b7b9c40)
           mandb-16364 [001] ....  2000.341835: sys_exit: NR 33 = 0
           mandb-16364 [001] ....  2000.341835: sys_enter: NR 3 (6, 0, 0, 8, 0, 7f7d6b7b9c40)
           mandb-16364 [001] ....  2000.341835: sys_exit: NR 3 = 0
           mandb-16364 [001] ....  2000.341835: sys_enter: NR 33 (8, 1, 0, 8, 0, 7f7d6b7b9c40)
           mandb-16364 [001] ....  2000.341835: sys_exit: NR 33 = 1
           mandb-16364 [001] ....  2000.341835: sys_enter: NR 3 (8, 1, 0, 8, 0, 7f7d6b7b9c40)
           mandb-16364 [001] ....  2000.341835: sys_exit: NR 3 = 0
           mandb-16364 [001] ....  2000.341835: sys_enter: NR 3 (7, 1, 0, 8, 0, 7f7d6b7b9c40)
           mandb-16364 [001] ....  2000.341835: sys_exit: NR 3 = 0
           <...>-1258  [002] ....  2000.341883: sys_enter: NR 0 (6, 55bc6cb3b6b0, 400, 55bc6c953400, 7ffc9ba94240, 1)
           <...>-1258  [002] d...  2000.341890: sched_switch: prev_comm=mandb prev_pid=1258 prev_prio=120 prev_state=S ==> next_comm=swapper/2 next_pid=0 next_prio=120
           mandb-16364 [001] ....  2000.341890: sys_enter: NR 157 (15, 0, 0, 0, 0, 3)
           mandb-16364 [001] ....  2000.341890: sys_exit: NR 157 = 0
          <idle>-0     [000] d...  2000.341890: sched_switch: prev_comm=swapper/0 prev_pid=0 prev_prio=120 prev_state=R ==> next_comm=mandb next_pid=16365 next_prio=120
           mandb-16365 [000] ....  2000.341890: sys_exit: NR 56 = 0
           mandb-16365 [000] ....  2000.341890: sys_enter: NR 13 (1, 0, 7ffc9ba93fb0, 8, 7ffc9ba94060, 7f7d6b7b9c40)
           mandb-16365 [000] ....  2000.341890: sys_exit: NR 13 = 0
           mandb-16365 [000] ....  2000.341890: sys_enter: NR 13 (2, 0, 7ffc9ba93fb0, 8, 7ffc9ba94060, 7f7d6b7b9c40)
           mandb-16365 [000] ....  2000.341890: sys_exit: NR 13 = 0
           mandb-16365 [000] ....  2000.341890: sys_enter: NR 13 (2, 7ffc9ba93f10, 0, 8, 0, 7f7d6b7b9c40)
           mandb-16365 [000] ....  2000.341890: sys_exit: NR 13 = 0
           mandb-16365 [000] ....  2000.341890: sys_enter: NR 13 (f, 0, 7ffc9ba93fb0, 8, 7ffc9ba94060, 7f7d6b7b9c40)
           mandb-16365 [000] ....  2000.341890: sys_exit: NR 13 = 0
           mandb-16365 [000] ....  2000.341890: sys_enter: NR 13 (f, 7ffc9ba93f10, 0, 8, 0, 7f7d6b7b9c40)
           mandb-16365 [000] ....  2000.341890: sys_exit: NR 13 = 0
           mandb-16365 [000] ....  2000.341890: sys_enter: NR 33 (7, 0, 0, 8, 0, 7f7d6b7b9c40)
           mandb-16365 [000] ....  2000.341890: sys_exit: NR 33 = 0
           mandb-16365 [000] ....  2000.341890: sys_enter: NR 3 (7, 0, 0, 8, 0, 7f7d6b7b9c40)
           mandb-16365 [000] ....  2000.341890: sys_exit: NR 3 = 0
           mandb-16365 [000] ....  2000.341890: sys_enter: NR 33 (8, 1, 0, 8, 0, 7f7d6b7b9c40)
           mandb-16365 [000] ....  2000.341890: sys_exit: NR 33 = 1
           mandb-16365 [000] ....  2000.341890: sys_enter: NR 3 (8, 1, 0, 8, 0, 7f7d6b7b9c40)
           mandb-16365 [000] ....  2000.341890: sys_exit: NR 3 = 0
           mandb-16365 [000] ....  2000.341890: sys_enter: NR 3 (6, 1, 0, 8, 0, 7f7d6b7b9c40)
           mandb-16365 [000] ....  2000.341890: sys_exit: NR 3 = 0
           mandb-16365 [000] ....  2000.341901: sys_enter: NR 157 (15, 0, 0, 0, 0, 3)
           mandb-16365 [000] ....  2000.341902: sys_exit: NR 157 = 0
           mandb-16365 [000] ....  2000.342788: sys_enter: NR 12 (55bc6cca2000, 7f7d6b7b9c40, 20040, fffffffffffff000, 55bc6cc80f40, 0)
           mandb-16365 [000] ....  2000.342788: sys_exit: NR 12 = 94267767398400
           mandb-16364 [001] ....  2000.343138: sys_enter: NR 12 (55bc6cca2000, 7f7d6b7b9c40, 20040, fffffffffffff000, 55bc6cc80f40, 0)
           mandb-16364 [001] ....  2000.343138: sys_exit: NR 12 = 94267767398400
           mandb-16365 [000] ....  2000.343138: sys_enter: NR 157 (26, 1, 0, 0, 0, 1)
           mandb-16365 [000] ....  2000.343138: sys_exit: NR 157 = 0
           mandb-16365 [000] ....  2000.343138: sys_enter: NR 317 (0, 1, 0, ffff, 1, 55bc6c9522a0)
           mandb-16365 [000] ....  2000.343138: sys_exit: NR 317 = -22
           mandb-16365 [000] ....  2000.343138: sys_enter: NR 317 (1, 0, 55bc6cc71290, 1, 55bc6c9522a0, 55bc6c952280)
           mandb-16364 [001] ....  2000.343138: sys_enter: NR 157 (26, 1, 0, 0, 0, 1)
           mandb-16364 [001] ....  2000.343138: sys_exit: NR 157 = 0
           mandb-16364 [001] ....  2000.343138: sys_enter: NR 317 (0, 1, 0, ffff, 1, 55bc6c9522a0)
           mandb-16364 [001] ....  2000.343138: sys_exit: NR 317 = -22
           mandb-16364 [001] ....  2000.343138: sys_enter: NR 317 (1, 0, 55bc6cc71290, 1, 55bc6c9522a0, 55bc6c952280)
          <idle>-0     [002] d...  2000.355571: sched_switch: prev_comm=swapper/2 prev_pid=0 prev_prio=120 prev_state=R ==> next_comm=rcu_sched next_pid=10 next_prio=120
       rcu_sched-10    [002] d...  2000.355578: sched_switch: prev_comm=rcu_sched prev_pid=10 prev_prio=120 prev_state=I ==> next_comm=swapper/2 next_pid=0 next_prio=120
           mandb-16364 [001] ....  2000.355578: sys_exit: NR 317 = 0
           mandb-16364 [001] ....  2000.355578: sys_enter: NR 32 (0, 0, 55bc6cc714e0, 1, 55bc6c9522a0, 55bc6c952280)
           mandb-16364 [001] ....  2000.355578: sys_exit: NR 32 = 6
           mandb-16364 [001] ....  2000.355578: sys_enter: NR 8 (6, 0, 1, 9, 55bc6cc71610, 6)
           mandb-16364 [001] ....  2000.355578: sys_exit: NR 8 = 0
           mandb-16364 [001] ....  2000.355578: sys_enter: NR 0 (6, 55bc6cc90e30, 2000, 9, 0, 0)
           mandb-16364 [001] ....  2000.355578: sys_exit: NR 0 = 1622
           mandb-16364 [001] ....  2000.355578: sys_enter: NR 0 (6, 55bc6cc91486, 19aa, 9, 0, 0)
           mandb-16364 [001] ....  2000.355578: sys_exit: NR 0 = 0
           mandb-16364 [001] ....  2000.355578: sys_enter: NR 5 (1, 7ffc9ba92e70, 7ffc9ba92e70, 2f67726f2e6c656e, 7f7d6b7ba760, 72656b2e7777772f)
           mandb-16364 [001] ....  2000.355578: sys_exit: NR 5 = 0
           mandb-16364 [001] ....  2000.355578: sys_enter: NR 3 (6, 55bc6c952010, 55bc6c952010, 9, 0, 206f6e7572422029)
           mandb-16364 [001] ....  2000.355578: sys_exit: NR 3 = 0
           mandb-16364 [001] ....  2000.355578: sys_enter: NR 1 (1, 55bc6cc98a50, cc1, c, 0, 0)
           mandb-16364 [001] ....  2000.355578: sys_exit: NR 1 = 3265
           mandb-16364 [001] ....  2000.355578: sys_enter: NR 231 (0, 3c, 0, c, e7, ffffffffffffff78)
           mandb-16364 [001] d...  2000.356254: sched_switch: prev_comm=mandb prev_pid=16364 prev_prio=120 prev_state=Z ==> next_comm=swapper/1 next_pid=0 next_prio=120
          <idle>-0     [001] d...  2000.356254: sched_switch: prev_comm=swapper/1 prev_pid=0 prev_prio=120 prev_state=R ==> next_comm=kworker/1:3 next_pid=370 next_prio=120
           <...>-370   [001] d...  2000.356254: sched_switch: prev_comm=kworker/1:3 prev_pid=370 prev_prio=120 prev_state=I ==> next_comm=swapper/1 next_pid=0 next_prio=120
          <idle>-0     [002] d...  2000.356595: sched_switch: prev_comm=swapper/2 prev_pid=0 prev_prio=120 prev_state=R ==> next_comm=mandb next_pid=1258 next_prio=120
           <...>-1258  [002] ....  2000.356598: sys_exit: NR 0 = -512
           <...>-1258  [002] ....  2000.356620: sys_enter: NR 61 (ffffffff, 7ffc9ba93ce4, 1, 0, 7ffc9ba94240, 1)
           <...>-1258  [002] ....  2000.356629: sys_exit: NR 61 = 16364
           <...>-1258  [002] ....  2000.356631: sys_enter: NR 61 (ffffffff, 7ffc9ba93ce4, 1, 0, 7ffc9ba94240, 55bc6cc6e3c0)
           <...>-1258  [002] ....  2000.356632: sys_exit: NR 61 = 0
           <...>-1258  [002] ....  2000.356633: sys_enter: NR 15 (ffffffff, 7ffc9ba93ce4, 1, 0, 7ffc9ba94240, 55bc6cc6e3c0)
           <...>-1258  [002] ....  2000.356634: sys_exit: NR -1 = 0
           <...>-1258  [002] ....  2000.356636: sys_enter: NR 0 (6, 55bc6cb3b6b0, 400, 55bc6c953400, 7ffc9ba94240, 1)
           <...>-1258  [002] d...  2000.356642: sched_switch: prev_comm=mandb prev_pid=1258 prev_prio=120 prev_state=S ==> next_comm=swapper/2 next_pid=0 next_prio=120
           mandb-16365 [000] ....  2000.356642: sys_exit: NR 317 = 0
           mandb-16365 [000] ....  2000.356642: sys_enter: NR 32 (0, 0, 55bc6cc714e0, 1, 55bc6c9522a0, 55bc6c952280)
           mandb-16365 [000] ....  2000.356642: sys_exit: NR 32 = 6
           mandb-16365 [000] ....  2000.356642: sys_enter: NR 14 (0, 7ffc9ba93eb0, 7ffc9ba93f30, 8, 55bc6c9522a0, 7f7d6b53ca00)
           mandb-16365 [000] ....  2000.356642: sys_exit: NR 14 = 0
           mandb-16365 [000] ....  2000.356642: sys_enter: NR 14 (2, 7ffc9ba93f30, 0, 8, 55bc6cc71580, 55bc6cc72ab0)
           mandb-16365 [000] ....  2000.356642: sys_exit: NR 14 = 0
           mandb-16365 [000] ....  2000.356642: sys_enter: NR 22 (7ffc9ba93ea8, 7ffc9ba93f30, 0, 8, 55bc6cc71580, 55bc6cc72ab0)
           mandb-16365 [000] ....  2000.356642: sys_exit: NR 22 = 0
           mandb-16365 [000] ....  2000.356642: sys_enter: NR 14 (0, 7ffc9ba93eb0, 7ffc9ba93f30, 8, 55bc6cc71580, 55bc6cc72ab0)
           mandb-16365 [000] ....  2000.356642: sys_exit: NR 14 = 0
           mandb-16365 [000] ....  2000.356642: sys_enter: NR 56 (1200011, 0, 0, 7f7d6c21ca10, 7f7d6c21c740, 55bc6cc72ab0)
           mandb-16365 [000] .N..  2000.357505: sys_exit: NR 56 = 16366
           mandb-16365 [000] d...  2000.357510: sched_switch: prev_comm=mandb prev_pid=16365 prev_prio=120 prev_state=R ==> next_comm=kworker/u8:2 next_pid=7690 next_prio=120
          <idle>-0     [001] d...  2000.357594: sched_switch: prev_comm=swapper/1 prev_pid=0 prev_prio=120 prev_state=R ==> next_comm=mandb next_pid=16366 next_prio=120
           mandb-16366 [001] ....  2000.357607: sys_exit: NR 56 = 0
           mandb-16366 [001] ....  2000.357654: sys_enter: NR 13 (1, 0, 7ffc9ba93d00, 8, 7ffc9ba93db0, 55bc6cc72ab0)
           mandb-16366 [001] ....  2000.357655: sys_exit: NR 13 = 0
           mandb-16366 [001] ....  2000.357709: sys_enter: NR 13 (2, 0, 7ffc9ba93d00, 8, 7ffc9ba93db0, 55bc6cc72ab0)
           mandb-16366 [001] ....  2000.357710: sys_exit: NR 13 = 0
           mandb-16366 [001] ....  2000.357712: sys_enter: NR 13 (2, 7ffc9ba93c60, 0, 8, 0, 55bc6cc72ab0)
           mandb-16366 [001] ....  2000.357713: sys_exit: NR 13 = 0
           mandb-16366 [001] ....  2000.357715: sys_enter: NR 13 (f, 0, 7ffc9ba93d00, 8, 7ffc9ba93db0, 55bc6cc72ab0)
           mandb-16366 [001] ....  2000.357715: sys_exit: NR 13 = 0
           mandb-16366 [001] ....  2000.357717: sys_enter: NR 13 (f, 7ffc9ba93c60, 0, 8, 0, 55bc6cc72ab0)
           mandb-16366 [001] ....  2000.357717: sys_exit: NR 13 = 0
           mandb-16366 [001] ....  2000.357726: sys_enter: NR 33 (6, 0, 0, 8, 0, 55bc6cc72ab0)
           mandb-16366 [001] ....  2000.357727: sys_exit: NR 33 = 0
           mandb-16366 [001] ....  2000.357729: sys_enter: NR 3 (6, 0, 0, 8, 0, 55bc6cc72ab0)
           mandb-16366 [001] ....  2000.357730: sys_exit: NR 3 = 0
           mandb-16366 [001] ....  2000.357732: sys_enter: NR 33 (8, 1, 0, 8, 0, 55bc6cc72ab0)
           mandb-16366 [001] ....  2000.357733: sys_exit: NR 33 = 1
           mandb-16366 [001] ....  2000.357734: sys_enter: NR 3 (8, 1, 0, 8, 0, 55bc6cc72ab0)
           mandb-16366 [001] ....  2000.357735: sys_exit: NR 3 = 0
           mandb-16366 [001] ....  2000.357736: sys_enter: NR 3 (7, 1, 0, 8, 0, 55bc6cc72ab0)
           mandb-16366 [001] ....  2000.357737: sys_exit: NR 3 = 0
           mandb-16366 [001] ....  2000.357741: sys_enter: NR 3 (6, 1, 2, 8, 0, 55bc6cc72ab0)
           mandb-16366 [001] ....  2000.357741: sys_exit: NR 3 = -9
           mandb-16366 [001] ....  2000.357799: sys_enter: NR 157 (15, 0, 0, 0, 0, 3)
           mandb-16366 [001] ....  2000.357800: sys_exit: NR 157 = 2
           mandb-16366 [001] ....  2000.357810: sys_enter: NR 32 (0, 0, 0, 0, 0, 3)
           mandb-16366 [001] ....  2000.357811: sys_exit: NR 32 = 6
           mandb-16366 [001] ....  2000.358080: sys_enter: NR 8 (6, 0, 1, 9, 55bc6cc714f0, 6)
           mandb-16366 [001] ....  2000.358082: sys_exit: NR 8 = -29
           mandb-16366 [001] ....  2000.358431: sys_enter: NR 0 (6, 55bc6cc90e30, 2000, 9, 0, 0)
           mandb-16366 [001] ....  2000.358437: sys_exit: NR 0 = 3265
           mandb-16366 [001] ....  2000.358439: sys_enter: NR 0 (6, 55bc6cc91af1, 133f, 9, 0, 0)
           mandb-16366 [001] ....  2000.358440: sys_exit: NR 0 = 0
           mandb-16366 [001] ....  2000.358463: sys_enter: NR 5 (1, 7ffc9ba92bc0, 7ffc9ba92bc0, 3c20656c62696148, 7f7d6b7ba760, 206f6e7572422029)
           mandb-16366 [001] ....  2000.358465: sys_exit: NR 5 = 0
           mandb-16366 [001] ....  2000.358470: sys_enter: NR 3 (6, 55bc6c952010, 55bc6c952010, 9, 0, 206f6e7572422029)
           mandb-16366 [001] ....  2000.358471: sys_exit: NR 3 = 0
           mandb-16366 [001] ....  2000.358590: sys_enter: NR 1 (1, 55bc6cc98a50, cc1, c, 0, 0)
           mandb-16366 [001] ....  2000.358590: sys_exit: NR 1 = 3265
           mandb-16366 [001] ....  2000.358590: sys_enter: NR 231 (0, 3c, 0, c, e7, ffffffffffffff78)
           mandb-16366 [001] d...  2000.358590: sched_switch: prev_comm=mandb prev_pid=16366 prev_prio=120 prev_state=Z ==> next_comm=swapper/1 next_pid=0 next_prio=120
          <idle>-0     [001] d...  2000.358590: sched_switch: prev_comm=swapper/1 prev_pid=0 prev_prio=120 prev_state=R ==> next_comm=kworker/1:3 next_pid=370 next_prio=120
           <...>-370   [001] d...  2000.358590: sched_switch: prev_comm=kworker/1:3 prev_pid=370 prev_prio=120 prev_state=I ==> next_comm=swapper/1 next_pid=0 next_prio=120
          <idle>-0     [002] d...  2000.359296: sched_switch: prev_comm=swapper/2 prev_pid=0 prev_prio=120 prev_state=R ==> next_comm=rcu_sched next_pid=10 next_prio=120
       rcu_sched-10    [002] d...  2000.359305: sched_switch: prev_comm=rcu_sched prev_pid=10 prev_prio=120 prev_state=I ==> next_comm=swapper/2 next_pid=0 next_prio=120
           <...>-7690  [000] d...  2000.362979: sched_switch: prev_comm=kworker/u8:2 prev_pid=7690 prev_prio=120 prev_state=R+ ==> next_comm=kworker/0:1H next_pid=105 next_prio=100
    kworker/0:1H-105   [000] d...  2000.362979: sched_switch: prev_comm=kworker/0:1H prev_pid=105 prev_prio=100 prev_state=I ==> next_comm=ksoftirqd/0 next_pid=9 next_prio=120
          <idle>-0     [002] d...  2000.364231: sched_switch: prev_comm=swapper/2 prev_pid=0 prev_prio=120 prev_state=R ==> next_comm=rcu_sched next_pid=10 next_prio=120
       rcu_sched-10    [002] d...  2000.364237: sched_switch: prev_comm=rcu_sched prev_pid=10 prev_prio=120 prev_state=I ==> next_comm=swapper/2 next_pid=0 next_prio=120
           <...>-9     [000] d...  2000.366096: sched_switch: prev_comm=ksoftirqd/0 prev_pid=9 prev_prio=120 prev_state=S ==> next_comm=kworker/u8:2 next_pid=7690 next_prio=120
           <...>-7690  [000] d...  2000.366100: sched_switch: prev_comm=kworker/u8:2 prev_pid=7690 prev_prio=120 prev_state=I ==> next_comm=mandb next_pid=16365 next_prio=120
           mandb-16365 [000] ....  2000.366111: sys_enter: NR 3 (6, 0, 0, 7f7d6c21ca10, 7f7d6c21c740, 55bc6cc72ab0)
           mandb-16365 [000] ....  2000.366113: sys_exit: NR 3 = 0
           mandb-16365 [000] ....  2000.366114: sys_enter: NR 3 (8, 0, 0, 7f7d6c21ca10, 7f7d6c21c740, 55bc6cc72ab0)
           mandb-16365 [000] ....  2000.366115: sys_exit: NR 3 = 0
           mandb-16365 [000] ....  2000.366123: sys_enter: NR 14 (2, 7ffc9ba93f30, 0, 8, 7f7d6c21c740, 55bc6cc72ab0)
           mandb-16365 [000] ....  2000.366124: sys_exit: NR 14 = 0
          <idle>-0     [002] d...  2000.366124: sched_switch: prev_comm=swapper/2 prev_pid=0 prev_prio=120 prev_state=R ==> next_comm=rcu_sched next_pid=10 next_prio=120
           mandb-16365 [000] ....  2000.366206: sys_enter: NR 0 (7, 55bc6cc90e30, 1000, 55bc6c952010, 0, 0)
           mandb-16365 [000] ....  2000.366206: sys_exit: NR 0 = 3265
       rcu_sched-10    [002] d...  2000.366206: sched_switch: prev_comm=rcu_sched prev_pid=10 prev_prio=120 prev_state=I ==> next_comm=swapper/2 next_pid=0 next_prio=120
           mandb-16365 [000] ....  2000.366206: sys_enter: NR 257 (ffffff9c, 7f7d6b5855b0, 0, 0, 0, 0)
           mandb-16365 [000] ....  2000.366206: sys_exit: NR 257 = 6
           mandb-16365 [000] ....  2000.366206: sys_enter: NR 5 (6, 7ffc9ba93c30, 7ffc9ba93c30, 0, 0, 0)
           mandb-16365 [000] ....  2000.366206: sys_exit: NR 5 = 0
           mandb-16365 [000] ....  2000.366206: sys_enter: NR 9 (0, 6708, 1, 1, 6, 0)
           mandb-16365 [000] ....  2000.366206: sys_exit: NR 9 = 140176661839872
           mandb-16365 [000] ....  2000.366206: sys_enter: NR 3 (6, 6708, 1, 1, 6, 0)
           mandb-16365 [000] ....  2000.366206: sys_exit: NR 3 = 0
           mandb-16365 [000] ....  2000.366206: sys_enter: NR 0 (7, 55bc6cc72a71, f33f, 100010000ffff, 7f7d6b7b9c40, ffffffff00000000)
           mandb-16365 [000] ....  2000.366206: sys_exit: NR 0 = 0
           mandb-16365 [000] ....  2000.366206: sys_enter: NR 0 (7, 55bc6cc72a71, f33f, 100010000ffff, 7f7d6b7b9c40, ffffffff00000000)
           mandb-16365 [000] ....  2000.366206: sys_exit: NR 0 = 0
           mandb-16365 [000] ....  2000.366206: sys_enter: NR 12 (55bc6ccd0000, 7f7d6b7b9c40, 2de70, fffffffffffff000, 7f7d6b7ba2c0, 0)
           mandb-16365 [000] ....  2000.366206: sys_exit: NR 12 = 94267767586816
           mandb-16365 [000] ....  2000.366206: sys_enter: NR 5 (1, 7ffc9ba93d60, 7ffc9ba93d60, 3c20656c62696148, 7f7d6b7ba760, 206f6e7572422029)
           mandb-16365 [000] ....  2000.366206: sys_exit: NR 5 = 0
           mandb-16365 [000] ....  2000.366206: sys_enter: NR 0 (7, 55bc6cc71db0, 10000, 2f67726f2e6c656e, 55bc6cc90e00, 72656b2e7777772f)
           mandb-16365 [000] ....  2000.366206: sys_exit: NR 0 = 0
           mandb-16365 [000] ....  2000.366206: sys_enter: NR 0 (7, 55bc6cc71db0, 10000, 2f67726f2e6c656e, 55bc6cc90e00, 72656b2e7777772f)
           mandb-16365 [000] ....  2000.366206: sys_exit: NR 0 = 0
           mandb-16365 [000] ....  2000.366206: sys_enter: NR 3 (7, 0, 0, 2f67726f2e6c656e, 55bc6cc90e00, 72656b2e7777772f)
           mandb-16365 [000] ....  2000.366206: sys_exit: NR 3 = 0
           mandb-16365 [000] ....  2000.366206: sys_enter: NR 61 (ffffffff, 7ffc9ba93f74, 0, 0, 55bc6cc90e00, 72656b2e7777772f)
           mandb-16365 [000] ....  2000.366206: sys_exit: NR 61 = 16366
           mandb-16365 [000] ....  2000.366206: sys_enter: NR 1 (1, 55bc6cc90e30, cc1, c, 0, 0)
           mandb-16365 [000] ....  2000.366401: sys_exit: NR 1 = 3265
           mandb-16365 [000] ....  2000.366401: sys_enter: NR 231 (0, 3c, 0, c, e7, ffffffffffffff78)
          <idle>-0     [002] d...  2000.366591: sched_switch: prev_comm=swapper/2 prev_pid=0 prev_prio=120 prev_state=R ==> next_comm=kworker/2:2 next_pid=108 next_prio=120
           mandb-16365 [000] d...  2000.366591: sched_switch: prev_comm=mandb prev_pid=16365 prev_prio=120 prev_state=Z ==> next_comm=swapper/0 next_pid=0 next_prio=120
     kworker/2:2-108   [002] d...  2000.367533: sched_switch: prev_comm=kworker/2:2 prev_pid=108 prev_prio=120 prev_state=I ==> next_comm=mandb next_pid=1258 next_prio=120
           <...>-1258  [002] ....  2000.367539: sys_exit: NR 0 = 1024
           <...>-1258  [002] ....  2000.367546: sys_enter: NR 61 (ffffffff, 7ffc9ba93ce4, 1, 0, 7ffc9ba94240, 1)
           <...>-1258  [002] ....  2000.367553: sys_exit: NR 61 = 16365
           <...>-1258  [002] ....  2000.367555: sys_enter: NR 61 (ffffffff, 7ffc9ba93ce4, 1, 0, 8, 55bc6cc6e3c4)
           <...>-1258  [002] ....  2000.367555: sys_exit: NR 61 = -10
           <...>-1258  [002] ....  2000.367557: sys_enter: NR 15 (ffffffff, 7ffc9ba93ce4, ffffffffffffff78, 0, 8, 55bc6cc6e3c4)
           <...>-1258  [002] ....  2000.367558: sys_exit: NR -1 = 1024
           <...>-1258  [002] ....  2000.367590: sys_enter: NR 0 (6, 55bc6cb3b6b0, 400, 55bc6c953400, 7ffc9ba94240, 2e)
           <...>-1258  [002] ....  2000.367593: sys_exit: NR 0 = 1024
           <...>-1258  [002] ....  2000.367610: sys_enter: NR 0 (6, 55bc6cb3b6b0, 400, 55bc6c953400, 7ffc9ba94240, 65)
           <...>-1258  [002] ....  2000.367611: sys_exit: NR 0 = 1024
           <...>-1258  [002] ....  2000.367629: sys_enter: NR 0 (6, 55bc6cb3b6b0, 400, 55bc6c953400, 7ffc9ba94240, 6f)
           <...>-1258  [002] ....  2000.367630: sys_exit: NR 0 = 193
           <...>-1258  [002] ....  2000.367635: sys_enter: NR 0 (6, 55bc6cb3b6b0, 400, 55bc6c953400, 7ffc9ba94240, a)
           <...>-1258  [002] ....  2000.367635: sys_exit: NR 0 = 0
           <...>-1258  [002] ....  2000.367638: sys_enter: NR 3 (6, 0, 0, 1, 7ffc9ba94240, 0)
           <...>-1258  [002] ....  2000.367639: sys_exit: NR 3 = 0
           <...>-1258  [002] ....  2000.367780: sys_enter: NR 6 (55bc6cc1acf0, 7ffc9ba94460, 7ffc9ba94460, 55bc6cc6e640, fe3e, 7f7d6b53c430)
           <...>-1258  [002] ....  2000.367792: sys_exit: NR 6 = 0
           <...>-1258  [002] ....  2000.367799: sys_enter: NR 4 (55bc6cc6f100, 7ffc9ba942b0, 7ffc9ba942b0, 6d2f6e616d2f6572, f1e, 6168732f7273752f)
           <...>-1258  [002] ....  2000.367801: sys_exit: NR 4 = 0
           <...>-1258  [002] ....  2000.367802: sys_enter: NR 4 (55bc6cc71260, 7ffc9ba941d0, 7ffc9ba941d0, 6d2f6e616d2f6572, fe7a, 6168732f7273752f)
           <...>-1258  [002] ....  2000.367804: sys_exit: NR 4 = 0
           <...>-1258  [002] ....  2000.367816: sys_enter: NR 14 (0, 7ffc9ba94130, 7ffc9ba941b0, 8, fe02, 6168732f7273752f)
           <...>-1258  [002] ....  2000.367817: sys_exit: NR 14 = 0
           <...>-1258  [002] ....  2000.367819: sys_enter: NR 14 (2, 7ffc9ba941b0, 0, 8, 55bc6cc70cb0, 55bc6cc6fc20)
           <...>-1258  [002] ....  2000.367819: sys_exit: NR 14 = 0
           <...>-1258  [002] ....  2000.367820: sys_enter: NR 257 (ffffff9c, 55bc6cc71540, 0, 0, 55bc6cc70cb0, 55bc6cc6fc20)
           <...>-1258  [002] ....  2000.367827: sys_exit: NR 257 = 6
           <...>-1258  [002] ....  2000.367848: sys_enter: NR 22 (7ffc9ba94128, 55bc6cc71540, 0, 0, 55bc6cc70cb0, 55bc6cc6fc20)
           <...>-1258  [002] ....  2000.367855: sys_exit: NR 22 = 0
           <...>-1258  [002] ....  2000.367856: sys_enter: NR 14 (0, 7ffc9ba94130, 7ffc9ba941b0, 8, 55bc6cc70cb0, 55bc6cc6fc20)
           <...>-1258  [002] ....  2000.367856: sys_exit: NR 14 = 0
           <...>-1258  [002] ....  2000.367858: sys_enter: NR 56 (1200011, 0, 0, 7f7d6c21ca10, 7f7d6c21c740, 55bc6cc6fc20)
           <...>-1258  [002] ....  2000.368559: sys_exit: NR 56 = 16367
           <...>-1258  [002] ....  2000.368601: sys_enter: NR 3 (6, 0, 0, 7f7d6c21ca10, 7f7d6c21c740, 55bc6cc6fc20)
           <...>-1258  [002] ....  2000.368603: sys_exit: NR 3 = 0
           <...>-1258  [002] ....  2000.368604: sys_enter: NR 3 (8, 0, 0, 7f7d6c21ca10, 7f7d6c21c740, 55bc6cc6fc20)
           <...>-1258  [002] ....  2000.368605: sys_exit: NR 3 = 0
           <...>-1258  [002] ....  2000.368622: sys_enter: NR 14 (2, 7ffc9ba941b0, 0, 8, 7f7d6c21c740, 55bc6cc6fc20)
           <...>-1258  [002] ....  2000.368624: sys_exit: NR 14 = 0
           <...>-1258  [002] ....  2000.368706: sys_enter: NR 0 (7, 55bc6cc715a0, 1000, 55bc6c952010, 7f7d6b7b9cb0, 0)
           <...>-1258  [002] d...  2000.368713: sched_switch: prev_comm=mandb prev_pid=1258 prev_prio=120 prev_state=S ==> next_comm=swapper/2 next_pid=0 next_prio=120
          <idle>-0     [001] d...  2000.368942: sched_switch: prev_comm=swapper/1 prev_pid=0 prev_prio=120 prev_state=R ==> next_comm=mandb next_pid=16367 next_prio=120
           mandb-16367 [001] ....  2000.368960: sys_exit: NR 56 = 0
           mandb-16367 [001] ....  2000.369028: sys_enter: NR 13 (1, 0, 7ffc9ba93f80, 8, 7ffc9ba94030, 55bc6cc6fc20)
           mandb-16367 [001] ....  2000.369035: sys_exit: NR 13 = 0
           mandb-16367 [001] ....  2000.369036: sys_enter: NR 13 (2, 0, 7ffc9ba93f80, 8, 7ffc9ba94030, 55bc6cc6fc20)
           mandb-16367 [001] ....  2000.369037: sys_exit: NR 13 = 0
           mandb-16367 [001] ....  2000.369038: sys_enter: NR 13 (2, 7ffc9ba93ee0, 0, 8, 0, 55bc6cc6fc20)
           mandb-16367 [001] ....  2000.369038: sys_exit: NR 13 = 0
           mandb-16367 [001] ....  2000.369039: sys_enter: NR 13 (f, 0, 7ffc9ba93f80, 8, 7ffc9ba94030, 55bc6cc6fc20)
           mandb-16367 [001] ....  2000.369039: sys_exit: NR 13 = 0
           mandb-16367 [001] ....  2000.369040: sys_enter: NR 13 (f, 7ffc9ba93ee0, 0, 8, 0, 55bc6cc6fc20)
           mandb-16367 [001] ....  2000.369041: sys_exit: NR 13 = 0
           mandb-16367 [001] ....  2000.369046: sys_enter: NR 33 (6, 0, 0, 8, 0, 55bc6cc6fc20)
           mandb-16367 [001] ....  2000.369048: sys_exit: NR 33 = 0
           mandb-16367 [001] ....  2000.369049: sys_enter: NR 3 (6, 0, 0, 8, 0, 55bc6cc6fc20)
           mandb-16367 [001] ....  2000.369049: sys_exit: NR 3 = 0
           mandb-16367 [001] ....  2000.369050: sys_enter: NR 33 (8, 1, 0, 8, 0, 55bc6cc6fc20)
           mandb-16367 [001] ....  2000.369051: sys_exit: NR 33 = 1
           mandb-16367 [001] ....  2000.369052: sys_enter: NR 3 (8, 1, 0, 8, 0, 55bc6cc6fc20)
           mandb-16367 [001] ....  2000.369052: sys_exit: NR 3 = 0
           mandb-16367 [001] ....  2000.369053: sys_enter: NR 3 (7, 1, 0, 8, 0, 55bc6cc6fc20)
           mandb-16367 [001] ....  2000.369054: sys_exit: NR 3 = 0
           mandb-16367 [001] ....  2000.369089: sys_enter: NR 157 (15, 0, 0, 0, 0, 3)
           mandb-16367 [001] ....  2000.369091: sys_exit: NR 157 = 0
          <idle>-0     [002] d...  2000.369355: sched_switch: prev_comm=swapper/2 prev_pid=0 prev_prio=120 prev_state=R ==> next_comm=rcu_sched next_pid=10 next_prio=120
       rcu_sched-10    [002] d...  2000.369360: sched_switch: prev_comm=rcu_sched prev_pid=10 prev_prio=120 prev_state=I ==> next_comm=swapper/2 next_pid=0 next_prio=120
           mandb-16367 [001] ....  2000.369730: sys_enter: NR 12 (55bc6cca2000, 7f7d6b7b9c40, 20040, fffffffffffff000, 7ffc9ba93688, 0)
           mandb-16367 [001] ....  2000.369730: sys_exit: NR 12 = 94267767398400
           mandb-16367 [001] ....  2000.369730: sys_enter: NR 157 (26, 1, 0, 0, 0, 1)
           mandb-16367 [001] ....  2000.369730: sys_exit: NR 157 = 0
           mandb-16367 [001] ....  2000.369730: sys_enter: NR 317 (0, 1, 0, ffff, 1, 55bc6c9522a0)
           mandb-16367 [001] ....  2000.369730: sys_exit: NR 317 = -22
           mandb-16367 [001] ....  2000.369730: sys_enter: NR 317 (1, 0, 55bc6cc6fc30, 1, 55bc6c9522a0, 55bc6c952280)
          <idle>-0     [002] d...  2000.378742: sched_switch: prev_comm=swapper/2 prev_pid=0 prev_prio=120 prev_state=R ==> next_comm=rcu_sched next_pid=10 next_prio=120
       rcu_sched-10    [002] d...  2000.378749: sched_switch: prev_comm=rcu_sched prev_pid=10 prev_prio=120 prev_state=I ==> next_comm=swapper/2 next_pid=0 next_prio=120
           mandb-16367 [001] ....  2000.378749: sys_exit: NR 317 = 0
           mandb-16367 [001] ....  2000.378749: sys_enter: NR 32 (0, 0, 55bc6cbb5fd0, 1, 55bc6c9522a0, 55bc6c952280)
           mandb-16367 [001] ....  2000.378749: sys_exit: NR 32 = 6
           mandb-16367 [001] ....  2000.378749: sys_enter: NR 8 (6, 0, 1, 9, 55bc6cbcaf90, 6)
           mandb-16367 [001] ....  2000.378749: sys_exit: NR 8 = 0
           mandb-16367 [001] ....  2000.378749: sys_enter: NR 0 (6, 55bc6cc90eb0, 2000, 9, 0, 0)
           mandb-16367 [001] d...  2000.379674: sched_switch: prev_comm=mandb prev_pid=16367 prev_prio=120 prev_state=D ==> next_comm=swapper/1 next_pid=0 next_prio=120
          <idle>-0     [002] d...  2000.384306: sched_switch: prev_comm=swapper/2 prev_pid=0 prev_prio=120 prev_state=R ==> next_comm=rcu_sched next_pid=10 next_prio=120
       rcu_sched-10    [002] d...  2000.384324: sched_switch: prev_comm=rcu_sched prev_pid=10 prev_prio=120 prev_state=I ==> next_comm=swapper/2 next_pid=0 next_prio=120
          <idle>-0     [002] d...  2000.389747: sched_switch: prev_comm=swapper/2 prev_pid=0 prev_prio=120 prev_state=R ==> next_comm=rcu_sched next_pid=10 next_prio=120
       rcu_sched-10    [002] d...  2000.389757: sched_switch: prev_comm=rcu_sched prev_pid=10 prev_prio=120 prev_state=I ==> next_comm=swapper/2 next_pid=0 next_prio=120
          <idle>-0     [000] d...  2000.392780: sched_switch: prev_comm=swapper/0 prev_pid=0 prev_prio=120 prev_state=R ==> next_comm=ksoftirqd/0 next_pid=9 next_prio=120
           <...>-9     [000] d...  2000.392780: sched_switch: prev_comm=ksoftirqd/0 prev_pid=9 prev_prio=120 prev_state=S ==> next_comm=kworker/0:0 next_pid=5 next_prio=120
          <idle>-0     [002] d...  2000.400656: sched_switch: prev_comm=swapper/2 prev_pid=0 prev_prio=120 prev_state=R ==> next_comm=rcu_sched next_pid=10 next_prio=120
       rcu_sched-10    [002] d...  2000.400726: sched_switch: prev_comm=rcu_sched prev_pid=10 prev_prio=120 prev_state=I ==> next_comm=swapper/2 next_pid=0 next_prio=120
          <idle>-0     [001] d...  2000.401695: sched_switch: prev_comm=swapper/1 prev_pid=0 prev_prio=120 prev_state=R ==> next_comm=mandb next_pid=16367 next_prio=120
           mandb-16367 [001] ....  2000.401722: sys_exit: NR 0 = 1143
           mandb-16367 [001] ....  2000.401733: sys_enter: NR 0 (6, 55bc6cc91327, 1b89, 9, 0, 0)
           mandb-16367 [001] ....  2000.401738: sys_exit: NR 0 = 0
           mandb-16367 [001] ....  2000.401834: sys_enter: NR 5 (1, 7ffc9ba92e40, 7ffc9ba92e40, 6328207468676972, 7f7d6b7ba760, 79706f4320225c2e)
           mandb-16367 [001] ....  2000.401839: sys_exit: NR 5 = 0
           mandb-16367 [001] ....  2000.401850: sys_enter: NR 3 (6, 55bc6c952010, 55bc6c952010, 9, 0, 79706f4320225c2e)
           mandb-16367 [001] ....  2000.401853: sys_exit: NR 3 = 0
          <idle>-0     [002] d...  2000.401853: sched_switch: prev_comm=swapper/2 prev_pid=0 prev_prio=120 prev_state=R ==> next_comm=rcu_sched next_pid=10 next_prio=120
       rcu_sched-10    [002] d...  2000.401853: sched_switch: prev_comm=rcu_sched prev_pid=10 prev_prio=120 prev_state=I ==> next_comm=swapper/2 next_pid=0 next_prio=120
     kworker/0:0-5     [000] d...  2000.401853: sched_switch: prev_comm=kworker/0:0 prev_pid=5 prev_prio=120 prev_state=I ==> next_comm=sshd next_pid=765 next_prio=120
            sshd-765   [000] ....  2000.401853: sys_exit: NR 23 = 1
            sshd-765   [000] ....  2000.401853: sys_enter: NR 14 (0, 7ffd316778b0, 7ffd31677830, 8, 0, e00)
            sshd-765   [000] ....  2000.401853: sys_exit: NR 14 = 0
            sshd-765   [000] ....  2000.401853: sys_enter: NR 14 (2, 7ffd31677830, 0, 8, 0, e00)
            sshd-765   [000] ....  2000.401853: sys_exit: NR 14 = 0
            sshd-765   [000] ....  2000.401858: sys_enter: NR 228 (7, 7ffd316778d0, 7ffd316778d0, 8, 7ffd316c00f0, 7ffd316778d0)
            sshd-765   [000] ....  2000.401923: sys_exit: NR 228 = 0
            sshd-765   [000] ....  2000.401929: sys_enter: NR 0 (3, 7ffd31673940, 4000, 8, 7ffd316c00f0, 7ffd316778d0)
            sshd-765   [000] ....  2000.402491: sys_exit: NR 0 = 36
            sshd-765   [000] ....  2000.402520: sys_enter: NR 228 (7, 7ffd31677820, 7ffd31677820, 0, 7ffd316c00f0, 7ffd31677820)
           mandb-16367 [001] ....  2000.402520: sys_enter: NR 1 (1, 55bc6cc98ad0, 7b4, c, 0, 0)
            sshd-765   [000] ....  2000.402607: sys_exit: NR 228 = 0
            sshd-765   [000] ....  2000.402613: sys_enter: NR 23 (c, 555efd66bd50, 555efd66b0f0, 0, 0, e00)
            sshd-765   [000] ....  2000.402622: sys_exit: NR 23 = 1
            sshd-765   [000] ....  2000.402624: sys_enter: NR 14 (0, 7ffd316778b0, 7ffd31677830, 8, 0, e00)
            sshd-765   [000] ....  2000.402626: sys_exit: NR 14 = 0
            sshd-765   [000] ....  2000.402627: sys_enter: NR 14 (2, 7ffd31677830, 0, 8, 0, e00)
            sshd-765   [000] ....  2000.402627: sys_exit: NR 14 = 0
            sshd-765   [000] ....  2000.402629: sys_enter: NR 228 (7, 7ffd316778d0, 7ffd316778d0, 8, 7ffd316c00f0, 7ffd316778d0)
            sshd-765   [000] ....  2000.402685: sys_exit: NR 228 = 0
            sshd-765   [000] ....  2000.402691: sys_enter: NR 1 (9, 555efd670f90, 1, 8, 0, 0)
            sshd-765   [000] .N..  2000.402704: sys_exit: NR 1 = 1
            sshd-765   [000] d...  2000.402708: sched_switch: prev_comm=sshd prev_pid=765 prev_prio=120 prev_state=R ==> next_comm=kworker/u8:2 next_pid=7690 next_prio=120
           mandb-16367 [001] ....  2000.402708: sys_exit: NR 1 = 1972
           <...>-7690  [000] d...  2000.402720: sched_switch: prev_comm=kworker/u8:2 prev_pid=7690 prev_prio=120 prev_state=I ==> next_comm=bash next_pid=16209 next_prio=120
           mandb-16367 [001] ....  2000.402720: sys_enter: NR 231 (0, 3c, 0, c, e7, ffffffffffffff78)
           <...>-16209 [000] ....  2000.402730: sys_exit: NR 270 = 1
           <...>-16209 [000] ....  2000.402737: sys_enter: NR 0 (0, 7ffc11ae137f, 1, 0, 0, 7ffc11ae1330)
           <...>-16209 [000] ....  2000.402742: sys_exit: NR 0 = 1
           <...>-16209 [000] ....  2000.402753: sys_enter: NR 23 (1, 7ffc11ae1320, 0, 7ffc11ae13a0, 7ffc11ae1310, 7f85b6742260)
           <...>-16209 [000] ....  2000.402757: sys_exit: NR 23 = 0
           <...>-16209 [000] ....  2000.402793: sys_enter: NR 1 (2, 55c592275f20, 1, 0, 7f85b69c18b0, 7f85b7009740)
           <...>-16209 [000] .N..  2000.402798: sys_exit: NR 1 = 1
           <...>-16209 [000] d...  2000.402801: sched_switch: prev_comm=bash prev_pid=16209 prev_prio=120 prev_state=R ==> next_comm=kworker/u8:2 next_pid=7690 next_prio=120
           <...>-7690  [000] d...  2000.402804: sched_switch: prev_comm=kworker/u8:2 prev_pid=7690 prev_prio=120 prev_state=I ==> next_comm=bash next_pid=16209 next_prio=120
           <...>-16209 [000] ....  2000.402809: sys_enter: NR 270 (1, 7ffc11ae1400, 0, 0, 0, 7ffc11ae1330)
           <...>-16209 [000] d...  2000.402814: sched_switch: prev_comm=bash prev_pid=16209 prev_prio=120 prev_state=S ==> next_comm=sshd next_pid=765 next_prio=120
            sshd-765   [000] ....  2000.402818: sys_enter: NR 16 (9, 5401, 7ffd31677810, 8, 7ffd31677870, 0)
            sshd-765   [000] ....  2000.402822: sys_exit: NR 16 = 0
            sshd-765   [000] ....  2000.402827: sys_enter: NR 228 (7, 7ffd31677820, 7ffd31677820, 0, 7ffd316c00f0, 7ffd31677820)
            sshd-765   [000] ....  2000.402893: sys_exit: NR 228 = 0
            sshd-765   [000] ....  2000.402899: sys_enter: NR 23 (c, 555efd66bd50, 555efd66b0f0, 0, 0, e00)
            sshd-765   [000] ....  2000.402904: sys_exit: NR 23 = 1
            sshd-765   [000] ....  2000.402906: sys_enter: NR 14 (0, 7ffd316778b0, 7ffd31677830, 8, 0, e00)
            sshd-765   [000] ....  2000.402907: sys_exit: NR 14 = 0
            sshd-765   [000] ....  2000.402908: sys_enter: NR 14 (2, 7ffd31677830, 0, 8, 0, e00)
            sshd-765   [000] ....  2000.402909: sys_exit: NR 14 = 0
            sshd-765   [000] ....  2000.402911: sys_enter: NR 228 (7, 7ffd316778d0, 7ffd316778d0, 8, 7ffd316c00f0, 7ffd316778d0)
            sshd-765   [000] ....  2000.402967: sys_exit: NR 228 = 0
            sshd-765   [000] ....  2000.402973: sys_enter: NR 0 (b, 7ffd31673810, 4000, 8, 7ffd316c00f0, 7ffd316778d0)
            sshd-765   [000] ....  2000.402976: sys_exit: NR 0 = 1
            sshd-765   [000] ....  2000.402984: sys_enter: NR 39 (555efd66eeaf, 5, f, 0, 1, 100)
            sshd-765   [000] ....  2000.402985: sys_exit: NR 39 = 765
