           snapd-581   [002] d...  4347.101123: sched_switch: prev_comm=snapd prev_pid=581 prev_prio=120 prev_state=S ==> next_comm=snapd next_pid=580 next_prio=120
           snapd-580   [002] ....  4347.101123: sys_enter: NR 202 (c420052948, 0, 0, 0, 0, 0)
           snapd-580   [002] d...  4347.101123: sched_switch: prev_comm=snapd prev_pid=580 prev_prio=120 prev_state=S ==> next_comm=snapd next_pid=574 next_prio=120
           snapd-574   [002] ....  4347.101123: sys_enter: NR 270 (0, 0, 0, 0, 7f090c4c5db0, 0)
           snapd-613   [000] ....  4347.101415: sys_exit: NR 228 = 0
           snapd-613   [000] ....  4347.101427: sys_enter: NR 202 (c420053148, 0, 0, 0, 0, 0)
           snapd-613   [000] d...  4347.101448: sched_switch: prev_comm=snapd prev_pid=613 prev_prio=120 prev_state=S ==> next_comm=swapper/0 next_pid=0 next_prio=120
           snapd-634   [001] ....  4347.101497: sys_exit: NR 228 = 0
           snapd-634   [001] ....  4347.101516: sys_enter: NR 228 (1, 7f08eb7fde70, 7f08eb7fde70, 20, 7fffc29d8090, 7f08eb7fde70)
           snapd-634   [001] ....  4347.101599: sys_exit: NR 228 = 0
           snapd-634   [001] ....  4347.101610: sys_enter: NR 228 (1, 7f08eb7fde70, 7f08eb7fde70, 20, 7fffc29d8090, 7f08eb7fde70)
           snapd-634   [001] ....  4347.101689: sys_exit: NR 228 = 0
           snapd-634   [001] ....  4347.101695: sys_enter: NR 228 (1, 7f08eb7fde70, 7f08eb7fde70, 20, 7fffc29d8090, 7f08eb7fde70)
           snapd-634   [001] ....  4347.101842: sys_exit: NR 228 = 0
           snapd-634   [001] ....  4347.101852: sys_enter: NR 202 (c420053148, 1, 1, 0, 0, 0)
           snapd-634   [001] ....  4347.101860: sys_exit: NR 202 = 1
           snapd-634   [001] ....  4347.101862: sys_enter: NR 202 (c420052948, 1, 1, 0, 0, 0)
           snapd-634   [001] ....  4347.102124: sys_exit: NR 202 = 1
           snapd-634   [001] ....  4347.102131: sys_enter: NR 202 (c420052d48, 1, 1, 0, 0, 0)
           snapd-634   [001] ....  4347.102136: sys_exit: NR 202 = 1
           snapd-634   [001] ....  4347.102170: sys_enter: NR 202 (56434e5a69e8, 0, 0, 0, 0, 0)
           snapd-634   [001] d...  4347.102183: sched_switch: prev_comm=snapd prev_pid=634 prev_prio=120 prev_state=S ==> next_comm=swapper/1 next_pid=0 next_prio=120
          <idle>-0     [000] d...  4347.102442: sched_switch: prev_comm=swapper/0 prev_pid=0 prev_prio=120 prev_state=R ==> next_comm=snapd next_pid=613 next_prio=120
           snapd-613   [000] ....  4347.102447: sys_exit: NR 202 = 0
           snapd-613   [000] ....  4347.102455: sys_enter: NR 202 (c420053148, 0, 0, 0, 0, 0)
           snapd-613   [000] d...  4347.102485: sched_switch: prev_comm=snapd prev_pid=613 prev_prio=120 prev_state=S ==> next_comm=snapd next_pid=581 next_prio=120
           snapd-581   [000] ....  4347.102488: sys_exit: NR 202 = 0
           snapd-581   [000] ....  4347.102492: sys_enter: NR 202 (c420052d48, 0, 0, 0, 0, 0)
           snapd-581   [000] d...  4347.102497: sched_switch: prev_comm=snapd prev_pid=581 prev_prio=120 prev_state=S ==> next_comm=snapd next_pid=580 next_prio=120
           snapd-580   [000] ....  4347.102499: sys_exit: NR 202 = 0
           snapd-580   [000] ....  4347.102502: sys_enter: NR 202 (56434e5a69e8, 1, 1, 0, 0, 0)
           snapd-580   [000] ....  4347.102684: sys_exit: NR 202 = 1
           snapd-580   [000] ....  4347.102692: sys_enter: NR 202 (c420052948, 0, 0, 0, 0, 0)
           snapd-580   [000] d...  4347.102710: sched_switch: prev_comm=snapd prev_pid=580 prev_prio=120 prev_state=S ==> next_comm=swapper/0 next_pid=0 next_prio=120
           snapd-574   [002] d...  4347.103217: sched_switch: prev_comm=snapd prev_pid=574 prev_prio=120 prev_state=S ==> next_comm=swapper/2 next_pid=0 next_prio=120
          <idle>-0     [001] d...  4347.103600: sched_switch: prev_comm=swapper/1 prev_pid=0 prev_prio=120 prev_state=R ==> next_comm=snapd next_pid=634 next_prio=120
           snapd-634   [001] ....  4347.103600: sys_exit: NR 202 = 0
           snapd-634   [001] ....  4347.103600: sys_enter: NR 228 (1, 7f08eb7fde70, 7f08eb7fde70, 0, 7fffc29d8090, 7f08eb7fde70)
           snapd-634   [001] ....  4347.103600: sys_exit: NR 228 = 0
           snapd-634   [001] ....  4347.103600: sys_enter: NR 228 (0, 7f08eb7fde70, 7f08eb7fde70, 0, 7fffc29d8080, 7f08eb7fde70)
           snapd-634   [001] ....  4347.103600: sys_exit: NR 228 = 0
           snapd-634   [001] ....  4347.103600: sys_enter: NR 228 (1, 7f08eb7fde70, 7f08eb7fde70, 0, 7fffc29d8090, 7f08eb7fde70)
           snapd-634   [001] ....  4347.103600: sys_exit: NR 228 = 0
           snapd-634   [001] ....  4347.103600: sys_enter: NR 281 (6, 7f08eb7fd800, 80, 0, 0, 7f08eb7fde70)
           snapd-634   [001] ....  4347.103600: sys_exit: NR 281 = 0
           snapd-634   [001] ....  4347.103600: sys_enter: NR 228 (1, 7f08eb7fdd30, 7f08eb7fdd30, 0, 7fffc29d8090, 7f08eb7fdd30)
           snapd-634   [001] ....  4347.103600: sys_exit: NR 228 = 0
           snapd-634   [001] ....  4347.103600: sys_enter: NR 228 (1, 7f08eb7fddf0, 7f08eb7fddf0, 0, 7fffc29d8090, 7f08eb7fddf0)
           snapd-634   [001] ....  4347.103600: sys_exit: NR 228 = 0
           snapd-634   [001] ....  4347.103600: sys_enter: NR 202 (c420052948, 1, 1, 0, 0, 0)
           snapd-634   [001] ....  4347.103600: sys_exit: NR 202 = 1
           snapd-634   [001] ....  4347.103600: sys_enter: NR 228 (1, 7f08eb7fdd70, 7f08eb7fdd70, 0, 7fffc29d8090, 7f08eb7fdd70)
          <idle>-0     [002] d...  4347.104822: sched_switch: prev_comm=swapper/2 prev_pid=0 prev_prio=120 prev_state=R ==> next_comm=snapd next_pid=574 next_prio=120
           snapd-574   [002] ....  4347.106373: sys_exit: NR 270 = 0
          <idle>-0     [000] d...  4347.106373: sched_switch: prev_comm=swapper/0 prev_pid=0 prev_prio=120 prev_state=R ==> next_comm=snapd next_pid=580 next_prio=120
           snapd-574   [002] ....  4347.106381: sys_enter: NR 228 (1, 7f090c4c5db0, 7f090c4c5db0, 0, 7fffc29d8090, 7f090c4c5db0)
           snapd-580   [000] ....  4347.106381: sys_exit: NR 202 = 0
           snapd-580   [000] ....  4347.106381: sys_enter: NR 270 (0, 0, 0, 0, 7f090bcc4ce0, 0)
           snapd-634   [001] ....  4347.106477: sys_exit: NR 228 = 0
           snapd-574   [002] ....  4347.106477: sys_exit: NR 228 = 0
           snapd-574   [002] ....  4347.106477: sys_enter: NR 270 (0, 0, 0, 0, 7f090c4c5db0, 0)
           snapd-634   [001] ....  4347.106518: sys_enter: NR 228 (1, 7f08eb7fdc00, 7f08eb7fdc00, 8000, 7fffc29d8090, 7f08eb7fdc00)
           snapd-634   [001] ....  4347.106603: sys_exit: NR 228 = 0
           snapd-634   [001] ....  4347.106616: sys_enter: NR 228 (1, 7f08eb7fdc00, 7f08eb7fdc00, 8000, 7fffc29d8090, 7f08eb7fdc00)
           snapd-634   [001] ....  4347.106695: sys_exit: NR 228 = 0
           snapd-634   [001] ....  4347.106707: sys_enter: NR 228 (1, 7f08eb7fdc00, 7f08eb7fdc00, 1000, 7fffc29d8090, 7f08eb7fdc00)
           snapd-634   [001] ....  4347.106785: sys_exit: NR 228 = 0
           snapd-634   [001] ....  4347.106796: sys_enter: NR 228 (1, 7f08eb7fdc00, 7f08eb7fdc00, 8000, 7fffc29d8090, 7f08eb7fdc00)
           snapd-634   [001] ....  4347.106888: sys_exit: NR 228 = 0
           snapd-634   [001] ....  4347.106909: sys_enter: NR 228 (1, 7f08eb7fdc00, 7f08eb7fdc00, 1000, 7fffc29d8090, 7f08eb7fdc00)
           snapd-634   [001] ....  4347.107015: sys_exit: NR 228 = 0
           snapd-634   [001] ....  4347.107028: sys_enter: NR 228 (1, 7f08eb7fdc00, 7f08eb7fdc00, 8000, 7fffc29d8090, 7f08eb7fdc00)
           snapd-574   [002] d...  4347.107028: sched_switch: prev_comm=snapd prev_pid=574 prev_prio=120 prev_state=S ==> next_comm=swapper/2 next_pid=0 next_prio=120
           snapd-634   [001] ....  4347.107102: sys_exit: NR 228 = 0
           snapd-634   [001] ....  4347.107102: sys_enter: NR 228 (1, 7f08eb7fdc00, 7f08eb7fdc00, 8000, 7fffc29d8090, 7f08eb7fdc00)
           snapd-580   [000] d...  4347.107627: sched_switch: prev_comm=snapd prev_pid=580 prev_prio=120 prev_state=S ==> next_comm=swapper/0 next_pid=0 next_prio=120
           snapd-634   [001] ....  4347.108309: sys_exit: NR 228 = 0
           snapd-634   [001] ....  4347.108325: sys_enter: NR 228 (1, 7f08eb7fdc00, 7f08eb7fdc00, 1000, 7fffc29d8090, 7f08eb7fdc00)
          <idle>-0     [002] d...  4347.108325: sched_switch: prev_comm=swapper/2 prev_pid=0 prev_prio=120 prev_state=R ==> next_comm=snapd next_pid=574 next_prio=120
           snapd-574   [002] ....  4347.108325: sys_exit: NR 270 = 0
           snapd-574   [002] ....  4347.108325: sys_enter: NR 228 (1, 7f090c4c5db0, 7f090c4c5db0, 0, 7fffc29d8090, 7f090c4c5db0)
           snapd-574   [002] ....  4347.108325: sys_exit: NR 228 = 0
           snapd-574   [002] ....  4347.108325: sys_enter: NR 270 (0, 0, 0, 0, 7f090c4c5db0, 0)
           snapd-634   [001] ....  4347.108527: sys_exit: NR 228 = 0
           snapd-634   [001] ....  4347.108542: sys_enter: NR 228 (1, 7f08eb7fdc00, 7f08eb7fdc00, 8000, 7fffc29d8090, 7f08eb7fdc00)
           snapd-634   [001] ....  4347.108622: sys_exit: NR 228 = 0
           snapd-634   [001] ....  4347.108635: sys_enter: NR 228 (1, 7f08eb7fdc00, 7f08eb7fdc00, c0, 7fffc29d8090, 7f08eb7fdc00)
           snapd-634   [001] ....  4347.108714: sys_exit: NR 228 = 0
           snapd-634   [001] ....  4347.108726: sys_enter: NR 228 (1, 7f08eb7fdc00, 7f08eb7fdc00, 200, 7fffc29d8090, 7f08eb7fdc00)
           snapd-574   [002] d...  4347.108726: sched_switch: prev_comm=snapd prev_pid=574 prev_prio=120 prev_state=S ==> next_comm=swapper/2 next_pid=0 next_prio=120
           snapd-634   [001] ....  4347.108887: sys_exit: NR 228 = 0
           snapd-634   [001] ....  4347.108901: sys_enter: NR 228 (1, 7f08eb7fdc00, 7f08eb7fdc00, b0, 7fffc29d8090, 7f08eb7fdc00)
           snapd-634   [001] ....  4347.108982: sys_exit: NR 228 = 0
           snapd-634   [001] ....  4347.108994: sys_enter: NR 228 (1, 7f08eb7fdc00, 7f08eb7fdc00, 1000, 7fffc29d8090, 7f08eb7fdc00)
          <idle>-0     [000] d...  4347.108994: sched_switch: prev_comm=swapper/0 prev_pid=0 prev_prio=120 prev_state=R ==> next_comm=snapd next_pid=580 next_prio=120
           snapd-634   [001] ....  4347.110415: sys_exit: NR 228 = 0
           snapd-634   [001] ....  4347.110428: sys_enter: NR 228 (1, 7f08eb7fdc00, 7f08eb7fdc00, 1000, 7fffc29d8090, 7f08eb7fdc00)
           snapd-580   [000] ....  4347.110473: sys_exit: NR 270 = 0
           snapd-580   [000] ....  4347.110482: sys_enter: NR 202 (c420052948, 0, 0, 0, 0, 0)
           snapd-580   [000] d...  4347.110493: sched_switch: prev_comm=snapd prev_pid=580 prev_prio=120 prev_state=S ==> next_comm=swapper/0 next_pid=0 next_prio=120
          <idle>-0     [002] d...  4347.110493: sched_switch: prev_comm=swapper/2 prev_pid=0 prev_prio=120 prev_state=R ==> next_comm=snapd next_pid=574 next_prio=120
           snapd-634   [001] ....  4347.110509: sys_exit: NR 228 = 0
           snapd-634   [001] ....  4347.110522: sys_enter: NR 228 (1, 7f08eb7fdc00, 7f08eb7fdc00, a80, 7fffc29d8090, 7f08eb7fdc00)
           snapd-574   [002] ....  4347.110522: sys_exit: NR 270 = 0
           snapd-574   [002] ....  4347.110522: sys_enter: NR 228 (1, 7f090c4c5db0, 7f090c4c5db0, 0, 7fffc29d8090, 7f090c4c5db0)
           snapd-634   [001] ....  4347.110602: sys_exit: NR 228 = 0
           snapd-634   [001] ....  4347.110614: sys_enter: NR 228 (1, 7f08eb7fdc00, 7f08eb7fdc00, 80, 7fffc29d8090, 7f08eb7fdc00)
           snapd-574   [002] ....  4347.110614: sys_exit: NR 228 = 0
           snapd-574   [002] ....  4347.110614: sys_enter: NR 270 (0, 0, 0, 0, 7f090c4c5db0, 0)
           snapd-634   [001] ....  4347.110693: sys_exit: NR 228 = 0
           snapd-634   [001] ....  4347.110704: sys_enter: NR 228 (1, 7f08eb7fdc00, 7f08eb7fdc00, 1a0, 7fffc29d8090, 7f08eb7fdc00)
           snapd-634   [001] ....  4347.110805: sys_exit: NR 228 = 0
           snapd-634   [001] ....  4347.110820: sys_enter: NR 228 (1, 7f08eb7fdc00, 7f08eb7fdc00, 8000, 7fffc29d8090, 7f08eb7fdc00)
           snapd-574   [002] d...  4347.110820: sched_switch: prev_comm=snapd prev_pid=574 prev_prio=120 prev_state=S ==> next_comm=swapper/2 next_pid=0 next_prio=120
           snapd-634   [001] ....  4347.110911: sys_exit: NR 228 = 0
           snapd-634   [001] ....  4347.110924: sys_enter: NR 228 (1, 7f08eb7fdc00, 7f08eb7fdc00, 8000, 7fffc29d8090, 7f08eb7fdc00)
           snapd-634   [001] ....  4347.111442: sys_exit: NR 228 = 0
           snapd-634   [001] ....  4347.111452: sys_enter: NR 228 (1, 7f08eb7fdc00, 7f08eb7fdc00, 1000, 7fffc29d8090, 7f08eb7fdc00)
           snapd-634   [001] ....  4347.111513: sys_exit: NR 228 = 0
           snapd-634   [001] ....  4347.111860: sys_enter: NR 202 (c420052948, 1, 1, 0, 0, 0)
           snapd-634   [001] ....  4347.112018: sys_exit: NR 202 = 1
           snapd-634   [001] ....  4347.112041: sys_enter: NR 3 (3, 0, 0, 0, 0, 0)
           snapd-634   [001] ....  4347.112045: sys_exit: NR 3 = 0
          <idle>-0     [002] d...  4347.112183: sched_switch: prev_comm=swapper/2 prev_pid=0 prev_prio=120 prev_state=R ==> next_comm=snapd next_pid=574 next_prio=120
          <idle>-0     [000] d...  4347.112535: sched_switch: prev_comm=swapper/0 prev_pid=0 prev_prio=120 prev_state=R ==> next_comm=snapd next_pid=580 next_prio=120
           snapd-580   [000] ....  4347.112540: sys_exit: NR 202 = 0
           snapd-580   [000] ....  4347.112566: sys_enter: NR 202 (c420052d48, 1, 1, 0, 0, 0)
           snapd-574   [002] ....  4347.112566: sys_exit: NR 270 = 0
           snapd-580   [000] .N..  4347.112576: sys_exit: NR 202 = 1
           snapd-574   [002] ....  4347.112576: sys_enter: NR 228 (1, 7f090c4c5db0, 7f090c4c5db0, 0, 7fffc29d8090, 7f090c4c5db0)
           snapd-580   [000] d...  4347.112578: sched_switch: prev_comm=snapd prev_pid=580 prev_prio=120 prev_state=R ==> next_comm=snapd next_pid=581 next_prio=120
           snapd-581   [000] ....  4347.112579: sys_exit: NR 202 = 0
           snapd-581   [000] ....  4347.112584: sys_enter: NR 202 (c420052d48, 0, 0, 0, 0, 0)
           snapd-581   [000] d...  4347.112588: sched_switch: prev_comm=snapd prev_pid=581 prev_prio=120 prev_state=S ==> next_comm=snapd next_pid=580 next_prio=120
           snapd-580   [000] ....  4347.112596: sys_enter: NR 228 (1, 7f090bcc4d90, 7f090bcc4d90, 10, 7fffc29d8090, 7f090bcc4d90)
           snapd-574   [002] ....  4347.112596: sys_exit: NR 228 = 0
           snapd-574   [002] ....  4347.112596: sys_enter: NR 270 (0, 0, 0, 0, 7f090c4c5db0, 0)
           snapd-634   [001] ....  4347.112596: sys_enter: NR 202 (c420492148, 0, 0, 0, 0, 0)
           snapd-634   [001] d...  4347.112605: sched_switch: prev_comm=snapd prev_pid=634 prev_prio=120 prev_state=S ==> next_comm=swapper/1 next_pid=0 next_prio=120
           snapd-580   [000] ....  4347.112660: sys_exit: NR 228 = 0
           snapd-580   [000] ....  4347.112668: sys_enter: NR 202 (c420052948, 0, 0, 0, 0, 0)
           snapd-580   [000] d...  4347.112675: sched_switch: prev_comm=snapd prev_pid=580 prev_prio=120 prev_state=S ==> next_comm=swapper/0 next_pid=0 next_prio=120
           snapd-574   [002] d...  4347.112940: sched_switch: prev_comm=snapd prev_pid=574 prev_prio=120 prev_state=S ==> next_comm=swapper/2 next_pid=0 next_prio=120
          <idle>-0     [001] d...  4347.113556: sched_switch: prev_comm=swapper/1 prev_pid=0 prev_prio=120 prev_state=R ==> next_comm=rcu_sched next_pid=10 next_prio=120
       rcu_sched-10    [001] d...  4347.113564: sched_switch: prev_comm=rcu_sched prev_pid=10 prev_prio=120 prev_state=I ==> next_comm=swapper/1 next_pid=0 next_prio=120
          <idle>-0     [002] d...  4347.113932: sched_switch: prev_comm=swapper/2 prev_pid=0 prev_prio=120 prev_state=R ==> next_comm=snapd next_pid=574 next_prio=120
           snapd-574   [002] ....  4347.113992: sys_exit: NR 270 = 0
           snapd-574   [002] ....  4347.113997: sys_enter: NR 228 (1, 7f090c4c5d50, 7f090c4c5d50, 0, 7fffc29d8090, 7f090c4c5d50)
           snapd-574   [002] ....  4347.114351: sys_exit: NR 228 = 0
           snapd-574   [002] ....  4347.114358: sys_enter: NR 202 (56434e5a6430, 0, 0, 7f090c4c5d50, 0, 0)
           snapd-574   [002] d...  4347.114512: sched_switch: prev_comm=snapd prev_pid=574 prev_prio=120 prev_state=S ==> next_comm=swapper/2 next_pid=0 next_prio=120
          <idle>-0     [001] d...  4347.362314: sched_switch: prev_comm=swapper/1 prev_pid=0 prev_prio=120 prev_state=R ==> next_comm=rcu_sched next_pid=10 next_prio=120
       rcu_sched-10    [001] d...  4347.362339: sched_switch: prev_comm=rcu_sched prev_pid=10 prev_prio=120 prev_state=I ==> next_comm=swapper/1 next_pid=0 next_prio=120
          <idle>-0     [001] d...  4347.376352: sched_switch: prev_comm=swapper/1 prev_pid=0 prev_prio=120 prev_state=R ==> next_comm=rcu_sched next_pid=10 next_prio=120
       rcu_sched-10    [001] d...  4347.376367: sched_switch: prev_comm=rcu_sched prev_pid=10 prev_prio=120 prev_state=I ==> next_comm=swapper/1 next_pid=0 next_prio=120
          <idle>-0     [000] d...  4347.477634: sched_switch: prev_comm=swapper/0 prev_pid=0 prev_prio=120 prev_state=R ==> next_comm=sshd next_pid=765 next_prio=120
            sshd-765   [000] ....  4347.477634: sys_exit: NR 23 = 1
            sshd-765   [000] ....  4347.477634: sys_enter: NR 14 (0, 7ffd316778b0, 7ffd31677830, 8, 0, 1000)
            sshd-765   [000] ....  4347.477634: sys_exit: NR 14 = 0
            sshd-765   [000] ....  4347.477634: sys_enter: NR 14 (2, 7ffd31677830, 0, 8, 0, 1000)
            sshd-765   [000] ....  4347.477634: sys_exit: NR 14 = 0
            sshd-765   [000] ....  4347.477634: sys_enter: NR 228 (7, 7ffd316778d0, 7ffd316778d0, 8, 7ffd316c00f0, 7ffd316778d0)
            sshd-765   [000] ....  4347.477634: sys_exit: NR 228 = 0
            sshd-765   [000] ....  4347.477634: sys_enter: NR 0 (3, 7ffd31673940, 4000, 8, 7ffd316c00f0, 7ffd316778d0)
            sshd-765   [000] ....  4347.477634: sys_exit: NR 0 = 36
            sshd-765   [000] ....  4347.477634: sys_enter: NR 228 (7, 7ffd31677820, 7ffd31677820, 0, 7ffd316c00f0, 7ffd31677820)
            sshd-765   [000] ....  4347.480708: sys_exit: NR 228 = 0
            sshd-765   [000] ....  4347.480718: sys_enter: NR 23 (c, 555efd66bd50, 555efd66b0f0, 0, 0, 1000)
            sshd-765   [000] ....  4347.480732: sys_exit: NR 23 = 1
            sshd-765   [000] ....  4347.480735: sys_enter: NR 14 (0, 7ffd316778b0, 7ffd31677830, 8, 0, 1000)
            sshd-765   [000] ....  4347.480737: sys_exit: NR 14 = 0
            sshd-765   [000] ....  4347.480740: sys_enter: NR 14 (2, 7ffd31677830, 0, 8, 0, 1000)
            sshd-765   [000] ....  4347.480741: sys_exit: NR 14 = 0
            sshd-765   [000] ....  4347.480744: sys_enter: NR 228 (7, 7ffd316778d0, 7ffd316778d0, 8, 7ffd316c00f0, 7ffd316778d0)
            sshd-765   [000] ....  4347.480824: sys_exit: NR 228 = 0
            sshd-765   [000] ....  4347.480832: sys_enter: NR 1 (9, 555efd670f90, 1, 8, 0, 0)
            sshd-765   [000] ....  4347.481044: sys_exit: NR 1 = 1
            sshd-765   [000] ....  4347.481051: sys_enter: NR 16 (9, 5401, 7ffd31677810, 8, 7ffd31677870, 0)
            sshd-765   [000] ....  4347.481058: sys_exit: NR 16 = 0
            sshd-765   [000] ....  4347.481066: sys_enter: NR 228 (7, 7ffd31677820, 7ffd31677820, 0, 7ffd316c00f0, 7ffd31677820)
          <idle>-0     [001] d...  4347.481430: sched_switch: prev_comm=swapper/1 prev_pid=0 prev_prio=120 prev_state=R ==> next_comm=kworker/u8:1 next_pid=25598 next_prio=120
    kworker/u8:1-25598 [001] d...  4347.481679: sched_switch: prev_comm=kworker/u8:1 prev_pid=25598 prev_prio=120 prev_state=I ==> next_comm=swapper/1 next_pid=0 next_prio=120
            sshd-765   [000] .N..  4347.482063: sys_exit: NR 228 = 0
            sshd-765   [000] d...  4347.482071: sched_switch: prev_comm=sshd prev_pid=765 prev_prio=120 prev_state=R ==> next_comm=bash next_pid=25648 next_prio=120
            bash-25648 [000] ....  4347.482089: sys_exit: NR 270 = 1
            bash-25648 [000] ....  4347.482101: sys_enter: NR 0 (0, 7ffd5281617f, 1, 0, 0, 7ffd52816130)
            bash-25648 [000] ....  4347.482111: sys_exit: NR 0 = 1
            bash-25648 [000] ....  4347.482126: sys_enter: NR 23 (1, 7ffd52816120, 0, 7ffd528161a0, 7ffd52816110, 7f05ea393260)
            bash-25648 [000] ....  4347.482131: sys_exit: NR 23 = 0
            bash-25648 [000] ....  4347.482190: sys_enter: NR 1 (2, 55cde635d120, 1, 0, 7f05ea6128b0, 7f05eac5a740)
            bash-25648 [000] ....  4347.482411: sys_exit: NR 1 = 1
            bash-25648 [000] ....  4347.482423: sys_enter: NR 270 (1, 7ffd52816200, 0, 0, 0, 7ffd52816130)
            bash-25648 [000] d...  4347.482439: sched_switch: prev_comm=bash prev_pid=25648 prev_prio=120 prev_state=S ==> next_comm=sshd next_pid=765 next_prio=120
            sshd-765   [000] ....  4347.482451: sys_enter: NR 23 (c, 555efd66bd50, 555efd66b0f0, 0, 0, 1000)
            sshd-765   [000] d...  4347.482478: sched_switch: prev_comm=sshd prev_pid=765 prev_prio=120 prev_state=D ==> next_comm=swapper/0 next_pid=0 next_prio=120
          <idle>-0     [001] d...  4347.483446: sched_switch: prev_comm=swapper/1 prev_pid=0 prev_prio=120 prev_state=R ==> next_comm=kworker/u8:1 next_pid=25598 next_prio=120
    kworker/u8:1-25598 [001] d...  4347.483854: sched_switch: prev_comm=kworker/u8:1 prev_pid=25598 prev_prio=120 prev_state=I ==> next_comm=swapper/1 next_pid=0 next_prio=120
          <idle>-0     [000] d...  4347.484606: sched_switch: prev_comm=swapper/0 prev_pid=0 prev_prio=120 prev_state=R ==> next_comm=sshd next_pid=765 next_prio=120
            sshd-765   [000] ....  4347.484606: sys_exit: NR 23 = 1
            sshd-765   [000] ....  4347.484606: sys_enter: NR 14 (0, 7ffd316778b0, 7ffd31677830, 8, 0, 1000)
            sshd-765   [000] ....  4347.484606: sys_exit: NR 14 = 0
            sshd-765   [000] ....  4347.484606: sys_enter: NR 14 (2, 7ffd31677830, 0, 8, 0, 1000)
            sshd-765   [000] ....  4347.484606: sys_exit: NR 14 = 0
            sshd-765   [000] ....  4347.484606: sys_enter: NR 228 (7, 7ffd316778d0, 7ffd316778d0, 8, 7ffd316c00f0, 7ffd316778d0)
            sshd-765   [000] ....  4347.484606: sys_exit: NR 228 = 0
            sshd-765   [000] ....  4347.484606: sys_enter: NR 0 (b, 7ffd31673810, 4000, 8, 7ffd316c00f0, 7ffd316778d0)
            sshd-765   [000] ....  4347.484606: sys_exit: NR 0 = 1
            sshd-765   [000] ....  4347.484606: sys_enter: NR 39 (555efd66eeaf, 5, f, 0, 1, 100)
            sshd-765   [000] ....  4347.484606: sys_exit: NR 39 = 765
            sshd-765   [000] ....  4347.484606: sys_enter: NR 228 (7, 7ffd31677820, 7ffd31677820, 0, 7ffd316c00f0, 7ffd31677820)
            sshd-765   [000] ....  4347.484606: sys_exit: NR 228 = 0
            sshd-765   [000] ....  4347.484606: sys_enter: NR 23 (c, 555efd66bd50, 555efd66b0f0, 0, 0, 1000)
            sshd-765   [000] ....  4347.484606: sys_exit: NR 23 = 1
            sshd-765   [000] ....  4347.484606: sys_enter: NR 14 (0, 7ffd316778b0, 7ffd31677830, 8, 0, 1000)
            sshd-765   [000] ....  4347.484606: sys_exit: NR 14 = 0
            sshd-765   [000] ....  4347.484606: sys_enter: NR 14 (2, 7ffd31677830, 0, 8, 0, 1000)
            sshd-765   [000] ....  4347.484606: sys_exit: NR 14 = 0
            sshd-765   [000] ....  4347.484606: sys_enter: NR 228 (7, 7ffd316778d0, 7ffd316778d0, 8, 7ffd316c00f0, 7ffd316778d0)
            sshd-765   [000] ....  4347.484606: sys_exit: NR 228 = 0
            sshd-765   [000] ....  4347.484606: sys_enter: NR 1 (3, 555efd68cb50, 24, 8, 7ffd316c00f0, 7ffd316778d0)
            sshd-765   [000] d...  4347.489849: sched_switch: prev_comm=sshd prev_pid=765 prev_prio=120 prev_state=R+ ==> next_comm=ksoftirqd/0 next_pid=9 next_prio=120
     ksoftirqd/0-9     [000] d...  4347.489862: sched_switch: prev_comm=ksoftirqd/0 prev_pid=9 prev_prio=120 prev_state=S ==> next_comm=sshd next_pid=765 next_prio=120
            sshd-765   [000] ....  4347.489867: sys_exit: NR 1 = 36
            sshd-765   [000] ....  4347.489879: sys_enter: NR 228 (7, 7ffd31677820, 7ffd31677820, 0, 7ffd316c00f0, 7ffd31677820)
            sshd-765   [000] ....  4347.489942: sys_exit: NR 228 = 0
            sshd-765   [000] ....  4347.489949: sys_enter: NR 23 (c, 555efd66bd50, 555efd66b0f0, 0, 0, 1000)
            sshd-765   [000] d...  4347.489972: sched_switch: prev_comm=sshd prev_pid=765 prev_prio=120 prev_state=S ==> next_comm=swapper/0 next_pid=0 next_prio=120
          <idle>-0     [000] d...  4347.532854: sched_switch: prev_comm=swapper/0 prev_pid=0 prev_prio=120 prev_state=R ==> next_comm=sshd next_pid=765 next_prio=120
            sshd-765   [000] ....  4347.532854: sys_exit: NR 23 = 1
            sshd-765   [000] ....  4347.532854: sys_enter: NR 14 (0, 7ffd316778b0, 7ffd31677830, 8, 0, 1000)
            sshd-765   [000] ....  4347.532854: sys_exit: NR 14 = 0
            sshd-765   [000] ....  4347.532854: sys_enter: NR 14 (2, 7ffd31677830, 0, 8, 0, 1000)
            sshd-765   [000] ....  4347.532854: sys_exit: NR 14 = 0
            sshd-765   [000] ....  4347.532854: sys_enter: NR 228 (7, 7ffd316778d0, 7ffd316778d0, 8, 7ffd316c00f0, 7ffd316778d0)
            sshd-765   [000] ....  4347.532854: sys_exit: NR 228 = 0
            sshd-765   [000] ....  4347.532854: sys_enter: NR 0 (3, 7ffd31673940, 4000, 8, 7ffd316c00f0, 7ffd316778d0)
            sshd-765   [000] ....  4347.535236: sys_exit: NR 0 = 36
            sshd-765   [000] ....  4347.535262: sys_enter: NR 228 (7, 7ffd31677820, 7ffd31677820, 0, 7ffd316c00f0, 7ffd31677820)
            sshd-765   [000] ....  4347.535322: sys_exit: NR 228 = 0
            sshd-765   [000] ....  4347.535328: sys_enter: NR 23 (c, 555efd66bd50, 555efd66b0f0, 0, 0, 1000)
            sshd-765   [000] ....  4347.535359: sys_exit: NR 23 = 1
            sshd-765   [000] ....  4347.535361: sys_enter: NR 14 (0, 7ffd316778b0, 7ffd31677830, 8, 0, 1000)
            sshd-765   [000] ....  4347.535362: sys_exit: NR 14 = 0
            sshd-765   [000] ....  4347.535363: sys_enter: NR 14 (2, 7ffd31677830, 0, 8, 0, 1000)
            sshd-765   [000] ....  4347.535363: sys_exit: NR 14 = 0
            sshd-765   [000] ....  4347.535365: sys_enter: NR 228 (7, 7ffd316778d0, 7ffd316778d0, 8, 7ffd316c00f0, 7ffd316778d0)
            sshd-765   [000] ....  4347.535445: sys_exit: NR 228 = 0
            sshd-765   [000] ....  4347.535450: sys_enter: NR 1 (9, 555efd670f90, 1, 8, 0, 0)
            sshd-765   [000] ....  4347.535462: sys_exit: NR 1 = 1
            sshd-765   [000] ....  4347.535464: sys_enter: NR 16 (9, 5401, 7ffd31677810, 8, 7ffd31677870, 0)
            sshd-765   [000] ....  4347.535468: sys_exit: NR 16 = 0
            sshd-765   [000] ....  4347.535472: sys_enter: NR 228 (7, 7ffd31677820, 7ffd31677820, 0, 7ffd316c00f0, 7ffd31677820)
            sshd-765   [000] ....  4347.535573: sys_exit: NR 228 = 0
            sshd-765   [000] ....  4347.535579: sys_enter: NR 23 (c, 555efd66bd50, 555efd66b0f0, 0, 0, 1000)
            sshd-765   [000] d...  4347.535590: sched_switch: prev_comm=sshd prev_pid=765 prev_prio=120 prev_state=S ==> next_comm=swapper/0 next_pid=0 next_prio=120
          <idle>-0     [001] d...  4347.535605: sched_switch: prev_comm=swapper/1 prev_pid=0 prev_prio=120 prev_state=R ==> next_comm=kworker/u8:1 next_pid=25598 next_prio=120
    kworker/u8:1-25598 [001] d...  4347.535690: sched_switch: prev_comm=kworker/u8:1 prev_pid=25598 prev_prio=120 prev_state=I ==> next_comm=swapper/1 next_pid=0 next_prio=120
          <idle>-0     [000] d...  4347.536021: sched_switch: prev_comm=swapper/0 prev_pid=0 prev_prio=120 prev_state=R ==> next_comm=bash next_pid=25648 next_prio=120
            bash-25648 [000] ....  4347.536029: sys_exit: NR 270 = 1
            bash-25648 [000] ....  4347.536035: sys_enter: NR 0 (0, 7ffd5281617f, 1, 0, 0, 7ffd52816130)
            bash-25648 [000] ....  4347.536039: sys_exit: NR 0 = 1
            bash-25648 [000] ....  4347.536047: sys_enter: NR 23 (1, 7ffd52816120, 0, 7ffd528161a0, 7ffd52816110, 7f05ea393260)
            bash-25648 [000] ....  4347.536049: sys_exit: NR 23 = 0
            bash-25648 [000] ....  4347.536078: sys_enter: NR 1 (2, 55cde635d120, 1, 0, 7f05ea6128b0, 7f05eac5a740)
            bash-25648 [000] ....  4347.536306: sys_exit: NR 1 = 1
            bash-25648 [000] ....  4347.536318: sys_enter: NR 270 (1, 7ffd52816200, 0, 0, 0, 7ffd52816130)
            bash-25648 [000] d...  4347.536329: sched_switch: prev_comm=bash prev_pid=25648 prev_prio=120 prev_state=S ==> next_comm=swapper/0 next_pid=0 next_prio=120
          <idle>-0     [001] d...  4347.536622: sched_switch: prev_comm=swapper/1 prev_pid=0 prev_prio=120 prev_state=R ==> next_comm=kworker/u8:1 next_pid=25598 next_prio=120
    kworker/u8:1-25598 [001] d...  4347.536753: sched_switch: prev_comm=kworker/u8:1 prev_pid=25598 prev_prio=120 prev_state=I ==> next_comm=swapper/1 next_pid=0 next_prio=120
          <idle>-0     [000] d...  4347.537299: sched_switch: prev_comm=swapper/0 prev_pid=0 prev_prio=120 prev_state=R ==> next_comm=sshd next_pid=765 next_prio=120
            sshd-765   [000] ....  4347.537330: sys_exit: NR 23 = 1
            sshd-765   [000] ....  4347.537334: sys_enter: NR 14 (0, 7ffd316778b0, 7ffd31677830, 8, 0, 1000)
            sshd-765   [000] ....  4347.537335: sys_exit: NR 14 = 0
            sshd-765   [000] ....  4347.537336: sys_enter: NR 14 (2, 7ffd31677830, 0, 8, 0, 1000)
            sshd-765   [000] ....  4347.537337: sys_exit: NR 14 = 0
            sshd-765   [000] ....  4347.537339: sys_enter: NR 228 (7, 7ffd316778d0, 7ffd316778d0, 8, 7ffd316c00f0, 7ffd316778d0)
            sshd-765   [000] ....  4347.537392: sys_exit: NR 228 = 0
            sshd-765   [000] ....  4347.537397: sys_enter: NR 0 (b, 7ffd31673810, 4000, 8, 7ffd316c00f0, 7ffd316778d0)
            sshd-765   [000] ....  4347.537402: sys_exit: NR 0 = 1
            sshd-765   [000] ....  4347.537409: sys_enter: NR 39 (555efd66eeaf, 5, f, 0, 1, 100)
            sshd-765   [000] ....  4347.537410: sys_exit: NR 39 = 765
            sshd-765   [000] ....  4347.537415: sys_enter: NR 228 (7, 7ffd31677820, 7ffd31677820, 0, 7ffd316c00f0, 7ffd31677820)
            sshd-765   [000] ....  4347.537480: sys_exit: NR 228 = 0
            sshd-765   [000] ....  4347.537484: sys_enter: NR 23 (c, 555efd66bd50, 555efd66b0f0, 0, 0, 1000)
            sshd-765   [000] ....  4347.537487: sys_exit: NR 23 = 1
            sshd-765   [000] ....  4347.537489: sys_enter: NR 14 (0, 7ffd316778b0, 7ffd31677830, 8, 0, 1000)
            sshd-765   [000] ....  4347.537489: sys_exit: NR 14 = 0
            sshd-765   [000] ....  4347.537490: sys_enter: NR 14 (2, 7ffd31677830, 0, 8, 0, 1000)
            sshd-765   [000] ....  4347.537490: sys_exit: NR 14 = 0
            sshd-765   [000] ....  4347.537492: sys_enter: NR 228 (7, 7ffd316778d0, 7ffd316778d0, 8, 7ffd316c00f0, 7ffd316778d0)
            sshd-765   [000] ....  4347.537527: sys_exit: NR 228 = 0
            sshd-765   [000] ....  4347.537531: sys_enter: NR 1 (3, 555efd68cb50, 24, 8, 7ffd316c00f0, 7ffd316778d0)
            sshd-765   [000] d...  4347.539304: sched_switch: prev_comm=sshd prev_pid=765 prev_prio=120 prev_state=R+ ==> next_comm=ksoftirqd/0 next_pid=9 next_prio=120
     ksoftirqd/0-9     [000] d...  4347.539310: sched_switch: prev_comm=ksoftirqd/0 prev_pid=9 prev_prio=120 prev_state=S ==> next_comm=sshd next_pid=765 next_prio=120
            sshd-765   [000] ....  4347.539312: sys_exit: NR 1 = 36
            sshd-765   [000] ....  4347.539316: sys_enter: NR 228 (7, 7ffd31677820, 7ffd31677820, 0, 7ffd316c00f0, 7ffd31677820)
            sshd-765   [000] ....  4347.539349: sys_exit: NR 228 = 0
            sshd-765   [000] ....  4347.539352: sys_enter: NR 23 (c, 555efd66bd50, 555efd66b0f0, 0, 0, 1000)
            sshd-765   [000] d...  4347.539362: sched_switch: prev_comm=sshd prev_pid=765 prev_prio=120 prev_state=S ==> next_comm=swapper/0 next_pid=0 next_prio=120
          <idle>-0     [000] d...  4347.755458: sched_switch: prev_comm=swapper/0 prev_pid=0 prev_prio=120 prev_state=R ==> next_comm=ksoftirqd/0 next_pid=9 next_prio=120
     ksoftirqd/0-9     [000] d...  4347.755497: sched_switch: prev_comm=ksoftirqd/0 prev_pid=9 prev_prio=120 prev_state=S ==> next_comm=kworker/0:0 next_pid=25554 next_prio=120
     kworker/0:0-25554 [000] d...  4347.755846: sched_switch: prev_comm=kworker/0:0 prev_pid=25554 prev_prio=120 prev_state=I ==> next_comm=sshd next_pid=765 next_prio=120
            sshd-765   [000] ....  4347.755867: sys_exit: NR 23 = 1
            sshd-765   [000] ....  4347.755878: sys_enter: NR 14 (0, 7ffd316778b0, 7ffd31677830, 8, 0, 1000)
            sshd-765   [000] ....  4347.755881: sys_exit: NR 14 = 0
            sshd-765   [000] ....  4347.755882: sys_enter: NR 14 (2, 7ffd31677830, 0, 8, 0, 1000)
            sshd-765   [000] ....  4347.755883: sys_exit: NR 14 = 0
            sshd-765   [000] ....  4347.755888: sys_enter: NR 228 (7, 7ffd316778d0, 7ffd316778d0, 8, 7ffd316c00f0, 7ffd316778d0)
            sshd-765   [000] ....  4347.755961: sys_exit: NR 228 = 0
            sshd-765   [000] ....  4347.755968: sys_enter: NR 0 (3, 7ffd31673940, 4000, 8, 7ffd316c00f0, 7ffd316778d0)
          <idle>-0     [001] d...  4347.756207: sched_switch: prev_comm=swapper/1 prev_pid=0 prev_prio=120 prev_state=R ==> next_comm=kworker/1:0 next_pid=24272 next_prio=120
     kworker/1:0-24272 [001] d...  4347.756230: sched_switch: prev_comm=kworker/1:0 prev_pid=24272 prev_prio=120 prev_state=I ==> next_comm=swapper/1 next_pid=0 next_prio=120
          <idle>-0     [002] d...  4347.756434: sched_switch: prev_comm=swapper/2 prev_pid=0 prev_prio=120 prev_state=R ==> next_comm=kworker/2:2 next_pid=108 next_prio=120
     kworker/2:2-108   [002] d...  4347.756448: sched_switch: prev_comm=kworker/2:2 prev_pid=108 prev_prio=120 prev_state=I ==> next_comm=swapper/2 next_pid=0 next_prio=120
            sshd-765   [000] ....  4347.756450: sys_exit: NR 0 = 36
            sshd-765   [000] ....  4347.756476: sys_enter: NR 228 (7, 7ffd31677820, 7ffd31677820, 0, 7ffd316c00f0, 7ffd31677820)
            sshd-765   [000] ....  4347.756546: sys_exit: NR 228 = 0
            sshd-765   [000] ....  4347.756553: sys_enter: NR 23 (c, 555efd66bd50, 555efd66b0f0, 0, 0, 1000)
            sshd-765   [000] ....  4347.756564: sys_exit: NR 23 = 1
            sshd-765   [000] ....  4347.756566: sys_enter: NR 14 (0, 7ffd316778b0, 7ffd31677830, 8, 0, 1000)
            sshd-765   [000] ....  4347.756568: sys_exit: NR 14 = 0
            sshd-765   [000] ....  4347.756569: sys_enter: NR 14 (2, 7ffd31677830, 0, 8, 0, 1000)
            sshd-765   [000] ....  4347.756570: sys_exit: NR 14 = 0
            sshd-765   [000] ....  4347.756572: sys_enter: NR 228 (7, 7ffd316778d0, 7ffd316778d0, 8, 7ffd316c00f0, 7ffd316778d0)
            sshd-765   [000] ....  4347.756641: sys_exit: NR 228 = 0
            sshd-765   [000] ....  4347.756648: sys_enter: NR 1 (9, 555efd670f90, 1, 8, 0, 0)
            sshd-765   [000] ....  4347.756824: sys_exit: NR 1 = 1
            sshd-765   [000] ....  4347.756830: sys_enter: NR 16 (9, 5401, 7ffd31677810, 8, 7ffd31677870, 0)
            sshd-765   [000] ....  4347.756836: sys_exit: NR 16 = 0
            sshd-765   [000] ....  4347.756842: sys_enter: NR 228 (7, 7ffd31677820, 7ffd31677820, 0, 7ffd316c00f0, 7ffd31677820)
            sshd-765   [000] ....  4347.756913: sys_exit: NR 228 = 0
            sshd-765   [000] ....  4347.756920: sys_enter: NR 23 (c, 555efd66bd50, 555efd66b0f0, 0, 0, 1000)
            sshd-765   [000] d...  4347.756934: sched_switch: prev_comm=sshd prev_pid=765 prev_prio=120 prev_state=S ==> next_comm=swapper/0 next_pid=0 next_prio=120
          <idle>-0     [001] d...  4347.757280: sched_switch: prev_comm=swapper/1 prev_pid=0 prev_prio=120 prev_state=R ==> next_comm=kworker/u8:1 next_pid=25598 next_prio=120
    kworker/u8:1-25598 [001] d...  4347.757467: sched_switch: prev_comm=kworker/u8:1 prev_pid=25598 prev_prio=120 prev_state=I ==> next_comm=swapper/1 next_pid=0 next_prio=120
          <idle>-0     [000] d...  4347.758489: sched_switch: prev_comm=swapper/0 prev_pid=0 prev_prio=120 prev_state=R ==> next_comm=bash next_pid=25648 next_prio=120
            bash-25648 [000] ....  4347.758489: sys_exit: NR 270 = 1
            bash-25648 [000] ....  4347.758489: sys_enter: NR 0 (0, 7ffd5281617f, 1, 0, 0, 7ffd52816130)
            bash-25648 [000] ....  4347.758489: sys_exit: NR 0 = 1
            bash-25648 [000] ....  4347.758489: sys_enter: NR 4 (55cde634ee60, 7ffd52815e90, 7ffd52815e90, 55cde634ee61, 800, 2f78756e696c6c61)
            bash-25648 [000] ....  4347.758489: sys_exit: NR 4 = 0
            bash-25648 [000] ....  4347.758489: sys_enter: NR 4 (55cde634ee60, 7ffd52815e90, 7ffd52815e90, 55cde634ee61, 800, 2f78756e696c6c61)
            bash-25648 [000] ....  4347.758489: sys_exit: NR 4 = 0
            bash-25648 [000] ....  4347.758489: sys_enter: NR 4 (55cde634ee60, 7ffd52815e90, 7ffd52815e90, 55cde634ee61, 800, 2f78756e696c6c61)
            bash-25648 [000] ....  4347.758489: sys_exit: NR 4 = 0
            bash-25648 [000] ....  4347.758489: sys_enter: NR 4 (55cde634ee60, 7ffd52815e90, 7ffd52815e90, 55cde634ee61, 800, 2f78756e696c6c61)
            bash-25648 [000] ....  4347.758489: sys_exit: NR 4 = 0
            bash-25648 [000] ....  4347.758489: sys_enter: NR 257 (ffffff9c, 55cde634ee60, 90800, 0, 7f05ea610c40, 2f78756e696c6c61)
            bash-25648 [000] ....  4347.758489: sys_exit: NR 257 = 3
            bash-25648 [000] ....  4347.758489: sys_enter: NR 5 (3, 7ffd52815f20, 7ffd52815f20, 0, 7f05ea610c40, 2f78756e696c6c61)
            bash-25648 [000] ....  4347.758489: sys_exit: NR 5 = 0
            bash-25648 [000] ....  4347.758489: sys_enter: NR 78 (3, 55cde635e480, 8000, 55cde6321010, 7f05ea610da0, 0)
            bash-25648 [000] ....  4347.758489: sys_exit: NR 78 = 248
            bash-25648 [000] ....  4347.758489: sys_enter: NR 4 (55cde632f790, 7ffd52815f40, 7ffd52815f40, 55cde632f791, 0, 2f78756e696c6c61)
            bash-25648 [000] ....  4347.758489: sys_exit: NR 4 = 0
            bash-25648 [000] ....  4347.758489: sys_enter: NR 4 (55cde632f790, 7ffd52815f40, 7ffd52815f40, 55cde632f791, 0, 2f78756e696c6c61)
            bash-25648 [000] ....  4347.758489: sys_exit: NR 4 = 0
            bash-25648 [000] ....  4347.758489: sys_enter: NR 4 (55cde632f790, 7ffd52815f40, 7ffd52815f40, 55cde632f791, 0, 2f78756e696c6c61)
            bash-25648 [000] ....  4347.758489: sys_exit: NR 4 = 0
            bash-25648 [000] ....  4347.758489: sys_enter: NR 4 (55cde632f790, 7ffd52815f40, 7ffd52815f40, 55cde632f791, 0, 2f78756e696c6c61)
            bash-25648 [000] ....  4347.758489: sys_exit: NR 4 = 0
            bash-25648 [000] ....  4347.758489: sys_enter: NR 4 (55cde632f790, 7ffd52815f40, 7ffd52815f40, 55cde632f791, 0, 2f78756e696c6c61)
            bash-25648 [000] ....  4347.758489: sys_exit: NR 4 = 0
            bash-25648 [000] ....  4347.758489: sys_enter: NR 4 (55cde6334ed0, 7ffd52815fd0, 7ffd52815fd0, 55cde632f791, 0, 2f78756e696c6c61)
            bash-25648 [000] ....  4347.758489: sys_exit: NR 4 = 0
            bash-25648 [000] ....  4347.758489: sys_enter: NR 4 (55cde6334ed0, 7ffd52815ef0, 7ffd52815ef0, 55cde632f791, 0, 2f78756e696c6c61)
            bash-25648 [000] ....  4347.758489: sys_exit: NR 4 = 0
            bash-25648 [000] ....  4347.758489: sys_enter: NR 107 (55cde6334ed0, 7ffd52815ef0, 7ffd52815ef0, 55cde632f791, 0, 2f78756e696c6c61)
            bash-25648 [000] ....  4347.758489: sys_exit: NR 107 = 0
            bash-25648 [000] ....  4347.758489: sys_enter: NR 108 (55cde6334ed0, 7ffd52815ef0, 7ffd52815ef0, 55cde632f791, 0, 2f78756e696c6c61)
            bash-25648 [000] ....  4347.758489: sys_exit: NR 108 = 0
            bash-25648 [000] ....  4347.758489: sys_enter: NR 102 (55cde6334ed0, 7ffd52815ef0, 7ffd52815ef0, 55cde632f791, 0, 2f78756e696c6c61)
            bash-25648 [000] ....  4347.758489: sys_exit: NR 102 = 0
            bash-25648 [000] ....  4347.758489: sys_enter: NR 104 (55cde6334ed0, 7ffd52815ef0, 7ffd52815ef0, 55cde632f791, 0, 2f78756e696c6c61)
            bash-25648 [000] ....  4347.758489: sys_exit: NR 104 = 0
            bash-25648 [000] ....  4347.758489: sys_enter: NR 21 (55cde6334ed0, 1, 7ffd52815ef0, 55cde632f791, 0, 2f78756e696c6c61)
            bash-25648 [000] ....  4347.758489: sys_exit: NR 21 = 0
            bash-25648 [000] ....  4347.758489: sys_enter: NR 4 (55cde6334ed0, 7ffd52815ef0, 7ffd52815ef0, 55cde632f791, 0, 2f78756e696c6c61)
            bash-25648 [000] ....  4347.758489: sys_exit: NR 4 = 0
            bash-25648 [000] ....  4347.758489: sys_enter: NR 107 (55cde6334ed0, 7ffd52815ef0, 7ffd52815ef0, 55cde632f791, 0, 2f78756e696c6c61)
            bash-25648 [000] ....  4347.758489: sys_exit: NR 107 = 0
            bash-25648 [000] ....  4347.758489: sys_enter: NR 108 (55cde6334ed0, 7ffd52815ef0, 7ffd52815ef0, 55cde632f791, 0, 2f78756e696c6c61)
            bash-25648 [000] ....  4347.758489: sys_exit: NR 108 = 0
            bash-25648 [000] ....  4347.758489: sys_enter: NR 102 (55cde6334ed0, 7ffd52815ef0, 7ffd52815ef0, 55cde632f791, 0, 2f78756e696c6c61)
            bash-25648 [000] ....  4347.758489: sys_exit: NR 102 = 0
            bash-25648 [000] ....  4347.758489: sys_enter: NR 104 (55cde6334ed0, 7ffd52815ef0, 7ffd52815ef0, 55cde632f791, 0, 2f78756e696c6c61)
            bash-25648 [000] ....  4347.758489: sys_exit: NR 104 = 0
            bash-25648 [000] ....  4347.758489: sys_enter: NR 21 (55cde6334ed0, 4, 7ffd52815ef0, 55cde632f791, 0, 2f78756e696c6c61)
            bash-25648 [000] ....  4347.758489: sys_exit: NR 21 = 0
            bash-25648 [000] ....  4347.758489: sys_enter: NR 4 (55cde632f790, 7ffd52815f40, 7ffd52815f40, 55cde632f791, 0, 2f78756e696c6c61)
            bash-25648 [000] ....  4347.758489: sys_exit: NR 4 = 0
            bash-25648 [000] ....  4347.758489: sys_enter: NR 4 (55cde632f790, 7ffd52815f40, 7ffd52815f40, 55cde632f791, 0, 2f78756e696c6c61)
            bash-25648 [000] ....  4347.758489: sys_exit: NR 4 = 0
            bash-25648 [000] ....  4347.758489: sys_enter: NR 4 (55cde632f790, 7ffd52815f40, 7ffd52815f40, 55cde632f791, 0, 2f78756e696c6c61)
            bash-25648 [000] ....  4347.758489: sys_exit: NR 4 = 0
            bash-25648 [000] ....  4347.758489: sys_enter: NR 4 (55cde632f790, 7ffd52815f40, 7ffd52815f40, 55cde632f791, 0, 2f78756e696c6c61)
            bash-25648 [000] ....  4347.758489: sys_exit: NR 4 = 0
            bash-25648 [000] ....  4347.758489: sys_enter: NR 4 (55cde632f790, 7ffd52815f40, 7ffd52815f40, 55cde632f791, 0, 2f78756e696c6c61)
            bash-25648 [000] ....  4347.758489: sys_exit: NR 4 = 0
            bash-25648 [000] ....  4347.758489: sys_enter: NR 4 (55cde6334ef0, 7ffd52815fd0, 7ffd52815fd0, 55cde632f791, 0, 2f78756e696c6c61)
            bash-25648 [000] ....  4347.758489: sys_exit: NR 4 = 0
            bash-25648 [000] ....  4347.758489: sys_enter: NR 4 (55cde6334ef0, 7ffd52815ef0, 7ffd52815ef0, 55cde632f791, 0, 2f78756e696c6c61)
            bash-25648 [000] ....  4347.758489: sys_exit: NR 4 = 0
            bash-25648 [000] ....  4347.758489: sys_enter: NR 107 (55cde6334ef0, 7ffd52815ef0, 7ffd52815ef0, 55cde632f791, 0, 2f78756e696c6c61)
            bash-25648 [000] ....  4347.758489: sys_exit: NR 107 = 0
            bash-25648 [000] ....  4347.758489: sys_enter: NR 108 (55cde6334ef0, 7ffd52815ef0, 7ffd52815ef0, 55cde632f791, 0, 2f78756e696c6c61)
            bash-25648 [000] ....  4347.758489: sys_exit: NR 108 = 0
            bash-25648 [000] ....  4347.758489: sys_enter: NR 102 (55cde6334ef0, 7ffd52815ef0, 7ffd52815ef0, 55cde632f791, 0, 2f78756e696c6c61)
            bash-25648 [000] ....  4347.758489: sys_exit: NR 102 = 0
            bash-25648 [000] ....  4347.758489: sys_enter: NR 104 (55cde6334ef0, 7ffd52815ef0, 7ffd52815ef0, 55cde632f791, 0, 2f78756e696c6c61)
            bash-25648 [000] ....  4347.758489: sys_exit: NR 104 = 0
            bash-25648 [000] ....  4347.758489: sys_enter: NR 21 (55cde6334ef0, 1, 7ffd52815ef0, 55cde632f791, 0, 2f78756e696c6c61)
            bash-25648 [000] ....  4347.758489: sys_exit: NR 21 = -13
            bash-25648 [000] ....  4347.758489: sys_enter: NR 4 (55cde6334ef0, 7ffd52815ef0, 7ffd52815ef0, 55cde632f791, 0, 2f78756e696c6c61)
            bash-25648 [000] ....  4347.758489: sys_exit: NR 4 = 0
            bash-25648 [000] ....  4347.758489: sys_enter: NR 107 (55cde6334ef0, 7ffd52815ef0, 7ffd52815ef0, 55cde632f791, 0, 2f78756e696c6c61)
            bash-25648 [000] ....  4347.758489: sys_exit: NR 107 = 0
            bash-25648 [000] ....  4347.758489: sys_enter: NR 108 (55cde6334ef0, 7ffd52815ef0, 7ffd52815ef0, 55cde632f791, 0, 2f78756e696c6c61)
            bash-25648 [000] ....  4347.758489: sys_exit: NR 108 = 0
            bash-25648 [000] ....  4347.758489: sys_enter: NR 102 (55cde6334ef0, 7ffd52815ef0, 7ffd52815ef0, 55cde632f791, 0, 2f78756e696c6c61)
            bash-25648 [000] ....  4347.758489: sys_exit: NR 102 = 0
            bash-25648 [000] ....  4347.758489: sys_enter: NR 104 (55cde6334ef0, 7ffd52815ef0, 7ffd52815ef0, 55cde632f791, 0, 2f78756e696c6c61)
            bash-25648 [000] ....  4347.758489: sys_exit: NR 104 = 0
            bash-25648 [000] ....  4347.758489: sys_enter: NR 21 (55cde6334ef0, 4, 7ffd52815ef0, 55cde632f791, 0, 2f78756e696c6c61)
            bash-25648 [000] ....  4347.758489: sys_exit: NR 21 = 0
            bash-25648 [000] ....  4347.758489: sys_enter: NR 78 (3, 55cde635e480, 8000, 55cde632f791, 2, 2f78756e696c6c61)
            bash-25648 [000] ....  4347.758489: sys_exit: NR 78 = 0
            bash-25648 [000] ....  4347.758489: sys_enter: NR 3 (3, 0, 17b80, 55cde632f791, 2, 2f78756e696c6c61)
            bash-25648 [000] ....  4347.758489: sys_exit: NR 3 = 0
            bash-25648 [000] ....  4347.758489: sys_enter: NR 4 (55cde632f790, 7ffd52816010, 7ffd52816010, 55cde632f791, 0, 2f78756e696c6c61)
            bash-25648 [000] ....  4347.758489: sys_exit: NR 4 = 0
            bash-25648 [000] ....  4347.758489: sys_enter: NR 4 (55cde632f790, 7ffd52816010, 7ffd52816010, 55cde632f791, 0, 2f78756e696c6c61)
            bash-25648 [000] ....  4347.758489: sys_exit: NR 4 = 0
            bash-25648 [000] ....  4347.758489: sys_enter: NR 4 (55cde632f790, 7ffd52816010, 7ffd52816010, 55cde632f791, 0, 2f78756e696c6c61)
            bash-25648 [000] ....  4347.758489: sys_exit: NR 4 = 0
            bash-25648 [000] ....  4347.758489: sys_enter: NR 4 (55cde632f790, 7ffd52816010, 7ffd52816010, 55cde632f791, 0, 2f78756e696c6c61)
            bash-25648 [000] ....  4347.758489: sys_exit: NR 4 = 0
            bash-25648 [000] ....  4347.758489: sys_enter: NR 4 (55cde632f790, 7ffd52816010, 7ffd52816010, 55cde632f791, 0, 2f78756e696c6c61)
            bash-25648 [000] ....  4347.758489: sys_exit: NR 4 = 0
            bash-25648 [000] ....  4347.758489: sys_enter: NR 6 (55cde6334ed0, 7ffd52816170, 7ffd52816170, 55cde632f791, 0, 2f78756e696c6c61)
            bash-25648 [000] ....  4347.758489: sys_exit: NR 6 = 0
            bash-25648 [000] ....  4347.758489: sys_enter: NR 1 (2, 55cde635d120, c, 0, 7f05ea6128b0, 7f05eac5a740)
            bash-25648 [000] ....  4347.758489: sys_exit: NR 1 = 12
            bash-25648 [000] ....  4347.758489: sys_enter: NR 270 (1, 7ffd52816200, 0, 0, 0, 7ffd52816130)
            bash-25648 [000] d...  4347.758489: sched_switch: prev_comm=bash prev_pid=25648 prev_prio=120 prev_state=S ==> next_comm=swapper/0 next_pid=0 next_prio=120
          <idle>-0     [001] d...  4347.759442: sched_switch: prev_comm=swapper/1 prev_pid=0 prev_prio=120 prev_state=R ==> next_comm=kworker/u8:1 next_pid=25598 next_prio=120
    kworker/u8:1-25598 [001] d...  4347.759703: sched_switch: prev_comm=kworker/u8:1 prev_pid=25598 prev_prio=120 prev_state=I ==> next_comm=swapper/1 next_pid=0 next_prio=120
          <idle>-0     [001] d...  4347.759771: sched_switch: prev_comm=swapper/1 prev_pid=0 prev_prio=120 prev_state=R ==> next_comm=rcu_sched next_pid=10 next_prio=120
       rcu_sched-10    [001] d...  4347.759771: sched_switch: prev_comm=rcu_sched prev_pid=10 prev_prio=120 prev_state=I ==> next_comm=swapper/1 next_pid=0 next_prio=120
          <idle>-0     [000] d...  4347.760021: sched_switch: prev_comm=swapper/0 prev_pid=0 prev_prio=120 prev_state=R ==> next_comm=sshd next_pid=765 next_prio=120
            sshd-765   [000] ....  4347.760034: sys_exit: NR 23 = 1
            sshd-765   [000] ....  4347.760492: sys_enter: NR 14 (0, 7ffd316778b0, 7ffd31677830, 8, 0, 1000)
            sshd-765   [000] ....  4347.760495: sys_exit: NR 14 = 0
            sshd-765   [000] ....  4347.760499: sys_enter: NR 14 (2, 7ffd31677830, 0, 8, 0, 1000)
            sshd-765   [000] ....  4347.760500: sys_exit: NR 14 = 0
            sshd-765   [000] ....  4347.760503: sys_enter: NR 228 (7, 7ffd316778d0, 7ffd316778d0, 8, 7ffd316c00f0, 7ffd316778d0)
            sshd-765   [000] ....  4347.760570: sys_exit: NR 228 = 0
            sshd-765   [000] ....  4347.760576: sys_enter: NR 0 (b, 7ffd31673810, 4000, 8, 7ffd316c00f0, 7ffd316778d0)
            sshd-765   [000] ....  4347.760583: sys_exit: NR 0 = 12
            sshd-765   [000] ....  4347.760593: sys_enter: NR 39 (555efd66eeba, a, 1a, 0, 1, 100)
            sshd-765   [000] ....  4347.760594: sys_exit: NR 39 = 765
            sshd-765   [000] ....  4347.760601: sys_enter: NR 228 (7, 7ffd31677820, 7ffd31677820, 0, 7ffd316c00f0, 7ffd31677820)
            sshd-765   [000] ....  4347.760669: sys_exit: NR 228 = 0
            sshd-765   [000] ....  4347.760676: sys_enter: NR 23 (c, 555efd66bd50, 555efd66b0f0, 0, 0, 1000)
            sshd-765   [000] ....  4347.760684: sys_exit: NR 23 = 1
            sshd-765   [000] ....  4347.760687: sys_enter: NR 14 (0, 7ffd316778b0, 7ffd31677830, 8, 0, 1000)
            sshd-765   [000] ....  4347.760688: sys_exit: NR 14 = 0
            sshd-765   [000] ....  4347.760689: sys_enter: NR 14 (2, 7ffd31677830, 0, 8, 0, 1000)
