     ksoftirqd/2-20    [002] d...  1997.744295: sched_switch: prev_comm=ksoftirqd/2 prev_pid=20 prev_prio=120 prev_state=S ==> next_comm=rcu_sched next_pid=10 next_prio=120
       rcu_sched-10    [002] d...  1997.744299: sched_switch: prev_comm=rcu_sched prev_pid=10 prev_prio=120 prev_state=I ==> next_comm=sshd next_pid=765 next_prio=120
            sshd-765   [002] ....  1997.744321: sys_enter: NR 228 (7, 7ffd31677820, 7ffd31677820, 0, 7ffd316c00f0, 7ffd31677820)
            sshd-765   [002] ....  1997.744380: sys_exit: NR 228 = 0
            sshd-765   [002] ....  1997.744386: sys_enter: NR 23 (c, 555efd66bd50, 555efd66b0f0, 0, 0, e00)
            sshd-765   [002] ....  1997.744394: sys_exit: NR 23 = 1
            sshd-765   [002] ....  1997.744396: sys_enter: NR 14 (0, 7ffd316778b0, 7ffd31677830, 8, 0, e00)
            sshd-765   [002] ....  1997.744397: sys_exit: NR 14 = 0
            sshd-765   [002] ....  1997.744398: sys_enter: NR 14 (2, 7ffd31677830, 0, 8, 0, e00)
            sshd-765   [002] ....  1997.744399: sys_exit: NR 14 = 0
            sshd-765   [002] ....  1997.744401: sys_enter: NR 228 (7, 7ffd316778d0, 7ffd316778d0, 8, 7ffd316c00f0, 7ffd316778d0)
            sshd-765   [002] ....  1997.744457: sys_exit: NR 228 = 0
            sshd-765   [002] ....  1997.744463: sys_enter: NR 1 (9, 555efd670f90, 1, 8, 0, 0)
            sshd-765   [002] ....  1997.744631: sys_exit: NR 1 = 1
            sshd-765   [002] ....  1997.744636: sys_enter: NR 16 (9, 5401, 7ffd31677810, 8, 7ffd31677870, 0)
            sshd-765   [002] ....  1997.744642: sys_exit: NR 16 = 0
            sshd-765   [002] ....  1997.744647: sys_enter: NR 228 (7, 7ffd31677820, 7ffd31677820, 0, 7ffd316c00f0, 7ffd31677820)
            sshd-765   [002] ....  1997.744705: sys_exit: NR 228 = 0
            sshd-765   [002] ....  1997.744711: sys_enter: NR 23 (c, 555efd66bd50, 555efd66b0f0, 0, 0, e00)
            sshd-765   [002] d...  1997.744725: sched_switch: prev_comm=sshd prev_pid=765 prev_prio=120 prev_state=S ==> next_comm=swapper/2 next_pid=0 next_prio=120
          <idle>-0     [000] d...  1997.744849: sched_switch: prev_comm=swapper/0 prev_pid=0 prev_prio=120 prev_state=R ==> next_comm=kworker/u8:2 next_pid=7690 next_prio=120
           <...>-7690  [000] d...  1997.744862: sched_switch: prev_comm=kworker/u8:2 prev_pid=7690 prev_prio=120 prev_state=I ==> next_comm=bash next_pid=16209 next_prio=120
           <...>-16209 [000] ....  1997.744872: sys_exit: NR 270 = 1
           <...>-16209 [000] ....  1997.744879: sys_enter: NR 0 (0, 7ffc11ae137f, 1, 0, 0, 7ffc11ae1330)
           <...>-16209 [000] ....  1997.744884: sys_exit: NR 0 = 1
           <...>-16209 [000] ....  1997.744896: sys_enter: NR 23 (1, 7ffc11ae1320, 0, 7ffc11ae13a0, 7ffc11ae1310, 7f85b6742260)
           <...>-16209 [000] ....  1997.744899: sys_exit: NR 23 = 0
           <...>-16209 [000] ....  1997.744937: sys_enter: NR 1 (2, 55c592275f20, 1, 0, 7f85b69c18b0, 7f85b7009740)
           <...>-16209 [000] ....  1997.744943: sys_exit: NR 1 = 1
           <...>-16209 [000] ....  1997.744947: sys_enter: NR 270 (1, 7ffc11ae1400, 0, 0, 0, 7ffc11ae1330)
           <...>-16209 [000] d...  1997.744952: sched_switch: prev_comm=bash prev_pid=16209 prev_prio=120 prev_state=S ==> next_comm=kworker/u8:2 next_pid=7690 next_prio=120
           <...>-7690  [000] d...  1997.745125: sched_switch: prev_comm=kworker/u8:2 prev_pid=7690 prev_prio=120 prev_state=I ==> next_comm=swapper/0 next_pid=0 next_prio=120
          <idle>-0     [002] d...  1997.745125: sched_switch: prev_comm=swapper/2 prev_pid=0 prev_prio=120 prev_state=R ==> next_comm=sshd next_pid=765 next_prio=120
            sshd-765   [002] ....  1997.745125: sys_exit: NR 23 = 1
            sshd-765   [002] ....  1997.745125: sys_enter: NR 14 (0, 7ffd316778b0, 7ffd31677830, 8, 0, e00)
            sshd-765   [002] ....  1997.745125: sys_exit: NR 14 = 0
            sshd-765   [002] ....  1997.745125: sys_enter: NR 14 (2, 7ffd31677830, 0, 8, 0, e00)
            sshd-765   [002] ....  1997.745125: sys_exit: NR 14 = 0
            sshd-765   [002] ....  1997.745125: sys_enter: NR 228 (7, 7ffd316778d0, 7ffd316778d0, 8, 7ffd316c00f0, 7ffd316778d0)
            sshd-765   [002] ....  1997.745501: sys_exit: NR 228 = 0
            sshd-765   [002] ....  1997.745507: sys_enter: NR 0 (b, 7ffd31673810, 4000, 8, 7ffd316c00f0, 7ffd316778d0)
            sshd-765   [002] ....  1997.745513: sys_exit: NR 0 = 1
            sshd-765   [002] ....  1997.745520: sys_enter: NR 39 (555efd66eeaf, 5, f, 0, 1, 100)
            sshd-765   [002] ....  1997.745521: sys_exit: NR 39 = 765
            sshd-765   [002] ....  1997.745527: sys_enter: NR 228 (7, 7ffd31677820, 7ffd31677820, 0, 7ffd316c00f0, 7ffd31677820)
            sshd-765   [002] ....  1997.745584: sys_exit: NR 228 = 0
            sshd-765   [002] ....  1997.745590: sys_enter: NR 23 (c, 555efd66bd50, 555efd66b0f0, 0, 0, e00)
            sshd-765   [002] ....  1997.745597: sys_exit: NR 23 = 1
            sshd-765   [002] ....  1997.745619: sys_enter: NR 14 (0, 7ffd316778b0, 7ffd31677830, 8, 0, e00)
            sshd-765   [002] ....  1997.745620: sys_exit: NR 14 = 0
            sshd-765   [002] ....  1997.745621: sys_enter: NR 14 (2, 7ffd31677830, 0, 8, 0, e00)
            sshd-765   [002] ....  1997.745621: sys_exit: NR 14 = 0
            sshd-765   [002] ....  1997.745623: sys_enter: NR 228 (7, 7ffd316778d0, 7ffd316778d0, 8, 7ffd316c00f0, 7ffd316778d0)
            sshd-765   [002] ....  1997.745675: sys_exit: NR 228 = 0
            sshd-765   [002] ....  1997.745681: sys_enter: NR 1 (3, 555efd68d380, 24, 8, 7ffd316c00f0, 7ffd316778d0)
            sshd-765   [002] ....  1997.745992: sys_exit: NR 1 = 36
            sshd-765   [002] ....  1997.745999: sys_enter: NR 228 (7, 7ffd31677820, 7ffd31677820, 0, 7ffd316c00f0, 7ffd31677820)
            sshd-765   [002] ....  1997.746330: sys_exit: NR 228 = 0
            sshd-765   [002] ....  1997.746337: sys_enter: NR 23 (c, 555efd66bd50, 555efd66b0f0, 0, 0, e00)
            sshd-765   [002] d...  1997.746355: sched_switch: prev_comm=sshd prev_pid=765 prev_prio=120 prev_state=S ==> next_comm=swapper/2 next_pid=0 next_prio=120
          <idle>-0     [002] d...  1997.748417: sched_switch: prev_comm=swapper/2 prev_pid=0 prev_prio=120 prev_state=R ==> next_comm=rcu_sched next_pid=10 next_prio=120
       rcu_sched-10    [002] d...  1997.748426: sched_switch: prev_comm=rcu_sched prev_pid=10 prev_prio=120 prev_state=I ==> next_comm=swapper/2 next_pid=0 next_prio=120
          <idle>-0     [000] d...  1997.749810: sched_switch: prev_comm=swapper/0 prev_pid=0 prev_prio=120 prev_state=R ==> next_comm=ksoftirqd/0 next_pid=9 next_prio=120
           <...>-9     [000] d...  1997.749810: sched_switch: prev_comm=ksoftirqd/0 prev_pid=9 prev_prio=120 prev_state=S ==> next_comm=swapper/0 next_pid=0 next_prio=120
          <idle>-0     [002] d...  1998.181174: sched_switch: prev_comm=swapper/2 prev_pid=0 prev_prio=120 prev_state=R ==> next_comm=rcu_sched next_pid=10 next_prio=120
       rcu_sched-10    [002] d...  1998.181189: sched_switch: prev_comm=rcu_sched prev_pid=10 prev_prio=120 prev_state=I ==> next_comm=swapper/2 next_pid=0 next_prio=120
          <idle>-0     [000] d...  1998.182843: sched_switch: prev_comm=swapper/0 prev_pid=0 prev_prio=120 prev_state=R ==> next_comm=gmain next_pid=567 next_prio=120
           gmain-567   [000] ....  1998.182857: sys_exit: NR 7 = 0
           gmain-567   [000] ....  1998.182871: sys_enter: NR 228 (1, 7f270a2aebf0, 7f270a2aebf0, 7f2704002360, 7ffc6dfae090, 7f270a2aebf0)
           gmain-567   [000] ....  1998.182953: sys_exit: NR 228 = 0
           gmain-567   [000] ....  1998.182964: sys_enter: NR 254 (7, 5646065fa3a0, 1002fce, 7f2704002360, 56cd36aa, 7f270a2aebf0)
           gmain-567   [000] ....  1998.182974: sys_exit: NR 254 = -2
           gmain-567   [000] ....  1998.182974: sys_enter: NR 254 (7, 5646065f9980, 1002fce, 7f2704002360, b10563a8, 7f270a2aebf0)
           gmain-567   [000] ....  1998.182974: sys_exit: NR 254 = -2
           gmain-567   [000] ....  1998.182974: sys_enter: NR 254 (7, 5646065f9450, 1002fce, 7f2704002360, b10563a8, 7f270a2aebf0)
           gmain-567   [000] ....  1998.182974: sys_exit: NR 254 = -2
           gmain-567   [000] ....  1998.182974: sys_enter: NR 254 (7, 5646065f9100, 1002fce, 7f2704002360, b10563a8, 7f270a2aebf0)
           gmain-567   [000] ....  1998.182974: sys_exit: NR 254 = -2
           gmain-567   [000] ....  1998.182974: sys_enter: NR 228 (1, 7f270a2aebe0, 7f270a2aebe0, 7f2704002360, 7ffc6dfae090, 7f270a2aebe0)
           gmain-567   [000] ....  1998.182974: sys_exit: NR 228 = 0
           gmain-567   [000] ....  1998.182974: sys_enter: NR 7 (5646065d9410, 2, eea, 7f2704002360, 0, 5646065f62a0)
           gmain-567   [000] d...  1998.184376: sched_switch: prev_comm=gmain prev_pid=567 prev_prio=120 prev_state=S ==> next_comm=sshd next_pid=765 next_prio=120
            sshd-765   [000] ....  1998.184392: sys_exit: NR 23 = 1
            sshd-765   [000] ....  1998.184400: sys_enter: NR 14 (0, 7ffd316778b0, 7ffd31677830, 8, 0, e00)
            sshd-765   [000] ....  1998.184402: sys_exit: NR 14 = 0
            sshd-765   [000] ....  1998.184404: sys_enter: NR 14 (2, 7ffd31677830, 0, 8, 0, e00)
            sshd-765   [000] ....  1998.184404: sys_exit: NR 14 = 0
            sshd-765   [000] ....  1998.184408: sys_enter: NR 228 (7, 7ffd316778d0, 7ffd316778d0, 8, 7ffd316c00f0, 7ffd316778d0)
            sshd-765   [000] ....  1998.184471: sys_exit: NR 228 = 0
            sshd-765   [000] ....  1998.184477: sys_enter: NR 0 (3, 7ffd31673940, 4000, 8, 7ffd316c00f0, 7ffd316778d0)
            sshd-765   [000] ....  1998.184563: sys_exit: NR 0 = 36
            sshd-765   [000] ....  1998.184583: sys_enter: NR 228 (7, 7ffd31677820, 7ffd31677820, 0, 7ffd316c00f0, 7ffd31677820)
            sshd-765   [000] ....  1998.184639: sys_exit: NR 228 = 0
            sshd-765   [000] ....  1998.184645: sys_enter: NR 23 (c, 555efd66bd50, 555efd66b0f0, 0, 0, e00)
            sshd-765   [000] ....  1998.184651: sys_exit: NR 23 = 1
            sshd-765   [000] ....  1998.184653: sys_enter: NR 14 (0, 7ffd316778b0, 7ffd31677830, 8, 0, e00)
            sshd-765   [000] ....  1998.184654: sys_exit: NR 14 = 0
            sshd-765   [000] ....  1998.184655: sys_enter: NR 14 (2, 7ffd31677830, 0, 8, 0, e00)
            sshd-765   [000] ....  1998.184655: sys_exit: NR 14 = 0
            sshd-765   [000] ....  1998.184657: sys_enter: NR 228 (7, 7ffd316778d0, 7ffd316778d0, 8, 7ffd316c00f0, 7ffd316778d0)
            sshd-765   [000] ....  1998.184712: sys_exit: NR 228 = 0
            sshd-765   [000] ....  1998.184718: sys_enter: NR 1 (9, 555efd670f90, 1, 8, 0, 0)
            sshd-765   [000] ....  1998.184729: sys_exit: NR 1 = 1
            sshd-765   [000] ....  1998.184731: sys_enter: NR 16 (9, 5401, 7ffd31677810, 8, 7ffd31677870, 0)
            sshd-765   [000] ....  1998.184735: sys_exit: NR 16 = 0
            sshd-765   [000] ....  1998.184739: sys_enter: NR 228 (7, 7ffd31677820, 7ffd31677820, 0, 7ffd316c00f0, 7ffd31677820)
            sshd-765   [000] ....  1998.184811: sys_exit: NR 228 = 0
            sshd-765   [000] ....  1998.184816: sys_enter: NR 23 (c, 555efd66bd50, 555efd66b0f0, 0, 0, e00)
            sshd-765   [000] d...  1998.184826: sched_switch: prev_comm=sshd prev_pid=765 prev_prio=120 prev_state=S ==> next_comm=kworker/u8:2 next_pid=7690 next_prio=120
           <...>-7690  [000] d...  1998.184838: sched_switch: prev_comm=kworker/u8:2 prev_pid=7690 prev_prio=120 prev_state=I ==> next_comm=bash next_pid=16209 next_prio=120
           <...>-16209 [000] ....  1998.184847: sys_exit: NR 270 = 1
           <...>-16209 [000] ....  1998.184854: sys_enter: NR 0 (0, 7ffc11ae137f, 1, 0, 0, 7ffc11ae1330)
           <...>-16209 [000] ....  1998.184859: sys_exit: NR 0 = 1
           <...>-16209 [000] ....  1998.184869: sys_enter: NR 23 (1, 7ffc11ae1320, 0, 7ffc11ae13a0, 7ffc11ae1310, 7f85b6742260)
           <...>-16209 [000] ....  1998.184872: sys_exit: NR 23 = 0
           <...>-16209 [000] ....  1998.184906: sys_enter: NR 1 (2, 55c592275f20, 1, 0, 7f85b69c18b0, 7f85b7009740)
           <...>-16209 [000] ....  1998.184911: sys_exit: NR 1 = 1
           <...>-16209 [000] ....  1998.184915: sys_enter: NR 270 (1, 7ffc11ae1400, 0, 0, 0, 7ffc11ae1330)
           <...>-16209 [000] d...  1998.184920: sched_switch: prev_comm=bash prev_pid=16209 prev_prio=120 prev_state=S ==> next_comm=kworker/u8:2 next_pid=7690 next_prio=120
           <...>-7690  [000] d...  1998.184924: sched_switch: prev_comm=kworker/u8:2 prev_pid=7690 prev_prio=120 prev_state=I ==> next_comm=sshd next_pid=765 next_prio=120
            sshd-765   [000] ....  1998.184927: sys_exit: NR 23 = 1
            sshd-765   [000] ....  1998.184930: sys_enter: NR 14 (0, 7ffd316778b0, 7ffd31677830, 8, 0, e00)
            sshd-765   [000] ....  1998.184931: sys_exit: NR 14 = 0
            sshd-765   [000] ....  1998.184932: sys_enter: NR 14 (2, 7ffd31677830, 0, 8, 0, e00)
            sshd-765   [000] ....  1998.184932: sys_exit: NR 14 = 0
            sshd-765   [000] ....  1998.184934: sys_enter: NR 228 (7, 7ffd316778d0, 7ffd316778d0, 8, 7ffd316c00f0, 7ffd316778d0)
            sshd-765   [000] ....  1998.184993: sys_exit: NR 228 = 0
            sshd-765   [000] ....  1998.184998: sys_enter: NR 0 (b, 7ffd31673810, 4000, 8, 7ffd316c00f0, 7ffd316778d0)
            sshd-765   [000] ....  1998.185002: sys_exit: NR 0 = 1
            sshd-765   [000] ....  1998.185008: sys_enter: NR 39 (555efd66eeaf, 5, f, 0, 1, 100)
            sshd-765   [000] ....  1998.185010: sys_exit: NR 39 = 765
            sshd-765   [000] ....  1998.185020: sys_enter: NR 228 (7, 7ffd31677820, 7ffd31677820, 0, 7ffd316c00f0, 7ffd31677820)
          <idle>-0     [002] d...  1998.186047: sched_switch: prev_comm=swapper/2 prev_pid=0 prev_prio=120 prev_state=R ==> next_comm=rcu_sched next_pid=10 next_prio=120
       rcu_sched-10    [002] d...  1998.186057: sched_switch: prev_comm=rcu_sched prev_pid=10 prev_prio=120 prev_state=I ==> next_comm=swapper/2 next_pid=0 next_prio=120
            sshd-765   [000] ....  1998.186331: sys_exit: NR 228 = 0
            sshd-765   [000] ....  1998.186337: sys_enter: NR 23 (c, 555efd66bd50, 555efd66b0f0, 0, 0, e00)
            sshd-765   [000] ....  1998.186344: sys_exit: NR 23 = 1
            sshd-765   [000] ....  1998.186345: sys_enter: NR 14 (0, 7ffd316778b0, 7ffd31677830, 8, 0, e00)
            sshd-765   [000] ....  1998.186346: sys_exit: NR 14 = 0
            sshd-765   [000] ....  1998.186347: sys_enter: NR 14 (2, 7ffd31677830, 0, 8, 0, e00)
            sshd-765   [000] ....  1998.186348: sys_exit: NR 14 = 0
            sshd-765   [000] ....  1998.186349: sys_enter: NR 228 (7, 7ffd316778d0, 7ffd316778d0, 8, 7ffd316c00f0, 7ffd316778d0)
            sshd-765   [000] ....  1998.186401: sys_exit: NR 228 = 0
            sshd-765   [000] ....  1998.186407: sys_enter: NR 1 (3, 555efd68d380, 24, 8, 7ffd316c00f0, 7ffd316778d0)
            sshd-765   [000] ....  1998.186672: sys_exit: NR 1 = 36
            sshd-765   [000] ....  1998.186679: sys_enter: NR 228 (7, 7ffd31677820, 7ffd31677820, 0, 7ffd316c00f0, 7ffd31677820)
            sshd-765   [000] ....  1998.186734: sys_exit: NR 228 = 0
            sshd-765   [000] ....  1998.186740: sys_enter: NR 23 (c, 555efd66bd50, 555efd66b0f0, 0, 0, e00)
            sshd-765   [000] d...  1998.186752: sched_switch: prev_comm=sshd prev_pid=765 prev_prio=120 prev_state=S ==> next_comm=ksoftirqd/0 next_pid=9 next_prio=120
           <...>-9     [000] d...  1998.189710: sched_switch: prev_comm=ksoftirqd/0 prev_pid=9 prev_prio=120 prev_state=S ==> next_comm=swapper/0 next_pid=0 next_prio=120
          <idle>-0     [002] d...  1998.193334: sched_switch: prev_comm=swapper/2 prev_pid=0 prev_prio=120 prev_state=R ==> next_comm=rcu_sched next_pid=10 next_prio=120
       rcu_sched-10    [002] d...  1998.193341: sched_switch: prev_comm=rcu_sched prev_pid=10 prev_prio=120 prev_state=I ==> next_comm=swapper/2 next_pid=0 next_prio=120
          <idle>-0     [002] d...  1998.208002: sched_switch: prev_comm=swapper/2 prev_pid=0 prev_prio=120 prev_state=R ==> next_comm=rcu_sched next_pid=10 next_prio=120
       rcu_sched-10    [002] d...  1998.208011: sched_switch: prev_comm=rcu_sched prev_pid=10 prev_prio=120 prev_state=I ==> next_comm=swapper/2 next_pid=0 next_prio=120
          <idle>-0     [002] d...  1998.215591: sched_switch: prev_comm=swapper/2 prev_pid=0 prev_prio=120 prev_state=R ==> next_comm=rcu_sched next_pid=10 next_prio=120
       rcu_sched-10    [002] d...  1998.215597: sched_switch: prev_comm=rcu_sched prev_pid=10 prev_prio=120 prev_state=I ==> next_comm=swapper/2 next_pid=0 next_prio=120
           <...>-16347 [001] d...  1998.218270: sched_switch: prev_comm=mandb prev_pid=16347 prev_prio=120 prev_state=R+ ==> next_comm=kworker/1:3 next_pid=370 next_prio=120
           <...>-370   [001] d...  1998.218286: sched_switch: prev_comm=kworker/1:3 prev_pid=370 prev_prio=120 prev_state=I ==> next_comm=mandb next_pid=16347 next_prio=120
          <idle>-0     [000] d...  1998.219098: sched_switch: prev_comm=swapper/0 prev_pid=0 prev_prio=120 prev_state=R ==> next_comm=kworker/0:3 next_pid=1859 next_prio=120
          <idle>-0     [002] d...  1998.226692: sched_switch: prev_comm=swapper/2 prev_pid=0 prev_prio=120 prev_state=R ==> next_comm=rcu_sched next_pid=10 next_prio=120
       rcu_sched-10    [002] d...  1998.226699: sched_switch: prev_comm=rcu_sched prev_pid=10 prev_prio=120 prev_state=I ==> next_comm=swapper/2 next_pid=0 next_prio=120
          <idle>-0     [002] d...  1998.236446: sched_switch: prev_comm=swapper/2 prev_pid=0 prev_prio=120 prev_state=R ==> next_comm=rcu_sched next_pid=10 next_prio=120
       rcu_sched-10    [002] d...  1998.236452: sched_switch: prev_comm=rcu_sched prev_pid=10 prev_prio=120 prev_state=I ==> next_comm=swapper/2 next_pid=0 next_prio=120
          <idle>-0     [002] d...  1998.248105: sched_switch: prev_comm=swapper/2 prev_pid=0 prev_prio=120 prev_state=R ==> next_comm=rcu_sched next_pid=10 next_prio=120
       rcu_sched-10    [002] d...  1998.248112: sched_switch: prev_comm=rcu_sched prev_pid=10 prev_prio=120 prev_state=I ==> next_comm=swapper/2 next_pid=0 next_prio=120
          <idle>-0     [002] d...  1998.258274: sched_switch: prev_comm=swapper/2 prev_pid=0 prev_prio=120 prev_state=R ==> next_comm=rcu_sched next_pid=10 next_prio=120
       rcu_sched-10    [002] d...  1998.258279: sched_switch: prev_comm=rcu_sched prev_pid=10 prev_prio=120 prev_state=I ==> next_comm=swapper/2 next_pid=0 next_prio=120
          <idle>-0     [002] d...  1998.269399: sched_switch: prev_comm=swapper/2 prev_pid=0 prev_prio=120 prev_state=R ==> next_comm=rcu_sched next_pid=10 next_prio=120
       rcu_sched-10    [002] d...  1998.269405: sched_switch: prev_comm=rcu_sched prev_pid=10 prev_prio=120 prev_state=I ==> next_comm=swapper/2 next_pid=0 next_prio=120
          <idle>-0     [002] d...  1998.279653: sched_switch: prev_comm=swapper/2 prev_pid=0 prev_prio=120 prev_state=R ==> next_comm=rcu_sched next_pid=10 next_prio=120
       rcu_sched-10    [002] d...  1998.279661: sched_switch: prev_comm=rcu_sched prev_pid=10 prev_prio=120 prev_state=I ==> next_comm=swapper/2 next_pid=0 next_prio=120
           <...>-16347 [001] ....  1998.279661: sys_exit: NR 317 = 0
           <...>-16347 [001] ....  1998.279661: sys_enter: NR 32 (0, 0, 55bc6cc6ec70, 1, 55bc6c9522a0, 55bc6c952280)
           <...>-116   [003] d...  1998.280558: sched_switch: prev_comm=kworker/3:3 prev_pid=116 prev_prio=120 prev_state=I ==> next_comm=swapper/3 next_pid=0 next_prio=120
           <...>-16347 [001] ....  1998.280558: sys_exit: NR 32 = 6
           <...>-16347 [001] ....  1998.280558: sys_enter: NR 8 (6, 0, 1, 9, 55bc6cc6c000, 6)
           <...>-16347 [001] ....  1998.280558: sys_exit: NR 8 = 0
           <...>-16347 [001] ....  1998.280558: sys_enter: NR 0 (6, 55bc6cc90600, 2000, 9, 0, 0)
          <idle>-0     [002] d...  1998.938037: sched_switch: prev_comm=swapper/2 prev_pid=0 prev_prio=120 prev_state=R ==> next_comm=rcu_sched next_pid=10 next_prio=120
       rcu_sched-10    [002] d...  1998.938047: sched_switch: prev_comm=rcu_sched prev_pid=10 prev_prio=120 prev_state=I ==> next_comm=swapper/2 next_pid=0 next_prio=120
          <idle>-0     [003] d...  1998.938164: sched_switch: prev_comm=swapper/3 prev_pid=0 prev_prio=120 prev_state=R ==> next_comm=ksoftirqd/3 next_pid=25 next_prio=120
           <...>-25    [003] d...  1998.938179: sched_switch: prev_comm=ksoftirqd/3 prev_pid=25 prev_prio=120 prev_state=S ==> next_comm=kworker/3:3 next_pid=116 next_prio=120
           <...>-16347 [001] d...  1998.938622: sched_switch: prev_comm=mandb prev_pid=16347 prev_prio=120 prev_state=D ==> next_comm=swapper/1 next_pid=0 next_prio=120
          <idle>-0     [002] d...  1998.938622: sched_switch: prev_comm=swapper/2 prev_pid=0 prev_prio=120 prev_state=R ==> next_comm=kworker/2:1H next_pid=106 next_prio=100
    kworker/2:1H-106   [002] d...  1998.938622: sched_switch: prev_comm=kworker/2:1H prev_pid=106 prev_prio=100 prev_state=I ==> next_comm=kworker/2:2 next_pid=108 next_prio=120
     kworker/2:2-108   [002] d...  1998.938622: sched_switch: prev_comm=kworker/2:2 prev_pid=108 prev_prio=120 prev_state=I ==> next_comm=ksoftirqd/2 next_pid=20 next_prio=120
     ksoftirqd/2-20    [002] d...  1998.938622: sched_switch: prev_comm=ksoftirqd/2 prev_pid=20 prev_prio=120 prev_state=S ==> next_comm=swapper/2 next_pid=0 next_prio=120
           <...>-1859  [000] d...  1998.940095: sched_switch: prev_comm=kworker/0:3 prev_pid=1859 prev_prio=120 prev_state=R+ ==> next_comm=ksoftirqd/0 next_pid=9 next_prio=120
           <...>-116   [003] d...  1998.940095: sched_switch: prev_comm=kworker/3:3 prev_pid=116 prev_prio=120 prev_state=D ==> next_comm=swapper/3 next_pid=0 next_prio=120
          <idle>-0     [001] d...  1998.940395: sched_switch: prev_comm=swapper/1 prev_pid=0 prev_prio=120 prev_state=R ==> next_comm=mandb next_pid=16347 next_prio=120
           <...>-16347 [001] ....  1998.940420: sys_exit: NR 0 = 1137
           <...>-16347 [001] ....  1998.940428: sys_enter: NR 0 (6, 55bc6cc90a71, 1b8f, 9, 0, 0)
           <...>-16347 [001] ....  1998.940432: sys_exit: NR 0 = 0
           <...>-16347 [001] ....  1998.940517: sys_enter: NR 5 (1, 7ffc9ba92e40, 7ffc9ba92e40, 9, 7f7d6b7ba760, 0)
           <...>-16347 [001] ....  1998.940521: sys_exit: NR 5 = 0
           <...>-16347 [001] ....  1998.940531: sys_enter: NR 3 (6, 55bc6c952010, 55bc6c952010, 9, 0, 79706f4320225c2e)
           <...>-16347 [001] ....  1998.940533: sys_exit: NR 3 = 0
           <...>-16347 [001] ....  1998.940883: sys_enter: NR 1 (1, 55bc6cc98220, 8b3, c, 0, 0)
           <...>-16347 [001] ....  1998.940944: sys_exit: NR 1 = 2227
           <...>-16347 [001] ....  1998.940944: sys_enter: NR 231 (0, 3c, 0, c, e7, ffffffffffffff78)
          <idle>-0     [003] d...  1998.941016: sched_switch: prev_comm=swapper/3 prev_pid=0 prev_prio=120 prev_state=R ==> next_comm=mandb next_pid=1258 next_prio=120
           <...>-1258  [003] ....  1998.941024: sys_exit: NR 0 = 2227
           <...>-1258  [003] ....  1998.941042: sys_enter: NR 0 (7, 55bc6cc717b3, 784, 3c20656c62696148, 7f7d6b7b9c40, 206f6e7572422029)
           <...>-1258  [003] d...  1998.941049: sched_switch: prev_comm=mandb prev_pid=1258 prev_prio=120 prev_state=S ==> next_comm=swapper/3 next_pid=0 next_prio=120
           <...>-16347 [001] d...  1998.941099: sched_switch: prev_comm=mandb prev_pid=16347 prev_prio=120 prev_state=Z ==> next_comm=swapper/1 next_pid=0 next_prio=120
          <idle>-0     [001] d...  1998.941099: sched_switch: prev_comm=swapper/1 prev_pid=0 prev_prio=120 prev_state=R ==> next_comm=kworker/1:3 next_pid=370 next_prio=120
           <...>-370   [001] d...  1998.941099: sched_switch: prev_comm=kworker/1:3 prev_pid=370 prev_prio=120 prev_state=I ==> next_comm=swapper/1 next_pid=0 next_prio=120
          <idle>-0     [003] d...  1998.941990: sched_switch: prev_comm=swapper/3 prev_pid=0 prev_prio=120 prev_state=R ==> next_comm=mandb next_pid=1258 next_prio=120
           <...>-1258  [003] ....  1998.941993: sys_exit: NR 0 = 0
           <...>-1258  [003] ....  1998.942012: sys_enter: NR 61 (ffffffff, 7ffc9ba93ce4, 1, 0, 7f7d6b7b9c40, 206f6e7572422029)
           <...>-1258  [003] ....  1998.942022: sys_exit: NR 61 = 16347
           <...>-1258  [003] ....  1998.942024: sys_enter: NR 61 (ffffffff, 7ffc9ba93ce4, 1, 0, 7f7d6b7b9c40, 55bc6cbcdb10)
           <...>-1258  [003] ....  1998.942025: sys_exit: NR 61 = -10
           <...>-1258  [003] ....  1998.942030: sys_enter: NR 15 (ffffffff, 7ffc9ba93ce4, ffffffffffffff78, 0, 7f7d6b7b9c40, 55bc6cbcdb10)
           <...>-1258  [003] ....  1998.942031: sys_exit: NR -1 = 0
           <...>-1258  [003] ....  1998.942038: sys_enter: NR 0 (7, 55bc6cc717b3, 788, 55bc6cc70f00, 7f7d6b7b9c40, 7f7d6b53c800)
           <...>-1258  [003] ....  1998.942040: sys_exit: NR 0 = 0
           <...>-1258  [003] ....  1998.942042: sys_enter: NR 0 (7, 55bc6cc717b3, 7b1, 4c50472854524154, 7f7d6b7b9c40, 535f45534e454349)
           <...>-1258  [003] ....  1998.942042: sys_exit: NR 0 = 0
           <...>-1258  [003] ....  1998.942044: sys_enter: NR 0 (7, 55bc6cc717b3, 7f0, 206e616320756f79, 7f7d6b7b9c40, 203b6e6f69746174)
           <...>-1258  [003] ....  1998.942044: sys_exit: NR 0 = 0
           <...>-1258  [003] ....  1998.942046: sys_enter: NR 0 (7, 55bc6cc717b3, 833, 6c6172656e654720, 7f7d6b7b9c40, 554e472065687420)
           <...>-1258  [003] ....  1998.942046: sys_exit: NR 0 = 0
           <...>-1258  [003] ....  1998.942050: sys_enter: NR 0 (7, 55bc6cc717b3, 876, 65203b6e6f697461, 7f7d6b7b9c40, 646e756f46206572)
           <...>-1258  [003] ....  1998.942051: sys_exit: NR 0 = 0
           <...>-1258  [003] ....  1998.942052: sys_enter: NR 0 (7, 55bc6cc717b3, 8ae, 796e6120296e6f69, 7f7d6b7b9c40, 74706f2072756f79)
           <...>-1258  [003] ....  1998.942053: sys_exit: NR 0 = 0
           <...>-1258  [003] ....  1998.942054: sys_enter: NR 0 (7, 55bc6cc717b3, 8c1, 55bc6cc71040, 7f7d6b7b9c40, 7f7d6b53c5f0)
           <...>-1258  [003] ....  1998.942055: sys_exit: NR 0 = 0
           <...>-1258  [003] ....  1998.942056: sys_enter: NR 0 (7, 55bc6cc717b3, 8c5, 55bc6cc71040, 7f7d6b7b9c40, 7f7d6b53c800)
           <...>-1258  [003] ....  1998.942056: sys_exit: NR 0 = 0
           <...>-1258  [003] ....  1998.942058: sys_enter: NR 0 (7, 55bc6cc717b3, 8df, 6566655220225c2e, 7f7d6b7b9c40, 7f7d6b53c3f0)
           <...>-1258  [003] ....  1998.942059: sys_exit: NR 0 = 0
           <...>-1258  [003] ....  1998.942060: sys_enter: NR 0 (7, 55bc6cc717b3, 908, 656372756f732032, 7f7d6b7b9c40, 2d6362696c672055)
           <...>-1258  [003] ....  1998.942061: sys_exit: NR 0 = 0
           <...>-1258  [003] ....  1998.942062: sys_enter: NR 0 (7, 55bc6cc717b3, 948, 2e7777772f2f3a70, 7f7d6b7b9c40, 7474682065636e65)
           <...>-1258  [003] ....  1998.942063: sys_exit: NR 0 = 0
           <...>-1258  [003] ....  1998.942066: sys_enter: NR 0 (7, 55bc6cc717b3, 99c, 55bc6cc71140, 7f7d6b7b9c40, 7f7d6b53b887)
           <...>-1258  [003] ....  1998.942067: sys_exit: NR 0 = 0
           <...>-1258  [003] ....  1998.942068: sys_enter: NR 0 (7, 55bc6cc717b3, 9b4, 5349202020225c2e, 7f7d6b7b9c40, 7f7d6b53c050)
           <...>-1258  [003] ....  1998.942069: sys_exit: NR 0 = 0
           <...>-1258  [003] ....  1998.942070: sys_enter: NR 0 (7, 55bc6cc717b3, 9b8, 55bc6cc71140, 7f7d6b7b9c40, 7f7d6b53c800)
           <...>-1258  [003] ....  1998.942071: sys_exit: NR 0 = 0
           <...>-1258  [003] ....  1998.942074: sys_enter: NR 3 (7, 0, 0, 72502078756e694c, 7f7d6c09a82c, 222022554e472220)
           <...>-1258  [003] ....  1998.942075: sys_exit: NR 3 = 0
           <...>-1258  [003] ....  1998.942099: sys_enter: NR 4 (55bc6cc6f100, 7ffc9ba942c0, 7ffc9ba942c0, 55bc6cc1ad00, fec1, 7f7d6b53c610)
           <...>-1258  [003] ....  1998.942113: sys_exit: NR 4 = 0
           <...>-1258  [003] ....  1998.942114: sys_enter: NR 4 (55bc6cc6f100, 7ffc9ba94200, 7ffc9ba94200, 55bc6cc1ad00, fec1, 7f7d6b53c610)
           <...>-1258  [003] ....  1998.942116: sys_exit: NR 4 = 0
           <...>-1258  [003] ....  1998.942141: sys_enter: NR 14 (0, 7ffc9ba94160, 7ffc9ba941e0, 8, 382d46545520662d, 3538382d4f53493a)
           <...>-1258  [003] ....  1998.942142: sys_exit: NR 14 = 0
           <...>-1258  [003] ....  1998.942144: sys_enter: NR 14 (2, 7ffc9ba941e0, 0, 8, 55bc6cc70cd0, 0)
           <...>-1258  [003] ....  1998.942145: sys_exit: NR 14 = 0
           <...>-1258  [003] ....  1998.942146: sys_enter: NR 257 (ffffff9c, 55bc6cc70bc0, 0, 0, 55bc6cc70cd0, 0)
           <...>-1258  [003] ....  1998.942154: sys_exit: NR 257 = 6
           <...>-1258  [003] ....  1998.942155: sys_enter: NR 22 (7ffc9ba94158, 55bc6cc70bc0, 0, 0, 55bc6cc70cd0, 0)
           <...>-1258  [003] ....  1998.942163: sys_exit: NR 22 = 0
           <...>-1258  [003] ....  1998.942164: sys_enter: NR 14 (0, 7ffc9ba94160, 7ffc9ba941e0, 8, 55bc6cc70cd0, 0)
           <...>-1258  [003] ....  1998.942165: sys_exit: NR 14 = 0
           <...>-1258  [003] ....  1998.942166: sys_enter: NR 56 (1200011, 0, 0, 7f7d6c21ca10, 7f7d6c21c740, 0)
           <...>-9     [000] d...  1998.942398: sched_switch: prev_comm=ksoftirqd/0 prev_pid=9 prev_prio=120 prev_state=S ==> next_comm=sshd next_pid=765 next_prio=120
            sshd-765   [000] ....  1998.942414: sys_exit: NR 23 = 1
            sshd-765   [000] ....  1998.942422: sys_enter: NR 14 (0, 7ffd316778b0, 7ffd31677830, 8, 0, e00)
            sshd-765   [000] ....  1998.942423: sys_exit: NR 14 = 0
            sshd-765   [000] ....  1998.942425: sys_enter: NR 14 (2, 7ffd31677830, 0, 8, 0, e00)
            sshd-765   [000] ....  1998.942426: sys_exit: NR 14 = 0
            sshd-765   [000] ....  1998.942431: sys_enter: NR 228 (7, 7ffd316778d0, 7ffd316778d0, 8, 7ffd316c00f0, 7ffd316778d0)
            sshd-765   [000] ....  1998.942490: sys_exit: NR 228 = 0
            sshd-765   [000] ....  1998.942496: sys_enter: NR 0 (3, 7ffd31673940, 4000, 8, 7ffd316c00f0, 7ffd316778d0)
            sshd-765   [000] ....  1998.942563: sys_exit: NR 0 = 36
            sshd-765   [000] ....  1998.942584: sys_enter: NR 228 (7, 7ffd31677820, 7ffd31677820, 0, 7ffd316c00f0, 7ffd31677820)
            sshd-765   [000] ....  1998.942648: sys_exit: NR 228 = 0
            sshd-765   [000] ....  1998.942654: sys_enter: NR 23 (c, 555efd66bd50, 555efd66b0f0, 0, 0, e00)
            sshd-765   [000] ....  1998.942662: sys_exit: NR 23 = 1
            sshd-765   [000] ....  1998.942664: sys_enter: NR 14 (0, 7ffd316778b0, 7ffd31677830, 8, 0, e00)
            sshd-765   [000] ....  1998.942665: sys_exit: NR 14 = 0
            sshd-765   [000] ....  1998.942666: sys_enter: NR 14 (2, 7ffd31677830, 0, 8, 0, e00)
            sshd-765   [000] ....  1998.942667: sys_exit: NR 14 = 0
            sshd-765   [000] ....  1998.942669: sys_enter: NR 228 (7, 7ffd316778d0, 7ffd316778d0, 8, 7ffd316c00f0, 7ffd316778d0)
            sshd-765   [000] ....  1998.942741: sys_exit: NR 228 = 0
            sshd-765   [000] ....  1998.942747: sys_enter: NR 1 (9, 555efd670f90, 1, 8, 0, 0)
            sshd-765   [000] ....  1998.942761: sys_exit: NR 1 = 1
            sshd-765   [000] ....  1998.942763: sys_enter: NR 16 (9, 5401, 7ffd31677810, 8, 7ffd31677870, 0)
            sshd-765   [000] ....  1998.942767: sys_exit: NR 16 = 0
            sshd-765   [000] ....  1998.942773: sys_enter: NR 228 (7, 7ffd31677820, 7ffd31677820, 0, 7ffd316c00f0, 7ffd31677820)
            sshd-765   [000] ....  1998.942842: sys_exit: NR 228 = 0
            sshd-765   [000] ....  1998.942849: sys_enter: NR 23 (c, 555efd66bd50, 555efd66b0f0, 0, 0, e00)
            sshd-765   [000] d...  1998.942862: sched_switch: prev_comm=sshd prev_pid=765 prev_prio=120 prev_state=S ==> next_comm=kworker/u8:2 next_pid=7690 next_prio=120
           <...>-7690  [000] d...  1998.942876: sched_switch: prev_comm=kworker/u8:2 prev_pid=7690 prev_prio=120 prev_state=I ==> next_comm=bash next_pid=16209 next_prio=120
           <...>-16209 [000] ....  1998.942888: sys_exit: NR 270 = 1
           <...>-16209 [000] ....  1998.942896: sys_enter: NR 0 (0, 7ffc11ae137f, 1, 0, 0, 7ffc11ae1330)
           <...>-16209 [000] ....  1998.942903: sys_exit: NR 0 = 1
           <...>-16209 [000] ....  1998.942913: sys_enter: NR 23 (1, 7ffc11ae1320, 0, 7ffc11ae13a0, 7ffc11ae1310, 7f85b6742260)
           <...>-16209 [000] ....  1998.942918: sys_exit: NR 23 = 0
           <...>-16209 [000] ....  1998.942926: sys_enter: NR 1 (2, 55c592275f20, 1, 0, 7f85b69c18b0, 7f85b7009740)
           <...>-16209 [000] ....  1998.942926: sys_exit: NR 1 = 1
           <...>-16209 [000] ....  1998.942926: sys_enter: NR 270 (1, 7ffc11ae1400, 0, 0, 0, 7ffc11ae1330)
           <...>-16209 [000] d...  1998.942926: sched_switch: prev_comm=bash prev_pid=16209 prev_prio=120 prev_state=S ==> next_comm=kworker/u8:2 next_pid=7690 next_prio=120
           <...>-7690  [000] d...  1998.942926: sched_switch: prev_comm=kworker/u8:2 prev_pid=7690 prev_prio=120 prev_state=I ==> next_comm=sshd next_pid=765 next_prio=120
            sshd-765   [000] ....  1998.942926: sys_exit: NR 23 = 1
            sshd-765   [000] ....  1998.942926: sys_enter: NR 14 (0, 7ffd316778b0, 7ffd31677830, 8, 0, e00)
            sshd-765   [000] ....  1998.942926: sys_exit: NR 14 = 0
            sshd-765   [000] ....  1998.942926: sys_enter: NR 14 (2, 7ffd31677830, 0, 8, 0, e00)
            sshd-765   [000] ....  1998.942926: sys_exit: NR 14 = 0
            sshd-765   [000] ....  1998.942926: sys_enter: NR 228 (7, 7ffd316778d0, 7ffd316778d0, 8, 7ffd316c00f0, 7ffd316778d0)
           <...>-1258  [003] ....  1998.943223: sys_exit: NR 56 = 16348
           <...>-1258  [003] ....  1998.943239: sys_enter: NR 3 (6, 0, 0, 7f7d6c21ca10, 7f7d6c21c740, 0)
           <...>-1258  [003] ....  1998.943241: sys_exit: NR 3 = 0
           <...>-1258  [003] ....  1998.943242: sys_enter: NR 3 (8, 0, 0, 7f7d6c21ca10, 7f7d6c21c740, 0)
           <...>-1258  [003] ....  1998.943243: sys_exit: NR 3 = 0
           <...>-1258  [003] ....  1998.943257: sys_enter: NR 14 (2, 7ffc9ba941e0, 0, 8, 7f7d6c21c740, 0)
           <...>-1258  [003] ....  1998.943258: sys_exit: NR 14 = 0
           <...>-1258  [003] ....  1998.943260: sys_enter: NR 22 (7ffc9ba94158, 55bc6cc70b90, 1, 8, 7f7d6c21c740, 0)
           <...>-1258  [003] ....  1998.943270: sys_exit: NR 22 = 0
           <...>-1258  [003] ....  1998.943279: sys_enter: NR 14 (0, 7ffc9ba94160, 7ffc9ba941e0, 8, 7f7d6c21c740, 0)
           <...>-1258  [003] ....  1998.943280: sys_exit: NR 14 = 0
           <...>-1258  [003] ....  1998.943281: sys_enter: NR 56 (1200011, 0, 0, 7f7d6c21ca10, 7f7d6c21c740, 0)
          <idle>-0     [002] d...  1998.943296: sched_switch: prev_comm=swapper/2 prev_pid=0 prev_prio=120 prev_state=R ==> next_comm=rcu_sched next_pid=10 next_prio=120
       rcu_sched-10    [002] d...  1998.943306: sched_switch: prev_comm=rcu_sched prev_pid=10 prev_prio=120 prev_state=I ==> next_comm=swapper/2 next_pid=0 next_prio=120
            sshd-765   [000] ....  1998.943306: sys_exit: NR 228 = 0
            sshd-765   [000] ....  1998.943306: sys_enter: NR 0 (b, 7ffd31673810, 4000, 8, 7ffd316c00f0, 7ffd316778d0)
            sshd-765   [000] ....  1998.943306: sys_exit: NR 0 = 1
            sshd-765   [000] ....  1998.943306: sys_enter: NR 39 (555efd66eeaf, 5, f, 0, 1, 100)
            sshd-765   [000] ....  1998.943306: sys_exit: NR 39 = 765
            sshd-765   [000] ....  1998.943306: sys_enter: NR 228 (7, 7ffd31677820, 7ffd31677820, 0, 7ffd316c00f0, 7ffd31677820)
            sshd-765   [000] ....  1998.943356: sys_exit: NR 228 = 0
            sshd-765   [000] ....  1998.943362: sys_enter: NR 23 (c, 555efd66bd50, 555efd66b0f0, 0, 0, e00)
            sshd-765   [000] ....  1998.943369: sys_exit: NR 23 = 1
            sshd-765   [000] ....  1998.943371: sys_enter: NR 14 (0, 7ffd316778b0, 7ffd31677830, 8, 0, e00)
            sshd-765   [000] ....  1998.943372: sys_exit: NR 14 = 0
            sshd-765   [000] ....  1998.943373: sys_enter: NR 14 (2, 7ffd31677830, 0, 8, 0, e00)
            sshd-765   [000] ....  1998.943374: sys_exit: NR 14 = 0
            sshd-765   [000] ....  1998.943376: sys_enter: NR 228 (7, 7ffd316778d0, 7ffd316778d0, 8, 7ffd316c00f0, 7ffd316778d0)
          <idle>-0     [001] d...  1998.943377: sched_switch: prev_comm=swapper/1 prev_pid=0 prev_prio=120 prev_state=R ==> next_comm=mandb next_pid=16348 next_prio=120
           mandb-16348 [001] ....  1998.943395: sys_exit: NR 56 = 0
            sshd-765   [000] ....  1998.943432: sys_exit: NR 228 = 0
            sshd-765   [000] ....  1998.943438: sys_enter: NR 1 (3, 555efd68d380, 24, 8, 7ffd316c00f0, 7ffd316778d0)
           mandb-16348 [001] ....  1998.943497: sys_enter: NR 13 (1, 0, 7ffc9ba93fb0, 8, 7ffc9ba94060, 0)
           mandb-16348 [001] ....  1998.943508: sys_exit: NR 13 = 0
           mandb-16348 [001] ....  1998.943510: sys_enter: NR 13 (2, 0, 7ffc9ba93fb0, 8, 7ffc9ba94060, 0)
           mandb-16348 [001] ....  1998.943511: sys_exit: NR 13 = 0
           mandb-16348 [001] ....  1998.943512: sys_enter: NR 13 (2, 7ffc9ba93f10, 0, 8, 0, 0)
           mandb-16348 [001] ....  1998.943513: sys_exit: NR 13 = 0
           mandb-16348 [001] ....  1998.943514: sys_enter: NR 13 (f, 0, 7ffc9ba93fb0, 8, 7ffc9ba94060, 0)
           mandb-16348 [001] ....  1998.943515: sys_exit: NR 13 = 0
           mandb-16348 [001] ....  1998.943516: sys_enter: NR 13 (f, 7ffc9ba93f10, 0, 8, 0, 0)
           mandb-16348 [001] ....  1998.943516: sys_exit: NR 13 = 0
           mandb-16348 [001] ....  1998.943525: sys_enter: NR 33 (6, 0, 0, 8, 0, 0)
           mandb-16348 [001] ....  1998.943526: sys_exit: NR 33 = 0
           mandb-16348 [001] ....  1998.943528: sys_enter: NR 3 (6, 0, 0, 8, 0, 0)
           mandb-16348 [001] ....  1998.943528: sys_exit: NR 3 = 0
           mandb-16348 [001] ....  1998.943529: sys_enter: NR 33 (8, 1, 0, 8, 0, 0)
           mandb-16348 [001] ....  1998.943530: sys_exit: NR 33 = 1
           mandb-16348 [001] ....  1998.943531: sys_enter: NR 3 (8, 1, 0, 8, 0, 0)
           mandb-16348 [001] ....  1998.943532: sys_exit: NR 3 = 0
           mandb-16348 [001] ....  1998.943533: sys_enter: NR 3 (7, 1, 0, 8, 0, 0)
           mandb-16348 [001] ....  1998.943534: sys_exit: NR 3 = 0
           mandb-16348 [001] ....  1998.943582: sys_enter: NR 157 (15, 0, 0, 0, 0, 3)
           mandb-16348 [001] ....  1998.943584: sys_exit: NR 157 = 0
           <...>-1258  [003] ....  1998.943822: sys_exit: NR 56 = 16349
           <...>-1258  [003] ....  1998.943838: sys_enter: NR 3 (7, 0, 0, 7f7d6c21ca10, 7f7d6c21c740, 0)
           <...>-1258  [003] ....  1998.943840: sys_exit: NR 3 = 0
           <...>-1258  [003] ....  1998.943842: sys_enter: NR 3 (8, 0, 0, 7f7d6c21ca10, 7f7d6c21c740, 0)
           <...>-1258  [003] ....  1998.943846: sys_exit: NR 3 = 0
           <...>-1258  [003] ....  1998.943865: sys_enter: NR 14 (2, 7ffc9ba941e0, 0, 8, 7f7d6c21c740, 0)
           <...>-1258  [003] ....  1998.943867: sys_exit: NR 14 = 0
           <...>-1258  [003] ....  1998.944707: sys_enter: NR 0 (6, 55bc6cb3b6b0, 400, 55bc6c953400, 7ffc9ba94240, 1)
           <...>-1258  [003] d...  1998.944717: sched_switch: prev_comm=mandb prev_pid=1258 prev_prio=120 prev_state=S ==> next_comm=mandb next_pid=16349 next_prio=120
           mandb-16349 [003] ....  1998.944726: sys_exit: NR 56 = 0
           mandb-16349 [003] ....  1998.944781: sys_enter: NR 13 (1, 0, 7ffc9ba93fb0, 8, 7ffc9ba94060, 0)
           mandb-16349 [003] ....  1998.944788: sys_exit: NR 13 = 0
           mandb-16349 [003] ....  1998.944789: sys_enter: NR 13 (2, 0, 7ffc9ba93fb0, 8, 7ffc9ba94060, 0)
           mandb-16349 [003] ....  1998.944790: sys_exit: NR 13 = 0
           mandb-16349 [003] ....  1998.944791: sys_enter: NR 13 (2, 7ffc9ba93f10, 0, 8, 0, 0)
           mandb-16349 [003] ....  1998.944792: sys_exit: NR 13 = 0
           mandb-16349 [003] ....  1998.944793: sys_enter: NR 13 (f, 0, 7ffc9ba93fb0, 8, 7ffc9ba94060, 0)
           mandb-16349 [003] ....  1998.944794: sys_exit: NR 13 = 0
           mandb-16349 [003] ....  1998.944795: sys_enter: NR 13 (f, 7ffc9ba93f10, 0, 8, 0, 0)
           mandb-16349 [003] ....  1998.944796: sys_exit: NR 13 = 0
           mandb-16349 [003] ....  1998.944803: sys_enter: NR 33 (7, 0, 0, 8, 0, 0)
           mandb-16349 [003] ....  1998.944805: sys_exit: NR 33 = 0
           mandb-16349 [003] ....  1998.944806: sys_enter: NR 3 (7, 0, 0, 8, 0, 0)
           mandb-16349 [003] ....  1998.944807: sys_exit: NR 3 = 0
           mandb-16349 [003] ....  1998.944808: sys_enter: NR 33 (8, 1, 0, 8, 0, 0)
           mandb-16349 [003] ....  1998.944809: sys_exit: NR 33 = 1
           mandb-16349 [003] ....  1998.944810: sys_enter: NR 3 (8, 1, 0, 8, 0, 0)
           mandb-16349 [003] ....  1998.944810: sys_exit: NR 3 = 0
           mandb-16349 [003] ....  1998.944812: sys_enter: NR 3 (6, 1, 0, 8, 0, 0)
           mandb-16349 [003] ....  1998.944812: sys_exit: NR 3 = 0
           mandb-16349 [003] ....  1998.944858: sys_enter: NR 157 (15, 0, 0, 0, 0, 3)
           mandb-16349 [003] ....  1998.944859: sys_exit: NR 157 = 0
           mandb-16348 [001] ....  1998.944859: sys_enter: NR 12 (55bc6cca2000, 7f7d6b7b9c40, 20030, fffffffffffff000, 7ffc9ba936b8, 0)
           mandb-16348 [001] ....  1998.944859: sys_exit: NR 12 = 94267767398400
            sshd-765   [000] ....  1998.947437: sys_exit: NR 1 = 36
            sshd-765   [000] ....  1998.947452: sys_enter: NR 228 (7, 7ffd31677820, 7ffd31677820, 0, 7ffd316c00f0, 7ffd31677820)
            sshd-765   [000] ....  1998.947515: sys_exit: NR 228 = 0
            sshd-765   [000] ....  1998.947522: sys_enter: NR 23 (c, 555efd66bd50, 555efd66b0f0, 0, 0, e00)
            sshd-765   [000] d...  1998.947541: sched_switch: prev_comm=sshd prev_pid=765 prev_prio=120 prev_state=S ==> next_comm=kworker/0:3 next_pid=1859 next_prio=120
          <idle>-0     [002] d...  1998.947577: sched_switch: prev_comm=swapper/2 prev_pid=0 prev_prio=120 prev_state=R ==> next_comm=rcu_sched next_pid=10 next_prio=120
       rcu_sched-10    [002] d...  1998.947587: sched_switch: prev_comm=rcu_sched prev_pid=10 prev_prio=120 prev_state=I ==> next_comm=swapper/2 next_pid=0 next_prio=120
           mandb-16349 [003] d...  1998.948713: sched_switch: prev_comm=mandb prev_pid=16349 prev_prio=120 prev_state=R ==> next_comm=kworker/3:3 next_pid=116 next_prio=120
           <...>-1859  [000] d...  1998.948713: sched_switch: prev_comm=kworker/0:3 prev_pid=1859 prev_prio=120 prev_state=D ==> next_comm=kworker/0:0 next_pid=5 next_prio=120
           mandb-16348 [001] ....  1998.948713: sys_enter: NR 157 (26, 1, 0, 0, 0, 1)
           mandb-16348 [001] ....  1998.948713: sys_exit: NR 157 = 0
           mandb-16348 [001] ....  1998.948713: sys_enter: NR 317 (0, 1, 0, ffff, 1, 55bc6c9522a0)
           mandb-16348 [001] ....  1998.948713: sys_exit: NR 317 = -22
           mandb-16348 [001] ....  1998.948713: sys_enter: NR 317 (1, 0, 55bc6cc70cf0, 1, 55bc6c9522a0, 55bc6c952280)
          <idle>-0     [002] d...  1998.958278: sched_switch: prev_comm=swapper/2 prev_pid=0 prev_prio=120 prev_state=R ==> next_comm=rcu_sched next_pid=10 next_prio=120
       rcu_sched-10    [002] d...  1998.958287: sched_switch: prev_comm=rcu_sched prev_pid=10 prev_prio=120 prev_state=I ==> next_comm=swapper/2 next_pid=0 next_prio=120
           <...>-116   [003] d...  1998.958499: sched_switch: prev_comm=kworker/3:3 prev_pid=116 prev_prio=120 prev_state=I ==> next_comm=mandb next_pid=16349 next_prio=120
           mandb-16349 [003] ....  1998.958902: sys_enter: NR 12 (55bc6cca2000, 7f7d6b7b9c40, 20030, fffffffffffff000, 7ffc9ba936b8, 0)
           mandb-16349 [003] ....  1998.958902: sys_exit: NR 12 = 94267767398400
           mandb-16348 [001] ....  1998.959170: sys_exit: NR 317 = 0
           mandb-16348 [001] ....  1998.959180: sys_enter: NR 32 (0, 0, 55bc6cc70d70, 1, 55bc6c9522a0, 55bc6c952280)
           mandb-16348 [001] ....  1998.959182: sys_exit: NR 32 = 6
           mandb-16348 [001] ....  1998.959250: sys_enter: NR 8 (6, 0, 1, 9, 55bc6cc90720, 6)
           mandb-16348 [001] ....  1998.959253: sys_exit: NR 8 = 0
           mandb-16348 [001] ....  1998.959303: sys_enter: NR 0 (6, 55bc6cc90740, 2000, 9, 0, 0)
           mandb-16348 [001] ....  1998.959312: sys_exit: NR 0 = 1137
           mandb-16348 [001] ....  1998.959314: sys_enter: NR 0 (6, 55bc6cc90bb1, 1b8f, 9, 0, 0)
           mandb-16348 [001] ....  1998.959314: sys_exit: NR 0 = 0
           mandb-16348 [001] ....  1998.959411: sys_enter: NR 5 (1, 7ffc9ba92e70, 7ffc9ba92e70, 9, 7f7d6b7ba760, 0)
           mandb-16348 [001] ....  1998.959415: sys_exit: NR 5 = 0
           mandb-16348 [001] ....  1998.959421: sys_enter: NR 3 (6, 55bc6c952010, 55bc6c952010, 9, 0, 79706f4320225c2e)
           mandb-16348 [001] ....  1998.959422: sys_exit: NR 3 = 0
           mandb-16348 [001] ....  1998.959651: sys_enter: NR 1 (1, 55bc6cc98360, 8b3, c, 0, 0)
           mandb-16348 [001] ....  1998.959659: sys_exit: NR 1 = 2227
           mandb-16348 [001] ....  1998.959664: sys_enter: NR 231 (0, 3c, 0, c, e7, ffffffffffffff78)
           mandb-16348 [001] d...  1998.959916: sched_switch: prev_comm=mandb prev_pid=16348 prev_prio=120 prev_state=Z ==> next_comm=swapper/1 next_pid=0 next_prio=120
          <idle>-0     [001] d...  1998.959916: sched_switch: prev_comm=swapper/1 prev_pid=0 prev_prio=120 prev_state=R ==> next_comm=kworker/1:3 next_pid=370 next_prio=120
           <...>-370   [001] d...  1998.959916: sched_switch: prev_comm=kworker/1:3 prev_pid=370 prev_prio=120 prev_state=I ==> next_comm=swapper/1 next_pid=0 next_prio=120
           mandb-16349 [003] d...  1998.960185: sched_switch: prev_comm=mandb prev_pid=16349 prev_prio=120 prev_state=R ==> next_comm=mandb next_pid=1258 next_prio=120
           <...>-1258  [003] ....  1998.960185: sys_exit: NR 0 = -512
           <...>-1258  [003] ....  1998.960185: sys_enter: NR 61 (ffffffff, 7ffc9ba93ce4, 1, 0, 7ffc9ba94240, 1)
           <...>-1258  [003] ....  1998.960185: sys_exit: NR 61 = 16348
           <...>-1258  [003] ....  1998.960185: sys_enter: NR 61 (ffffffff, 7ffc9ba93ce4, 1, 0, 7ffc9ba94240, 55bc6cc70cd0)
           <...>-1258  [003] ....  1998.960185: sys_exit: NR 61 = 0
           <...>-1258  [003] ....  1998.960185: sys_enter: NR 15 (ffffffff, 7ffc9ba93ce4, 1, 0, 7ffc9ba94240, 55bc6cc70cd0)
           <...>-1258  [003] ....  1998.960185: sys_exit: NR -1 = 0
           <...>-1258  [003] ....  1998.960185: sys_enter: NR 0 (6, 55bc6cb3b6b0, 400, 55bc6c953400, 7ffc9ba94240, 1)
           <...>-1258  [003] d...  1998.960185: sched_switch: prev_comm=mandb prev_pid=1258 prev_prio=120 prev_state=S ==> next_comm=mandb next_pid=16349 next_prio=120
          <idle>-0     [002] d...  1998.961212: sched_switch: prev_comm=swapper/2 prev_pid=0 prev_prio=120 prev_state=R ==> next_comm=rcu_sched next_pid=10 next_prio=120
       rcu_sched-10    [002] d...  1998.961221: sched_switch: prev_comm=rcu_sched prev_pid=10 prev_prio=120 prev_state=I ==> next_comm=swapper/2 next_pid=0 next_prio=120
     kworker/0:0-5     [000] d...  1998.961221: sched_switch: prev_comm=kworker/0:0 prev_pid=5 prev_prio=120 prev_state=R+ ==> next_comm=ksoftirqd/0 next_pid=9 next_prio=120
           <...>-9     [000] d...  1998.961221: sched_switch: prev_comm=ksoftirqd/0 prev_pid=9 prev_prio=120 prev_state=S ==> next_comm=kworker/0:0 next_pid=5 next_prio=120
           mandb-16349 [003] ....  1998.961221: sys_enter: NR 157 (26, 1, 0, 0, 0, 1)
           mandb-16349 [003] ....  1998.961221: sys_exit: NR 157 = 0
           mandb-16349 [003] ....  1998.961221: sys_enter: NR 317 (0, 1, 0, ffff, 1, 55bc6c9522a0)
           mandb-16349 [003] ....  1998.961221: sys_exit: NR 317 = -22
           mandb-16349 [003] ....  1998.961221: sys_enter: NR 317 (1, 0, 55bc6cc70cf0, 1, 55bc6c9522a0, 55bc6c952280)
     kworker/0:0-5     [000] d...  1998.964414: sched_switch: prev_comm=kworker/0:0 prev_pid=5 prev_prio=120 prev_state=R+ ==> next_comm=kworker/0:3 next_pid=1859 next_prio=120
           <...>-1859  [000] d...  1998.964683: sched_switch: prev_comm=kworker/0:3 prev_pid=1859 prev_prio=120 prev_state=I ==> next_comm=ksoftirqd/0 next_pid=9 next_prio=120
           <...>-9     [000] d...  1998.964689: sched_switch: prev_comm=ksoftirqd/0 prev_pid=9 prev_prio=120 prev_state=S ==> next_comm=kworker/0:0 next_pid=5 next_prio=120
     kworker/0:0-5     [000] d...  1998.964735: sched_switch: prev_comm=kworker/0:0 prev_pid=5 prev_prio=120 prev_state=I ==> next_comm=swapper/0 next_pid=0 next_prio=120
          <idle>-0     [002] d...  1998.965698: sched_switch: prev_comm=swapper/2 prev_pid=0 prev_prio=120 prev_state=R ==> next_comm=rcu_sched next_pid=10 next_prio=120
       rcu_sched-10    [002] d...  1998.965708: sched_switch: prev_comm=rcu_sched prev_pid=10 prev_prio=120 prev_state=I ==> next_comm=swapper/2 next_pid=0 next_prio=120
           mandb-16349 [003] ....  1998.965708: sys_exit: NR 317 = 0
           mandb-16349 [003] ....  1998.965708: sys_enter: NR 32 (0, 0, 55bc6cc70d70, 1, 55bc6c9522a0, 55bc6c952280)
           mandb-16349 [003] ....  1998.965708: sys_exit: NR 32 = 6
           mandb-16349 [003] ....  1998.965708: sys_enter: NR 14 (0, 7ffc9ba93eb0, 7ffc9ba93f30, 8, 55bc6c9522a0, 7f7d6b53ca00)
           mandb-16349 [003] ....  1998.965708: sys_exit: NR 14 = 0
           mandb-16349 [003] ....  1998.965708: sys_enter: NR 14 (2, 7ffc9ba93f30, 0, 8, 55bc6cc70e10, 55bc6cc723a0)
           mandb-16349 [003] ....  1998.965708: sys_exit: NR 14 = 0
           mandb-16349 [003] ....  1998.965708: sys_enter: NR 22 (7ffc9ba93ea8, 7ffc9ba93f30, 0, 8, 55bc6cc70e10, 55bc6cc723a0)
           mandb-16349 [003] ....  1998.965708: sys_exit: NR 22 = 0
