# tracer: function
#
# entries-in-buffer/entries-written: 2286/2286   #P:4
#
#                              _-----=> irqs-off
#                             / _----=> need-resched
#                            | / _---=> hardirq/softirq
#                            || / _--=> preempt-depth
#                            ||| /     delay
#           TASK-PID   CPU#  ||||    TIMESTAMP  FUNCTION
#              | |       |   ||||       |         |
        trace.sh-25658 [002] ....  4345.864431: sys_exit: NR 1 = 2
        trace.sh-25658 [002] ....  4345.864450: sys_enter: NR 33 (a, 1, 7, a, a, 10)
        trace.sh-25658 [002] ....  4345.864454: sys_exit: NR 33 = 1
        trace.sh-25658 [002] ....  4345.864462: sys_enter: NR 72 (a, 1, 0, a, a, 10)
        trace.sh-25658 [002] ....  4345.864463: sys_exit: NR 72 = 1
        trace.sh-25658 [002] ....  4345.864466: sys_enter: NR 3 (a, a, a, a, 0, 10)
        trace.sh-25658 [002] ....  4345.864468: sys_exit: NR 3 = 0
        trace.sh-25658 [002] ....  4345.864526: sys_enter: NR 1 (1, 5616c077cea0, e, a, a, d)
        trace.sh-25658 [002] ....  4345.864839: sys_exit: NR 1 = 14
        trace.sh-25658 [002] ....  4345.864857: sys_enter: NR 0 (ff, 5616c077b850, 375, 1, 5616c077a310, 0)
        trace.sh-25658 [002] ....  4345.864865: sys_exit: NR 0 = 0
        trace.sh-25658 [002] ....  4345.864872: sys_enter: NR 14 (0, 7ffdc1747ce0, 7ffdc1747d60, 8, 7f22fa81e8b0, 7f22fae66740)
        trace.sh-25658 [002] ....  4345.864874: sys_exit: NR 14 = 0
        trace.sh-25658 [002] ....  4345.864875: sys_enter: NR 14 (2, 7ffdc1747d60, 0, 8, 7f22fa81e8b0, 7f22fae66740)
        trace.sh-25658 [002] ....  4345.864876: sys_exit: NR 14 = 0
        trace.sh-25658 [002] ....  4345.864924: sys_enter: NR 231 (0, 3c, 0, 4, e7, ffffffffffffff80)
          <idle>-0     [001] d...  4345.865509: sched_switch: prev_comm=swapper/1 prev_pid=0 prev_prio=120 prev_state=R ==> next_comm=kworker/u8:1 next_pid=25598 next_prio=120
        trace.sh-25658 [002] d...  4345.865645: sched_switch: prev_comm=trace.sh prev_pid=25658 prev_prio=120 prev_state=Z ==> next_comm=swapper/2 next_pid=0 next_prio=120
    kworker/u8:1-25598 [001] d...  4345.865746: sched_switch: prev_comm=kworker/u8:1 prev_pid=25598 prev_prio=120 prev_state=I ==> next_comm=swapper/1 next_pid=0 next_prio=120
          <idle>-0     [000] d...  4345.866260: sched_switch: prev_comm=swapper/0 prev_pid=0 prev_prio=120 prev_state=R ==> next_comm=bash next_pid=25648 next_prio=120
            bash-25648 [000] ....  4345.866301: sys_exit: NR 61 = 25658
            bash-25648 [000] ....  4345.866312: sys_enter: NR 14 (0, 7ffd52816f90, 7ffd52817010, 8, 55cde6330290, 55cde634ee60)
            bash-25648 [000] ....  4345.866313: sys_exit: NR 14 = 0
            bash-25648 [000] ....  4345.866315: sys_enter: NR 16 (ff, 5410, 7ffd52816f7c, 8, 55cde6330290, 55cde634ee60)
            bash-25648 [000] ....  4345.866321: sys_exit: NR 16 = 0
            bash-25648 [000] ....  4345.866322: sys_enter: NR 14 (2, 7ffd52817010, 0, 8, 55cde6330290, 55cde634ee60)
            bash-25648 [000] ....  4345.866323: sys_exit: NR 14 = 0
            bash-25648 [000] ....  4345.866324: sys_enter: NR 16 (ff, 5401, 7ffd52817070, 8, 55cde4b69f20, 55cde634ee60)
            bash-25648 [000] ....  4345.866326: sys_exit: NR 16 = 0
            bash-25648 [000] ....  4345.866328: sys_enter: NR 16 (ff, 5413, 7ffd52817080, 8, 55cde4b69f20, 55cde634ee60)
            bash-25648 [000] ....  4345.866329: sys_exit: NR 16 = 0
            bash-25648 [000] ....  4345.866350: sys_enter: NR 14 (2, 7ffd52817150, 0, 8, 55cde6330290, 7)
            bash-25648 [000] ....  4345.866351: sys_exit: NR 14 = 0
            bash-25648 [000] ....  4345.866358: sys_enter: NR 61 (ffffffff, 7ffd52816bd0, b, 0, 55cde6330290, 7)
            bash-25648 [000] ....  4345.866360: sys_exit: NR 61 = -10
            bash-25648 [000] ....  4345.866365: sys_enter: NR 15 (ffffffff, 7ffd52816bd0, ffffffffffffff80, 0, 55cde6330290, 7)
            bash-25648 [000] ....  4345.866366: sys_exit: NR -1 = 0
            bash-25648 [000] ....  4345.866467: sys_enter: NR 13 (2, 7ffd52817070, 7ffd52817110, 8, 7ffd52817260, 7)
            bash-25648 [000] ....  4345.866469: sys_exit: NR 13 = 0
            bash-25648 [000] ....  4345.866561: sys_enter: NR 14 (0, 7ffd528161d0, 7ffd52816250, 8, 55cde6330290, 75746e7562754074)
            bash-25648 [000] ....  4345.866563: sys_exit: NR 14 = 0
            bash-25648 [000] ....  4345.866564: sys_enter: NR 16 (ff, 5410, 7ffd528161bc, 8, 55cde6330290, 75746e7562754074)
            bash-25648 [000] ....  4345.866591: sys_exit: NR 16 = 0
            bash-25648 [000] ....  4345.866592: sys_enter: NR 14 (2, 7ffd52816250, 0, 8, 55cde6330290, 75746e7562754074)
            bash-25648 [000] ....  4345.866593: sys_exit: NR 14 = 0
            bash-25648 [000] ....  4345.866594: sys_enter: NR 13 (2, 7ffd52816050, 7ffd528160f0, 8, 7ffd52816240, 75746e7562754074)
            bash-25648 [000] ....  4345.866594: sys_exit: NR 13 = 0
            bash-25648 [000] ....  4345.866835: sys_enter: NR 16 (0, 5413, 7ffd52816240, 0, c0c0, 1)
            bash-25648 [000] ....  4345.866835: sys_exit: NR 16 = 0
            bash-25648 [000] ....  4345.866835: sys_enter: NR 16 (0, 5414, 7ffd52816240, 0, c0c0, 1)
            bash-25648 [000] ....  4345.866835: sys_exit: NR 16 = 0
            bash-25648 [000] ....  4345.866835: sys_enter: NR 16 (0, 5401, 7ffd52816210, 0, 7ffd52816270, 1)
            bash-25648 [000] ....  4345.866835: sys_exit: NR 16 = 0
            bash-25648 [000] ....  4345.866835: sys_enter: NR 16 (0, 5401, 7ffd52816200, 1, 55cde4b66400, 7ffd52816270)
            bash-25648 [000] ....  4345.866835: sys_exit: NR 16 = 0
            bash-25648 [000] ....  4345.866835: sys_enter: NR 16 (0, 5403, 7ffd528161d0, 10, 0, 7ffd52816270)
            bash-25648 [000] ....  4345.866835: sys_exit: NR 16 = 0
            bash-25648 [000] ....  4345.866835: sys_enter: NR 16 (0, 5401, 7ffd528161d0, 10, ffffffffffffff80, 7ffd52816270)
            bash-25648 [000] ....  4345.866835: sys_exit: NR 16 = 0
            bash-25648 [000] ....  4345.866835: sys_enter: NR 14 (0, 55cde4b6b360, 55cde4b6b2e0, 8, 1, 7f05eac5a740)
            bash-25648 [000] ....  4345.866835: sys_exit: NR 14 = 0
            bash-25648 [000] ....  4345.866835: sys_enter: NR 13 (2, 7ffd52815eb0, 7ffd52815f50, 8, 7ffd52816000, 7f05eac5a740)
            bash-25648 [000] ....  4345.866835: sys_exit: NR 13 = 0
            bash-25648 [000] ....  4345.866835: sys_enter: NR 13 (f, 7ffd52815eb0, 7ffd52815f50, 8, 7ffd52816000, 7f05eac5a740)
            bash-25648 [000] ....  4345.866835: sys_exit: NR 13 = 0
            bash-25648 [000] ....  4345.866835: sys_enter: NR 13 (1, 7ffd52815eb0, 7ffd52815f50, 8, 7ffd52816000, 7f05eac5a740)
            bash-25648 [000] ....  4345.866835: sys_exit: NR 13 = 0
            bash-25648 [000] ....  4345.866835: sys_enter: NR 13 (3, 7ffd52815eb0, 7ffd52815f50, 8, 7ffd52816000, 7f05eac5a740)
            bash-25648 [000] ....  4345.866835: sys_exit: NR 13 = 0
            bash-25648 [000] ....  4345.866835: sys_enter: NR 13 (3, 7ffd52816020, 7ffd528160c0, 8, 7ffd52816170, 7f05eac5a740)
            bash-25648 [000] ....  4345.866835: sys_exit: NR 13 = 0
            bash-25648 [000] ....  4345.866835: sys_enter: NR 13 (e, 7ffd52815f80, 7ffd52816020, 8, 7ffd528160d0, 7f05eac5a740)
            bash-25648 [000] ....  4345.866835: sys_exit: NR 13 = 0
            bash-25648 [000] ....  4345.866835: sys_enter: NR 13 (14, 7ffd52815eb0, 7ffd52815f50, 8, 7ffd52816000, 7f05eac5a740)
            bash-25648 [000] ....  4345.866835: sys_exit: NR 13 = 0
            bash-25648 [000] ....  4345.866835: sys_enter: NR 13 (14, 7ffd52816020, 7ffd528160c0, 8, 7ffd52816170, 7f05eac5a740)
            bash-25648 [000] ....  4345.866835: sys_exit: NR 13 = 0
            bash-25648 [000] ....  4345.866835: sys_enter: NR 13 (16, 7ffd52815eb0, 7ffd52815f50, 8, 7ffd52816000, 7f05eac5a740)
            bash-25648 [000] ....  4345.866835: sys_exit: NR 13 = 0
            bash-25648 [000] ....  4345.866835: sys_enter: NR 13 (16, 7ffd52816020, 7ffd528160c0, 8, 7ffd52816170, 7f05eac5a740)
            bash-25648 [000] ....  4345.866835: sys_exit: NR 13 = 0
            bash-25648 [000] ....  4345.866835: sys_enter: NR 13 (15, 7ffd52815eb0, 7ffd52815f50, 8, 7ffd52816000, 7f05eac5a740)
            bash-25648 [000] ....  4345.866835: sys_exit: NR 13 = 0
            bash-25648 [000] ....  4345.866835: sys_enter: NR 13 (15, 7ffd52816020, 7ffd528160c0, 8, 7ffd52816170, 7f05eac5a740)
            bash-25648 [000] ....  4345.866835: sys_exit: NR 13 = 0
            bash-25648 [000] ....  4345.866835: sys_enter: NR 14 (2, 55cde4b6b2e0, 0, 8, 7ffd52816170, 7f05eac5a740)
            bash-25648 [000] ....  4345.866835: sys_exit: NR 14 = 0
            bash-25648 [000] ....  4345.866835: sys_enter: NR 13 (1c, 7ffd52815eb0, 7ffd52815f50, 8, 7ffd52816000, 7f05eac5a740)
            bash-25648 [000] ....  4345.866835: sys_exit: NR 13 = 0
            bash-25648 [000] ....  4345.866835: sys_enter: NR 1 (2, 55cde635d120, 70, 0, 7f05ea6128b0, 7f05eac5a740)
            bash-25648 [000] ....  4345.866835: sys_exit: NR 1 = 112
            bash-25648 [000] ....  4345.866835: sys_enter: NR 270 (1, 7ffd52816200, 0, 0, 0, 7ffd52816130)
            bash-25648 [000] d...  4345.866835: sched_switch: prev_comm=bash prev_pid=25648 prev_prio=120 prev_state=S ==> next_comm=sshd next_pid=765 next_prio=120
            sshd-765   [000] ....  4345.866835: sys_exit: NR 23 = 1
            sshd-765   [000] ....  4345.866835: sys_enter: NR 14 (0, 7ffd316778b0, 7ffd31677830, 8, 0, 1000)
            sshd-765   [000] ....  4345.866835: sys_exit: NR 14 = 0
            sshd-765   [000] ....  4345.866835: sys_enter: NR 14 (2, 7ffd31677830, 0, 8, 0, 1000)
            sshd-765   [000] ....  4345.866835: sys_exit: NR 14 = 0
            sshd-765   [000] ....  4345.866835: sys_enter: NR 228 (7, 7ffd316778d0, 7ffd316778d0, 8, 7ffd316c00f0, 7ffd316778d0)
            sshd-765   [000] ....  4345.867411: sys_exit: NR 228 = 0
            sshd-765   [000] ....  4345.867418: sys_enter: NR 0 (b, 7ffd31673810, 4000, 8, 7ffd316c00f0, 7ffd316778d0)
            sshd-765   [000] ....  4345.867424: sys_exit: NR 0 = 15
            sshd-765   [000] ....  4345.867434: sys_enter: NR 39 (555efd66eebd, 7, 1d, 0, 1, 100)
            sshd-765   [000] ....  4345.867436: sys_exit: NR 39 = 765
            sshd-765   [000] ....  4345.867442: sys_enter: NR 228 (7, 7ffd31677820, 7ffd31677820, 0, 7ffd316c00f0, 7ffd31677820)
          <idle>-0     [001] d...  4345.867470: sched_switch: prev_comm=swapper/1 prev_pid=0 prev_prio=120 prev_state=R ==> next_comm=kworker/u8:1 next_pid=25598 next_prio=120
    kworker/u8:1-25598 [001] d...  4345.867483: sched_switch: prev_comm=kworker/u8:1 prev_pid=25598 prev_prio=120 prev_state=I ==> next_comm=swapper/1 next_pid=0 next_prio=120
            sshd-765   [000] ....  4345.867495: sys_exit: NR 228 = 0
            sshd-765   [000] ....  4345.867501: sys_enter: NR 23 (c, 555efd66bd50, 555efd66b0f0, 0, 0, 1000)
            sshd-765   [000] ....  4345.867506: sys_exit: NR 23 = 2
            sshd-765   [000] ....  4345.867508: sys_enter: NR 14 (0, 7ffd316778b0, 7ffd31677830, 8, 0, 1000)
            sshd-765   [000] ....  4345.867509: sys_exit: NR 14 = 0
            sshd-765   [000] ....  4345.867510: sys_enter: NR 14 (2, 7ffd31677830, 0, 8, 0, 1000)
            sshd-765   [000] ....  4345.867511: sys_exit: NR 14 = 0
            sshd-765   [000] ....  4345.867512: sys_enter: NR 228 (7, 7ffd316778d0, 7ffd316778d0, 8, 7ffd316c00f0, 7ffd316778d0)
            sshd-765   [000] ....  4345.867563: sys_exit: NR 228 = 0
            sshd-765   [000] ....  4345.867567: sys_enter: NR 0 (b, 7ffd31673810, 4000, 8, 7ffd316c00f0, 7ffd316778d0)
            sshd-765   [000] ....  4345.867571: sys_exit: NR 0 = 112
            sshd-765   [000] ....  4345.867574: sys_enter: NR 1 (3, 555efd68cb50, 34, 3a75746e75627540, 555efd68bba0, 746f6f723b305d1b)
          <idle>-0     [001] d...  4345.868053: sched_switch: prev_comm=swapper/1 prev_pid=0 prev_prio=120 prev_state=R ==> next_comm=rcu_sched next_pid=10 next_prio=120
       rcu_sched-10    [001] d...  4345.868088: sched_switch: prev_comm=rcu_sched prev_pid=10 prev_prio=120 prev_state=I ==> next_comm=swapper/1 next_pid=0 next_prio=120
            sshd-765   [000] ....  4345.869948: sys_exit: NR 1 = 52
            sshd-765   [000] ....  4345.869963: sys_enter: NR 39 (555efd66ef1e, 6, 7e, 0, 1, 100)
            sshd-765   [000] ....  4345.869965: sys_exit: NR 39 = 765
            sshd-765   [000] ....  4345.869974: sys_enter: NR 228 (7, 7ffd31677820, 7ffd31677820, 0, 7ffd316c00f0, 7ffd31677820)
            sshd-765   [000] ....  4345.870091: sys_exit: NR 228 = 0
            sshd-765   [000] ....  4345.870124: sys_enter: NR 23 (c, 555efd66bd50, 555efd66b0f0, 0, 0, 1000)
            sshd-765   [000] ....  4345.870137: sys_exit: NR 23 = 1
            sshd-765   [000] ....  4345.870140: sys_enter: NR 14 (0, 7ffd316778b0, 7ffd31677830, 8, 0, 1000)
            sshd-765   [000] ....  4345.870142: sys_exit: NR 14 = 0
            sshd-765   [000] ....  4345.870143: sys_enter: NR 14 (2, 7ffd31677830, 0, 8, 0, 1000)
            sshd-765   [000] ....  4345.870144: sys_exit: NR 14 = 0
            sshd-765   [000] ....  4345.870146: sys_enter: NR 228 (7, 7ffd316778d0, 7ffd316778d0, 8, 7ffd316c00f0, 7ffd316778d0)
            sshd-765   [000] ....  4345.870913: sys_exit: NR 228 = 0
            sshd-765   [000] ....  4345.870921: sys_enter: NR 1 (3, 555efd68cb50, 94, 8, 7ffd316c00f0, 7ffd316778d0)
          <idle>-0     [001] d...  4345.872291: sched_switch: prev_comm=swapper/1 prev_pid=0 prev_prio=120 prev_state=R ==> next_comm=rcu_sched next_pid=10 next_prio=120
       rcu_sched-10    [001] d...  4345.872300: sched_switch: prev_comm=rcu_sched prev_pid=10 prev_prio=120 prev_state=I ==> next_comm=swapper/1 next_pid=0 next_prio=120
            sshd-765   [000] ....  4345.873861: sys_exit: NR 1 = 148
            sshd-765   [000] ....  4345.873868: sys_enter: NR 228 (7, 7ffd31677820, 7ffd31677820, 0, 7ffd316c00f0, 7ffd31677820)
            sshd-765   [000] ....  4345.873940: sys_exit: NR 228 = 0
            sshd-765   [000] ....  4345.873946: sys_enter: NR 23 (c, 555efd66bd50, 555efd66b0f0, 0, 0, 1000)
            sshd-765   [000] d...  4345.873958: sched_switch: prev_comm=sshd prev_pid=765 prev_prio=120 prev_state=S ==> next_comm=swapper/0 next_pid=0 next_prio=120
          <idle>-0     [001] d...  4345.875278: sched_switch: prev_comm=swapper/1 prev_pid=0 prev_prio=120 prev_state=R ==> next_comm=rcu_sched next_pid=10 next_prio=120
       rcu_sched-10    [001] d...  4345.875286: sched_switch: prev_comm=rcu_sched prev_pid=10 prev_prio=120 prev_state=I ==> next_comm=swapper/1 next_pid=0 next_prio=120
          <idle>-0     [001] d...  4345.880724: sched_switch: prev_comm=swapper/1 prev_pid=0 prev_prio=120 prev_state=R ==> next_comm=rcu_sched next_pid=10 next_prio=120
       rcu_sched-10    [001] d...  4345.880737: sched_switch: prev_comm=rcu_sched prev_pid=10 prev_prio=120 prev_state=I ==> next_comm=swapper/1 next_pid=0 next_prio=120
          <idle>-0     [001] d...  4345.955534: sched_switch: prev_comm=swapper/1 prev_pid=0 prev_prio=120 prev_state=R ==> next_comm=rcu_sched next_pid=10 next_prio=120
       rcu_sched-10    [001] d...  4345.955658: sched_switch: prev_comm=rcu_sched prev_pid=10 prev_prio=120 prev_state=I ==> next_comm=swapper/1 next_pid=0 next_prio=120
          <idle>-0     [003] d...  4345.956256: sched_switch: prev_comm=swapper/3 prev_pid=0 prev_prio=120 prev_state=R ==> next_comm=kworker/3:1 next_pid=23948 next_prio=120
     kworker/3:1-23948 [003] d...  4345.956407: sched_switch: prev_comm=kworker/3:1 prev_pid=23948 prev_prio=120 prev_state=I ==> next_comm=swapper/3 next_pid=0 next_prio=120
          <idle>-0     [001] d...  4345.961660: sched_switch: prev_comm=swapper/1 prev_pid=0 prev_prio=120 prev_state=R ==> next_comm=rcu_sched next_pid=10 next_prio=120
       rcu_sched-10    [001] d...  4345.961677: sched_switch: prev_comm=rcu_sched prev_pid=10 prev_prio=120 prev_state=I ==> next_comm=swapper/1 next_pid=0 next_prio=120
          <idle>-0     [001] d...  4345.966911: sched_switch: prev_comm=swapper/1 prev_pid=0 prev_prio=120 prev_state=R ==> next_comm=rcu_sched next_pid=10 next_prio=120
       rcu_sched-10    [001] d...  4345.966929: sched_switch: prev_comm=rcu_sched prev_pid=10 prev_prio=120 prev_state=I ==> next_comm=swapper/1 next_pid=0 next_prio=120
          <idle>-0     [001] d...  4345.971332: sched_switch: prev_comm=swapper/1 prev_pid=0 prev_prio=120 prev_state=R ==> next_comm=rcu_sched next_pid=10 next_prio=120
       rcu_sched-10    [001] d...  4345.971349: sched_switch: prev_comm=rcu_sched prev_pid=10 prev_prio=120 prev_state=I ==> next_comm=swapper/1 next_pid=0 next_prio=120
          <idle>-0     [001] d...  4345.979350: sched_switch: prev_comm=swapper/1 prev_pid=0 prev_prio=120 prev_state=R ==> next_comm=rcu_sched next_pid=10 next_prio=120
       rcu_sched-10    [001] d...  4345.979365: sched_switch: prev_comm=rcu_sched prev_pid=10 prev_prio=120 prev_state=I ==> next_comm=swapper/1 next_pid=0 next_prio=120
          <idle>-0     [000] d...  4346.527443: sched_switch: prev_comm=swapper/0 prev_pid=0 prev_prio=120 prev_state=R ==> next_comm=sshd next_pid=765 next_prio=120
            sshd-765   [000] ....  4346.527443: sys_exit: NR 23 = 1
            sshd-765   [000] ....  4346.527443: sys_enter: NR 14 (0, 7ffd316778b0, 7ffd31677830, 8, 0, 1000)
            sshd-765   [000] ....  4346.527443: sys_exit: NR 14 = 0
            sshd-765   [000] ....  4346.527443: sys_enter: NR 14 (2, 7ffd31677830, 0, 8, 0, 1000)
            sshd-765   [000] ....  4346.527443: sys_exit: NR 14 = 0
            sshd-765   [000] ....  4346.527443: sys_enter: NR 228 (7, 7ffd316778d0, 7ffd316778d0, 8, 7ffd316c00f0, 7ffd316778d0)
            sshd-765   [000] ....  4346.527443: sys_exit: NR 228 = 0
            sshd-765   [000] ....  4346.527443: sys_enter: NR 0 (3, 7ffd31673940, 4000, 8, 7ffd316c00f0, 7ffd316778d0)
            sshd-765   [000] ....  4346.527443: sys_exit: NR 0 = 36
            sshd-765   [000] ....  4346.527443: sys_enter: NR 228 (7, 7ffd31677820, 7ffd31677820, 0, 7ffd316c00f0, 7ffd31677820)
            sshd-765   [000] ....  4346.529649: sys_exit: NR 228 = 0
            sshd-765   [000] ....  4346.529658: sys_enter: NR 23 (c, 555efd66bd50, 555efd66b0f0, 0, 0, 1000)
            sshd-765   [000] ....  4346.529671: sys_exit: NR 23 = 1
            sshd-765   [000] ....  4346.529674: sys_enter: NR 14 (0, 7ffd316778b0, 7ffd31677830, 8, 0, 1000)
            sshd-765   [000] ....  4346.529676: sys_exit: NR 14 = 0
            sshd-765   [000] ....  4346.529677: sys_enter: NR 14 (2, 7ffd31677830, 0, 8, 0, 1000)
            sshd-765   [000] ....  4346.529678: sys_exit: NR 14 = 0
            sshd-765   [000] ....  4346.529680: sys_enter: NR 228 (7, 7ffd316778d0, 7ffd316778d0, 8, 7ffd316c00f0, 7ffd316778d0)
            sshd-765   [000] ....  4346.529836: sys_exit: NR 228 = 0
            sshd-765   [000] ....  4346.529845: sys_enter: NR 1 (9, 555efd670f90, 1, 8, 0, 0)
            sshd-765   [000] ....  4346.530021: sys_exit: NR 1 = 1
            sshd-765   [000] ....  4346.530027: sys_enter: NR 16 (9, 5401, 7ffd31677810, 8, 7ffd31677870, 0)
            sshd-765   [000] ....  4346.530034: sys_exit: NR 16 = 0
            sshd-765   [000] ....  4346.530041: sys_enter: NR 228 (7, 7ffd31677820, 7ffd31677820, 0, 7ffd316c00f0, 7ffd31677820)
          <idle>-0     [001] d...  4346.530304: sched_switch: prev_comm=swapper/1 prev_pid=0 prev_prio=120 prev_state=R ==> next_comm=kworker/u8:1 next_pid=25598 next_prio=120
    kworker/u8:1-25598 [001] d...  4346.530475: sched_switch: prev_comm=kworker/u8:1 prev_pid=25598 prev_prio=120 prev_state=I ==> next_comm=swapper/1 next_pid=0 next_prio=120
            sshd-765   [000] .N..  4346.530677: sys_exit: NR 228 = 0
            sshd-765   [000] d...  4346.530683: sched_switch: prev_comm=sshd prev_pid=765 prev_prio=120 prev_state=R ==> next_comm=bash next_pid=25648 next_prio=120
            bash-25648 [000] ....  4346.530697: sys_exit: NR 270 = 1
            bash-25648 [000] ....  4346.530705: sys_enter: NR 0 (0, 7ffd5281617f, 1, 0, 0, 7ffd52816130)
            bash-25648 [000] ....  4346.530712: sys_exit: NR 0 = 1
            bash-25648 [000] ....  4346.530727: sys_enter: NR 23 (1, 7ffd52816120, 0, 7ffd528161a0, 7ffd52816110, 7f05ea393260)
            bash-25648 [000] ....  4346.530731: sys_exit: NR 23 = 0
            bash-25648 [000] ....  4346.530775: sys_enter: NR 1 (2, 55cde635d120, 1, 0, 7f05ea6128b0, 7f05eac5a740)
            bash-25648 [000] ....  4346.530963: sys_exit: NR 1 = 1
            bash-25648 [000] ....  4346.530973: sys_enter: NR 270 (1, 7ffd52816200, 0, 0, 0, 7ffd52816130)
            bash-25648 [000] d...  4346.530987: sched_switch: prev_comm=bash prev_pid=25648 prev_prio=120 prev_state=S ==> next_comm=sshd next_pid=765 next_prio=120
            sshd-765   [000] ....  4346.530997: sys_enter: NR 23 (c, 555efd66bd50, 555efd66b0f0, 0, 0, 1000)
            sshd-765   [000] d...  4346.531014: sched_switch: prev_comm=sshd prev_pid=765 prev_prio=120 prev_state=D ==> next_comm=swapper/0 next_pid=0 next_prio=120
          <idle>-0     [001] d...  4346.531321: sched_switch: prev_comm=swapper/1 prev_pid=0 prev_prio=120 prev_state=R ==> next_comm=kworker/u8:1 next_pid=25598 next_prio=120
    kworker/u8:1-25598 [001] d...  4346.531545: sched_switch: prev_comm=kworker/u8:1 prev_pid=25598 prev_prio=120 prev_state=I ==> next_comm=swapper/1 next_pid=0 next_prio=120
          <idle>-0     [000] d...  4346.532537: sched_switch: prev_comm=swapper/0 prev_pid=0 prev_prio=120 prev_state=R ==> next_comm=sshd next_pid=765 next_prio=120
            sshd-765   [000] ....  4346.532537: sys_exit: NR 23 = 1
            sshd-765   [000] ....  4346.532537: sys_enter: NR 14 (0, 7ffd316778b0, 7ffd31677830, 8, 0, 1000)
            sshd-765   [000] ....  4346.532537: sys_exit: NR 14 = 0
            sshd-765   [000] ....  4346.532537: sys_enter: NR 14 (2, 7ffd31677830, 0, 8, 0, 1000)
            sshd-765   [000] ....  4346.532537: sys_exit: NR 14 = 0
            sshd-765   [000] ....  4346.532537: sys_enter: NR 228 (7, 7ffd316778d0, 7ffd316778d0, 8, 7ffd316c00f0, 7ffd316778d0)
            sshd-765   [000] ....  4346.532537: sys_exit: NR 228 = 0
            sshd-765   [000] ....  4346.532537: sys_enter: NR 0 (b, 7ffd31673810, 4000, 8, 7ffd316c00f0, 7ffd316778d0)
            sshd-765   [000] ....  4346.532537: sys_exit: NR 0 = 1
            sshd-765   [000] ....  4346.532537: sys_enter: NR 39 (555efd66eeaf, 5, f, 0, 1, 100)
            sshd-765   [000] ....  4346.532537: sys_exit: NR 39 = 765
            sshd-765   [000] ....  4346.532537: sys_enter: NR 228 (7, 7ffd31677820, 7ffd31677820, 0, 7ffd316c00f0, 7ffd31677820)
            sshd-765   [000] ....  4346.532537: sys_exit: NR 228 = 0
            sshd-765   [000] ....  4346.532537: sys_enter: NR 23 (c, 555efd66bd50, 555efd66b0f0, 0, 0, 1000)
            sshd-765   [000] ....  4346.532537: sys_exit: NR 23 = 1
            sshd-765   [000] ....  4346.532537: sys_enter: NR 14 (0, 7ffd316778b0, 7ffd31677830, 8, 0, 1000)
            sshd-765   [000] ....  4346.532537: sys_exit: NR 14 = 0
            sshd-765   [000] ....  4346.532537: sys_enter: NR 14 (2, 7ffd31677830, 0, 8, 0, 1000)
            sshd-765   [000] ....  4346.532537: sys_exit: NR 14 = 0
            sshd-765   [000] ....  4346.532537: sys_enter: NR 228 (7, 7ffd316778d0, 7ffd316778d0, 8, 7ffd316c00f0, 7ffd316778d0)
            sshd-765   [000] ....  4346.532537: sys_exit: NR 228 = 0
            sshd-765   [000] ....  4346.532537: sys_enter: NR 1 (3, 555efd68cb50, 24, 8, 7ffd316c00f0, 7ffd316778d0)
            sshd-765   [000] d...  4346.537794: sched_switch: prev_comm=sshd prev_pid=765 prev_prio=120 prev_state=R+ ==> next_comm=ksoftirqd/0 next_pid=9 next_prio=120
     ksoftirqd/0-9     [000] d...  4346.537809: sched_switch: prev_comm=ksoftirqd/0 prev_pid=9 prev_prio=120 prev_state=S ==> next_comm=sshd next_pid=765 next_prio=120
            sshd-765   [000] ....  4346.537814: sys_exit: NR 1 = 36
            sshd-765   [000] ....  4346.537831: sys_enter: NR 228 (7, 7ffd31677820, 7ffd31677820, 0, 7ffd316c00f0, 7ffd31677820)
            sshd-765   [000] ....  4346.537897: sys_exit: NR 228 = 0
            sshd-765   [000] ....  4346.537905: sys_enter: NR 23 (c, 555efd66bd50, 555efd66b0f0, 0, 0, 1000)
            sshd-765   [000] d...  4346.537934: sched_switch: prev_comm=sshd prev_pid=765 prev_prio=120 prev_state=S ==> next_comm=swapper/0 next_pid=0 next_prio=120
          <idle>-0     [000] d...  4346.745726: sched_switch: prev_comm=swapper/0 prev_pid=0 prev_prio=120 prev_state=R ==> next_comm=kworker/0:1 next_pid=25614 next_prio=120
     kworker/0:1-25614 [000] d...  4346.745752: sched_switch: prev_comm=kworker/0:1 prev_pid=25614 prev_prio=120 prev_state=I ==> next_comm=swapper/0 next_pid=0 next_prio=120
          <idle>-0     [000] d...  4346.784592: sched_switch: prev_comm=swapper/0 prev_pid=0 prev_prio=120 prev_state=R ==> next_comm=sshd next_pid=765 next_prio=120
            sshd-765   [000] ....  4346.784592: sys_exit: NR 23 = 1
            sshd-765   [000] ....  4346.784592: sys_enter: NR 14 (0, 7ffd316778b0, 7ffd31677830, 8, 0, 1000)
            sshd-765   [000] ....  4346.784592: sys_exit: NR 14 = 0
            sshd-765   [000] ....  4346.784592: sys_enter: NR 14 (2, 7ffd31677830, 0, 8, 0, 1000)
            sshd-765   [000] ....  4346.784592: sys_exit: NR 14 = 0
            sshd-765   [000] ....  4346.784592: sys_enter: NR 228 (7, 7ffd316778d0, 7ffd316778d0, 8, 7ffd316c00f0, 7ffd316778d0)
            sshd-765   [000] ....  4346.784592: sys_exit: NR 228 = 0
            sshd-765   [000] ....  4346.784592: sys_enter: NR 0 (3, 7ffd31673940, 4000, 8, 7ffd316c00f0, 7ffd316778d0)
            sshd-765   [000] ....  4346.784592: sys_exit: NR 0 = 36
            sshd-765   [000] ....  4346.784592: sys_enter: NR 228 (7, 7ffd31677820, 7ffd31677820, 0, 7ffd316c00f0, 7ffd31677820)
            sshd-765   [000] ....  4346.784592: sys_exit: NR 228 = 0
            sshd-765   [000] ....  4346.784592: sys_enter: NR 23 (c, 555efd66bd50, 555efd66b0f0, 0, 0, 1000)
            sshd-765   [000] ....  4346.784592: sys_exit: NR 23 = 1
            sshd-765   [000] ....  4346.784592: sys_enter: NR 14 (0, 7ffd316778b0, 7ffd31677830, 8, 0, 1000)
            sshd-765   [000] ....  4346.784592: sys_exit: NR 14 = 0
            sshd-765   [000] ....  4346.784592: sys_enter: NR 14 (2, 7ffd31677830, 0, 8, 0, 1000)
            sshd-765   [000] ....  4346.784592: sys_exit: NR 14 = 0
            sshd-765   [000] ....  4346.784592: sys_enter: NR 228 (7, 7ffd316778d0, 7ffd316778d0, 8, 7ffd316c00f0, 7ffd316778d0)
            sshd-765   [000] ....  4346.786630: sys_exit: NR 228 = 0
            sshd-765   [000] ....  4346.786638: sys_enter: NR 1 (9, 555efd670f90, 1, 8, 0, 0)
            sshd-765   [000] ....  4346.786802: sys_exit: NR 1 = 1
            sshd-765   [000] ....  4346.786808: sys_enter: NR 16 (9, 5401, 7ffd31677810, 8, 7ffd31677870, 0)
            sshd-765   [000] ....  4346.786815: sys_exit: NR 16 = 0
            sshd-765   [000] ....  4346.786822: sys_enter: NR 228 (7, 7ffd31677820, 7ffd31677820, 0, 7ffd316c00f0, 7ffd31677820)
            sshd-765   [000] ....  4346.786892: sys_exit: NR 228 = 0
            sshd-765   [000] ....  4346.786899: sys_enter: NR 23 (c, 555efd66bd50, 555efd66b0f0, 0, 0, 1000)
            sshd-765   [000] d...  4346.786917: sched_switch: prev_comm=sshd prev_pid=765 prev_prio=120 prev_state=S ==> next_comm=swapper/0 next_pid=0 next_prio=120
          <idle>-0     [001] d...  4346.787139: sched_switch: prev_comm=swapper/1 prev_pid=0 prev_prio=120 prev_state=R ==> next_comm=kworker/u8:1 next_pid=25598 next_prio=120
    kworker/u8:1-25598 [001] d...  4346.787159: sched_switch: prev_comm=kworker/u8:1 prev_pid=25598 prev_prio=120 prev_state=I ==> next_comm=swapper/1 next_pid=0 next_prio=120
          <idle>-0     [000] d...  4346.787651: sched_switch: prev_comm=swapper/0 prev_pid=0 prev_prio=120 prev_state=R ==> next_comm=bash next_pid=25648 next_prio=120
            bash-25648 [000] ....  4346.787666: sys_exit: NR 270 = 1
            bash-25648 [000] ....  4346.787674: sys_enter: NR 0 (0, 7ffd5281617f, 1, 0, 0, 7ffd52816130)
            bash-25648 [000] ....  4346.787682: sys_exit: NR 0 = 1
            bash-25648 [000] ....  4346.787694: sys_enter: NR 23 (1, 7ffd52816120, 0, 7ffd528161a0, 7ffd52816110, 7f05ea393260)
            bash-25648 [000] ....  4346.787698: sys_exit: NR 23 = 0
            bash-25648 [000] ....  4346.787749: sys_enter: NR 1 (2, 55cde635d120, 1, 0, 7f05ea6128b0, 7f05eac5a740)
            bash-25648 [000] ....  4346.787943: sys_exit: NR 1 = 1
            bash-25648 [000] ....  4346.787953: sys_enter: NR 270 (1, 7ffd52816200, 0, 0, 0, 7ffd52816130)
            bash-25648 [000] d...  4346.787966: sched_switch: prev_comm=bash prev_pid=25648 prev_prio=120 prev_state=S ==> next_comm=swapper/0 next_pid=0 next_prio=120
          <idle>-0     [001] d...  4346.788695: sched_switch: prev_comm=swapper/1 prev_pid=0 prev_prio=120 prev_state=R ==> next_comm=kworker/u8:1 next_pid=25598 next_prio=120
    kworker/u8:1-25598 [001] d...  4346.788695: sched_switch: prev_comm=kworker/u8:1 prev_pid=25598 prev_prio=120 prev_state=I ==> next_comm=swapper/1 next_pid=0 next_prio=120
          <idle>-0     [000] d...  4346.789407: sched_switch: prev_comm=swapper/0 prev_pid=0 prev_prio=120 prev_state=R ==> next_comm=sshd next_pid=765 next_prio=120
            sshd-765   [000] ....  4346.789407: sys_exit: NR 23 = 1
            sshd-765   [000] ....  4346.789407: sys_enter: NR 14 (0, 7ffd316778b0, 7ffd31677830, 8, 0, 1000)
            sshd-765   [000] ....  4346.789407: sys_exit: NR 14 = 0
            sshd-765   [000] ....  4346.789407: sys_enter: NR 14 (2, 7ffd31677830, 0, 8, 0, 1000)
            sshd-765   [000] ....  4346.789407: sys_exit: NR 14 = 0
            sshd-765   [000] ....  4346.789407: sys_enter: NR 228 (7, 7ffd316778d0, 7ffd316778d0, 8, 7ffd316c00f0, 7ffd316778d0)
            sshd-765   [000] ....  4346.789407: sys_exit: NR 228 = 0
            sshd-765   [000] ....  4346.789407: sys_enter: NR 0 (b, 7ffd31673810, 4000, 8, 7ffd316c00f0, 7ffd316778d0)
            sshd-765   [000] ....  4346.789407: sys_exit: NR 0 = 1
            sshd-765   [000] ....  4346.789407: sys_enter: NR 39 (555efd66eeaf, 5, f, 0, 1, 100)
            sshd-765   [000] ....  4346.789407: sys_exit: NR 39 = 765
            sshd-765   [000] ....  4346.789407: sys_enter: NR 228 (7, 7ffd31677820, 7ffd31677820, 0, 7ffd316c00f0, 7ffd31677820)
            sshd-765   [000] ....  4346.789407: sys_exit: NR 228 = 0
            sshd-765   [000] ....  4346.789407: sys_enter: NR 23 (c, 555efd66bd50, 555efd66b0f0, 0, 0, 1000)
            sshd-765   [000] ....  4346.789407: sys_exit: NR 23 = 1
            sshd-765   [000] ....  4346.789407: sys_enter: NR 14 (0, 7ffd316778b0, 7ffd31677830, 8, 0, 1000)
            sshd-765   [000] ....  4346.789407: sys_exit: NR 14 = 0
            sshd-765   [000] ....  4346.789407: sys_enter: NR 14 (2, 7ffd31677830, 0, 8, 0, 1000)
            sshd-765   [000] ....  4346.789407: sys_exit: NR 14 = 0
            sshd-765   [000] ....  4346.789407: sys_enter: NR 228 (7, 7ffd316778d0, 7ffd316778d0, 8, 7ffd316c00f0, 7ffd316778d0)
            sshd-765   [000] ....  4346.789407: sys_exit: NR 228 = 0
            sshd-765   [000] ....  4346.789407: sys_enter: NR 1 (3, 555efd68cb50, 24, 8, 7ffd316c00f0, 7ffd316778d0)
            sshd-765   [000] d...  4346.792820: sched_switch: prev_comm=sshd prev_pid=765 prev_prio=120 prev_state=R+ ==> next_comm=ksoftirqd/0 next_pid=9 next_prio=120
     ksoftirqd/0-9     [000] d...  4346.792832: sched_switch: prev_comm=ksoftirqd/0 prev_pid=9 prev_prio=120 prev_state=S ==> next_comm=sshd next_pid=765 next_prio=120
            sshd-765   [000] ....  4346.792835: sys_exit: NR 1 = 36
            sshd-765   [000] ....  4346.792844: sys_enter: NR 228 (7, 7ffd31677820, 7ffd31677820, 0, 7ffd316c00f0, 7ffd31677820)
            sshd-765   [000] ....  4346.792914: sys_exit: NR 228 = 0
            sshd-765   [000] ....  4346.792921: sys_enter: NR 23 (c, 555efd66bd50, 555efd66b0f0, 0, 0, 1000)
            sshd-765   [000] d...  4346.792941: sched_switch: prev_comm=sshd prev_pid=765 prev_prio=120 prev_state=S ==> next_comm=swapper/0 next_pid=0 next_prio=120
          <idle>-0     [000] d...  4346.849101: sched_switch: prev_comm=swapper/0 prev_pid=0 prev_prio=120 prev_state=R ==> next_comm=kworker/0:1 next_pid=25614 next_prio=120
     kworker/0:1-25614 [000] d...  4346.849508: sched_switch: prev_comm=kworker/0:1 prev_pid=25614 prev_prio=120 prev_state=D ==> next_comm=kworker/0:0 next_pid=25554 next_prio=120
          <idle>-0     [002] d...  4346.852429: sched_switch: prev_comm=swapper/2 prev_pid=0 prev_prio=120 prev_state=R ==> next_comm=kworker/2:2 next_pid=108 next_prio=120
     kworker/2:2-108   [002] d...  4346.852444: sched_switch: prev_comm=kworker/2:2 prev_pid=108 prev_prio=120 prev_state=I ==> next_comm=swapper/2 next_pid=0 next_prio=120
          <idle>-0     [001] d...  4346.852444: sched_switch: prev_comm=swapper/1 prev_pid=0 prev_prio=120 prev_state=R ==> next_comm=kworker/u8:1 next_pid=25598 next_prio=120
    kworker/u8:1-25598 [001] d...  4346.852444: sched_switch: prev_comm=kworker/u8:1 prev_pid=25598 prev_prio=120 prev_state=I ==> next_comm=swapper/1 next_pid=0 next_prio=120
     kworker/0:0-25554 [000] d...  4346.854069: sched_switch: prev_comm=kworker/0:0 prev_pid=25554 prev_prio=120 prev_state=R+ ==> next_comm=ksoftirqd/0 next_pid=9 next_prio=120
     ksoftirqd/0-9     [000] d...  4346.854605: sched_switch: prev_comm=ksoftirqd/0 prev_pid=9 prev_prio=120 prev_state=S ==> next_comm=kworker/0:1 next_pid=25614 next_prio=120
     kworker/0:1-25614 [000] d...  4346.854681: sched_switch: prev_comm=kworker/0:1 prev_pid=25614 prev_prio=120 prev_state=I ==> next_comm=kworker/0:0 next_pid=25554 next_prio=120
     kworker/0:0-25554 [000] d...  4346.854693: sched_switch: prev_comm=kworker/0:0 prev_pid=25554 prev_prio=120 prev_state=I ==> next_comm=swapper/0 next_pid=0 next_prio=120
          <idle>-0     [003] d...  4346.980716: sched_switch: prev_comm=swapper/3 prev_pid=0 prev_prio=120 prev_state=R ==> next_comm=kworker/3:1 next_pid=23948 next_prio=120
     kworker/3:1-23948 [003] d...  4346.980880: sched_switch: prev_comm=kworker/3:1 prev_pid=23948 prev_prio=120 prev_state=I ==> next_comm=swapper/3 next_pid=0 next_prio=120
          <idle>-0     [000] d...  4347.002866: sched_switch: prev_comm=swapper/0 prev_pid=0 prev_prio=120 prev_state=R ==> next_comm=irqbalance next_pid=532 next_prio=120
      irqbalance-532   [000] ....  4347.002887: sys_exit: NR 7 = 0
      irqbalance-532   [000] ....  4347.002904: sys_enter: NR 228 (1, 7ffc0a98a560, 7ffc0a98a560, 55a223a8b820, 7ffc0a9d9090, 7ffc0a98a560)
      irqbalance-532   [000] ....  4347.002991: sys_exit: NR 228 = 0
      irqbalance-532   [000] ....  4347.003012: sys_enter: NR 257 (ffffff9c, 55a222ef7155, 0, 0, 0, 7ffc0a98a560)
      irqbalance-532   [000] ....  4347.003048: sys_exit: NR 257 = 6
      irqbalance-532   [000] ....  4347.003054: sys_enter: NR 5 (6, 7ffc0a989f10, 7ffc0a989f10, 0, 7f2ee3095f00, 7ffc0a98a560)
      irqbalance-532   [000] ....  4347.003057: sys_exit: NR 5 = 0
      irqbalance-532   [000] ....  4347.003060: sys_enter: NR 0 (6, 55a223a7f540, 400, 0, 0, 7ffc0a98a560)
      irqbalance-532   [000] ....  4347.003186: sys_exit: NR 0 = 1024
      irqbalance-532   [000] ....  4347.003211: sys_enter: NR 3 (6, 1, 7f2ee2131760, 1, 7f2ee3095f00, 3)
      irqbalance-532   [000] ....  4347.003213: sys_exit: NR 3 = 0
      irqbalance-532   [000] ....  4347.003222: sys_enter: NR 257 (ffffff9c, 55a222ef71bd, 0, 0, 0, 3)
      irqbalance-532   [000] ....  4347.003230: sys_exit: NR 257 = 6
      irqbalance-532   [000] ....  4347.003233: sys_enter: NR 5 (6, 7ffc0a98a330, 7ffc0a98a330, 0, 7f2ee3095f00, 3)
      irqbalance-532   [000] ....  4347.003234: sys_exit: NR 5 = 0
      irqbalance-532   [000] ....  4347.003235: sys_enter: NR 0 (6, 55a223a7f540, 400, 0, 0, 3)
          <idle>-0     [001] d...  4347.004199: sched_switch: prev_comm=swapper/1 prev_pid=0 prev_prio=120 prev_state=R ==> next_comm=rcu_sched next_pid=10 next_prio=120
       rcu_sched-10    [001] d...  4347.004211: sched_switch: prev_comm=rcu_sched prev_pid=10 prev_prio=120 prev_state=I ==> next_comm=swapper/1 next_pid=0 next_prio=120
      irqbalance-532   [000] ....  4347.005027: sys_exit: NR 0 = 1024
      irqbalance-532   [000] ....  4347.005058: sys_enter: NR 0 (6, 55a223a7f540, 400, 3020302030203020, 0, 3020302030203920)
      irqbalance-532   [000] ....  4347.005062: sys_exit: NR 0 = 264
      irqbalance-532   [000] ....  4347.005066: sys_enter: NR 3 (6, 1, 7f2ee2131760, 2030203020302030, 7f2ee3095f00, 0)
      irqbalance-532   [000] ....  4347.005068: sys_exit: NR 3 = 0
      irqbalance-532   [000] ....  4347.005093: sys_enter: NR 257 (ffffff9c, 7ffc0a9894a0, 0, 0, 0, 0)
      irqbalance-532   [000] ....  4347.005109: sys_exit: NR 257 = 6
      irqbalance-532   [000] ....  4347.005112: sys_enter: NR 5 (6, 7ffc0a988d10, 7ffc0a988d10, 0, 7f2ee3095f00, 0)
      irqbalance-532   [000] ....  4347.005114: sys_exit: NR 5 = 0
      irqbalance-532   [000] ....  4347.005115: sys_enter: NR 0 (6, 55a223a7f540, 400, 0, 0, 0)
      irqbalance-532   [000] ....  4347.005120: sys_exit: NR 0 = 2
      irqbalance-532   [000] ....  4347.005124: sys_enter: NR 3 (6, 1, 7f2ee2131760, f, 7f2ee3095f00, ffffffffffffffff)
      irqbalance-532   [000] ....  4347.005125: sys_exit: NR 3 = 0
      irqbalance-532   [000] ....  4347.005130: sys_enter: NR 257 (ffffff9c, 7ffc0a9894a0, 0, 0, 0, 0)
      irqbalance-532   [000] ....  4347.005137: sys_exit: NR 257 = 6
      irqbalance-532   [000] ....  4347.005139: sys_enter: NR 5 (6, 7ffc0a988d10, 7ffc0a988d10, 0, 7f2ee3095f00, 0)
      irqbalance-532   [000] ....  4347.005140: sys_exit: NR 5 = 0
      irqbalance-532   [000] ....  4347.005142: sys_enter: NR 0 (6, 55a223a7f540, 400, 0, 0, 0)
      irqbalance-532   [000] ....  4347.005145: sys_exit: NR 0 = 2
      irqbalance-532   [000] ....  4347.005149: sys_enter: NR 3 (6, 1, 7f2ee2131760, f, 7f2ee3095f00, ffffffffffffffff)
      irqbalance-532   [000] ....  4347.005150: sys_exit: NR 3 = 0
      irqbalance-532   [000] ....  4347.005155: sys_enter: NR 257 (ffffff9c, 7ffc0a9894a0, 0, 0, 0, 0)
      irqbalance-532   [000] ....  4347.005164: sys_exit: NR 257 = 6
      irqbalance-532   [000] ....  4347.005167: sys_enter: NR 5 (6, 7ffc0a988d10, 7ffc0a988d10, 0, 7f2ee3095f00, 0)
      irqbalance-532   [000] ....  4347.005169: sys_exit: NR 5 = 0
      irqbalance-532   [000] ....  4347.005171: sys_enter: NR 0 (6, 55a223a7f540, 400, 0, 0, 0)
      irqbalance-532   [000] ....  4347.005175: sys_exit: NR 0 = 2
      irqbalance-532   [000] ....  4347.005225: sys_enter: NR 3 (6, 1, 7f2ee2131760, f, 7f2ee3095f00, ffffffffffffffff)
      irqbalance-532   [000] ....  4347.005227: sys_exit: NR 3 = 0
      irqbalance-532   [000] ....  4347.005237: sys_enter: NR 257 (ffffff9c, 7ffc0a9894a0, 0, 0, 0, 0)
      irqbalance-532   [000] ....  4347.005240: sys_exit: NR 257 = 6
      irqbalance-532   [000] ....  4347.005240: sys_enter: NR 5 (6, 7ffc0a988d10, 7ffc0a988d10, 0, 7f2ee3095f00, 0)
      irqbalance-532   [000] ....  4347.005240: sys_exit: NR 5 = 0
      irqbalance-532   [000] ....  4347.005240: sys_enter: NR 0 (6, 55a223a7f540, 400, 0, 0, 0)
      irqbalance-532   [000] ....  4347.005240: sys_exit: NR 0 = 2
      irqbalance-532   [000] ....  4347.005240: sys_enter: NR 3 (6, 1, 7f2ee2131760, f, 7f2ee3095f00, ffffffffffffffff)
      irqbalance-532   [000] ....  4347.005240: sys_exit: NR 3 = 0
      irqbalance-532   [000] ....  4347.005240: sys_enter: NR 257 (ffffff9c, 7ffc0a9894a0, 0, 0, 0, 0)
      irqbalance-532   [000] ....  4347.005240: sys_exit: NR 257 = 6
      irqbalance-532   [000] ....  4347.005240: sys_enter: NR 5 (6, 7ffc0a988d10, 7ffc0a988d10, 0, 7f2ee3095f00, 0)
      irqbalance-532   [000] ....  4347.005240: sys_exit: NR 5 = 0
      irqbalance-532   [000] ....  4347.005240: sys_enter: NR 0 (6, 55a223a7f540, 400, 0, 0, 0)
      irqbalance-532   [000] ....  4347.005240: sys_exit: NR 0 = 2
      irqbalance-532   [000] ....  4347.005240: sys_enter: NR 3 (6, 1, 7f2ee2131760, f, 7f2ee3095f00, ffffffffffffffff)
      irqbalance-532   [000] ....  4347.005240: sys_exit: NR 3 = 0
      irqbalance-532   [000] ....  4347.005240: sys_enter: NR 257 (ffffff9c, 7ffc0a9894a0, 0, 0, 0, 0)
      irqbalance-532   [000] ....  4347.005240: sys_exit: NR 257 = 6
      irqbalance-532   [000] ....  4347.005240: sys_enter: NR 5 (6, 7ffc0a988d10, 7ffc0a988d10, 0, 7f2ee3095f00, 0)
      irqbalance-532   [000] ....  4347.005240: sys_exit: NR 5 = 0
      irqbalance-532   [000] ....  4347.005240: sys_enter: NR 0 (6, 55a223a7f540, 400, 0, 0, 0)
      irqbalance-532   [000] ....  4347.005240: sys_exit: NR 0 = 2
      irqbalance-532   [000] ....  4347.005240: sys_enter: NR 3 (6, 1, 7f2ee2131760, f, 7f2ee3095f00, ffffffffffffffff)
      irqbalance-532   [000] ....  4347.005240: sys_exit: NR 3 = 0
      irqbalance-532   [000] ....  4347.005240: sys_enter: NR 257 (ffffff9c, 7ffc0a9894a0, 0, 0, 0, 0)
      irqbalance-532   [000] ....  4347.005240: sys_exit: NR 257 = 6
      irqbalance-532   [000] ....  4347.005240: sys_enter: NR 5 (6, 7ffc0a988d10, 7ffc0a988d10, 0, 7f2ee3095f00, 0)
      irqbalance-532   [000] ....  4347.005240: sys_exit: NR 5 = 0
      irqbalance-532   [000] ....  4347.005240: sys_enter: NR 0 (6, 55a223a7f540, 400, 0, 0, 0)
      irqbalance-532   [000] ....  4347.005240: sys_exit: NR 0 = 2
      irqbalance-532   [000] ....  4347.005240: sys_enter: NR 3 (6, 1, 7f2ee2131760, f, 7f2ee3095f00, ffffffffffffffff)
      irqbalance-532   [000] ....  4347.005240: sys_exit: NR 3 = 0
      irqbalance-532   [000] ....  4347.005240: sys_enter: NR 228 (1, 7ffc0a98a550, 7ffc0a98a550, f, 7ffc0a9d9090, 7ffc0a98a550)
      irqbalance-532   [000] ....  4347.005412: sys_exit: NR 228 = 0
      irqbalance-532   [000] ....  4347.005420: sys_enter: NR 7 (55a223a8da30, 2, 270c, 55a223a8b820, 0, 55a223a8c840)
      irqbalance-532   [000] d...  4347.005564: sched_switch: prev_comm=irqbalance prev_pid=532 prev_prio=120 prev_state=S ==> next_comm=swapper/0 next_pid=0 next_prio=120
          <idle>-0     [001] d...  4347.010565: sched_switch: prev_comm=swapper/1 prev_pid=0 prev_prio=120 prev_state=R ==> next_comm=kworker/1:0 next_pid=24272 next_prio=120
     kworker/1:0-24272 [001] d...  4347.010565: sched_switch: prev_comm=kworker/1:0 prev_pid=24272 prev_prio=120 prev_state=I ==> next_comm=rcu_sched next_pid=10 next_prio=120
       rcu_sched-10    [001] d...  4347.010565: sched_switch: prev_comm=rcu_sched prev_pid=10 prev_prio=120 prev_state=I ==> next_comm=swapper/1 next_pid=0 next_prio=120
          <idle>-0     [001] d...  4347.023271: sched_switch: prev_comm=swapper/1 prev_pid=0 prev_prio=120 prev_state=R ==> next_comm=rcu_sched next_pid=10 next_prio=120
       rcu_sched-10    [001] d...  4347.023287: sched_switch: prev_comm=rcu_sched prev_pid=10 prev_prio=120 prev_state=I ==> next_comm=swapper/1 next_pid=0 next_prio=120
          <idle>-0     [001] d...  4347.034635: sched_switch: prev_comm=swapper/1 prev_pid=0 prev_prio=120 prev_state=R ==> next_comm=rcu_sched next_pid=10 next_prio=120
       rcu_sched-10    [001] d...  4347.034653: sched_switch: prev_comm=rcu_sched prev_pid=10 prev_prio=120 prev_state=I ==> next_comm=swapper/1 next_pid=0 next_prio=120
          <idle>-0     [001] d...  4347.042507: sched_switch: prev_comm=swapper/1 prev_pid=0 prev_prio=120 prev_state=R ==> next_comm=rcu_sched next_pid=10 next_prio=120
       rcu_sched-10    [001] d...  4347.042528: sched_switch: prev_comm=rcu_sched prev_pid=10 prev_prio=120 prev_state=I ==> next_comm=swapper/1 next_pid=0 next_prio=120
          <idle>-0     [002] d...  4347.092899: sched_switch: prev_comm=swapper/2 prev_pid=0 prev_prio=120 prev_state=R ==> next_comm=snapd next_pid=574 next_prio=120
           snapd-574   [002] ....  4347.092899: sys_exit: NR 202 = -110
           snapd-574   [002] ....  4347.092899: sys_enter: NR 228 (1, 7f090c4c5d50, 7f090c4c5d50, 7f090c4c5d50, 7fffc29d8090, 7f090c4c5d50)
           snapd-574   [002] ....  4347.092899: sys_exit: NR 228 = 0
           snapd-574   [002] ....  4347.092899: sys_enter: NR 228 (1, 7f090c4c5db0, 7f090c4c5db0, 7f090c4c5d50, 7fffc29d8090, 7f090c4c5db0)
           snapd-574   [002] ....  4347.093707: sys_exit: NR 228 = 0
           snapd-574   [002] ....  4347.093717: sys_enter: NR 202 (c420052948, 1, 1, 0, 0, 0)
           snapd-574   [002] .N..  4347.093733: sys_exit: NR 202 = 1
           snapd-574   [002] d...  4347.093738: sched_switch: prev_comm=snapd prev_pid=574 prev_prio=120 prev_state=R ==> next_comm=snapd next_pid=580 next_prio=120
           snapd-580   [002] ....  4347.093741: sys_exit: NR 202 = 0
           snapd-580   [002] ....  4347.093750: sys_enter: NR 228 (1, 7f090bcc4e70, 7f090bcc4e70, 0, 7fffc29d8090, 7f090bcc4e70)
           snapd-580   [002] ....  4347.093833: sys_exit: NR 228 = 0
           snapd-580   [002] ....  4347.093847: sys_enter: NR 228 (1, 7f090bcc4e70, 7f090bcc4e70, 0, 7fffc29d8090, 7f090bcc4e70)
           snapd-580   [002] ....  4347.093925: sys_exit: NR 228 = 0
           snapd-580   [002] ....  4347.093943: sys_enter: NR 281 (6, 7f090bcc47f8, 80, 0, 0, 9)
           snapd-580   [002] ....  4347.093950: sys_exit: NR 281 = 0
           snapd-580   [002] ....  4347.093953: sys_enter: NR 228 (1, 7f090bcc4d30, 7f090bcc4d30, 0, 7fffc29d8090, 7f090bcc4d30)
           snapd-580   [002] ....  4347.094032: sys_exit: NR 228 = 0
           snapd-580   [002] ....  4347.094040: sys_enter: NR 228 (1, 7f090bcc4df0, 7f090bcc4df0, 0, 7fffc29d8090, 7f090bcc4df0)
           snapd-580   [002] ....  4347.094928: sys_exit: NR 228 = 0
           snapd-580   [002] ....  4347.094937: sys_enter: NR 202 (c420492148, 1, 1, 0, 0, 0)
           snapd-580   [002] ....  4347.095138: sys_exit: NR 202 = 1
           snapd-580   [002] ....  4347.095149: sys_enter: NR 24 (0, 1, 56434e5a5520, 0, 56434e5b2d10, 0)
           snapd-580   [002] ....  4347.095156: sys_exit: NR 24 = 0
           snapd-580   [002] ....  4347.095158: sys_enter: NR 202 (56434e5a5520, 0, 2, 0, 0, 0)
           snapd-580   [002] d...  4347.095211: sched_switch: prev_comm=snapd prev_pid=580 prev_prio=120 prev_state=S ==> next_comm=snapd next_pid=574 next_prio=120
           snapd-574   [002] ....  4347.095221: sys_enter: NR 202 (56434e5a5520, 1, 1, 0, 0, 0)
           snapd-574   [002] .N..  4347.095232: sys_exit: NR 202 = 1
           snapd-574   [002] d...  4347.095236: sched_switch: prev_comm=snapd prev_pid=574 prev_prio=120 prev_state=R ==> next_comm=snapd next_pid=580 next_prio=120
           snapd-580   [002] ....  4347.095239: sys_exit: NR 202 = 0
           snapd-580   [002] ....  4347.095247: sys_enter: NR 202 (56434e5a5520, 1, 1, 0, 0, 0)
           snapd-580   [002] ....  4347.095249: sys_exit: NR 202 = 0
           snapd-580   [002] ....  4347.095255: sys_enter: NR 228 (1, 7f090bcc4e70, 7f090bcc4e70, 0, 7fffc29d8090, 7f090bcc4e70)
          <idle>-0     [001] d...  4347.095476: sched_switch: prev_comm=swapper/1 prev_pid=0 prev_prio=120 prev_state=R ==> next_comm=snapd next_pid=634 next_prio=120
           snapd-634   [001] ....  4347.095485: sys_exit: NR 202 = 0
           snapd-634   [001] ....  4347.095498: sys_enter: NR 202 (c420053148, 1, 1, 0, 0, 0)
           snapd-580   [002] ....  4347.095519: sys_exit: NR 228 = 0
           snapd-634   [001] ....  4347.095721: sys_exit: NR 202 = 1
           snapd-634   [001] ....  4347.095731: sys_enter: NR 228 (1, 7f08eb7fde70, 7f08eb7fde70, 0, 7fffc29d8090, 7f08eb7fde70)
           snapd-634   [001] ....  4347.095812: sys_exit: NR 228 = 0
          <idle>-0     [000] d...  4347.096948: sched_switch: prev_comm=swapper/0 prev_pid=0 prev_prio=120 prev_state=R ==> next_comm=snapd next_pid=613 next_prio=120
           snapd-613   [000] ....  4347.096948: sys_exit: NR 202 = 0
           snapd-613   [000] ....  4347.096948: sys_enter: NR 202 (c420052d48, 1, 1, 0, 0, 0)
           snapd-613   [000] ....  4347.096948: sys_exit: NR 202 = 1
           snapd-613   [000] ....  4347.096948: sys_enter: NR 228 (1, 7f090935fe70, 7f090935fe70, 0, 7fffc29d8090, 7f090935fe70)
           snapd-613   [000] ....  4347.100332: sys_exit: NR 228 = 0
           snapd-613   [000] ....  4347.100822: sys_enter: NR 228 (1, 7f090935fe70, 7f090935fe70, 10, 7fffc29d8090, 7f090935fe70)
           snapd-613   [000] ....  4347.100907: sys_exit: NR 228 = 0
           snapd-613   [000] ....  4347.100918: sys_enter: NR 228 (1, 7f090935fe70, 7f090935fe70, 10, 7fffc29d8090, 7f090935fe70)
           snapd-613   [000] ....  4347.100995: sys_exit: NR 228 = 0
           snapd-613   [000] ....  4347.101031: sys_enter: NR 228 (1, 7f090935fe70, 7f090935fe70, 10, 7fffc29d8090, 7f090935fe70)
           snapd-634   [001] ....  4347.101123: sys_enter: NR 228 (1, 7f08eb7fde70, 7f08eb7fde70, 20, 7fffc29d8090, 7f08eb7fde70)
           snapd-580   [002] ....  4347.101123: sys_enter: NR 228 (1, 7f090bcc4e70, 7f090bcc4e70, 280, 7fffc29d8090, 7f090bcc4e70)
           snapd-580   [002] .N..  4347.101123: sys_exit: NR 228 = 0
           snapd-580   [002] d...  4347.101123: sched_switch: prev_comm=snapd prev_pid=580 prev_prio=120 prev_state=R ==> next_comm=snapd next_pid=581 next_prio=120
           snapd-581   [002] ....  4347.101123: sys_exit: NR 202 = 0
           snapd-581   [002] ....  4347.101123: sys_enter: NR 202 (c420052d48, 0, 0, 0, 0, 0)
