            bash-25648 [000] ....  4350.220850: sys_enter: NR 23 (1, 7ffd52816120, 0, 7ffd528161a0, 7ffd52816110, 7f05ea393260)
            bash-25648 [000] ....  4350.220855: sys_exit: NR 23 = 0
            bash-25648 [000] ....  4350.220905: sys_enter: NR 1 (2, 55cde635d120, 1, 0, 7f05ea6128b0, 7f05eac5a740)
            bash-25648 [000] ....  4350.221296: sys_exit: NR 1 = 1
            bash-25648 [000] ....  4350.221302: sys_enter: NR 270 (1, 7ffd52816200, 0, 0, 0, 7ffd52816130)
            bash-25648 [000] d...  4350.221302: sched_switch: prev_comm=bash prev_pid=25648 prev_prio=120 prev_state=S ==> next_comm=swapper/0 next_pid=0 next_prio=120
          <idle>-0     [001] d...  4350.221721: sched_switch: prev_comm=swapper/1 prev_pid=0 prev_prio=120 prev_state=R ==> next_comm=kworker/u8:1 next_pid=25598 next_prio=120
    kworker/u8:1-25598 [001] d...  4350.221721: sched_switch: prev_comm=kworker/u8:1 prev_pid=25598 prev_prio=120 prev_state=I ==> next_comm=swapper/1 next_pid=0 next_prio=120
          <idle>-0     [000] d...  4350.222710: sched_switch: prev_comm=swapper/0 prev_pid=0 prev_prio=120 prev_state=R ==> next_comm=sshd next_pid=765 next_prio=120
            sshd-765   [000] ....  4350.222710: sys_exit: NR 23 = 1
            sshd-765   [000] ....  4350.222710: sys_enter: NR 14 (0, 7ffd316778b0, 7ffd31677830, 8, 0, 1000)
            sshd-765   [000] ....  4350.222710: sys_exit: NR 14 = 0
            sshd-765   [000] ....  4350.222710: sys_enter: NR 14 (2, 7ffd31677830, 0, 8, 0, 1000)
            sshd-765   [000] ....  4350.222710: sys_exit: NR 14 = 0
            sshd-765   [000] ....  4350.222710: sys_enter: NR 228 (7, 7ffd316778d0, 7ffd316778d0, 8, 7ffd316c00f0, 7ffd316778d0)
            sshd-765   [000] ....  4350.224484: sys_exit: NR 228 = 0
            sshd-765   [000] ....  4350.224488: sys_enter: NR 0 (b, 7ffd31673810, 4000, 8, 7ffd316c00f0, 7ffd316778d0)
            sshd-765   [000] ....  4350.224491: sys_exit: NR 0 = 1
            sshd-765   [000] ....  4350.224496: sys_enter: NR 39 (555efd66eeaf, 5, f, 0, 1, 100)
            sshd-765   [000] ....  4350.224497: sys_exit: NR 39 = 765
            sshd-765   [000] ....  4350.224501: sys_enter: NR 228 (7, 7ffd31677820, 7ffd31677820, 0, 7ffd316c00f0, 7ffd31677820)
            sshd-765   [000] ....  4350.224538: sys_exit: NR 228 = 0
            sshd-765   [000] ....  4350.224542: sys_enter: NR 23 (c, 555efd66bd50, 555efd66b0f0, 0, 0, 1000)
            sshd-765   [000] ....  4350.224547: sys_exit: NR 23 = 1
            sshd-765   [000] ....  4350.224548: sys_enter: NR 14 (0, 7ffd316778b0, 7ffd31677830, 8, 0, 1000)
            sshd-765   [000] ....  4350.224549: sys_exit: NR 14 = 0
            sshd-765   [000] ....  4350.224550: sys_enter: NR 14 (2, 7ffd31677830, 0, 8, 0, 1000)
            sshd-765   [000] ....  4350.224550: sys_exit: NR 14 = 0
            sshd-765   [000] ....  4350.224551: sys_enter: NR 228 (7, 7ffd316778d0, 7ffd316778d0, 8, 7ffd316c00f0, 7ffd316778d0)
            sshd-765   [000] ....  4350.224588: sys_exit: NR 228 = 0
            sshd-765   [000] ....  4350.224592: sys_enter: NR 1 (3, 555efd68cb50, 24, 8, 7ffd316c00f0, 7ffd316778d0)
            sshd-765   [000] ....  4350.226379: sys_exit: NR 1 = 36
            sshd-765   [000] ....  4350.226387: sys_enter: NR 228 (7, 7ffd31677820, 7ffd31677820, 0, 7ffd316c00f0, 7ffd31677820)
            sshd-765   [000] ....  4350.226443: sys_exit: NR 228 = 0
            sshd-765   [000] ....  4350.226447: sys_enter: NR 23 (c, 555efd66bd50, 555efd66b0f0, 0, 0, 1000)
            sshd-765   [000] d...  4350.226458: sched_switch: prev_comm=sshd prev_pid=765 prev_prio=120 prev_state=S ==> next_comm=swapper/0 next_pid=0 next_prio=120
          <idle>-0     [000] d...  4350.727659: sched_switch: prev_comm=swapper/0 prev_pid=0 prev_prio=120 prev_state=R ==> next_comm=sshd next_pid=765 next_prio=120
            sshd-765   [000] ....  4350.727659: sys_exit: NR 23 = 1
            sshd-765   [000] ....  4350.727659: sys_enter: NR 14 (0, 7ffd316778b0, 7ffd31677830, 8, 0, 1000)
            sshd-765   [000] ....  4350.727659: sys_exit: NR 14 = 0
            sshd-765   [000] ....  4350.727659: sys_enter: NR 14 (2, 7ffd31677830, 0, 8, 0, 1000)
            sshd-765   [000] ....  4350.727659: sys_exit: NR 14 = 0
            sshd-765   [000] ....  4350.727659: sys_enter: NR 228 (7, 7ffd316778d0, 7ffd316778d0, 8, 7ffd316c00f0, 7ffd316778d0)
            sshd-765   [000] ....  4350.729949: sys_exit: NR 228 = 0
            sshd-765   [000] ....  4350.729962: sys_enter: NR 0 (3, 7ffd31673940, 4000, 8, 7ffd316c00f0, 7ffd316778d0)
            sshd-765   [000] ....  4350.730527: sys_exit: NR 0 = 36
            sshd-765   [000] ....  4350.730563: sys_enter: NR 228 (7, 7ffd31677820, 7ffd31677820, 0, 7ffd316c00f0, 7ffd31677820)
            sshd-765   [000] ....  4350.730729: sys_exit: NR 228 = 0
            sshd-765   [000] ....  4350.730744: sys_enter: NR 23 (c, 555efd66bd50, 555efd66b0f0, 0, 0, 1000)
            sshd-765   [000] ....  4350.730766: sys_exit: NR 23 = 1
            sshd-765   [000] ....  4350.730771: sys_enter: NR 14 (0, 7ffd316778b0, 7ffd31677830, 8, 0, 1000)
            sshd-765   [000] ....  4350.730772: sys_exit: NR 14 = 0
            sshd-765   [000] ....  4350.730774: sys_enter: NR 14 (2, 7ffd31677830, 0, 8, 0, 1000)
            sshd-765   [000] ....  4350.730775: sys_exit: NR 14 = 0
            sshd-765   [000] ....  4350.730779: sys_enter: NR 228 (7, 7ffd316778d0, 7ffd316778d0, 8, 7ffd316c00f0, 7ffd316778d0)
            sshd-765   [000] ....  4350.730903: sys_exit: NR 228 = 0
            sshd-765   [000] ....  4350.730911: sys_enter: NR 1 (9, 555efd670f90, 1, 8, 0, 0)
            sshd-765   [000] ....  4350.731142: sys_exit: NR 1 = 1
            sshd-765   [000] ....  4350.731152: sys_enter: NR 16 (9, 5401, 7ffd31677810, 8, 7ffd31677870, 0)
            sshd-765   [000] ....  4350.731161: sys_exit: NR 16 = 0
            sshd-765   [000] ....  4350.731170: sys_enter: NR 228 (7, 7ffd31677820, 7ffd31677820, 0, 7ffd316c00f0, 7ffd31677820)
            sshd-765   [000] ....  4350.731548: sys_exit: NR 228 = 0
            sshd-765   [000] ....  4350.731558: sys_enter: NR 23 (c, 555efd66bd50, 555efd66b0f0, 0, 0, 1000)
            sshd-765   [000] d...  4350.731577: sched_switch: prev_comm=sshd prev_pid=765 prev_prio=120 prev_state=S ==> next_comm=swapper/0 next_pid=0 next_prio=120
          <idle>-0     [001] d...  4350.731692: sched_switch: prev_comm=swapper/1 prev_pid=0 prev_prio=120 prev_state=R ==> next_comm=kworker/u8:1 next_pid=25598 next_prio=120
    kworker/u8:1-25598 [001] d...  4350.731715: sched_switch: prev_comm=kworker/u8:1 prev_pid=25598 prev_prio=120 prev_state=I ==> next_comm=swapper/1 next_pid=0 next_prio=120
          <idle>-0     [000] d...  4350.731715: sched_switch: prev_comm=swapper/0 prev_pid=0 prev_prio=120 prev_state=R ==> next_comm=bash next_pid=25648 next_prio=120
            bash-25648 [000] ....  4350.731719: sys_exit: NR 270 = 1
            bash-25648 [000] ....  4350.731729: sys_enter: NR 0 (0, 7ffd5281617f, 1, 0, 0, 7ffd52816130)
            bash-25648 [000] ....  4350.731736: sys_exit: NR 0 = 1
            bash-25648 [000] ....  4350.731749: sys_enter: NR 23 (1, 7ffd52816120, 0, 7ffd528161a0, 7ffd52816110, 7f05ea393260)
            bash-25648 [000] ....  4350.731753: sys_exit: NR 23 = 0
            bash-25648 [000] ....  4350.731810: sys_enter: NR 1 (2, 55cde635d120, 1, 0, 7f05ea6128b0, 7f05eac5a740)
            bash-25648 [000] ....  4350.731817: sys_exit: NR 1 = 1
            bash-25648 [000] ....  4350.731822: sys_enter: NR 270 (1, 7ffd52816200, 0, 0, 0, 7ffd52816130)
            bash-25648 [000] d...  4350.731830: sched_switch: prev_comm=bash prev_pid=25648 prev_prio=120 prev_state=S ==> next_comm=swapper/0 next_pid=0 next_prio=120
          <idle>-0     [001] d...  4350.732430: sched_switch: prev_comm=swapper/1 prev_pid=0 prev_prio=120 prev_state=R ==> next_comm=kworker/u8:1 next_pid=25598 next_prio=120
    kworker/u8:1-25598 [001] d...  4350.732607: sched_switch: prev_comm=kworker/u8:1 prev_pid=25598 prev_prio=120 prev_state=I ==> next_comm=swapper/1 next_pid=0 next_prio=120
          <idle>-0     [000] d...  4350.733540: sched_switch: prev_comm=swapper/0 prev_pid=0 prev_prio=120 prev_state=R ==> next_comm=sshd next_pid=765 next_prio=120
            sshd-765   [000] ....  4350.733540: sys_exit: NR 23 = 1
            sshd-765   [000] ....  4350.733540: sys_enter: NR 14 (0, 7ffd316778b0, 7ffd31677830, 8, 0, 1000)
            sshd-765   [000] ....  4350.733540: sys_exit: NR 14 = 0
            sshd-765   [000] ....  4350.733540: sys_enter: NR 14 (2, 7ffd31677830, 0, 8, 0, 1000)
            sshd-765   [000] ....  4350.733540: sys_exit: NR 14 = 0
            sshd-765   [000] ....  4350.733540: sys_enter: NR 228 (7, 7ffd316778d0, 7ffd316778d0, 8, 7ffd316c00f0, 7ffd316778d0)
            sshd-765   [000] ....  4350.733540: sys_exit: NR 228 = 0
            sshd-765   [000] ....  4350.733540: sys_enter: NR 0 (b, 7ffd31673810, 4000, 8, 7ffd316c00f0, 7ffd316778d0)
            sshd-765   [000] ....  4350.733540: sys_exit: NR 0 = 1
            sshd-765   [000] ....  4350.733540: sys_enter: NR 39 (555efd66eeaf, 5, f, 0, 1, 100)
            sshd-765   [000] ....  4350.733540: sys_exit: NR 39 = 765
            sshd-765   [000] ....  4350.733540: sys_enter: NR 228 (7, 7ffd31677820, 7ffd31677820, 0, 7ffd316c00f0, 7ffd31677820)
            sshd-765   [000] ....  4350.733540: sys_exit: NR 228 = 0
            sshd-765   [000] ....  4350.733540: sys_enter: NR 23 (c, 555efd66bd50, 555efd66b0f0, 0, 0, 1000)
            sshd-765   [000] ....  4350.733540: sys_exit: NR 23 = 1
            sshd-765   [000] ....  4350.733540: sys_enter: NR 14 (0, 7ffd316778b0, 7ffd31677830, 8, 0, 1000)
            sshd-765   [000] ....  4350.733540: sys_exit: NR 14 = 0
            sshd-765   [000] ....  4350.733540: sys_enter: NR 14 (2, 7ffd31677830, 0, 8, 0, 1000)
            sshd-765   [000] ....  4350.733540: sys_exit: NR 14 = 0
            sshd-765   [000] ....  4350.733540: sys_enter: NR 228 (7, 7ffd316778d0, 7ffd316778d0, 8, 7ffd316c00f0, 7ffd316778d0)
            sshd-765   [000] ....  4350.733540: sys_exit: NR 228 = 0
            sshd-765   [000] ....  4350.733540: sys_enter: NR 1 (3, 555efd68cb50, 24, 8, 7ffd316c00f0, 7ffd316778d0)
            sshd-765   [000] d...  4350.738565: sched_switch: prev_comm=sshd prev_pid=765 prev_prio=120 prev_state=R+ ==> next_comm=ksoftirqd/0 next_pid=9 next_prio=120
     ksoftirqd/0-9     [000] d...  4350.738589: sched_switch: prev_comm=ksoftirqd/0 prev_pid=9 prev_prio=120 prev_state=S ==> next_comm=sshd next_pid=765 next_prio=120
            sshd-765   [000] ....  4350.738595: sys_exit: NR 1 = 36
            sshd-765   [000] ....  4350.738615: sys_enter: NR 228 (7, 7ffd31677820, 7ffd31677820, 0, 7ffd316c00f0, 7ffd31677820)
            sshd-765   [000] ....  4350.738699: sys_exit: NR 228 = 0
            sshd-765   [000] ....  4350.738708: sys_enter: NR 23 (c, 555efd66bd50, 555efd66b0f0, 0, 0, 1000)
            sshd-765   [000] d...  4350.738732: sched_switch: prev_comm=sshd prev_pid=765 prev_prio=120 prev_state=S ==> next_comm=swapper/0 next_pid=0 next_prio=120
          <idle>-0     [000] d...  4350.767959: sched_switch: prev_comm=swapper/0 prev_pid=0 prev_prio=120 prev_state=R ==> next_comm=kworker/0:0 next_pid=25554 next_prio=120
     kworker/0:0-25554 [000] d...  4350.767979: sched_switch: prev_comm=kworker/0:0 prev_pid=25554 prev_prio=120 prev_state=I ==> next_comm=swapper/0 next_pid=0 next_prio=120
          <idle>-0     [000] d...  4350.945727: sched_switch: prev_comm=swapper/0 prev_pid=0 prev_prio=120 prev_state=R ==> next_comm=kworker/0:1H next_pid=105 next_prio=100
    kworker/0:1H-105   [000] d...  4350.945744: sched_switch: prev_comm=kworker/0:1H prev_pid=105 prev_prio=100 prev_state=I ==> next_comm=ksoftirqd/0 next_pid=9 next_prio=120
     ksoftirqd/0-9     [000] d...  4350.945759: sched_switch: prev_comm=ksoftirqd/0 prev_pid=9 prev_prio=120 prev_state=S ==> next_comm=swapper/0 next_pid=0 next_prio=120
          <idle>-0     [003] d...  4350.948492: sched_switch: prev_comm=swapper/3 prev_pid=0 prev_prio=120 prev_state=R ==> next_comm=kworker/3:1 next_pid=23948 next_prio=120
     kworker/3:1-23948 [003] d...  4350.948642: sched_switch: prev_comm=kworker/3:1 prev_pid=23948 prev_prio=120 prev_state=I ==> next_comm=swapper/3 next_pid=0 next_prio=120
          <idle>-0     [000] d...  4351.010744: sched_switch: prev_comm=swapper/0 prev_pid=0 prev_prio=120 prev_state=R ==> next_comm=kworker/0:0 next_pid=25554 next_prio=120
     kworker/0:0-25554 [000] d...  4351.011171: sched_switch: prev_comm=kworker/0:0 prev_pid=25554 prev_prio=120 prev_state=D ==> next_comm=kworker/0:1 next_pid=25614 next_prio=120
     kworker/0:1-25614 [000] d...  4351.016316: sched_switch: prev_comm=kworker/0:1 prev_pid=25614 prev_prio=120 prev_state=R+ ==> next_comm=ksoftirqd/0 next_pid=9 next_prio=120
     ksoftirqd/0-9     [000] d...  4351.017852: sched_switch: prev_comm=ksoftirqd/0 prev_pid=9 prev_prio=120 prev_state=S ==> next_comm=kworker/0:0 next_pid=25554 next_prio=120
     kworker/0:0-25554 [000] d...  4351.018776: sched_switch: prev_comm=kworker/0:0 prev_pid=25554 prev_prio=120 prev_state=I ==> next_comm=kworker/0:1 next_pid=25614 next_prio=120
     kworker/0:1-25614 [000] d...  4351.018789: sched_switch: prev_comm=kworker/0:1 prev_pid=25614 prev_prio=120 prev_state=I ==> next_comm=swapper/0 next_pid=0 next_prio=120
          <idle>-0     [000] d...  4351.334436: sched_switch: prev_comm=swapper/0 prev_pid=0 prev_prio=120 prev_state=R ==> next_comm=sshd next_pid=765 next_prio=120
            sshd-765   [000] ....  4351.334436: sys_exit: NR 23 = 1
            sshd-765   [000] ....  4351.334436: sys_enter: NR 14 (0, 7ffd316778b0, 7ffd31677830, 8, 0, 1000)
            sshd-765   [000] ....  4351.334436: sys_exit: NR 14 = 0
            sshd-765   [000] ....  4351.334436: sys_enter: NR 14 (2, 7ffd31677830, 0, 8, 0, 1000)
            sshd-765   [000] ....  4351.334436: sys_exit: NR 14 = 0
            sshd-765   [000] ....  4351.334436: sys_enter: NR 228 (7, 7ffd316778d0, 7ffd316778d0, 8, 7ffd316c00f0, 7ffd316778d0)
            sshd-765   [000] ....  4351.334436: sys_exit: NR 228 = 0
            sshd-765   [000] ....  4351.334436: sys_enter: NR 0 (3, 7ffd31673940, 4000, 8, 7ffd316c00f0, 7ffd316778d0)
            sshd-765   [000] ....  4351.336631: sys_exit: NR 0 = 36
            sshd-765   [000] ....  4351.336660: sys_enter: NR 228 (7, 7ffd31677820, 7ffd31677820, 0, 7ffd316c00f0, 7ffd31677820)
            sshd-765   [000] ....  4351.336742: sys_exit: NR 228 = 0
            sshd-765   [000] ....  4351.336752: sys_enter: NR 23 (c, 555efd66bd50, 555efd66b0f0, 0, 0, 1000)
            sshd-765   [000] ....  4351.336766: sys_exit: NR 23 = 1
            sshd-765   [000] ....  4351.336768: sys_enter: NR 14 (0, 7ffd316778b0, 7ffd31677830, 8, 0, 1000)
            sshd-765   [000] ....  4351.336770: sys_exit: NR 14 = 0
            sshd-765   [000] ....  4351.336772: sys_enter: NR 14 (2, 7ffd31677830, 0, 8, 0, 1000)
            sshd-765   [000] ....  4351.336772: sys_exit: NR 14 = 0
            sshd-765   [000] ....  4351.336775: sys_enter: NR 228 (7, 7ffd316778d0, 7ffd316778d0, 8, 7ffd316c00f0, 7ffd316778d0)
            sshd-765   [000] ....  4351.336856: sys_exit: NR 228 = 0
            sshd-765   [000] ....  4351.336863: sys_enter: NR 1 (9, 555efd670f90, 1, 8, 0, 0)
            sshd-765   [000] ....  4351.337048: sys_exit: NR 1 = 1
            sshd-765   [000] ....  4351.337055: sys_enter: NR 16 (9, 5401, 7ffd31677810, 8, 7ffd31677870, 0)
            sshd-765   [000] ....  4351.337062: sys_exit: NR 16 = 0
            sshd-765   [000] ....  4351.337071: sys_enter: NR 228 (7, 7ffd31677820, 7ffd31677820, 0, 7ffd316c00f0, 7ffd31677820)
          <idle>-0     [001] d...  4351.337585: sched_switch: prev_comm=swapper/1 prev_pid=0 prev_prio=120 prev_state=R ==> next_comm=kworker/u8:1 next_pid=25598 next_prio=120
    kworker/u8:1-25598 [001] d...  4351.337743: sched_switch: prev_comm=kworker/u8:1 prev_pid=25598 prev_prio=120 prev_state=I ==> next_comm=swapper/1 next_pid=0 next_prio=120
            sshd-765   [000] .N..  4351.338886: sys_exit: NR 228 = 0
            sshd-765   [000] d...  4351.338895: sched_switch: prev_comm=sshd prev_pid=765 prev_prio=120 prev_state=R ==> next_comm=bash next_pid=25648 next_prio=120
            bash-25648 [000] ....  4351.338957: sys_exit: NR 270 = 1
            bash-25648 [000] ....  4351.338969: sys_enter: NR 0 (0, 7ffd5281617f, 1, 0, 0, 7ffd52816130)
            bash-25648 [000] ....  4351.338980: sys_exit: NR 0 = 1
            bash-25648 [000] ....  4351.338998: sys_enter: NR 23 (1, 7ffd52816120, 0, 7ffd528161a0, 7ffd52816110, 7f05ea393260)
            bash-25648 [000] ....  4351.339005: sys_exit: NR 23 = 0
            bash-25648 [000] ....  4351.339075: sys_enter: NR 1 (2, 55cde635d120, 1, 0, 7f05ea6128b0, 7f05eac5a740)
            bash-25648 [000] ....  4351.339498: sys_exit: NR 1 = 1
            bash-25648 [000] ....  4351.339498: sys_enter: NR 270 (1, 7ffd52816200, 0, 0, 0, 7ffd52816130)
            bash-25648 [000] d...  4351.339498: sched_switch: prev_comm=bash prev_pid=25648 prev_prio=120 prev_state=S ==> next_comm=sshd next_pid=765 next_prio=120
            sshd-765   [000] ....  4351.339498: sys_enter: NR 23 (c, 555efd66bd50, 555efd66b0f0, 0, 0, 1000)
            sshd-765   [000] d...  4351.339876: sched_switch: prev_comm=sshd prev_pid=765 prev_prio=120 prev_state=D ==> next_comm=swapper/0 next_pid=0 next_prio=120
          <idle>-0     [001] d...  4351.340612: sched_switch: prev_comm=swapper/1 prev_pid=0 prev_prio=120 prev_state=R ==> next_comm=kworker/u8:1 next_pid=25598 next_prio=120
    kworker/u8:1-25598 [001] d...  4351.340803: sched_switch: prev_comm=kworker/u8:1 prev_pid=25598 prev_prio=120 prev_state=I ==> next_comm=swapper/1 next_pid=0 next_prio=120
          <idle>-0     [000] d...  4351.341787: sched_switch: prev_comm=swapper/0 prev_pid=0 prev_prio=120 prev_state=R ==> next_comm=sshd next_pid=765 next_prio=120
            sshd-765   [000] ....  4351.341787: sys_exit: NR 23 = 1
            sshd-765   [000] ....  4351.341787: sys_enter: NR 14 (0, 7ffd316778b0, 7ffd31677830, 8, 0, 1000)
            sshd-765   [000] ....  4351.341787: sys_exit: NR 14 = 0
            sshd-765   [000] ....  4351.341787: sys_enter: NR 14 (2, 7ffd31677830, 0, 8, 0, 1000)
            sshd-765   [000] ....  4351.341787: sys_exit: NR 14 = 0
            sshd-765   [000] ....  4351.341787: sys_enter: NR 228 (7, 7ffd316778d0, 7ffd316778d0, 8, 7ffd316c00f0, 7ffd316778d0)
            sshd-765   [000] ....  4351.342506: sys_exit: NR 228 = 0
            sshd-765   [000] ....  4351.342514: sys_enter: NR 0 (b, 7ffd31673810, 4000, 8, 7ffd316c00f0, 7ffd316778d0)
            sshd-765   [000] ....  4351.342522: sys_exit: NR 0 = 1
            sshd-765   [000] ....  4351.342532: sys_enter: NR 39 (555efd66eeaf, 5, f, 0, 1, 100)
            sshd-765   [000] ....  4351.342534: sys_exit: NR 39 = 765
            sshd-765   [000] ....  4351.342541: sys_enter: NR 228 (7, 7ffd31677820, 7ffd31677820, 0, 7ffd316c00f0, 7ffd31677820)
            sshd-765   [000] ....  4351.342621: sys_exit: NR 228 = 0
            sshd-765   [000] ....  4351.342630: sys_enter: NR 23 (c, 555efd66bd50, 555efd66b0f0, 0, 0, 1000)
            sshd-765   [000] ....  4351.342639: sys_exit: NR 23 = 1
            sshd-765   [000] ....  4351.342642: sys_enter: NR 14 (0, 7ffd316778b0, 7ffd31677830, 8, 0, 1000)
            sshd-765   [000] ....  4351.342644: sys_exit: NR 14 = 0
            sshd-765   [000] ....  4351.342645: sys_enter: NR 14 (2, 7ffd31677830, 0, 8, 0, 1000)
            sshd-765   [000] ....  4351.342646: sys_exit: NR 14 = 0
            sshd-765   [000] ....  4351.342648: sys_enter: NR 228 (7, 7ffd316778d0, 7ffd316778d0, 8, 7ffd316c00f0, 7ffd316778d0)
            sshd-765   [000] ....  4351.342726: sys_exit: NR 228 = 0
            sshd-765   [000] ....  4351.342734: sys_enter: NR 1 (3, 555efd68cb50, 24, 8, 7ffd316c00f0, 7ffd316778d0)
            sshd-765   [000] d...  4351.346703: sched_switch: prev_comm=sshd prev_pid=765 prev_prio=120 prev_state=R+ ==> next_comm=ksoftirqd/0 next_pid=9 next_prio=120
     ksoftirqd/0-9     [000] d...  4351.346713: sched_switch: prev_comm=ksoftirqd/0 prev_pid=9 prev_prio=120 prev_state=S ==> next_comm=sshd next_pid=765 next_prio=120
            sshd-765   [000] ....  4351.346718: sys_exit: NR 1 = 36
            sshd-765   [000] ....  4351.346731: sys_enter: NR 228 (7, 7ffd31677820, 7ffd31677820, 0, 7ffd316c00f0, 7ffd31677820)
            sshd-765   [000] ....  4351.346794: sys_exit: NR 228 = 0
            sshd-765   [000] ....  4351.346801: sys_enter: NR 23 (c, 555efd66bd50, 555efd66b0f0, 0, 0, 1000)
            sshd-765   [000] d...  4351.346823: sched_switch: prev_comm=sshd prev_pid=765 prev_prio=120 prev_state=S ==> next_comm=swapper/0 next_pid=0 next_prio=120
          <idle>-0     [000] d...  4351.511587: sched_switch: prev_comm=swapper/0 prev_pid=0 prev_prio=120 prev_state=R ==> next_comm=sshd next_pid=765 next_prio=120
            sshd-765   [000] ....  4351.511587: sys_exit: NR 23 = 1
            sshd-765   [000] ....  4351.511587: sys_enter: NR 14 (0, 7ffd316778b0, 7ffd31677830, 8, 0, 1000)
            sshd-765   [000] ....  4351.511587: sys_exit: NR 14 = 0
            sshd-765   [000] ....  4351.511587: sys_enter: NR 14 (2, 7ffd31677830, 0, 8, 0, 1000)
            sshd-765   [000] ....  4351.511587: sys_exit: NR 14 = 0
            sshd-765   [000] ....  4351.511587: sys_enter: NR 228 (7, 7ffd316778d0, 7ffd316778d0, 8, 7ffd316c00f0, 7ffd316778d0)
            sshd-765   [000] ....  4351.513957: sys_exit: NR 228 = 0
            sshd-765   [000] ....  4351.513970: sys_enter: NR 0 (3, 7ffd31673940, 4000, 8, 7ffd316c00f0, 7ffd316778d0)
            sshd-765   [000] ....  4351.514560: sys_exit: NR 0 = 36
            sshd-765   [000] ....  4351.514590: sys_enter: NR 228 (7, 7ffd31677820, 7ffd31677820, 0, 7ffd316c00f0, 7ffd31677820)
            sshd-765   [000] ....  4351.514690: sys_exit: NR 228 = 0
            sshd-765   [000] ....  4351.514698: sys_enter: NR 23 (c, 555efd66bd50, 555efd66b0f0, 0, 0, 1000)
            sshd-765   [000] ....  4351.514712: sys_exit: NR 23 = 1
            sshd-765   [000] ....  4351.514715: sys_enter: NR 14 (0, 7ffd316778b0, 7ffd31677830, 8, 0, 1000)
            sshd-765   [000] ....  4351.514717: sys_exit: NR 14 = 0
            sshd-765   [000] ....  4351.514719: sys_enter: NR 14 (2, 7ffd31677830, 0, 8, 0, 1000)
            sshd-765   [000] ....  4351.514720: sys_exit: NR 14 = 0
            sshd-765   [000] ....  4351.514722: sys_enter: NR 228 (7, 7ffd316778d0, 7ffd316778d0, 8, 7ffd316c00f0, 7ffd316778d0)
            sshd-765   [000] ....  4351.514793: sys_exit: NR 228 = 0
            sshd-765   [000] ....  4351.514800: sys_enter: NR 1 (9, 555efd670f90, 1, 8, 0, 0)
            sshd-765   [000] ....  4351.514989: sys_exit: NR 1 = 1
            sshd-765   [000] ....  4351.514995: sys_enter: NR 16 (9, 5401, 7ffd31677810, 8, 7ffd31677870, 0)
            sshd-765   [000] ....  4351.515003: sys_exit: NR 16 = 0
            sshd-765   [000] ....  4351.515009: sys_enter: NR 228 (7, 7ffd31677820, 7ffd31677820, 0, 7ffd316c00f0, 7ffd31677820)
            sshd-765   [000] ....  4351.515448: sys_exit: NR 228 = 0
            sshd-765   [000] ....  4351.515458: sys_enter: NR 23 (c, 555efd66bd50, 555efd66b0f0, 0, 0, 1000)
            sshd-765   [000] d...  4351.515476: sched_switch: prev_comm=sshd prev_pid=765 prev_prio=120 prev_state=S ==> next_comm=swapper/0 next_pid=0 next_prio=120
          <idle>-0     [001] d...  4351.515586: sched_switch: prev_comm=swapper/1 prev_pid=0 prev_prio=120 prev_state=R ==> next_comm=kworker/u8:1 next_pid=25598 next_prio=120
    kworker/u8:1-25598 [001] d...  4351.515608: sched_switch: prev_comm=kworker/u8:1 prev_pid=25598 prev_prio=120 prev_state=I ==> next_comm=swapper/1 next_pid=0 next_prio=120
          <idle>-0     [000] d...  4351.516364: sched_switch: prev_comm=swapper/0 prev_pid=0 prev_prio=120 prev_state=R ==> next_comm=bash next_pid=25648 next_prio=120
            bash-25648 [000] ....  4351.516380: sys_exit: NR 270 = 1
            bash-25648 [000] ....  4351.516389: sys_enter: NR 0 (0, 7ffd5281617f, 1, 0, 0, 7ffd52816130)
            bash-25648 [000] ....  4351.516399: sys_exit: NR 0 = 1
            bash-25648 [000] ....  4351.516415: sys_enter: NR 23 (1, 7ffd52816120, 0, 7ffd528161a0, 7ffd52816110, 7f05ea393260)
            bash-25648 [000] ....  4351.516421: sys_exit: NR 23 = 0
            bash-25648 [000] ....  4351.516487: sys_enter: NR 1 (2, 55cde635d120, 1, 0, 7f05ea6128b0, 7f05eac5a740)
            bash-25648 [000] ....  4351.516690: sys_exit: NR 1 = 1
            bash-25648 [000] ....  4351.516703: sys_enter: NR 270 (1, 7ffd52816200, 0, 0, 0, 7ffd52816130)
            bash-25648 [000] d...  4351.516717: sched_switch: prev_comm=bash prev_pid=25648 prev_prio=120 prev_state=S ==> next_comm=swapper/0 next_pid=0 next_prio=120
          <idle>-0     [001] d...  4351.517397: sched_switch: prev_comm=swapper/1 prev_pid=0 prev_prio=120 prev_state=R ==> next_comm=kworker/u8:1 next_pid=25598 next_prio=120
    kworker/u8:1-25598 [001] d...  4351.517629: sched_switch: prev_comm=kworker/u8:1 prev_pid=25598 prev_prio=120 prev_state=I ==> next_comm=swapper/1 next_pid=0 next_prio=120
          <idle>-0     [000] d...  4351.518325: sched_switch: prev_comm=swapper/0 prev_pid=0 prev_prio=120 prev_state=R ==> next_comm=sshd next_pid=765 next_prio=120
            sshd-765   [000] ....  4351.518341: sys_exit: NR 23 = 1
            sshd-765   [000] ....  4351.518349: sys_enter: NR 14 (0, 7ffd316778b0, 7ffd31677830, 8, 0, 1000)
            sshd-765   [000] ....  4351.518351: sys_exit: NR 14 = 0
            sshd-765   [000] ....  4351.518353: sys_enter: NR 14 (2, 7ffd31677830, 0, 8, 0, 1000)
            sshd-765   [000] ....  4351.518354: sys_exit: NR 14 = 0
            sshd-765   [000] ....  4351.518357: sys_enter: NR 228 (7, 7ffd316778d0, 7ffd316778d0, 8, 7ffd316c00f0, 7ffd316778d0)
            sshd-765   [000] ....  4351.518442: sys_exit: NR 228 = 0
            sshd-765   [000] ....  4351.518449: sys_enter: NR 0 (b, 7ffd31673810, 4000, 8, 7ffd316c00f0, 7ffd316778d0)
            sshd-765   [000] ....  4351.518457: sys_exit: NR 0 = 1
            sshd-765   [000] ....  4351.518466: sys_enter: NR 39 (555efd66eeaf, 5, f, 0, 1, 100)
            sshd-765   [000] ....  4351.518468: sys_exit: NR 39 = 765
            sshd-765   [000] ....  4351.518475: sys_enter: NR 228 (7, 7ffd31677820, 7ffd31677820, 0, 7ffd316c00f0, 7ffd31677820)
            sshd-765   [000] ....  4351.518548: sys_exit: NR 228 = 0
            sshd-765   [000] ....  4351.518556: sys_enter: NR 23 (c, 555efd66bd50, 555efd66b0f0, 0, 0, 1000)
            sshd-765   [000] ....  4351.518563: sys_exit: NR 23 = 1
            sshd-765   [000] ....  4351.518566: sys_enter: NR 14 (0, 7ffd316778b0, 7ffd31677830, 8, 0, 1000)
            sshd-765   [000] ....  4351.518567: sys_exit: NR 14 = 0
            sshd-765   [000] ....  4351.518568: sys_enter: NR 14 (2, 7ffd31677830, 0, 8, 0, 1000)
            sshd-765   [000] ....  4351.518569: sys_exit: NR 14 = 0
            sshd-765   [000] ....  4351.518572: sys_enter: NR 228 (7, 7ffd316778d0, 7ffd316778d0, 8, 7ffd316c00f0, 7ffd316778d0)
            sshd-765   [000] ....  4351.518642: sys_exit: NR 228 = 0
            sshd-765   [000] ....  4351.518650: sys_enter: NR 1 (3, 555efd68cb50, 24, 8, 7ffd316c00f0, 7ffd316778d0)
            sshd-765   [000] d...  4351.521753: sched_switch: prev_comm=sshd prev_pid=765 prev_prio=120 prev_state=R+ ==> next_comm=ksoftirqd/0 next_pid=9 next_prio=120
     ksoftirqd/0-9     [000] d...  4351.521766: sched_switch: prev_comm=ksoftirqd/0 prev_pid=9 prev_prio=120 prev_state=S ==> next_comm=sshd next_pid=765 next_prio=120
            sshd-765   [000] ....  4351.521770: sys_exit: NR 1 = 36
            sshd-765   [000] ....  4351.521782: sys_enter: NR 228 (7, 7ffd31677820, 7ffd31677820, 0, 7ffd316c00f0, 7ffd31677820)
            sshd-765   [000] ....  4351.521857: sys_exit: NR 228 = 0
            sshd-765   [000] ....  4351.521865: sys_enter: NR 23 (c, 555efd66bd50, 555efd66b0f0, 0, 0, 1000)
            sshd-765   [000] d...  4351.521887: sched_switch: prev_comm=sshd prev_pid=765 prev_prio=120 prev_state=S ==> next_comm=swapper/0 next_pid=0 next_prio=120
          <idle>-0     [000] d...  4351.623127: sched_switch: prev_comm=swapper/0 prev_pid=0 prev_prio=120 prev_state=R ==> next_comm=sshd next_pid=765 next_prio=120
            sshd-765   [000] ....  4351.623127: sys_exit: NR 23 = 1
            sshd-765   [000] ....  4351.623127: sys_enter: NR 14 (0, 7ffd316778b0, 7ffd31677830, 8, 0, 1000)
            sshd-765   [000] ....  4351.623127: sys_exit: NR 14 = 0
            sshd-765   [000] ....  4351.623127: sys_enter: NR 14 (2, 7ffd31677830, 0, 8, 0, 1000)
            sshd-765   [000] ....  4351.623127: sys_exit: NR 14 = 0
            sshd-765   [000] ....  4351.623127: sys_enter: NR 228 (7, 7ffd316778d0, 7ffd316778d0, 8, 7ffd316c00f0, 7ffd316778d0)
            sshd-765   [000] ....  4351.623127: sys_exit: NR 228 = 0
            sshd-765   [000] ....  4351.623127: sys_enter: NR 0 (3, 7ffd31673940, 4000, 8, 7ffd316c00f0, 7ffd316778d0)
            sshd-765   [000] ....  4351.623127: sys_exit: NR 0 = 36
            sshd-765   [000] ....  4351.623127: sys_enter: NR 228 (7, 7ffd31677820, 7ffd31677820, 0, 7ffd316c00f0, 7ffd31677820)
            sshd-765   [000] ....  4351.623127: sys_exit: NR 228 = 0
            sshd-765   [000] ....  4351.623127: sys_enter: NR 23 (c, 555efd66bd50, 555efd66b0f0, 0, 0, 1000)
            sshd-765   [000] ....  4351.623127: sys_exit: NR 23 = 1
            sshd-765   [000] ....  4351.623127: sys_enter: NR 14 (0, 7ffd316778b0, 7ffd31677830, 8, 0, 1000)
            sshd-765   [000] ....  4351.623127: sys_exit: NR 14 = 0
            sshd-765   [000] ....  4351.623127: sys_enter: NR 14 (2, 7ffd31677830, 0, 8, 0, 1000)
            sshd-765   [000] ....  4351.623127: sys_exit: NR 14 = 0
            sshd-765   [000] ....  4351.623127: sys_enter: NR 228 (7, 7ffd316778d0, 7ffd316778d0, 8, 7ffd316c00f0, 7ffd316778d0)
            sshd-765   [000] ....  4351.623127: sys_exit: NR 228 = 0
            sshd-765   [000] ....  4351.623127: sys_enter: NR 1 (9, 555efd670f90, 1, 8, 0, 0)
            sshd-765   [000] ....  4351.623127: sys_exit: NR 1 = 1
            sshd-765   [000] ....  4351.623127: sys_enter: NR 16 (9, 5401, 7ffd31677810, 8, 7ffd31677870, 0)
            sshd-765   [000] ....  4351.623127: sys_exit: NR 16 = 0
            sshd-765   [000] ....  4351.623127: sys_enter: NR 228 (7, 7ffd31677820, 7ffd31677820, 0, 7ffd316c00f0, 7ffd31677820)
          <idle>-0     [001] d...  4351.625578: sched_switch: prev_comm=swapper/1 prev_pid=0 prev_prio=120 prev_state=R ==> next_comm=kworker/u8:1 next_pid=25598 next_prio=120
    kworker/u8:1-25598 [001] d...  4351.625603: sched_switch: prev_comm=kworker/u8:1 prev_pid=25598 prev_prio=120 prev_state=R+ ==> next_comm=bash next_pid=25648 next_prio=120
            bash-25648 [001] ....  4351.625619: sys_exit: NR 270 = 1
            bash-25648 [001] ....  4351.625629: sys_enter: NR 0 (0, 7ffd5281617f, 1, 0, 0, 7ffd52816130)
            bash-25648 [001] ....  4351.625638: sys_exit: NR 0 = 1
            bash-25648 [001] ....  4351.625651: sys_enter: NR 23 (1, 7ffd52816120, 0, 7ffd528161a0, 7ffd52816110, 7f05ea393260)
            bash-25648 [001] d...  4351.625662: sched_switch: prev_comm=bash prev_pid=25648 prev_prio=120 prev_state=R+ ==> next_comm=kworker/u8:0 next_pid=25634 next_prio=120
    kworker/u8:0-25634 [001] d...  4351.625668: sched_switch: prev_comm=kworker/u8:0 prev_pid=25634 prev_prio=120 prev_state=I ==> next_comm=bash next_pid=25648 next_prio=120
            bash-25648 [001] d...  4351.625671: sched_switch: prev_comm=bash prev_pid=25648 prev_prio=120 prev_state=D ==> next_comm=kworker/u8:1 next_pid=25598 next_prio=120
    kworker/u8:1-25598 [001] d...  4351.625676: sched_switch: prev_comm=kworker/u8:1 prev_pid=25598 prev_prio=120 prev_state=R+ ==> next_comm=bash next_pid=25648 next_prio=120
            bash-25648 [001] ....  4351.625679: sys_exit: NR 23 = 0
            bash-25648 [001] ....  4351.625735: sys_enter: NR 1 (2, 55cde635d120, 1, 0, 7f05ea6128b0, 7f05eac5a740)
            bash-25648 [001] .N..  4351.625742: sys_exit: NR 1 = 1
            bash-25648 [001] d...  4351.625744: sched_switch: prev_comm=bash prev_pid=25648 prev_prio=120 prev_state=R ==> next_comm=kworker/u8:0 next_pid=25634 next_prio=120
    kworker/u8:0-25634 [001] d...  4351.625749: sched_switch: prev_comm=kworker/u8:0 prev_pid=25634 prev_prio=120 prev_state=I ==> next_comm=bash next_pid=25648 next_prio=120
            bash-25648 [001] ....  4351.625755: sys_enter: NR 270 (1, 7ffd52816200, 0, 0, 0, 7ffd52816130)
            bash-25648 [001] d...  4351.625760: sched_switch: prev_comm=bash prev_pid=25648 prev_prio=120 prev_state=S ==> next_comm=kworker/u8:1 next_pid=25598 next_prio=120
    kworker/u8:1-25598 [001] d...  4351.625769: sched_switch: prev_comm=kworker/u8:1 prev_pid=25598 prev_prio=120 prev_state=I ==> next_comm=swapper/1 next_pid=0 next_prio=120
            sshd-765   [000] ....  4351.625769: sys_exit: NR 228 = 0
            sshd-765   [000] ....  4351.625769: sys_enter: NR 23 (c, 555efd66bd50, 555efd66b0f0, 0, 0, 1000)
            sshd-765   [000] ....  4351.625769: sys_exit: NR 23 = 1
            sshd-765   [000] ....  4351.625769: sys_enter: NR 14 (0, 7ffd316778b0, 7ffd31677830, 8, 0, 1000)
            sshd-765   [000] ....  4351.625769: sys_exit: NR 14 = 0
            sshd-765   [000] ....  4351.625769: sys_enter: NR 14 (2, 7ffd31677830, 0, 8, 0, 1000)
            sshd-765   [000] ....  4351.625769: sys_exit: NR 14 = 0
            sshd-765   [000] ....  4351.625769: sys_enter: NR 228 (7, 7ffd316778d0, 7ffd316778d0, 8, 7ffd316c00f0, 7ffd316778d0)
            sshd-765   [000] ....  4351.625836: sys_exit: NR 228 = 0
            sshd-765   [000] ....  4351.625844: sys_enter: NR 0 (b, 7ffd31673810, 4000, 8, 7ffd316c00f0, 7ffd316778d0)
            sshd-765   [000] ....  4351.625851: sys_exit: NR 0 = 1
            sshd-765   [000] ....  4351.625860: sys_enter: NR 39 (555efd66eeaf, 5, f, 0, 1, 100)
            sshd-765   [000] ....  4351.625862: sys_exit: NR 39 = 765
            sshd-765   [000] ....  4351.625869: sys_enter: NR 228 (7, 7ffd31677820, 7ffd31677820, 0, 7ffd316c00f0, 7ffd31677820)
            sshd-765   [000] ....  4351.625946: sys_exit: NR 228 = 0
            sshd-765   [000] ....  4351.625954: sys_enter: NR 23 (c, 555efd66bd50, 555efd66b0f0, 0, 0, 1000)
            sshd-765   [000] ....  4351.625961: sys_exit: NR 23 = 1
            sshd-765   [000] ....  4351.625964: sys_enter: NR 14 (0, 7ffd316778b0, 7ffd31677830, 8, 0, 1000)
            sshd-765   [000] ....  4351.625965: sys_exit: NR 14 = 0
            sshd-765   [000] ....  4351.625967: sys_enter: NR 14 (2, 7ffd31677830, 0, 8, 0, 1000)
            sshd-765   [000] ....  4351.625967: sys_exit: NR 14 = 0
            sshd-765   [000] ....  4351.625970: sys_enter: NR 228 (7, 7ffd316778d0, 7ffd316778d0, 8, 7ffd316c00f0, 7ffd316778d0)
            sshd-765   [000] ....  4351.626554: sys_exit: NR 228 = 0
            sshd-765   [000] ....  4351.626563: sys_enter: NR 1 (3, 555efd68cb50, 24, 8, 7ffd316c00f0, 7ffd316778d0)
            sshd-765   [000] d...  4351.629909: sched_switch: prev_comm=sshd prev_pid=765 prev_prio=120 prev_state=R+ ==> next_comm=ksoftirqd/0 next_pid=9 next_prio=120
     ksoftirqd/0-9     [000] d...  4351.629920: sched_switch: prev_comm=ksoftirqd/0 prev_pid=9 prev_prio=120 prev_state=S ==> next_comm=sshd next_pid=765 next_prio=120
            sshd-765   [000] ....  4351.629928: sys_exit: NR 1 = 36
            sshd-765   [000] ....  4351.629942: sys_enter: NR 228 (7, 7ffd31677820, 7ffd31677820, 0, 7ffd316c00f0, 7ffd31677820)
            sshd-765   [000] ....  4351.630076: sys_exit: NR 228 = 0
            sshd-765   [000] ....  4351.630127: sys_enter: NR 23 (c, 555efd66bd50, 555efd66b0f0, 0, 0, 1000)
            sshd-765   [000] d...  4351.630127: sched_switch: prev_comm=sshd prev_pid=765 prev_prio=120 prev_state=S ==> next_comm=swapper/0 next_pid=0 next_prio=120
          <idle>-0     [000] d...  4351.841799: sched_switch: prev_comm=swapper/0 prev_pid=0 prev_prio=120 prev_state=R ==> next_comm=kworker/0:1 next_pid=25614 next_prio=120
     kworker/0:1-25614 [000] d...  4351.841832: sched_switch: prev_comm=kworker/0:1 prev_pid=25614 prev_prio=120 prev_state=I ==> next_comm=swapper/0 next_pid=0 next_prio=120
          <idle>-0     [000] d...  4351.855702: sched_switch: prev_comm=swapper/0 prev_pid=0 prev_prio=120 prev_state=R ==> next_comm=sshd next_pid=765 next_prio=120
            sshd-765   [000] ....  4351.855702: sys_exit: NR 23 = 1
            sshd-765   [000] ....  4351.855702: sys_enter: NR 14 (0, 7ffd316778b0, 7ffd31677830, 8, 0, 1000)
            sshd-765   [000] ....  4351.855702: sys_exit: NR 14 = 0
            sshd-765   [000] ....  4351.855702: sys_enter: NR 14 (2, 7ffd31677830, 0, 8, 0, 1000)
            sshd-765   [000] ....  4351.855702: sys_exit: NR 14 = 0
            sshd-765   [000] ....  4351.855702: sys_enter: NR 228 (7, 7ffd316778d0, 7ffd316778d0, 8, 7ffd316c00f0, 7ffd316778d0)
            sshd-765   [000] ....  4351.855702: sys_exit: NR 228 = 0
            sshd-765   [000] ....  4351.855702: sys_enter: NR 0 (3, 7ffd31673940, 4000, 8, 7ffd316c00f0, 7ffd316778d0)
            sshd-765   [000] ....  4351.855702: sys_exit: NR 0 = 36
            sshd-765   [000] ....  4351.855702: sys_enter: NR 228 (7, 7ffd31677820, 7ffd31677820, 0, 7ffd316c00f0, 7ffd31677820)
            sshd-765   [000] ....  4351.855702: sys_exit: NR 228 = 0
            sshd-765   [000] ....  4351.855702: sys_enter: NR 23 (c, 555efd66bd50, 555efd66b0f0, 0, 0, 1000)
            sshd-765   [000] ....  4351.855702: sys_exit: NR 23 = 1
            sshd-765   [000] ....  4351.855702: sys_enter: NR 14 (0, 7ffd316778b0, 7ffd31677830, 8, 0, 1000)
            sshd-765   [000] ....  4351.855702: sys_exit: NR 14 = 0
            sshd-765   [000] ....  4351.855702: sys_enter: NR 14 (2, 7ffd31677830, 0, 8, 0, 1000)
            sshd-765   [000] ....  4351.855702: sys_exit: NR 14 = 0
            sshd-765   [000] ....  4351.855702: sys_enter: NR 228 (7, 7ffd316778d0, 7ffd316778d0, 8, 7ffd316c00f0, 7ffd316778d0)
            sshd-765   [000] ....  4351.855702: sys_exit: NR 228 = 0
            sshd-765   [000] ....  4351.855702: sys_enter: NR 1 (9, 555efd670f90, 1, 8, 0, 0)
            sshd-765   [000] ....  4351.855702: sys_exit: NR 1 = 1
            sshd-765   [000] ....  4351.855702: sys_enter: NR 16 (9, 5401, 7ffd31677810, 8, 7ffd31677870, 0)
            sshd-765   [000] ....  4351.855702: sys_exit: NR 16 = 0
            sshd-765   [000] ....  4351.855702: sys_enter: NR 228 (7, 7ffd31677820, 7ffd31677820, 0, 7ffd316c00f0, 7ffd31677820)
          <idle>-0     [001] d...  4351.859789: sched_switch: prev_comm=swapper/1 prev_pid=0 prev_prio=120 prev_state=R ==> next_comm=kworker/u8:1 next_pid=25598 next_prio=120
            sshd-765   [000] ....  4351.859789: sys_exit: NR 228 = 0
    kworker/u8:1-25598 [001] d...  4351.859822: sched_switch: prev_comm=kworker/u8:1 prev_pid=25598 prev_prio=120 prev_state=R+ ==> next_comm=bash next_pid=25648 next_prio=120
            sshd-765   [000] ....  4351.859822: sys_enter: NR 23 (c, 555efd66bd50, 555efd66b0f0, 0, 0, 1000)
            bash-25648 [001] ....  4351.859835: sys_exit: NR 270 = 1
            bash-25648 [001] ....  4351.859846: sys_enter: NR 0 (0, 7ffd5281617f, 1, 0, 0, 7ffd52816130)
            bash-25648 [001] ....  4351.859857: sys_exit: NR 0 = 1
            sshd-765   [000] d...  4351.859857: sched_switch: prev_comm=sshd prev_pid=765 prev_prio=120 prev_state=S ==> next_comm=swapper/0 next_pid=0 next_prio=120
            bash-25648 [001] ....  4351.859916: sys_enter: NR 4 (55cde634ee60, 7ffd52815e90, 7ffd52815e90, 55cde634ee61, 800, 2f78756e696c6c61)
            bash-25648 [001] ....  4351.859941: sys_exit: NR 4 = 0
            bash-25648 [001] ....  4351.859945: sys_enter: NR 4 (55cde634ee60, 7ffd52815e90, 7ffd52815e90, 55cde634ee61, 800, 2f78756e696c6c61)
            bash-25648 [001] ....  4351.859952: sys_exit: NR 4 = 0
            bash-25648 [001] ....  4351.859954: sys_enter: NR 4 (55cde634ee60, 7ffd52815e90, 7ffd52815e90, 55cde634ee61, 800, 2f78756e696c6c61)
            bash-25648 [001] ....  4351.859962: sys_exit: NR 4 = 0
            bash-25648 [001] ....  4351.859964: sys_enter: NR 4 (55cde634ee60, 7ffd52815e90, 7ffd52815e90, 55cde634ee61, 800, 2f78756e696c6c61)
            bash-25648 [001] ....  4351.859969: sys_exit: NR 4 = 0
            bash-25648 [001] ....  4351.859969: sys_enter: NR 257 (ffffff9c, 55cde634ee60, 90800, 0, 7f05ea610c40, 2f78756e696c6c61)
            bash-25648 [001] ....  4351.859969: sys_exit: NR 257 = 3
            bash-25648 [001] ....  4351.859969: sys_enter: NR 5 (3, 7ffd52815f20, 7ffd52815f20, 0, 7f05ea610c40, 2f78756e696c6c61)
            bash-25648 [001] ....  4351.859969: sys_exit: NR 5 = 0
            bash-25648 [001] ....  4351.859969: sys_enter: NR 78 (3, 55cde635e480, 8000, 55cde6321010, 7f05ea610cb0, 0)
            bash-25648 [001] ....  4351.859969: sys_exit: NR 78 = 248
            bash-25648 [001] ....  4351.859969: sys_enter: NR 4 (55cde634ee20, 7ffd52815f40, 7ffd52815f40, 55cde634ee21, 0, 2f78756e696c6c61)
            bash-25648 [001] ....  4351.859969: sys_exit: NR 4 = 0
            bash-25648 [001] ....  4351.859969: sys_enter: NR 4 (55cde634ee20, 7ffd52815f40, 7ffd52815f40, 55cde634ee21, 0, 2f78756e696c6c61)
            bash-25648 [001] ....  4351.859969: sys_exit: NR 4 = 0
            bash-25648 [001] ....  4351.859969: sys_enter: NR 4 (55cde634ee20, 7ffd52815f40, 7ffd52815f40, 55cde634ee21, 0, 2f78756e696c6c61)
            bash-25648 [001] ....  4351.859969: sys_exit: NR 4 = 0
            bash-25648 [001] ....  4351.859969: sys_enter: NR 4 (55cde634ee20, 7ffd52815f40, 7ffd52815f40, 55cde634ee21, 0, 2f78756e696c6c61)
            bash-25648 [001] ....  4351.859969: sys_exit: NR 4 = 0
            bash-25648 [001] ....  4351.859969: sys_enter: NR 4 (55cde634ee20, 7ffd52815f40, 7ffd52815f40, 55cde634ee21, 0, 2f78756e696c6c61)
            bash-25648 [001] ....  4351.859969: sys_exit: NR 4 = 0
            bash-25648 [001] ....  4351.859969: sys_enter: NR 4 (55cde6334eb0, 7ffd52815fd0, 7ffd52815fd0, 55cde634ee21, 0, 2f78756e696c6c61)
            bash-25648 [001] ....  4351.859969: sys_exit: NR 4 = 0
            bash-25648 [001] ....  4351.859969: sys_enter: NR 4 (55cde6334eb0, 7ffd52815ef0, 7ffd52815ef0, 55cde634ee21, 0, 2f78756e696c6c61)
            bash-25648 [001] ....  4351.859969: sys_exit: NR 4 = 0
            bash-25648 [001] ....  4351.859969: sys_enter: NR 107 (55cde6334eb0, 7ffd52815ef0, 7ffd52815ef0, 55cde634ee21, 0, 2f78756e696c6c61)
            bash-25648 [001] ....  4351.859969: sys_exit: NR 107 = 0
            bash-25648 [001] ....  4351.859969: sys_enter: NR 108 (55cde6334eb0, 7ffd52815ef0, 7ffd52815ef0, 55cde634ee21, 0, 2f78756e696c6c61)
            bash-25648 [001] ....  4351.859969: sys_exit: NR 108 = 0
            bash-25648 [001] ....  4351.859969: sys_enter: NR 102 (55cde6334eb0, 7ffd52815ef0, 7ffd52815ef0, 55cde634ee21, 0, 2f78756e696c6c61)
            bash-25648 [001] ....  4351.859969: sys_exit: NR 102 = 0
            bash-25648 [001] ....  4351.859969: sys_enter: NR 104 (55cde6334eb0, 7ffd52815ef0, 7ffd52815ef0, 55cde634ee21, 0, 2f78756e696c6c61)
            bash-25648 [001] ....  4351.859969: sys_exit: NR 104 = 0
            bash-25648 [001] ....  4351.859969: sys_enter: NR 21 (55cde6334eb0, 1, 7ffd52815ef0, 55cde634ee21, 0, 2f78756e696c6c61)
            bash-25648 [001] ....  4351.859969: sys_exit: NR 21 = 0
            bash-25648 [001] ....  4351.859969: sys_enter: NR 4 (55cde6334eb0, 7ffd52815ef0, 7ffd52815ef0, 55cde634ee21, 0, 2f78756e696c6c61)
            bash-25648 [001] ....  4351.859969: sys_exit: NR 4 = 0
            bash-25648 [001] ....  4351.859969: sys_enter: NR 107 (55cde6334eb0, 7ffd52815ef0, 7ffd52815ef0, 55cde634ee21, 0, 2f78756e696c6c61)
            bash-25648 [001] ....  4351.859969: sys_exit: NR 107 = 0
            bash-25648 [001] ....  4351.859969: sys_enter: NR 108 (55cde6334eb0, 7ffd52815ef0, 7ffd52815ef0, 55cde634ee21, 0, 2f78756e696c6c61)
            bash-25648 [001] ....  4351.859969: sys_exit: NR 108 = 0
            bash-25648 [001] ....  4351.859969: sys_enter: NR 102 (55cde6334eb0, 7ffd52815ef0, 7ffd52815ef0, 55cde634ee21, 0, 2f78756e696c6c61)
            bash-25648 [001] ....  4351.859969: sys_exit: NR 102 = 0
            bash-25648 [001] ....  4351.859969: sys_enter: NR 104 (55cde6334eb0, 7ffd52815ef0, 7ffd52815ef0, 55cde634ee21, 0, 2f78756e696c6c61)
            bash-25648 [001] ....  4351.859969: sys_exit: NR 104 = 0
            bash-25648 [001] ....  4351.859969: sys_enter: NR 21 (55cde6334eb0, 4, 7ffd52815ef0, 55cde634ee21, 0, 2f78756e696c6c61)
            bash-25648 [001] ....  4351.859969: sys_exit: NR 21 = 0
            bash-25648 [001] ....  4351.859969: sys_enter: NR 78 (3, 55cde635e480, 8000, 55cde634ee21, 0, 0)
            bash-25648 [001] ....  4351.859969: sys_exit: NR 78 = 0
            bash-25648 [001] ....  4351.859969: sys_enter: NR 3 (3, 0, 17b80, 55cde634ee21, 0, 0)
            bash-25648 [001] ....  4351.859969: sys_exit: NR 3 = 0
            bash-25648 [001] ....  4351.859969: sys_enter: NR 4 (55cde634ee60, 7ffd52816010, 7ffd52816010, 55cde634ee61, 0, 2f78756e696c6c61)
            bash-25648 [001] ....  4351.859969: sys_exit: NR 4 = 0
            bash-25648 [001] ....  4351.859969: sys_enter: NR 4 (55cde634ee60, 7ffd52816010, 7ffd52816010, 55cde634ee61, 0, 2f78756e696c6c61)
            bash-25648 [001] ....  4351.859969: sys_exit: NR 4 = 0
            bash-25648 [001] ....  4351.859969: sys_enter: NR 4 (55cde634ee60, 7ffd52816010, 7ffd52816010, 55cde634ee61, 0, 2f78756e696c6c61)
            bash-25648 [001] ....  4351.859969: sys_exit: NR 4 = 0
            bash-25648 [001] ....  4351.859969: sys_enter: NR 4 (55cde634ee60, 7ffd52816010, 7ffd52816010, 55cde634ee61, 0, 2f78756e696c6c61)
            bash-25648 [001] ....  4351.859969: sys_exit: NR 4 = 0
            bash-25648 [001] ....  4351.859969: sys_enter: NR 4 (55cde634ee60, 7ffd52816010, 7ffd52816010, 55cde634ee61, 0, 2f78756e696c6c61)
            bash-25648 [001] ....  4351.859969: sys_exit: NR 4 = 0
            bash-25648 [001] ....  4351.859969: sys_enter: NR 6 (55cde6334eb0, 7ffd52816170, 7ffd52816170, 55cde634ee61, 0, 2f78756e696c6c61)
            bash-25648 [001] ....  4351.859969: sys_exit: NR 6 = 0
            bash-25648 [001] ....  4351.859969: sys_enter: NR 1 (2, 55cde635d120, 8, 0, 7f05ea6128b0, 7f05eac5a740)
            bash-25648 [001] .N..  4351.859969: sys_exit: NR 1 = 8
            bash-25648 [001] d...  4351.859969: sched_switch: prev_comm=bash prev_pid=25648 prev_prio=120 prev_state=R ==> next_comm=kworker/u8:0 next_pid=25634 next_prio=120
    kworker/u8:0-25634 [001] d...  4351.859969: sched_switch: prev_comm=kworker/u8:0 prev_pid=25634 prev_prio=120 prev_state=I ==> next_comm=bash next_pid=25648 next_prio=120
            bash-25648 [001] ....  4351.859969: sys_enter: NR 270 (1, 7ffd52816200, 0, 0, 0, 7ffd52816130)
            bash-25648 [001] d...  4351.859969: sched_switch: prev_comm=bash prev_pid=25648 prev_prio=120 prev_state=R+ ==> next_comm=kworker/u8:0 next_pid=25634 next_prio=120
    kworker/u8:0-25634 [001] d...  4351.859969: sched_switch: prev_comm=kworker/u8:0 prev_pid=25634 prev_prio=120 prev_state=I ==> next_comm=bash next_pid=25648 next_prio=120
            bash-25648 [001] d...  4351.859969: sched_switch: prev_comm=bash prev_pid=25648 prev_prio=120 prev_state=D ==> next_comm=kworker/u8:1 next_pid=25598 next_prio=120
    kworker/u8:1-25598 [001] d...  4351.859969: sched_switch: prev_comm=kworker/u8:1 prev_pid=25598 prev_prio=120 prev_state=R+ ==> next_comm=bash next_pid=25648 next_prio=120
            bash-25648 [001] d...  4351.859969: sched_switch: prev_comm=bash prev_pid=25648 prev_prio=120 prev_state=S ==> next_comm=kworker/u8:1 next_pid=25598 next_prio=120
    kworker/u8:1-25598 [001] d...  4351.859969: sched_switch: prev_comm=kworker/u8:1 prev_pid=25598 prev_prio=120 prev_state=I ==> next_comm=swapper/1 next_pid=0 next_prio=120
          <idle>-0     [000] d...  4351.861600: sched_switch: prev_comm=swapper/0 prev_pid=0 prev_prio=120 prev_state=R ==> next_comm=sshd next_pid=765 next_prio=120
          <idle>-0     [001] d...  4351.861600: sched_switch: prev_comm=swapper/1 prev_pid=0 prev_prio=120 prev_state=R ==> next_comm=rcu_sched next_pid=10 next_prio=120
            sshd-765   [000] ....  4351.861619: sys_exit: NR 23 = 1
       rcu_sched-10    [001] d...  4351.861619: sched_switch: prev_comm=rcu_sched prev_pid=10 prev_prio=120 prev_state=I ==> next_comm=swapper/1 next_pid=0 next_prio=120
            sshd-765   [000] ....  4351.861629: sys_enter: NR 14 (0, 7ffd316778b0, 7ffd31677830, 8, 0, 1000)
            sshd-765   [000] ....  4351.861632: sys_exit: NR 14 = 0
            sshd-765   [000] ....  4351.861634: sys_enter: NR 14 (2, 7ffd31677830, 0, 8, 0, 1000)
            sshd-765   [000] ....  4351.861635: sys_exit: NR 14 = 0
            sshd-765   [000] ....  4351.861640: sys_enter: NR 228 (7, 7ffd316778d0, 7ffd316778d0, 8, 7ffd316c00f0, 7ffd316778d0)
            sshd-765   [000] ....  4351.861741: sys_exit: NR 228 = 0
            sshd-765   [000] ....  4351.861753: sys_enter: NR 0 (b, 7ffd31673810, 4000, 8, 7ffd316c00f0, 7ffd316778d0)
            sshd-765   [000] ....  4351.861766: sys_exit: NR 0 = 8
            sshd-765   [000] ....  4351.861781: sys_enter: NR 39 (555efd66eeb6, 6, 16, 0, 1, 100)
            sshd-765   [000] ....  4351.861784: sys_exit: NR 39 = 765
