# tracer: function
#
# entries-in-buffer/entries-written: 10124/10124   #P:4
#
#                              _-----=> irqs-off
#                             / _----=> need-resched
#                            | / _---=> hardirq/softirq
#                            || / _--=> preempt-depth
#                            ||| /     delay
#           TASK-PID   CPU#  ||||    TIMESTAMP  FUNCTION
#              | |       |   ||||       |         |
        trace.sh-2174  [001] ....  4674.737579: sys_exit: NR 1 = 2
        trace.sh-2174  [001] ....  4674.737579: sys_enter: NR 33 (a, 1, 7, a, a, 10)
        trace.sh-2174  [001] ....  4674.737579: sys_exit: NR 33 = 1
        trace.sh-2174  [001] ....  4674.737579: sys_enter: NR 72 (a, 1, 0, a, a, 10)
        trace.sh-2174  [001] ....  4674.737579: sys_exit: NR 72 = 1
        trace.sh-2174  [001] ....  4674.737579: sys_enter: NR 3 (a, a, a, a, 0, 10)
        trace.sh-2174  [001] ....  4674.737579: sys_exit: NR 3 = 0
        trace.sh-2174  [001] ....  4674.737579: sys_enter: NR 1 (1, 55bde6432d00, e, a, a, d)
        trace.sh-2174  [001] ....  4674.737579: sys_exit: NR 1 = 14
        trace.sh-2174  [001] ....  4674.737579: sys_enter: NR 0 (ff, 55bde6431810, 20f, 1, 55bde64302e0, 0)
        trace.sh-2174  [001] ....  4674.737579: sys_exit: NR 0 = 0
        trace.sh-2174  [001] ....  4674.737579: sys_enter: NR 14 (0, 7ffca264b340, 7ffca264b3c0, 8, 7f230739a8b0, 7f23079e2740)
        trace.sh-2174  [001] ....  4674.737579: sys_exit: NR 14 = 0
        trace.sh-2174  [001] ....  4674.737579: sys_enter: NR 14 (2, 7ffca264b3c0, 0, 8, 7f230739a8b0, 7f23079e2740)
        trace.sh-2174  [001] ....  4674.737579: sys_exit: NR 14 = 0
        trace.sh-2174  [001] ....  4674.737579: sys_enter: NR 231 (0, 3c, 0, 4, e7, ffffffffffffff80)
            bash-2164  [003] ....  4674.739746: sys_exit: NR 61 = 2174
            bash-2164  [003] ....  4674.739746: sys_enter: NR 14 (0, 7ffd2afb2ab0, 7ffd2afb2b30, 8, 5580edf15690, 5580edf2bd30)
            bash-2164  [003] ....  4674.739746: sys_exit: NR 14 = 0
            bash-2164  [003] ....  4674.739746: sys_enter: NR 16 (ff, 5410, 7ffd2afb2a9c, 8, 5580edf15690, 5580edf2bd30)
            bash-2164  [003] ....  4674.739746: sys_exit: NR 16 = 0
            bash-2164  [003] ....  4674.739746: sys_enter: NR 14 (2, 7ffd2afb2b30, 0, 8, 5580edf15690, 5580edf2bd30)
            bash-2164  [003] ....  4674.739746: sys_exit: NR 14 = 0
            bash-2164  [003] ....  4674.739746: sys_enter: NR 16 (ff, 5401, 7ffd2afb2b90, 8, 5580ed921f20, 5580edf2bd30)
            bash-2164  [003] ....  4674.739746: sys_exit: NR 16 = 0
            bash-2164  [003] ....  4674.739746: sys_enter: NR 16 (ff, 5413, 7ffd2afb2ba0, 8, 5580ed921f20, 5580edf2bd30)
            bash-2164  [003] ....  4674.739746: sys_exit: NR 16 = 0
            bash-2164  [003] ....  4674.739746: sys_enter: NR 14 (2, 7ffd2afb2c70, 0, 8, 5580edf15690, 7)
            bash-2164  [003] ....  4674.739746: sys_exit: NR 14 = 0
            bash-2164  [003] ....  4674.739746: sys_enter: NR 61 (ffffffff, 7ffd2afb2710, b, 0, 5580edf15690, 7)
            bash-2164  [003] ....  4674.739746: sys_exit: NR 61 = -10
            bash-2164  [003] ....  4674.739746: sys_enter: NR 15 (ffffffff, 7ffd2afb2710, ffffffffffffff80, 0, 5580edf15690, 7)
            bash-2164  [003] ....  4674.739746: sys_exit: NR -1 = 0
            bash-2164  [003] ....  4674.739746: sys_enter: NR 13 (2, 7ffd2afb2b90, 7ffd2afb2c30, 8, 7ffd2afb2d80, 7)
            bash-2164  [003] ....  4674.739746: sys_exit: NR 13 = 0
            bash-2164  [003] ....  4674.739746: sys_enter: NR 14 (0, 7ffd2afb1cf0, 7ffd2afb1d70, 8, 5580edf15690, 75746e7562754074)
            bash-2164  [003] ....  4674.739746: sys_exit: NR 14 = 0
            bash-2164  [003] ....  4674.739746: sys_enter: NR 16 (ff, 5410, 7ffd2afb1cdc, 8, 5580edf15690, 75746e7562754074)
            bash-2164  [003] ....  4674.739746: sys_exit: NR 16 = 0
            bash-2164  [003] ....  4674.739746: sys_enter: NR 14 (2, 7ffd2afb1d70, 0, 8, 5580edf15690, 75746e7562754074)
            bash-2164  [003] ....  4674.739746: sys_exit: NR 14 = 0
            bash-2164  [003] ....  4674.739746: sys_enter: NR 13 (2, 7ffd2afb1b70, 7ffd2afb1c10, 8, 7ffd2afb1d60, 75746e7562754074)
            bash-2164  [003] ....  4674.739746: sys_exit: NR 13 = 0
            bash-2164  [003] ....  4674.742234: sys_enter: NR 16 (0, 5413, 7ffd2afb1d60, 0, 0, 1)
            bash-2164  [003] ....  4674.742234: sys_exit: NR 16 = 0
            bash-2164  [003] ....  4674.742234: sys_enter: NR 16 (0, 5414, 7ffd2afb1d60, 0, 0, 1)
            bash-2164  [003] ....  4674.742234: sys_exit: NR 16 = 0
            bash-2164  [003] ....  4674.742234: sys_enter: NR 16 (0, 5401, 7ffd2afb1d30, 0, 7ffd2afb1d90, 1)
            bash-2164  [003] ....  4674.742234: sys_exit: NR 16 = 0
            bash-2164  [003] ....  4674.742234: sys_enter: NR 16 (0, 5401, 7ffd2afb1d20, 1, 5580ed91e400, 7ffd2afb1d90)
            bash-2164  [003] ....  4674.742234: sys_exit: NR 16 = 0
            bash-2164  [003] ....  4674.742234: sys_enter: NR 16 (0, 5403, 7ffd2afb1cf0, 10, 0, 7ffd2afb1d90)
            bash-2164  [003] ....  4674.742234: sys_exit: NR 16 = 0
            bash-2164  [003] ....  4674.742234: sys_enter: NR 16 (0, 5401, 7ffd2afb1cf0, 10, ffffffffffffff80, 7ffd2afb1d90)
            bash-2164  [003] ....  4674.742234: sys_exit: NR 16 = 0
            bash-2164  [003] ....  4674.742234: sys_enter: NR 14 (0, 5580ed923360, 5580ed9232e0, 8, 1, 7f815d757740)
            bash-2164  [003] ....  4674.742234: sys_exit: NR 14 = 0
            bash-2164  [003] ....  4674.742234: sys_enter: NR 13 (2, 7ffd2afb19d0, 7ffd2afb1a70, 8, 7ffd2afb1b20, 7f815d757740)
            bash-2164  [003] ....  4674.742234: sys_exit: NR 13 = 0
            bash-2164  [003] ....  4674.742234: sys_enter: NR 13 (f, 7ffd2afb19d0, 7ffd2afb1a70, 8, 7ffd2afb1b20, 7f815d757740)
            bash-2164  [003] ....  4674.742234: sys_exit: NR 13 = 0
            bash-2164  [003] ....  4674.742234: sys_enter: NR 13 (1, 7ffd2afb19d0, 7ffd2afb1a70, 8, 7ffd2afb1b20, 7f815d757740)
            bash-2164  [003] ....  4674.742234: sys_exit: NR 13 = 0
            bash-2164  [003] ....  4674.742234: sys_enter: NR 13 (3, 7ffd2afb19d0, 7ffd2afb1a70, 8, 7ffd2afb1b20, 7f815d757740)
            bash-2164  [003] ....  4674.742234: sys_exit: NR 13 = 0
            bash-2164  [003] ....  4674.742234: sys_enter: NR 13 (3, 7ffd2afb1b40, 7ffd2afb1be0, 8, 7ffd2afb1c90, 7f815d757740)
            bash-2164  [003] ....  4674.742234: sys_exit: NR 13 = 0
            bash-2164  [003] ....  4674.742234: sys_enter: NR 13 (e, 7ffd2afb1aa0, 7ffd2afb1b40, 8, 7ffd2afb1bf0, 7f815d757740)
            bash-2164  [003] ....  4674.742234: sys_exit: NR 13 = 0
            bash-2164  [003] ....  4674.742234: sys_enter: NR 13 (14, 7ffd2afb19d0, 7ffd2afb1a70, 8, 7ffd2afb1b20, 7f815d757740)
            bash-2164  [003] ....  4674.742234: sys_exit: NR 13 = 0
            bash-2164  [003] ....  4674.742234: sys_enter: NR 13 (14, 7ffd2afb1b40, 7ffd2afb1be0, 8, 7ffd2afb1c90, 7f815d757740)
            bash-2164  [003] ....  4674.742234: sys_exit: NR 13 = 0
            bash-2164  [003] ....  4674.742234: sys_enter: NR 13 (16, 7ffd2afb19d0, 7ffd2afb1a70, 8, 7ffd2afb1b20, 7f815d757740)
            bash-2164  [003] ....  4674.742234: sys_exit: NR 13 = 0
            bash-2164  [003] ....  4674.742234: sys_enter: NR 13 (16, 7ffd2afb1b40, 7ffd2afb1be0, 8, 7ffd2afb1c90, 7f815d757740)
            bash-2164  [003] ....  4674.742234: sys_exit: NR 13 = 0
            bash-2164  [003] ....  4674.742234: sys_enter: NR 13 (15, 7ffd2afb19d0, 7ffd2afb1a70, 8, 7ffd2afb1b20, 7f815d757740)
            bash-2164  [003] ....  4674.742234: sys_exit: NR 13 = 0
            bash-2164  [003] ....  4674.742234: sys_enter: NR 13 (15, 7ffd2afb1b40, 7ffd2afb1be0, 8, 7ffd2afb1c90, 7f815d757740)
            bash-2164  [003] ....  4674.742234: sys_exit: NR 13 = 0
            bash-2164  [003] ....  4674.742234: sys_enter: NR 14 (2, 5580ed9232e0, 0, 8, 7ffd2afb1c90, 7f815d757740)
            bash-2164  [003] ....  4674.742234: sys_exit: NR 14 = 0
            bash-2164  [003] ....  4674.742234: sys_enter: NR 13 (1c, 7ffd2afb19d0, 7ffd2afb1a70, 8, 7ffd2afb1b20, 7f815d757740)
            bash-2164  [003] ....  4674.742234: sys_exit: NR 13 = 0
            bash-2164  [003] ....  4674.742234: sys_enter: NR 1 (2, 5580edf238e0, 64, 0, 7f815d10f8b0, 7f815d757740)
            bash-2164  [003] ....  4674.742234: sys_exit: NR 1 = 100
            bash-2164  [003] ....  4674.742234: sys_enter: NR 270 (1, 7ffd2afb1d20, 0, 0, 0, 7ffd2afb1c50)
            sshd-2002  [000] ....  4674.743977: sys_exit: NR 23 = 1
            sshd-2002  [000] ....  4674.743977: sys_enter: NR 14 (0, 7ffe88f4b0b0, 7ffe88f4b030, 8, 0, 600)
            sshd-2002  [000] ....  4674.743977: sys_exit: NR 14 = 0
            sshd-2002  [000] ....  4674.743977: sys_enter: NR 14 (2, 7ffe88f4b030, 0, 8, 0, 600)
            sshd-2002  [000] ....  4674.743977: sys_exit: NR 14 = 0
            sshd-2002  [000] ....  4674.743977: sys_enter: NR 228 (7, 7ffe88f4b0d0, 7ffe88f4b0d0, 8, 7ffe88f8f0f0, 7ffe88f4b0d0)
            sshd-2002  [000] ....  4674.743977: sys_exit: NR 228 = 0
            sshd-2002  [000] ....  4674.743977: sys_enter: NR 0 (b, 7ffe88f47010, 4000, 8, 7ffe88f8f0f0, 7ffe88f4b0d0)
            sshd-2002  [000] ....  4674.743977: sys_exit: NR 0 = 115
            sshd-2002  [000] ....  4674.743977: sys_enter: NR 39 (556f1766b011, b, 81, 0, 1, 100)
            sshd-2002  [000] ....  4674.743977: sys_exit: NR 39 = 2002
            sshd-2002  [000] ....  4674.743977: sys_enter: NR 228 (7, 7ffe88f4b020, 7ffe88f4b020, 0, 7ffe88f8f0f0, 7ffe88f4b020)
            sshd-2002  [000] ....  4674.745516: sys_exit: NR 228 = 0
            sshd-2002  [000] ....  4674.745516: sys_enter: NR 23 (c, 556f1766b8a0, 556f17681f90, 0, 0, 600)
            sshd-2002  [000] ....  4674.745516: sys_exit: NR 23 = 1
            sshd-2002  [000] ....  4674.745516: sys_enter: NR 14 (0, 7ffe88f4b0b0, 7ffe88f4b030, 8, 0, 600)
            sshd-2002  [000] ....  4674.745516: sys_exit: NR 14 = 0
            sshd-2002  [000] ....  4674.745516: sys_enter: NR 14 (2, 7ffe88f4b030, 0, 8, 0, 600)
            sshd-2002  [000] ....  4674.745516: sys_exit: NR 14 = 0
            sshd-2002  [000] ....  4674.745516: sys_enter: NR 228 (7, 7ffe88f4b0d0, 7ffe88f4b0d0, 8, 7ffe88f8f0f0, 7ffe88f4b0d0)
            sshd-2002  [000] ....  4674.745516: sys_exit: NR 228 = 0
            sshd-2002  [000] ....  4674.745516: sys_enter: NR 1 (3, 556f17684a00, 9c, 8, 7ffe88f8f0f0, 7ffe88f4b0d0)
            sshd-2002  [000] ....  4674.748085: sys_exit: NR 1 = 156
            sshd-2002  [000] ....  4674.748085: sys_enter: NR 228 (7, 7ffe88f4b020, 7ffe88f4b020, 0, 7ffe88f8f0f0, 7ffe88f4b020)
            sshd-2002  [000] ....  4674.748085: sys_exit: NR 228 = 0
            sshd-2002  [000] ....  4674.748085: sys_enter: NR 23 (c, 556f1766b8a0, 556f17681f90, 0, 0, 600)
          mysqld-738   [002] ....  4675.109288: sys_exit: NR 208 = 0
          mysqld-738   [002] ....  4675.109288: sys_enter: NR 208 (7fd2757a7000, 1, 100, 38c9a30, 7fd2634e8930, 38d9e70)
          mysqld-733   [002] ....  4675.109288: sys_exit: NR 208 = 0
          mysqld-733   [002] ....  4675.109288: sys_enter: NR 208 (7fd282de6000, 1, 100, 38c7780, 7fd265ced930, 3c56790)
          mysqld-732   [002] ....  4675.109288: sys_exit: NR 208 = 0
          mysqld-732   [002] ....  4675.109288: sys_enter: NR 208 (7fd282deb000, 1, 100, 38b54c0, 7fd274f56930, 1d70b80)
          mysqld-741   [003] ....  4675.110154: sys_exit: NR 208 = 0
          mysqld-741   [003] ....  4675.110154: sys_enter: NR 208 (7fd275798000, 1, 100, 38cfa30, 7fd261ce5930, 1d70bc8)
          mysqld-737   [003] ....  4675.110154: sys_exit: NR 208 = 0
          mysqld-737   [003] ....  4675.110154: sys_enter: NR 208 (7fd282df0000, 1, 100, 38a31f0, 7fd263ce9930, 1d70ba8)
          mysqld-736   [003] ....  4675.110154: sys_exit: NR 208 = 0
          mysqld-736   [003] ....  4675.110154: sys_enter: NR 208 (7fd282df5000, 1, 100, 38a11f0, 7fd2644ea930, 1d70ba0)
          mysqld-734   [003] ....  4675.110154: sys_exit: NR 208 = 0
          mysqld-734   [003] ....  4675.110154: sys_enter: NR 208 (7fd282fdc000, 1, 100, 389d1f0, 7fd2654ec930, 1d70b90)
          mysqld-739   [003] ....  4675.111948: sys_exit: NR 208 = 0
          mysqld-739   [003] ....  4675.111948: sys_enter: NR 208 (7fd2757a2000, 1, 100, 38cba30, 7fd262ce7930, 1d70bb8)
          mysqld-735   [003] ....  4675.111948: sys_exit: NR 208 = 0
          mysqld-735   [003] ....  4675.111948: sys_enter: NR 208 (7fd282fd7000, 1, 100, 389f1f0, 7fd264ceb930, 1d70b98)
          mysqld-740   [000] ....  4675.141596: sys_exit: NR 208 = 0
          mysqld-740   [000] ....  4675.141596: sys_enter: NR 208 (7fd27579d000, 1, 100, 38cda30, 7fd2624e6930, 1d70bc0)
          mysqld-748   [003] ....  4675.608759: sys_exit: NR 35 = 0
          mysqld-748   [003] ....  4675.608759: sys_enter: NR 228 (1, 7fd25affce00, 7fd25affce00, f000000000, 7ffcadf3e090, 7fd25affce00)
          mysqld-748   [003] ....  4675.608759: sys_exit: NR 228 = 0
          mysqld-748   [003] ....  4675.608759: sys_enter: NR 228 (1, 7fd25affce00, 7fd25affce00, f000000000, 7ffcadf3e090, 7fd25affce00)
          mysqld-748   [003] ....  4675.608759: sys_exit: NR 228 = 0
          mysqld-748   [003] ....  4675.608759: sys_enter: NR 228 (1, 7fd25affce00, 7fd25affce00, f000000000, 7ffcadf3e090, 7fd25affce00)
          mysqld-748   [003] ....  4675.608759: sys_exit: NR 228 = 0
          mysqld-748   [003] ....  4675.608759: sys_enter: NR 35 (7fd25affce00, 0, 0, f000000000, 1a4, 7fd2807ece00)
          mysqld-746   [002] ....  4675.610061: sys_exit: NR 202 = -110
          mysqld-746   [002] ....  4675.610061: sys_enter: NR 202 (35e5018, 81, 1, 7fd25bffe9f0, 0, 35e5040)
          mysqld-746   [002] ....  4675.610061: sys_exit: NR 202 = 0
          mysqld-746   [002] ....  4675.610061: sys_enter: NR 228 (1, 7fd25bffec60, 7fd25bffec60, 7fd25bffe9f0, 7ffcadf3e090, 7fd25bffec60)
          mysqld-746   [002] ....  4675.610061: sys_exit: NR 228 = 0
          mysqld-746   [002] ....  4675.610061: sys_enter: NR 228 (1, 7fd25bffea70, 7fd25bffea70, 7fd25bffe9f0, 7ffcadf3e090, 7fd25bffea70)
          mysqld-746   [002] ....  4675.610061: sys_exit: NR 228 = 0
          mysqld-746   [002] ....  4675.610061: sys_enter: NR 228 (1, 7fd25bffe9f0, 7fd25bffe9f0, 7fd25bffe9f0, 7ffcadf3e090, 7fd25bffe9f0)
          mysqld-746   [002] ....  4675.610061: sys_exit: NR 228 = 0
          mysqld-746   [002] ....  4675.610061: sys_enter: NR 202 (35e5068, 80, 0, 7fd25bffe9f0, 0, 7fd25bffe9f0)
          mysqld-741   [003] ....  4675.611732: sys_exit: NR 208 = 0
          mysqld-741   [003] ....  4675.611732: sys_enter: NR 208 (7fd275798000, 1, 100, 38cfa30, 7fd261ce5930, 1d70bc8)
          mysqld-737   [003] ....  4675.611732: sys_exit: NR 208 = 0
          mysqld-737   [003] ....  4675.611732: sys_enter: NR 208 (7fd282df0000, 1, 100, 38a31f0, 7fd263ce9930, 1d70ba8)
          mysqld-738   [002] ....  4675.611732: sys_exit: NR 208 = 0
          mysqld-738   [002] ....  4675.611732: sys_enter: NR 208 (7fd2757a7000, 1, 100, 38c9a30, 7fd2634e8930, 38d9e70)
          mysqld-736   [003] ....  4675.611732: sys_exit: NR 208 = 0
          mysqld-733   [002] ....  4675.611732: sys_exit: NR 208 = 0
          mysqld-736   [003] ....  4675.611732: sys_enter: NR 208 (7fd282df5000, 1, 100, 38a11f0, 7fd2644ea930, 1d70ba0)
          mysqld-733   [002] ....  4675.611732: sys_enter: NR 208 (7fd282de6000, 1, 100, 38c7780, 7fd265ced930, 3c56790)
          mysqld-732   [002] ....  4675.611732: sys_exit: NR 208 = 0
          mysqld-734   [003] ....  4675.611732: sys_exit: NR 208 = 0
          mysqld-732   [002] ....  4675.611732: sys_enter: NR 208 (7fd282deb000, 1, 100, 38b54c0, 7fd274f56930, 1d70b80)
          mysqld-734   [003] ....  4675.611732: sys_enter: NR 208 (7fd282fdc000, 1, 100, 389d1f0, 7fd2654ec930, 1d70b90)
          mysqld-739   [003] ....  4675.613287: sys_exit: NR 208 = 0
          mysqld-739   [003] ....  4675.613287: sys_enter: NR 208 (7fd2757a2000, 1, 100, 38cba30, 7fd262ce7930, 1d70bb8)
          mysqld-735   [003] ....  4675.613287: sys_exit: NR 208 = 0
          mysqld-735   [003] ....  4675.613287: sys_enter: NR 208 (7fd282fd7000, 1, 100, 389f1f0, 7fd264ceb930, 1d70b98)
          mysqld-745   [000] ....  4675.623950: sys_exit: NR 202 = -110
          mysqld-745   [000] ....  4675.623950: sys_enter: NR 202 (3c748f8, 81, 1, 7fd260ce3af0, 0, 3c74920)
          mysqld-745   [000] ....  4675.623950: sys_exit: NR 202 = 0
          mysqld-745   [000] ....  4675.623950: sys_enter: NR 228 (1, 7fd260ce3b70, 7fd260ce3b70, 7fd260ce3af0, 7ffcadf3e090, 7fd260ce3b70)
          mysqld-745   [000] ....  4675.630545: sys_exit: NR 228 = 0
          mysqld-745   [000] ....  4675.630545: sys_enter: NR 228 (1, 7fd260ce3af0, 7fd260ce3af0, 7fd260ce3af0, 7ffcadf3e090, 7fd260ce3af0)
          mysqld-745   [000] ....  4675.630545: sys_exit: NR 228 = 0
          mysqld-745   [000] ....  4675.630545: sys_enter: NR 202 (3c74948, 80, 0, 7fd260ce3af0, 0, 7fd260ce3af0)
          mysqld-742   [000] ....  4675.630545: sys_exit: NR 202 = -110
          mysqld-742   [000] ....  4675.630545: sys_enter: NR 202 (35e51c8, 81, 1, 7fd2614e4940, 0, 35e51f0)
          mysqld-742   [000] ....  4675.630545: sys_exit: NR 202 = 0
          mysqld-742   [000] ....  4675.630545: sys_enter: NR 228 (1, 7fd2614e4bb0, 7fd2614e4bb0, 7fd2614e4940, 7ffcadf3e090, 7fd2614e4bb0)
          mysqld-742   [000] ....  4675.630545: sys_exit: NR 228 = 0
          mysqld-742   [000] ....  4675.630545: sys_enter: NR 228 (1, 7fd2614e4bb0, 7fd2614e4bb0, 7fd2614e4940, 7ffcadf3e090, 7fd2614e4bb0)
          mysqld-742   [000] ....  4675.630545: sys_exit: NR 228 = 0
          mysqld-742   [000] ....  4675.630545: sys_enter: NR 228 (1, 7fd2614e49c0, 7fd2614e49c0, 7fd2614e4940, 7ffcadf3e090, 7fd2614e49c0)
          mysqld-742   [000] ....  4675.630545: sys_exit: NR 228 = 0
          mysqld-742   [000] ....  4675.630545: sys_enter: NR 228 (1, 7fd2614e4940, 7fd2614e4940, 7fd2614e4940, 7ffcadf3e090, 7fd2614e4940)
          mysqld-742   [000] ....  4675.630545: sys_exit: NR 228 = 0
          mysqld-742   [000] ....  4675.630545: sys_enter: NR 202 (35e521c, 80, 0, 7fd2614e4940, 0, 7fd2614e4940)
          mysqld-740   [000] ....  4675.644586: sys_exit: NR 208 = 0
          mysqld-740   [000] ....  4675.644586: sys_enter: NR 208 (7fd27579d000, 1, 100, 38cda30, 7fd2624e6930, 1d70bc0)
          mysqld-738   [002] ....  4676.113759: sys_exit: NR 208 = 0
          mysqld-737   [003] ....  4676.113759: sys_exit: NR 208 = 0
          mysqld-737   [003] ....  4676.113759: sys_enter: NR 208 (7fd282df0000, 1, 100, 38a31f0, 7fd263ce9930, 1d70ba8)
          mysqld-738   [002] ....  4676.113759: sys_enter: NR 208 (7fd2757a7000, 1, 100, 38c9a30, 7fd2634e8930, 38d9e70)
          mysqld-736   [003] ....  4676.113759: sys_exit: NR 208 = 0
          mysqld-733   [002] ....  4676.113759: sys_exit: NR 208 = 0
          mysqld-733   [002] ....  4676.113759: sys_enter: NR 208 (7fd282de6000, 1, 100, 38c7780, 7fd265ced930, 3c56790)
          mysqld-736   [003] ....  4676.113759: sys_enter: NR 208 (7fd282df5000, 1, 100, 38a11f0, 7fd2644ea930, 1d70ba0)
          mysqld-732   [002] ....  4676.113759: sys_exit: NR 208 = 0
          mysqld-734   [003] ....  4676.113759: sys_exit: NR 208 = 0
          mysqld-732   [002] ....  4676.113759: sys_enter: NR 208 (7fd282deb000, 1, 100, 38b54c0, 7fd274f56930, 1d70b80)
          mysqld-734   [003] ....  4676.113759: sys_enter: NR 208 (7fd282fdc000, 1, 100, 389d1f0, 7fd2654ec930, 1d70b90)
          mysqld-741   [003] ....  4676.113759: sys_exit: NR 208 = 0
          mysqld-741   [003] ....  4676.113759: sys_enter: NR 208 (7fd275798000, 1, 100, 38cfa30, 7fd261ce5930, 1d70bc8)
          mysqld-735   [002] ....  4676.113759: sys_exit: NR 208 = 0
          mysqld-735   [002] ....  4676.113759: sys_enter: NR 208 (7fd282fd7000, 1, 100, 389f1f0, 7fd264ceb930, 1d70b98)
          mysqld-739   [002] ....  4676.113759: sys_exit: NR 208 = 0
          mysqld-739   [002] ....  4676.113759: sys_enter: NR 208 (7fd2757a2000, 1, 100, 38cba30, 7fd262ce7930, 1d70bb8)
          mysqld-740   [000] ....  4676.148079: sys_exit: NR 208 = 0
          mysqld-740   [000] ....  4676.148079: sys_enter: NR 208 (7fd27579d000, 1, 100, 38cda30, 7fd2624e6930, 1d70bc0)
          mysqld-748   [003] ....  4676.611175: sys_exit: NR 35 = 0
          mysqld-748   [003] ....  4676.611175: sys_enter: NR 228 (1, 7fd25affce00, 7fd25affce00, f000000000, 7ffcadf3e090, 7fd25affce00)
          mysqld-746   [002] ....  4676.611175: sys_exit: NR 202 = -110
          mysqld-746   [002] ....  4676.611175: sys_enter: NR 202 (35e5018, 81, 1, 7fd25bffe9f0, 0, 35e5040)
          mysqld-746   [002] ....  4676.611175: sys_exit: NR 202 = 0
          mysqld-746   [002] ....  4676.611175: sys_enter: NR 228 (1, 7fd25bffec60, 7fd25bffec60, 7fd25bffe9f0, 7ffcadf3e090, 7fd25bffec60)
          mysqld-746   [002] ....  4676.611780: sys_exit: NR 228 = 0
          mysqld-746   [002] ....  4676.611780: sys_enter: NR 228 (1, 7fd25bffea70, 7fd25bffea70, 7fd25bffe9f0, 7ffcadf3e090, 7fd25bffea70)
          mysqld-748   [003] ....  4676.612650: sys_exit: NR 228 = 0
          mysqld-748   [003] ....  4676.612650: sys_enter: NR 228 (1, 7fd25affce00, 7fd25affce00, f000000000, 7ffcadf3e090, 7fd25affce00)
          mysqld-746   [002] ....  4676.612650: sys_exit: NR 228 = 0
          mysqld-746   [002] ....  4676.612650: sys_enter: NR 228 (1, 7fd25bffe9f0, 7fd25bffe9f0, 7fd25bffe9f0, 7ffcadf3e090, 7fd25bffe9f0)
          mysqld-748   [003] ....  4676.612650: sys_exit: NR 228 = 0
          mysqld-748   [003] ....  4676.612650: sys_enter: NR 228 (1, 7fd25affce00, 7fd25affce00, f000000000, 7ffcadf3e090, 7fd25affce00)
          mysqld-746   [002] ....  4676.612650: sys_exit: NR 228 = 0
          mysqld-746   [002] ....  4676.612650: sys_enter: NR 202 (35e5068, 80, 0, 7fd25bffe9f0, 0, 7fd25bffe9f0)
          mysqld-748   [003] ....  4676.613660: sys_exit: NR 228 = 0
          mysqld-748   [003] ....  4676.613660: sys_enter: NR 35 (7fd25affce00, 0, 0, f000000000, 1a4, 7fd2807ece00)
          mysqld-738   [002] ....  4676.615631: sys_exit: NR 208 = 0
          mysqld-738   [002] ....  4676.615631: sys_enter: NR 208 (7fd2757a7000, 1, 100, 38c9a30, 7fd2634e8930, 38d9e70)
          mysqld-737   [003] ....  4676.615882: sys_exit: NR 208 = 0
          mysqld-737   [003] ....  4676.615882: sys_enter: NR 208 (7fd282df0000, 1, 100, 38a31f0, 7fd263ce9930, 1d70ba8)
          mysqld-733   [002] ....  4676.615882: sys_exit: NR 208 = 0
          mysqld-733   [002] ....  4676.615882: sys_enter: NR 208 (7fd282de6000, 1, 100, 38c7780, 7fd265ced930, 3c56790)
          mysqld-736   [003] ....  4676.615882: sys_exit: NR 208 = 0
          mysqld-736   [003] ....  4676.615882: sys_enter: NR 208 (7fd282df5000, 1, 100, 38a11f0, 7fd2644ea930, 1d70ba0)
          mysqld-732   [002] ....  4676.615882: sys_exit: NR 208 = 0
          mysqld-732   [002] ....  4676.615882: sys_enter: NR 208 (7fd282deb000, 1, 100, 38b54c0, 7fd274f56930, 1d70b80)
          mysqld-734   [003] ....  4676.615882: sys_exit: NR 208 = 0
          mysqld-734   [003] ....  4676.615882: sys_enter: NR 208 (7fd282fdc000, 1, 100, 389d1f0, 7fd2654ec930, 1d70b90)
          mysqld-735   [002] ....  4676.615882: sys_exit: NR 208 = 0
          mysqld-735   [002] ....  4676.615882: sys_enter: NR 208 (7fd282fd7000, 1, 100, 389f1f0, 7fd264ceb930, 1d70b98)
          mysqld-741   [003] ....  4676.615882: sys_exit: NR 208 = 0
          mysqld-739   [002] ....  4676.615882: sys_exit: NR 208 = 0
          mysqld-739   [002] ....  4676.615882: sys_enter: NR 208 (7fd2757a2000, 1, 100, 38cba30, 7fd262ce7930, 1d70bb8)
          mysqld-741   [003] ....  4676.615882: sys_enter: NR 208 (7fd275798000, 1, 100, 38cfa30, 7fd261ce5930, 1d70bc8)
          mysqld-745   [000] ....  4676.634897: sys_exit: NR 202 = -110
          mysqld-745   [000] ....  4676.634897: sys_enter: NR 202 (3c748f8, 81, 1, 7fd260ce3af0, 0, 3c74920)
          mysqld-745   [000] ....  4676.634897: sys_exit: NR 202 = 0
          mysqld-745   [000] ....  4676.634897: sys_enter: NR 228 (1, 7fd260ce3b70, 7fd260ce3b70, 7fd260ce3af0, 7ffcadf3e090, 7fd260ce3b70)
          mysqld-745   [000] ....  4676.634897: sys_exit: NR 228 = 0
          mysqld-745   [000] ....  4676.634897: sys_enter: NR 228 (1, 7fd260ce3af0, 7fd260ce3af0, 7fd260ce3af0, 7ffcadf3e090, 7fd260ce3af0)
          mysqld-745   [000] ....  4676.634897: sys_exit: NR 228 = 0
          mysqld-745   [000] ....  4676.634897: sys_enter: NR 202 (3c74948, 80, 0, 7fd260ce3af0, 0, 7fd260ce3af0)
          mysqld-742   [000] ....  4676.634897: sys_exit: NR 202 = -110
          mysqld-742   [000] ....  4676.634897: sys_enter: NR 202 (35e51c8, 81, 1, 7fd2614e4940, 0, 35e51f0)
          mysqld-742   [000] ....  4676.634897: sys_exit: NR 202 = 0
          mysqld-742   [000] ....  4676.634897: sys_enter: NR 228 (1, 7fd2614e4bb0, 7fd2614e4bb0, 7fd2614e4940, 7ffcadf3e090, 7fd2614e4bb0)
          mysqld-742   [000] ....  4676.634897: sys_exit: NR 228 = 0
          mysqld-742   [000] ....  4676.634897: sys_enter: NR 228 (1, 7fd2614e4bb0, 7fd2614e4bb0, 7fd2614e4940, 7ffcadf3e090, 7fd2614e4bb0)
          mysqld-742   [000] ....  4676.634897: sys_exit: NR 228 = 0
          mysqld-742   [000] ....  4676.634897: sys_enter: NR 228 (1, 7fd2614e49c0, 7fd2614e49c0, 7fd2614e4940, 7ffcadf3e090, 7fd2614e49c0)
          mysqld-742   [000] ....  4676.634897: sys_exit: NR 228 = 0
          mysqld-742   [000] ....  4676.634897: sys_enter: NR 228 (1, 7fd2614e4940, 7fd2614e4940, 7fd2614e4940, 7ffcadf3e090, 7fd2614e4940)
          mysqld-742   [000] ....  4676.634897: sys_exit: NR 228 = 0
          mysqld-742   [000] ....  4676.634897: sys_enter: NR 202 (35e521c, 80, 0, 7fd2614e4940, 0, 7fd2614e4940)
          mysqld-740   [000] ....  4676.650086: sys_exit: NR 208 = 0
          mysqld-740   [000] ....  4676.650086: sys_enter: NR 208 (7fd27579d000, 1, 100, 38cda30, 7fd2624e6930, 1d70bc0)
           gmain-568   [002] ....  4677.007451: sys_exit: NR 7 = 0
           gmain-568   [002] ....  4677.007451: sys_enter: NR 228 (1, 7fe814b59bf0, 7fe814b59bf0, 7fe810002880, 7fff08e9f090, 7fe814b59bf0)
           gmain-568   [002] ....  4677.007451: sys_exit: NR 228 = 0
           gmain-568   [002] ....  4677.007451: sys_enter: NR 254 (7, 558d29f223a0, 1002fce, 7fe810002880, 56cd36aa, 7fe814b59bf0)
           gmain-568   [002] ....  4677.007451: sys_exit: NR 254 = -2
           gmain-568   [002] ....  4677.007451: sys_enter: NR 254 (7, 558d29f21980, 1002fce, 7fe810002880, b10563a8, 7fe814b59bf0)
           gmain-568   [002] ....  4677.007451: sys_exit: NR 254 = -2
           gmain-568   [002] ....  4677.007451: sys_enter: NR 254 (7, 558d29f21450, 1002fce, 7fe810002880, b10563a8, 7fe814b59bf0)
           gmain-568   [002] ....  4677.007451: sys_exit: NR 254 = -2
           gmain-568   [002] ....  4677.007451: sys_enter: NR 254 (7, 558d29f21100, 1002fce, 7fe810002880, b10563a8, 7fe814b59bf0)
           gmain-568   [002] ....  4677.007451: sys_exit: NR 254 = -2
           gmain-568   [002] ....  4677.007451: sys_enter: NR 228 (1, 7fe814b59be0, 7fe814b59be0, 7fe810002880, 7fff08e9f090, 7fe814b59be0)
           gmain-568   [002] ....  4677.007451: sys_exit: NR 228 = 0
           gmain-568   [002] ....  4677.007451: sys_enter: NR 7 (558d29f01410, 2, f99, 7fe810002880, 0, 558d29f1e2a0)
          mysqld-738   [002] ....  4677.116357: sys_exit: NR 208 = 0
          mysqld-738   [002] ....  4677.116357: sys_enter: NR 208 (7fd2757a7000, 1, 100, 38c9a30, 7fd2634e8930, 38d9e70)
          mysqld-736   [003] ....  4677.117160: sys_exit: NR 208 = 0
          mysqld-736   [003] ....  4677.117160: sys_enter: NR 208 (7fd282df5000, 1, 100, 38a11f0, 7fd2644ea930, 1d70ba0)
          mysqld-734   [003] ....  4677.117160: sys_exit: NR 208 = 0
          mysqld-734   [003] ....  4677.117160: sys_enter: NR 208 (7fd282fdc000, 1, 100, 389d1f0, 7fd2654ec930, 1d70b90)
          mysqld-737   [003] ....  4677.117160: sys_exit: NR 208 = 0
          mysqld-737   [003] ....  4677.117160: sys_enter: NR 208 (7fd282df0000, 1, 100, 38a31f0, 7fd263ce9930, 1d70ba8)
          mysqld-733   [002] ....  4677.117718: sys_exit: NR 208 = 0
          mysqld-733   [002] ....  4677.117718: sys_enter: NR 208 (7fd282de6000, 1, 100, 38c7780, 7fd265ced930, 3c56790)
          mysqld-741   [003] ....  4677.117718: sys_exit: NR 208 = 0
          mysqld-741   [003] ....  4677.117718: sys_enter: NR 208 (7fd275798000, 1, 100, 38cfa30, 7fd261ce5930, 1d70bc8)
          mysqld-732   [002] ....  4677.117718: sys_exit: NR 208 = 0
          mysqld-732   [002] ....  4677.117718: sys_enter: NR 208 (7fd282deb000, 1, 100, 38b54c0, 7fd274f56930, 1d70b80)
          mysqld-735   [002] ....  4677.117718: sys_exit: NR 208 = 0
          mysqld-735   [002] ....  4677.117718: sys_enter: NR 208 (7fd282fd7000, 1, 100, 389f1f0, 7fd264ceb930, 1d70b98)
          mysqld-739   [002] ....  4677.117718: sys_exit: NR 208 = 0
          mysqld-739   [002] ....  4677.117718: sys_enter: NR 208 (7fd2757a2000, 1, 100, 38cba30, 7fd262ce7930, 1d70bb8)
          mysqld-740   [000] ....  4677.152282: sys_exit: NR 208 = 0
          mysqld-740   [000] ....  4677.152282: sys_enter: NR 208 (7fd27579d000, 1, 100, 38cda30, 7fd2624e6930, 1d70bc0)
          mysqld-755   [002] ....  4677.597153: sys_exit: NR 202 = -110
          mysqld-755   [002] ....  4677.597153: sys_enter: NR 202 (3cc4a98, 81, 1, 7fd246ffc9a0, 0, 3cc4ac0)
          mysqld-755   [002] ....  4677.597153: sys_exit: NR 202 = 0
          mysqld-755   [002] ....  4677.597153: sys_enter: NR 228 (1, 7fd246ffcce0, 7fd246ffcce0, 7fd246ffc9a0, 7ffcadf3e090, 7fd246ffcce0)
          mysqld-755   [002] ....  4677.599701: sys_exit: NR 228 = 0
          mysqld-755   [002] ....  4677.599701: sys_enter: NR 228 (1, 7fd246ffcce0, 7fd246ffcce0, 7fd246ffc9a0, 7ffcadf3e090, 7fd246ffcce0)
          mysqld-755   [002] ....  4677.599701: sys_exit: NR 228 = 0
          mysqld-755   [002] ....  4677.599701: sys_enter: NR 228 (1, 7fd246ffca20, 7fd246ffca20, 7fd246ffc9a0, 7ffcadf3e090, 7fd246ffca20)
          mysqld-755   [002] ....  4677.600680: sys_exit: NR 228 = 0
          mysqld-755   [002] ....  4677.600680: sys_enter: NR 228 (1, 7fd246ffc9a0, 7fd246ffc9a0, 7fd246ffc9a0, 7ffcadf3e090, 7fd246ffc9a0)
          mysqld-755   [002] ....  4677.601680: sys_exit: NR 228 = 0
          mysqld-755   [002] ....  4677.601680: sys_enter: NR 202 (3cc4ae8, 80, 0, 7fd246ffc9a0, 0, 7fd246ffc9a0)
          mysqld-747   [002] ....  4677.603896: sys_exit: NR 202 = -110
          mysqld-747   [002] ....  4677.603896: sys_enter: NR 202 (35e50a8, 81, 1, 7fd25b7fdba0, 0, 35e50d0)
          mysqld-747   [002] ....  4677.603896: sys_exit: NR 202 = 0
          mysqld-747   [002] ....  4677.603896: sys_enter: NR 228 (1, 7fd25b7fde10, 7fd25b7fde10, 7fd25b7fdba0, 7ffcadf3e090, 7fd25b7fde10)
          mysqld-747   [002] ....  4677.603896: sys_exit: NR 228 = 0
          mysqld-747   [002] ....  4677.603896: sys_enter: NR 228 (1, 7fd25b7fde10, 7fd25b7fde10, 7fd25b7fdba0, 7ffcadf3e090, 7fd25b7fde10)
          mysqld-747   [002] ....  4677.603896: sys_exit: NR 228 = 0
          mysqld-747   [002] ....  4677.603896: sys_enter: NR 228 (1, 7fd25b7fdc20, 7fd25b7fdc20, 7fd25b7fdba0, 7ffcadf3e090, 7fd25b7fdc20)
          mysqld-747   [002] ....  4677.603896: sys_exit: NR 228 = 0
          mysqld-747   [002] ....  4677.603896: sys_enter: NR 228 (1, 7fd25b7fdba0, 7fd25b7fdba0, 7fd25b7fdba0, 7ffcadf3e090, 7fd25b7fdba0)
          mysqld-747   [002] ....  4677.603896: sys_exit: NR 228 = 0
          mysqld-747   [002] ....  4677.603896: sys_enter: NR 202 (35e50f8, 80, 0, 7fd25b7fdba0, 0, 7fd25b7fdba0)
        postgres-761   [000] ....  4677.614583: sys_exit: NR 232 = 0
        postgres-761   [000] ....  4677.614583: sys_enter: NR 3 (8, 555ab1f914e8, 1, 1388, 500000d, 7ffcd53157f0)
        postgres-761   [000] ....  4677.614583: sys_exit: NR 3 = 0
        postgres-761   [000] ....  4677.614583: sys_enter: NR 291 (80000, 12, 555ab1f38e10, 1388, 500000d, 7ffcd53157f0)
        postgres-761   [000] ....  4677.614583: sys_exit: NR 291 = 8
        postgres-761   [000] ....  4677.614583: sys_enter: NR 233 (8, 1, c, 7ffcd531581c, 1, 1)
        postgres-761   [000] ....  4677.614583: sys_exit: NR 233 = 0
        postgres-761   [000] ....  4677.614583: sys_enter: NR 233 (8, 1, 9, 7ffcd531581c, 1, 2)
        postgres-761   [000] ....  4677.614583: sys_exit: NR 233 = 0
        postgres-761   [000] ....  4677.614583: sys_enter: NR 228 (1, 7ffcd53157f0, 7ffcd53157f0, 7ffcd531581c, 7ffcd53a5090, 7ffcd53157f0)
        postgres-761   [000] ....  4677.614583: sys_exit: NR 228 = 0
        postgres-761   [000] ....  4677.614583: sys_enter: NR 232 (8, 555ab1f914e8, 1, 1388, 500000d, 7ffcd53157f0)
          mysqld-746   [002] ....  4677.614583: sys_exit: NR 202 = -110
          mysqld-746   [002] ....  4677.614583: sys_enter: NR 202 (35e5018, 81, 1, 7fd25bffe9f0, 0, 35e5040)
          mysqld-746   [002] ....  4677.614583: sys_exit: NR 202 = 0
          mysqld-746   [002] ....  4677.614583: sys_enter: NR 228 (1, 7fd25bffec60, 7fd25bffec60, 7fd25bffe9f0, 7ffcadf3e090, 7fd25bffec60)
          mysqld-746   [002] ....  4677.614583: sys_exit: NR 228 = 0
          mysqld-746   [002] ....  4677.614583: sys_enter: NR 228 (1, 7fd25bffea70, 7fd25bffea70, 7fd25bffe9f0, 7ffcadf3e090, 7fd25bffea70)
          mysqld-746   [002] ....  4677.614583: sys_exit: NR 228 = 0
          mysqld-746   [002] ....  4677.614583: sys_enter: NR 228 (1, 7fd25bffe9f0, 7fd25bffe9f0, 7fd25bffe9f0, 7ffcadf3e090, 7fd25bffe9f0)
          mysqld-748   [003] ....  4677.614583: sys_exit: NR 35 = 0
          mysqld-748   [003] ....  4677.614583: sys_enter: NR 228 (1, 7fd25affce00, 7fd25affce00, f000000000, 7ffcadf3e090, 7fd25affce00)
          mysqld-746   [002] ....  4677.615549: sys_exit: NR 228 = 0
          mysqld-746   [002] ....  4677.615549: sys_enter: NR 202 (35e5068, 80, 0, 7fd25bffe9f0, 0, 7fd25bffe9f0)
          mysqld-738   [002] ....  4677.617715: sys_exit: NR 208 = 0
          mysqld-738   [002] ....  4677.617715: sys_enter: NR 208 (7fd2757a7000, 1, 100, 38c9a30, 7fd2634e8930, 38d9e70)
          mysqld-736   [002] ....  4677.617715: sys_exit: NR 208 = 0
          mysqld-736   [002] ....  4677.617715: sys_enter: NR 208 (7fd282df5000, 1, 100, 38a11f0, 7fd2644ea930, 1d70ba0)
          mysqld-734   [002] ....  4677.617715: sys_exit: NR 208 = 0
          mysqld-734   [002] ....  4677.617715: sys_enter: NR 208 (7fd282fdc000, 1, 100, 389d1f0, 7fd2654ec930, 1d70b90)
          mysqld-737   [002] ....  4677.617715: sys_exit: NR 208 = 0
          mysqld-737   [002] ....  4677.617715: sys_enter: NR 208 (7fd282df0000, 1, 100, 38a31f0, 7fd263ce9930, 1d70ba8)
          mysqld-741   [002] ....  4677.617715: sys_exit: NR 208 = 0
          mysqld-741   [002] ....  4677.617715: sys_enter: NR 208 (7fd275798000, 1, 100, 38cfa30, 7fd261ce5930, 1d70bc8)
          mysqld-748   [003] .N..  4677.619289: sys_exit: NR 228 = 0
          mysqld-748   [003] ....  4677.619289: sys_enter: NR 228 (1, 7fd25affce00, 7fd25affce00, f000000000, 7ffcadf3e090, 7fd25affce00)
          mysqld-748   [003] ....  4677.619289: sys_exit: NR 228 = 0
          mysqld-748   [003] ....  4677.619289: sys_enter: NR 228 (1, 7fd25affce00, 7fd25affce00, f000000000, 7ffcadf3e090, 7fd25affce00)
          mysqld-748   [003] ....  4677.619289: sys_exit: NR 228 = 0
          mysqld-748   [003] ....  4677.619289: sys_enter: NR 35 (7fd25affce00, 0, 0, f000000000, 1a4, 7fd2807ece00)
          mysqld-733   [002] ....  4677.620111: sys_exit: NR 208 = 0
          mysqld-733   [002] ....  4677.620111: sys_enter: NR 208 (7fd282de6000, 1, 100, 38c7780, 7fd265ced930, 3c56790)
          mysqld-732   [002] ....  4677.620111: sys_exit: NR 208 = 0
          mysqld-732   [002] ....  4677.620111: sys_enter: NR 208 (7fd282deb000, 1, 100, 38b54c0, 7fd274f56930, 1d70b80)
          mysqld-735   [002] ....  4677.620111: sys_exit: NR 208 = 0
          mysqld-735   [002] ....  4677.620111: sys_enter: NR 208 (7fd282fd7000, 1, 100, 389f1f0, 7fd264ceb930, 1d70b98)
          mysqld-739   [002] ....  4677.620111: sys_exit: NR 208 = 0
          mysqld-739   [002] ....  4677.620111: sys_enter: NR 208 (7fd2757a2000, 1, 100, 38cba30, 7fd262ce7930, 1d70bb8)
          mysqld-745   [000] ....  4677.636402: sys_exit: NR 202 = -110
          mysqld-745   [000] ....  4677.636402: sys_enter: NR 202 (3c748f8, 81, 1, 7fd260ce3af0, 0, 3c74920)
          mysqld-745   [000] ....  4677.636402: sys_exit: NR 202 = 0
          mysqld-745   [000] ....  4677.636402: sys_enter: NR 228 (1, 7fd260ce3b70, 7fd260ce3b70, 7fd260ce3af0, 7ffcadf3e090, 7fd260ce3b70)
          mysqld-745   [000] ....  4677.636402: sys_exit: NR 228 = 0
          mysqld-745   [000] ....  4677.636402: sys_enter: NR 228 (1, 7fd260ce3af0, 7fd260ce3af0, 7fd260ce3af0, 7ffcadf3e090, 7fd260ce3af0)
          mysqld-745   [000] ....  4677.636402: sys_exit: NR 228 = 0
          mysqld-745   [000] ....  4677.636402: sys_enter: NR 202 (3c74948, 80, 0, 7fd260ce3af0, 0, 7fd260ce3af0)
          mysqld-742   [000] ....  4677.636402: sys_exit: NR 202 = -110
          mysqld-742   [000] ....  4677.636402: sys_enter: NR 202 (35e51c8, 81, 1, 7fd2614e4940, 0, 35e51f0)
          mysqld-742   [000] ....  4677.636402: sys_exit: NR 202 = 0
          mysqld-742   [000] ....  4677.636402: sys_enter: NR 228 (1, 7fd2614e4bb0, 7fd2614e4bb0, 7fd2614e4940, 7ffcadf3e090, 7fd2614e4bb0)
          mysqld-742   [000] ....  4677.636402: sys_exit: NR 228 = 0
          mysqld-742   [000] ....  4677.636402: sys_enter: NR 228 (1, 7fd2614e4bb0, 7fd2614e4bb0, 7fd2614e4940, 7ffcadf3e090, 7fd2614e4bb0)
          mysqld-742   [000] ....  4677.636402: sys_exit: NR 228 = 0
          mysqld-742   [000] ....  4677.636402: sys_enter: NR 228 (1, 7fd2614e49c0, 7fd2614e49c0, 7fd2614e4940, 7ffcadf3e090, 7fd2614e49c0)
          mysqld-742   [000] ....  4677.636402: sys_exit: NR 228 = 0
          mysqld-742   [000] ....  4677.636402: sys_enter: NR 228 (1, 7fd2614e4940, 7fd2614e4940, 7fd2614e4940, 7ffcadf3e090, 7fd2614e4940)
          mysqld-742   [000] ....  4677.636402: sys_exit: NR 228 = 0
          mysqld-742   [000] ....  4677.636402: sys_enter: NR 202 (35e521c, 80, 0, 7fd2614e4940, 0, 7fd2614e4940)
          mysqld-740   [000] ....  4677.655959: sys_exit: NR 208 = 0
          mysqld-740   [000] ....  4677.655959: sys_enter: NR 208 (7fd27579d000, 1, 100, 38cda30, 7fd2624e6930, 1d70bc0)
          mysqld-738   [002] ....  4678.119706: sys_exit: NR 208 = 0
          mysqld-738   [002] ....  4678.119706: sys_enter: NR 208 (7fd2757a7000, 1, 100, 38c9a30, 7fd2634e8930, 38d9e70)
          mysqld-736   [002] ....  4678.119706: sys_exit: NR 208 = 0
          mysqld-736   [002] ....  4678.119706: sys_enter: NR 208 (7fd282df5000, 1, 100, 38a11f0, 7fd2644ea930, 1d70ba0)
          mysqld-734   [002] ....  4678.119706: sys_exit: NR 208 = 0
          mysqld-734   [002] ....  4678.119706: sys_enter: NR 208 (7fd282fdc000, 1, 100, 389d1f0, 7fd2654ec930, 1d70b90)
          mysqld-737   [002] ....  4678.119706: sys_exit: NR 208 = 0
          mysqld-737   [002] ....  4678.119706: sys_enter: NR 208 (7fd282df0000, 1, 100, 38a31f0, 7fd263ce9930, 1d70ba8)
          mysqld-741   [002] ....  4678.119706: sys_exit: NR 208 = 0
          mysqld-741   [002] ....  4678.119706: sys_enter: NR 208 (7fd275798000, 1, 100, 38cfa30, 7fd261ce5930, 1d70bc8)
          mysqld-733   [002] ....  4678.121567: sys_exit: NR 208 = 0
          mysqld-733   [002] ....  4678.121567: sys_enter: NR 208 (7fd282de6000, 1, 100, 38c7780, 7fd265ced930, 3c56790)
          mysqld-732   [002] ....  4678.121567: sys_exit: NR 208 = 0
          mysqld-732   [002] ....  4678.121567: sys_enter: NR 208 (7fd282deb000, 1, 100, 38b54c0, 7fd274f56930, 1d70b80)
          mysqld-735   [002] ....  4678.121567: sys_exit: NR 208 = 0
          mysqld-735   [002] ....  4678.121567: sys_enter: NR 208 (7fd282fd7000, 1, 100, 389f1f0, 7fd264ceb930, 1d70b98)
          mysqld-739   [002] ....  4678.121567: sys_exit: NR 208 = 0
          mysqld-739   [002] ....  4678.121567: sys_enter: NR 208 (7fd2757a2000, 1, 100, 38cba30, 7fd262ce7930, 1d70bb8)
          mysqld-740   [000] ....  4678.158673: sys_exit: NR 208 = 0
          mysqld-740   [000] ....  4678.158673: sys_enter: NR 208 (7fd27579d000, 1, 100, 38cda30, 7fd2624e6930, 1d70bc0)
          mysqld-746   [002] ....  4678.618416: sys_exit: NR 202 = -110
          mysqld-746   [002] ....  4678.618416: sys_enter: NR 202 (35e5018, 81, 1, 7fd25bffe9f0, 0, 35e5040)
          mysqld-746   [002] ....  4678.618416: sys_exit: NR 202 = 0
          mysqld-746   [002] ....  4678.618416: sys_enter: NR 228 (1, 7fd25bffec60, 7fd25bffec60, 7fd25bffe9f0, 7ffcadf3e090, 7fd25bffec60)
          mysqld-746   [002] ....  4678.618416: sys_exit: NR 228 = 0
          mysqld-746   [002] ....  4678.618416: sys_enter: NR 228 (1, 7fd25bffea70, 7fd25bffea70, 7fd25bffe9f0, 7ffcadf3e090, 7fd25bffea70)
          mysqld-746   [002] ....  4678.618416: sys_exit: NR 228 = 0
          mysqld-746   [002] ....  4678.618416: sys_enter: NR 228 (1, 7fd25bffe9f0, 7fd25bffe9f0, 7fd25bffe9f0, 7ffcadf3e090, 7fd25bffe9f0)
          mysqld-746   [002] .N..  4678.620251: sys_exit: NR 228 = 0
          mysqld-738   [002] ....  4678.620251: sys_exit: NR 208 = 0
          mysqld-738   [002] ....  4678.620251: sys_enter: NR 208 (7fd2757a7000, 1, 100, 38c9a30, 7fd2634e8930, 38d9e70)
          mysqld-736   [002] ....  4678.620251: sys_exit: NR 208 = 0
          mysqld-736   [002] ....  4678.620251: sys_enter: NR 208 (7fd282df5000, 1, 100, 38a11f0, 7fd2644ea930, 1d70ba0)
          mysqld-734   [002] ....  4678.620251: sys_exit: NR 208 = 0
          mysqld-734   [002] ....  4678.620251: sys_enter: NR 208 (7fd282fdc000, 1, 100, 389d1f0, 7fd2654ec930, 1d70b90)
          mysqld-737   [002] ....  4678.620251: sys_exit: NR 208 = 0
          mysqld-748   [003] ....  4678.620454: sys_exit: NR 35 = 0
          mysqld-737   [002] ....  4678.620454: sys_enter: NR 208 (7fd282df0000, 1, 100, 38a31f0, 7fd263ce9930, 1d70ba8)
          mysqld-748   [003] ....  4678.620454: sys_enter: NR 228 (1, 7fd25affce00, 7fd25affce00, f000000000, 7ffcadf3e090, 7fd25affce00)
          mysqld-741   [002] ....  4678.620454: sys_exit: NR 208 = 0
          mysqld-741   [002] ....  4678.620454: sys_enter: NR 208 (7fd275798000, 1, 100, 38cfa30, 7fd261ce5930, 1d70bc8)
          mysqld-746   [002] ....  4678.620454: sys_enter: NR 202 (35e5068, 80, 0, 7fd25bffe9f0, 0, 7fd25bffe9f0)
          mysqld-748   [003] ....  4678.621559: sys_exit: NR 228 = 0
          mysqld-748   [003] ....  4678.621559: sys_enter: NR 228 (1, 7fd25affce00, 7fd25affce00, f000000000, 7ffcadf3e090, 7fd25affce00)
          mysqld-748   [003] ....  4678.622559: sys_exit: NR 228 = 0
          mysqld-748   [003] ....  4678.622559: sys_enter: NR 228 (1, 7fd25affce00, 7fd25affce00, f000000000, 7ffcadf3e090, 7fd25affce00)
          mysqld-748   [003] ....  4678.622559: sys_exit: NR 228 = 0
          mysqld-748   [003] ....  4678.622559: sys_enter: NR 35 (7fd25affce00, 0, 0, f000000000, 1a4, 7fd2807ece00)
          mysqld-739   [003] ....  4678.622559: sys_exit: NR 208 = 0
          mysqld-739   [003] ....  4678.622559: sys_enter: NR 208 (7fd2757a2000, 1, 100, 38cba30, 7fd262ce7930, 1d70bb8)
          mysqld-735   [003] ....  4678.622559: sys_exit: NR 208 = 0
          mysqld-735   [003] ....  4678.622559: sys_enter: NR 208 (7fd282fd7000, 1, 100, 389f1f0, 7fd264ceb930, 1d70b98)
          mysqld-732   [003] ....  4678.622559: sys_exit: NR 208 = 0
          mysqld-732   [003] ....  4678.622559: sys_enter: NR 208 (7fd282deb000, 1, 100, 38b54c0, 7fd274f56930, 1d70b80)
          mysqld-733   [003] ....  4678.622559: sys_exit: NR 208 = 0
          mysqld-733   [003] ....  4678.622559: sys_enter: NR 208 (7fd282de6000, 1, 100, 38c7780, 7fd265ced930, 3c56790)
          mysqld-745   [000] ....  4678.645892: sys_exit: NR 202 = -110
          mysqld-745   [000] ....  4678.645892: sys_enter: NR 202 (3c748f8, 81, 1, 7fd260ce3af0, 0, 3c74920)
          mysqld-745   [000] ....  4678.645892: sys_exit: NR 202 = 0
          mysqld-745   [000] ....  4678.645892: sys_enter: NR 228 (1, 7fd260ce3b70, 7fd260ce3b70, 7fd260ce3af0, 7ffcadf3e090, 7fd260ce3b70)
          mysqld-745   [000] .N..  4678.662453: sys_exit: NR 228 = 0
          mysqld-740   [000] ....  4678.662453: sys_exit: NR 208 = 0
          mysqld-740   [000] ....  4678.662453: sys_enter: NR 208 (7fd27579d000, 1, 100, 38cda30, 7fd2624e6930, 1d70bc0)
          mysqld-742   [000] ....  4678.662453: sys_exit: NR 202 = -110
          mysqld-742   [000] ....  4678.662453: sys_enter: NR 202 (35e51c8, 81, 1, 7fd2614e4940, 0, 35e51f0)
          mysqld-742   [000] ....  4678.662453: sys_exit: NR 202 = 0
          mysqld-742   [000] ....  4678.662453: sys_enter: NR 228 (1, 7fd2614e4bb0, 7fd2614e4bb0, 7fd2614e4940, 7ffcadf3e090, 7fd2614e4bb0)
          mysqld-742   [000] ....  4678.662453: sys_exit: NR 228 = 0
          mysqld-742   [000] ....  4678.662453: sys_enter: NR 228 (1, 7fd2614e4bb0, 7fd2614e4bb0, 7fd2614e4940, 7ffcadf3e090, 7fd2614e4bb0)
          mysqld-742   [000] ....  4678.662453: sys_exit: NR 228 = 0
          mysqld-742   [000] ....  4678.662453: sys_enter: NR 228 (1, 7fd2614e49c0, 7fd2614e49c0, 7fd2614e4940, 7ffcadf3e090, 7fd2614e49c0)
          mysqld-742   [000] ....  4678.663803: sys_exit: NR 228 = 0
          mysqld-742   [000] ....  4678.663803: sys_enter: NR 228 (1, 7fd2614e4940, 7fd2614e4940, 7fd2614e4940, 7ffcadf3e090, 7fd2614e4940)
          mysqld-742   [000] ....  4678.664751: sys_exit: NR 228 = 0
          mysqld-742   [000] ....  4678.664751: sys_enter: NR 202 (35e521c, 80, 0, 7fd2614e4940, 0, 7fd2614e4940)
          mysqld-745   [000] ....  4678.664751: sys_enter: NR 228 (1, 7fd260ce3af0, 7fd260ce3af0, 7fd260ce3af0, 7ffcadf3e090, 7fd260ce3af0)
          mysqld-745   [000] ....  4678.665790: sys_exit: NR 228 = 0
          mysqld-745   [000] ....  4678.665790: sys_enter: NR 202 (3c74948, 80, 0, 7fd260ce3af0, 0, 7fd260ce3af0)
          mysqld-739   [003] ....  4679.123699: sys_exit: NR 208 = 0
          mysqld-738   [002] ....  4679.123699: sys_exit: NR 208 = 0
          mysqld-739   [003] ....  4679.123699: sys_enter: NR 208 (7fd2757a2000, 1, 100, 38cba30, 7fd262ce7930, 1d70bb8)
          mysqld-738   [002] ....  4679.123699: sys_enter: NR 208 (7fd2757a7000, 1, 100, 38c9a30, 7fd2634e8930, 38d9e70)
          mysqld-735   [003] ....  4679.123699: sys_exit: NR 208 = 0
          mysqld-736   [002] ....  4679.123699: sys_exit: NR 208 = 0
          mysqld-736   [002] ....  4679.123699: sys_enter: NR 208 (7fd282df5000, 1, 100, 38a11f0, 7fd2644ea930, 1d70ba0)
          mysqld-735   [003] ....  4679.123699: sys_enter: NR 208 (7fd282fd7000, 1, 100, 389f1f0, 7fd264ceb930, 1d70b98)
          mysqld-732   [003] ....  4679.123699: sys_exit: NR 208 = 0
          mysqld-734   [002] ....  4679.123699: sys_exit: NR 208 = 0
          mysqld-734   [002] ....  4679.123699: sys_enter: NR 208 (7fd282fdc000, 1, 100, 389d1f0, 7fd2654ec930, 1d70b90)
          mysqld-732   [003] ....  4679.123699: sys_enter: NR 208 (7fd282deb000, 1, 100, 38b54c0, 7fd274f56930, 1d70b80)
          mysqld-737   [002] ....  4679.123699: sys_exit: NR 208 = 0
          mysqld-733   [003] ....  4679.123699: sys_exit: NR 208 = 0
          mysqld-737   [002] ....  4679.123699: sys_enter: NR 208 (7fd282df0000, 1, 100, 38a31f0, 7fd263ce9930, 1d70ba8)
          mysqld-733   [003] ....  4679.123699: sys_enter: NR 208 (7fd282de6000, 1, 100, 38c7780, 7fd265ced930, 3c56790)
          mysqld-741   [002] ....  4679.123699: sys_exit: NR 208 = 0
          mysqld-741   [002] ....  4679.123699: sys_enter: NR 208 (7fd275798000, 1, 100, 38cfa30, 7fd261ce5930, 1d70bc8)
          mysqld-740   [000] ....  4679.170810: sys_exit: NR 208 = 0
          mysqld-740   [000] ....  4679.170810: sys_enter: NR 208 (7fd27579d000, 1, 100, 38cda30, 7fd2624e6930, 1d70bc0)
          mysqld-748   [003] ....  4679.623494: sys_exit: NR 35 = 0
          mysqld-748   [003] ....  4679.623494: sys_enter: NR 228 (1, 7fd25affce00, 7fd25affce00, f000000000, 7ffcadf3e090, 7fd25affce00)
          mysqld-746   [002] ....  4679.623546: sys_exit: NR 202 = -110
          mysqld-746   [002] ....  4679.623546: sys_enter: NR 202 (35e5018, 81, 1, 7fd25bffe9f0, 0, 35e5040)
          mysqld-746   [002] ....  4679.623546: sys_exit: NR 202 = 0
          mysqld-746   [002] ....  4679.623546: sys_enter: NR 228 (1, 7fd25bffec60, 7fd25bffec60, 7fd25bffe9f0, 7ffcadf3e090, 7fd25bffec60)
          mysqld-748   [003] ....  4679.623546: sys_exit: NR 228 = 0
          mysqld-748   [003] ....  4679.623546: sys_enter: NR 228 (1, 7fd25affce00, 7fd25affce00, f000000000, 7ffcadf3e090, 7fd25affce00)
          mysqld-746   [002] ....  4679.623546: sys_exit: NR 228 = 0
          mysqld-746   [002] ....  4679.623546: sys_enter: NR 228 (1, 7fd25bffea70, 7fd25bffea70, 7fd25bffe9f0, 7ffcadf3e090, 7fd25bffea70)
          mysqld-748   [003] ....  4679.623546: sys_exit: NR 228 = 0
          mysqld-748   [003] ....  4679.623546: sys_enter: NR 228 (1, 7fd25affce00, 7fd25affce00, f000000000, 7ffcadf3e090, 7fd25affce00)
          mysqld-746   [002] ....  4679.623546: sys_exit: NR 228 = 0
          mysqld-746   [002] ....  4679.623546: sys_enter: NR 228 (1, 7fd25bffe9f0, 7fd25bffe9f0, 7fd25bffe9f0, 7ffcadf3e090, 7fd25bffe9f0)
          mysqld-748   [003] ....  4679.623546: sys_exit: NR 228 = 0
          mysqld-748   [003] ....  4679.623546: sys_enter: NR 35 (7fd25affce00, 0, 0, f000000000, 1a4, 7fd2807ece00)
          mysqld-746   [002] ....  4679.623546: sys_exit: NR 228 = 0
          mysqld-746   [002] ....  4679.623546: sys_enter: NR 202 (35e5068, 80, 0, 7fd25bffe9f0, 0, 7fd25bffe9f0)
          mysqld-739   [003] ....  4679.625335: sys_exit: NR 208 = 0
