          mysqld-739   [003] ....  4679.625335: sys_enter: NR 208 (7fd2757a2000, 1, 100, 38cba30, 7fd262ce7930, 1d70bb8)
          mysqld-738   [002] ....  4679.625335: sys_exit: NR 208 = 0
          mysqld-738   [002] ....  4679.625335: sys_enter: NR 208 (7fd2757a7000, 1, 100, 38c9a30, 7fd2634e8930, 38d9e70)
          mysqld-736   [002] ....  4679.625335: sys_exit: NR 208 = 0
          mysqld-735   [003] ....  4679.625335: sys_exit: NR 208 = 0
          mysqld-735   [003] ....  4679.625335: sys_enter: NR 208 (7fd282fd7000, 1, 100, 389f1f0, 7fd264ceb930, 1d70b98)
          mysqld-736   [002] ....  4679.625335: sys_enter: NR 208 (7fd282df5000, 1, 100, 38a11f0, 7fd2644ea930, 1d70ba0)
          mysqld-734   [002] ....  4679.625335: sys_exit: NR 208 = 0
          mysqld-732   [003] ....  4679.625335: sys_exit: NR 208 = 0
          mysqld-734   [002] ....  4679.625335: sys_enter: NR 208 (7fd282fdc000, 1, 100, 389d1f0, 7fd2654ec930, 1d70b90)
          mysqld-732   [003] ....  4679.625335: sys_enter: NR 208 (7fd282deb000, 1, 100, 38b54c0, 7fd274f56930, 1d70b80)
          mysqld-737   [002] ....  4679.625335: sys_exit: NR 208 = 0
          mysqld-733   [003] ....  4679.625335: sys_exit: NR 208 = 0
          mysqld-733   [003] ....  4679.625335: sys_enter: NR 208 (7fd282de6000, 1, 100, 38c7780, 7fd265ced930, 3c56790)
          mysqld-737   [002] ....  4679.625335: sys_enter: NR 208 (7fd282df0000, 1, 100, 38a31f0, 7fd263ce9930, 1d70ba8)
          mysqld-741   [002] ....  4679.625335: sys_exit: NR 208 = 0
          mysqld-741   [002] ....  4679.625335: sys_enter: NR 208 (7fd275798000, 1, 100, 38cfa30, 7fd261ce5930, 1d70bc8)
          mysqld-742   [000] ....  4679.671291: sys_exit: NR 202 = -110
          mysqld-742   [000] ....  4679.671291: sys_enter: NR 202 (35e51c8, 81, 1, 7fd2614e4940, 0, 35e51f0)
          mysqld-742   [000] ....  4679.671291: sys_exit: NR 202 = 0
          mysqld-742   [000] ....  4679.671291: sys_enter: NR 228 (1, 7fd2614e4bb0, 7fd2614e4bb0, 7fd2614e4940, 7ffcadf3e090, 7fd2614e4bb0)
          mysqld-742   [000] ....  4679.677162: sys_exit: NR 228 = 0
          mysqld-742   [000] ....  4679.677162: sys_enter: NR 228 (1, 7fd2614e4bb0, 7fd2614e4bb0, 7fd2614e4940, 7ffcadf3e090, 7fd2614e4bb0)
          mysqld-742   [000] ....  4679.677162: sys_exit: NR 228 = 0
          mysqld-742   [000] ....  4679.677162: sys_enter: NR 228 (1, 7fd2614e49c0, 7fd2614e49c0, 7fd2614e4940, 7ffcadf3e090, 7fd2614e49c0)
          mysqld-742   [000] ....  4679.677162: sys_exit: NR 228 = 0
          mysqld-742   [000] ....  4679.677162: sys_enter: NR 228 (1, 7fd2614e4940, 7fd2614e4940, 7fd2614e4940, 7ffcadf3e090, 7fd2614e4940)
          mysqld-742   [000] ....  4679.677162: sys_exit: NR 228 = 0
          mysqld-742   [000] ....  4679.677162: sys_enter: NR 202 (35e521c, 80, 0, 7fd2614e4940, 0, 7fd2614e4940)
          mysqld-740   [000] ....  4679.677162: sys_exit: NR 208 = 0
          mysqld-740   [000] ....  4679.677162: sys_enter: NR 208 (7fd27579d000, 1, 100, 38cda30, 7fd2624e6930, 1d70bc0)
          mysqld-745   [000] ....  4679.677162: sys_exit: NR 202 = -110
          mysqld-745   [000] ....  4679.677162: sys_enter: NR 202 (3c748f8, 81, 1, 7fd260ce3af0, 0, 3c74920)
          mysqld-745   [000] ....  4679.677162: sys_exit: NR 202 = 0
          mysqld-745   [000] ....  4679.677162: sys_enter: NR 228 (1, 7fd260ce3b70, 7fd260ce3b70, 7fd260ce3af0, 7ffcadf3e090, 7fd260ce3b70)
          mysqld-745   [000] ....  4679.678756: sys_exit: NR 228 = 0
          mysqld-745   [000] ....  4679.678756: sys_enter: NR 228 (1, 7fd260ce3af0, 7fd260ce3af0, 7fd260ce3af0, 7ffcadf3e090, 7fd260ce3af0)
          mysqld-745   [000] ....  4679.678756: sys_exit: NR 228 = 0
          mysqld-745   [000] ....  4679.678756: sys_enter: NR 202 (3c74948, 80, 0, 7fd260ce3af0, 0, 7fd260ce3af0)
           snapd-593   [003] ....  4679.748174: sys_exit: NR 202 = -110
           snapd-593   [003] ....  4679.748174: sys_enter: NR 228 (1, 7f475c9acd50, 7f475c9acd50, 7f475c9acd50, 7ffe585ae090, 7f475c9acd50)
           snapd-593   [003] ....  4679.752781: sys_exit: NR 228 = 0
           snapd-593   [003] ....  4679.752781: sys_enter: NR 228 (1, 7f475c9acdb0, 7f475c9acdb0, 7f475c9acd50, 7ffe585ae090, 7f475c9acdb0)
           snapd-593   [003] ....  4679.754779: sys_exit: NR 228 = 0
           snapd-593   [003] ....  4679.754779: sys_enter: NR 202 (c4204a2148, 1, 1, 0, 0, 0)
           snapd-593   [003] .N..  4679.754779: sys_exit: NR 202 = 1
           snapd-711   [003] ....  4679.754779: sys_exit: NR 202 = 0
           snapd-711   [003] ....  4679.754779: sys_enter: NR 228 (1, 7f4736ffce70, 7f4736ffce70, 0, 7ffe585ae090, 7f4736ffce70)
           snapd-711   [003] ....  4679.757567: sys_exit: NR 228 = 0
           snapd-711   [003] ....  4679.757567: sys_enter: NR 228 (1, 7f4736ffce70, 7f4736ffce70, 0, 7ffe585ae090, 7f4736ffce70)
           snapd-711   [003] ....  4679.757567: sys_exit: NR 228 = 0
           snapd-711   [003] ....  4679.757567: sys_enter: NR 281 (6, 7f4736ffc7f8, 80, 0, 0, 12)
           snapd-711   [003] ....  4679.757567: sys_exit: NR 281 = 0
           snapd-711   [003] ....  4679.757567: sys_enter: NR 228 (1, 7f4736ffcd30, 7f4736ffcd30, 0, 7ffe585ae090, 7f4736ffcd30)
           snapd-711   [003] ....  4679.758634: sys_exit: NR 228 = 0
           snapd-711   [003] ....  4679.758634: sys_enter: NR 228 (1, 7f4736ffcdf0, 7f4736ffcdf0, 0, 7ffe585ae090, 7f4736ffcdf0)
           snapd-711   [003] ....  4679.758634: sys_exit: NR 228 = 0
           snapd-711   [003] ....  4679.758634: sys_enter: NR 202 (c42038ed48, 1, 1, 0, 0, 0)
           snapd-711   [003] ....  4679.758634: sys_exit: NR 202 = 1
           snapd-711   [003] ....  4679.758634: sys_enter: NR 24 (0, 1, 563e3094e520, 0, 563e3095bf10, 0)
           snapd-711   [003] ....  4679.758634: sys_exit: NR 24 = 0
           snapd-711   [003] ....  4679.758634: sys_enter: NR 202 (563e3094e520, 0, 2, 0, 0, 0)
           snapd-593   [003] ....  4679.758634: sys_enter: NR 202 (563e3094e520, 1, 1, 0, 0, 0)
           snapd-593   [003] .N..  4679.758634: sys_exit: NR 202 = 1
           snapd-711   [003] ....  4679.758634: sys_exit: NR 202 = 0
           snapd-711   [003] ....  4679.758634: sys_enter: NR 202 (563e3094e520, 1, 1, 0, 0, 0)
           snapd-711   [003] ....  4679.758634: sys_exit: NR 202 = 0
           snapd-711   [003] ....  4679.758634: sys_enter: NR 228 (1, 7f4736ffce70, 7f4736ffce70, 0, 7ffe585ae090, 7f4736ffce70)
           snapd-698   [001] ....  4679.760439: sys_exit: NR 202 = 0
           snapd-698   [001] ....  4679.760439: sys_enter: NR 202 (c42038f148, 1, 1, 0, 0, 0)
           snapd-698   [001] ....  4679.760439: sys_exit: NR 202 = 1
           snapd-698   [001] ....  4679.760439: sys_enter: NR 228 (1, 7f4754ff8e70, 7f4754ff8e70, 0, 7ffe585ae090, 7f4754ff8e70)
           snapd-699   [002] ....  4679.761934: sys_exit: NR 202 = 0
           snapd-699   [002] ....  4679.761934: sys_enter: NR 202 (c4202cc148, 1, 1, 0, 0, 0)
           snapd-699   [002] ....  4679.761934: sys_exit: NR 202 = 1
           snapd-699   [002] ....  4679.761934: sys_enter: NR 228 (1, 7f4737ffee70, 7f4737ffee70, 0, 7ffe585ae090, 7f4737ffee70)
           snapd-699   [002] ....  4679.761934: sys_exit: NR 228 = 0
           snapd-698   [001] ....  4679.761934: sys_exit: NR 228 = 0
           snapd-699   [002] ....  4679.761934: sys_enter: NR 228 (1, 7f4737ffecb0, 7f4737ffecb0, 38, 7ffe585ae090, 7f4737ffecb0)
           snapd-699   [002] ....  4679.761934: sys_exit: NR 228 = 0
           snapd-699   [002] ....  4679.761934: sys_enter: NR 228 (1, 7f4737ffecb0, 7f4737ffecb0, 38, 7ffe585ae090, 7f4737ffecb0)
           snapd-699   [002] ....  4679.761934: sys_exit: NR 228 = 0
           snapd-699   [002] ....  4679.761934: sys_enter: NR 24 (1, 7f4737ffecb0, 2d6897f8, 38, 7ffe585ae090, 7f4737ffecb0)
           snapd-665   [002] ....  4679.761934: sys_exit: NR 202 = 0
           snapd-665   [002] ....  4679.761934: sys_enter: NR 228 (1, 7f4755ffae70, 7f4755ffae70, 0, 7ffe585ae090, 7f4755ffae70)
           snapd-665   [002] ....  4679.761934: sys_exit: NR 228 = 0
           snapd-711   [003] ....  4679.761934: sys_exit: NR 228 = 0
           snapd-665   [002] ....  4679.761934: sys_enter: NR 228 (1, 7f4755ffae70, 7f4755ffae70, 50, 7ffe585ae090, 7f4755ffae70)
           snapd-711   [003] ....  4679.761934: sys_enter: NR 228 (1, 7f4736ffce70, 7f4736ffce70, 20, 7ffe585ae090, 7f4736ffce70)
           snapd-698   [001] ....  4679.765351: sys_enter: NR 228 (1, 7f4754ff8e70, 7f4754ff8e70, 20, 7ffe585ae090, 7f4754ff8e70)
           snapd-698   [001] ....  4679.765351: sys_exit: NR 228 = 0
           snapd-698   [001] ....  4679.765351: sys_enter: NR 202 (c42038ed48, 0, 0, 0, 0, 0)
           snapd-665   [002] ....  4679.765413: sys_exit: NR 228 = 0
           snapd-665   [002] ....  4679.765413: sys_enter: NR 202 (c4202cc148, 0, 0, 0, 0, 0)
           snapd-699   [002] ....  4679.766413: sys_exit: NR 24 = 0
           snapd-699   [002] ....  4679.766413: sys_enter: NR 228 (1, 7f4737ffecb0, 7f4737ffecb0, 38, 7ffe585ae090, 7f4737ffecb0)
           snapd-699   [002] ....  4679.766413: sys_exit: NR 228 = 0
           snapd-699   [002] ....  4679.766413: sys_enter: NR 228 (1, 7f4737ffecb0, 7f4737ffecb0, 38, 7ffe585ae090, 7f4737ffecb0)
           snapd-699   [002] ....  4679.766413: sys_exit: NR 228 = 0
           snapd-699   [002] ....  4679.766413: sys_enter: NR 24 (1, 7f4737ffecb0, 2da834f6, 38, 7ffe585ae090, 7f4737ffecb0)
           snapd-699   [002] ....  4679.766413: sys_exit: NR 24 = 0
           snapd-699   [002] ....  4679.766413: sys_enter: NR 228 (1, 7f4737ffecb0, 7f4737ffecb0, 38, 7ffe585ae090, 7f4737ffecb0)
           snapd-711   [003] ....  4679.766587: sys_exit: NR 228 = 0
           snapd-711   [003] ....  4679.766587: sys_enter: NR 202 (c4204a2148, 0, 0, 0, 0, 0)
           snapd-593   [003] ....  4679.766587: sys_enter: NR 270 (0, 0, 0, 0, 7f475c9acdb0, 0)
           snapd-699   [002] ....  4679.766709: sys_exit: NR 228 = 0
           snapd-699   [002] ....  4679.770660: sys_enter: NR 228 (1, 7f4737ffee70, 7f4737ffee70, 10, 7ffe585ae090, 7f4737ffee70)
           snapd-699   [002] ....  4679.770660: sys_exit: NR 228 = 0
           snapd-699   [002] ....  4679.770660: sys_enter: NR 228 (1, 7f4737ffee70, 7f4737ffee70, 10, 7ffe585ae090, 7f4737ffee70)
           snapd-699   [002] ....  4679.770660: sys_exit: NR 228 = 0
           snapd-699   [002] ....  4679.770660: sys_enter: NR 228 (1, 7f4737ffee70, 7f4737ffee70, 10, 7ffe585ae090, 7f4737ffee70)
           snapd-593   [003] ....  4679.771883: sys_exit: NR 270 = 0
           snapd-593   [003] ....  4679.771883: sys_enter: NR 228 (1, 7f475c9acd50, 7f475c9acd50, 0, 7ffe585ae090, 7f475c9acd50)
           snapd-593   [003] ....  4679.771883: sys_exit: NR 228 = 0
           snapd-593   [003] ....  4679.771883: sys_enter: NR 202 (563e3094f430, 0, 0, 7f475c9acd50, 0, 0)
           snapd-699   [002] ....  4679.772759: sys_exit: NR 228 = 0
           snapd-699   [002] ....  4679.772759: sys_enter: NR 228 (1, 7f4737ffee70, 7f4737ffee70, 10, 7ffe585ae090, 7f4737ffee70)
           snapd-699   [002] ....  4679.773764: sys_exit: NR 228 = 0
           snapd-699   [002] ....  4679.773764: sys_enter: NR 202 (c4204a2148, 1, 1, 0, 0, 0)
           snapd-699   [002] ....  4679.773764: sys_exit: NR 202 = 1
           snapd-699   [002] ....  4679.773764: sys_enter: NR 202 (c4202cc148, 1, 1, 0, 0, 0)
           snapd-699   [002] .N..  4679.773764: sys_exit: NR 202 = 1
           snapd-665   [002] ....  4679.773764: sys_exit: NR 202 = 0
           snapd-665   [002] ....  4679.773764: sys_enter: NR 24 (7fffffffffffffff, 1, 563e3094f350, 6, 0, 563e3094f9c8)
           snapd-665   [002] ....  4679.773764: sys_exit: NR 24 = 0
           snapd-665   [002] ....  4679.773764: sys_enter: NR 202 (563e3094f350, 0, 2, 0, 0, 0)
           snapd-699   [002] ....  4679.773764: sys_enter: NR 202 (c42038ed48, 1, 1, 0, 0, 0)
           snapd-699   [002] ....  4679.774764: sys_exit: NR 202 = 1
           snapd-699   [002] ....  4679.774764: sys_enter: NR 202 (563e3094f350, 1, 1, 0, 0, 0)
           snapd-699   [002] .N..  4679.774764: sys_exit: NR 202 = 1
           snapd-665   [002] ....  4679.774764: sys_exit: NR 202 = 0
           snapd-665   [002] ....  4679.774764: sys_enter: NR 202 (563e3094f350, 1, 1, 0, 0, 0)
           snapd-665   [002] ....  4679.774764: sys_exit: NR 202 = 0
           snapd-665   [002] ....  4679.774764: sys_enter: NR 202 (c4202cc148, 0, 0, 0, 0, 0)
           snapd-699   [002] ....  4679.774764: sys_enter: NR 202 (563e3094f9e8, 0, 0, 0, 0, 0)
           snapd-711   [003] ....  4679.775496: sys_exit: NR 202 = 0
           snapd-711   [003] ....  4679.775496: sys_enter: NR 202 (c4204a2148, 0, 0, 0, 0, 0)
           snapd-698   [001] ....  4679.775855: sys_exit: NR 202 = 0
           snapd-698   [001] ....  4679.775855: sys_enter: NR 202 (563e3094f9e8, 1, 1, 0, 0, 0)
           snapd-698   [001] ....  4679.775862: sys_exit: NR 202 = 1
           snapd-698   [001] ....  4679.775862: sys_enter: NR 202 (c42038ed48, 0, 0, 0, 0, 0)
           snapd-699   [002] ....  4679.776862: sys_exit: NR 202 = 0
           snapd-699   [002] ....  4679.776862: sys_enter: NR 228 (1, 7f4737ffee70, 7f4737ffee70, 0, 7ffe585ae090, 7f4737ffee70)
           snapd-699   [002] ....  4679.777655: sys_exit: NR 228 = 0
           snapd-699   [002] ....  4679.777655: sys_enter: NR 228 (0, 7f4737ffee70, 7f4737ffee70, 0, 7ffe585ae080, 7f4737ffee70)
           snapd-699   [002] ....  4679.777655: sys_exit: NR 228 = 0
           snapd-699   [002] ....  4679.777655: sys_enter: NR 228 (1, 7f4737ffee70, 7f4737ffee70, 0, 7ffe585ae090, 7f4737ffee70)
           snapd-699   [002] ....  4679.777655: sys_exit: NR 228 = 0
           snapd-699   [002] ....  4679.777655: sys_enter: NR 281 (6, 7f4737ffe800, 80, 0, 0, 7f4737ffee70)
           snapd-699   [002] ....  4679.777655: sys_exit: NR 281 = 0
           snapd-699   [002] ....  4679.777655: sys_enter: NR 228 (1, 7f4737ffed30, 7f4737ffed30, 0, 7ffe585ae090, 7f4737ffed30)
           snapd-699   [002] ....  4679.778633: sys_exit: NR 228 = 0
           snapd-699   [002] ....  4679.778633: sys_enter: NR 202 (563e3094f430, 1, 1, 0, 0, 0)
           snapd-699   [002] ....  4679.778633: sys_exit: NR 202 = 1
           snapd-699   [002] ....  4679.778633: sys_enter: NR 228 (1, 7f4737ffedf0, 7f4737ffedf0, 0, 7ffe585ae090, 7f4737ffedf0)
           snapd-593   [003] ....  4679.780483: sys_exit: NR 202 = 0
           snapd-593   [003] ....  4679.780483: sys_enter: NR 228 (1, 7f475c9acdb0, 7f475c9acdb0, 7f475c9acd50, 7ffe585ae090, 7f475c9acdb0)
           snapd-593   [003] ....  4679.780483: sys_exit: NR 228 = 0
           snapd-593   [003] ....  4679.780483: sys_enter: NR 270 (0, 0, 0, 0, 7f475c9acdb0, 0)
           snapd-699   [002] ....  4679.780483: sys_exit: NR 228 = 0
           snapd-699   [002] ....  4679.780483: sys_enter: NR 202 (c42038ed48, 1, 1, 0, 0, 0)
           snapd-699   [002] ....  4679.780483: sys_exit: NR 202 = 1
           snapd-699   [002] ....  4679.780483: sys_enter: NR 228 (1, 7f4737ffed70, 7f4737ffed70, 0, 7ffe585ae090, 7f4737ffed70)
           snapd-698   [001] ....  4679.781837: sys_exit: NR 202 = 0
           snapd-698   [001] ....  4679.781837: sys_enter: NR 270 (0, 0, 0, 0, 7f4754ff8ce0, 0)
           snapd-699   [002] ....  4679.781837: sys_exit: NR 228 = 0
           snapd-593   [003] ....  4679.782895: sys_exit: NR 270 = 0
           snapd-593   [003] ....  4679.782895: sys_enter: NR 228 (1, 7f475c9acdb0, 7f475c9acdb0, 0, 7ffe585ae090, 7f475c9acdb0)
           snapd-593   [003] ....  4679.782895: sys_exit: NR 228 = 0
           snapd-593   [003] ....  4679.782895: sys_enter: NR 270 (0, 0, 0, 0, 7f475c9acdb0, 0)
           snapd-699   [002] ....  4679.784291: sys_enter: NR 228 (1, 7f4737ffec00, 7f4737ffec00, 8000, 7ffe585ae090, 7f4737ffec00)
           snapd-699   [002] ....  4679.784291: sys_exit: NR 228 = 0
           snapd-699   [002] ....  4679.784291: sys_enter: NR 228 (1, 7f4737ffec00, 7f4737ffec00, 8000, 7ffe585ae090, 7f4737ffec00)
           snapd-699   [002] ....  4679.784291: sys_exit: NR 228 = 0
           snapd-699   [002] ....  4679.784291: sys_enter: NR 228 (1, 7f4737ffec00, 7f4737ffec00, 1000, 7ffe585ae090, 7f4737ffec00)
           snapd-699   [002] ....  4679.784291: sys_exit: NR 228 = 0
           snapd-699   [002] ....  4679.784291: sys_enter: NR 228 (1, 7f4737ffec00, 7f4737ffec00, 8000, 7ffe585ae090, 7f4737ffec00)
           snapd-699   [002] ....  4679.784291: sys_exit: NR 228 = 0
           snapd-699   [002] ....  4679.784291: sys_enter: NR 228 (1, 7f4737ffec00, 7f4737ffec00, 1000, 7ffe585ae090, 7f4737ffec00)
           snapd-699   [002] ....  4679.784291: sys_exit: NR 228 = 0
           snapd-699   [002] ....  4679.784291: sys_enter: NR 228 (1, 7f4737ffec00, 7f4737ffec00, 8000, 7ffe585ae090, 7f4737ffec00)
           snapd-699   [002] ....  4679.784291: sys_exit: NR 228 = 0
           snapd-699   [002] ....  4679.784291: sys_enter: NR 228 (1, 7f4737ffec00, 7f4737ffec00, 8000, 7ffe585ae090, 7f4737ffec00)
           snapd-699   [002] ....  4679.784291: sys_exit: NR 228 = 0
           snapd-699   [002] ....  4679.784291: sys_enter: NR 228 (1, 7f4737ffec00, 7f4737ffec00, 1000, 7ffe585ae090, 7f4737ffec00)
           snapd-699   [002] ....  4679.784291: sys_exit: NR 228 = 0
           snapd-699   [002] ....  4679.784291: sys_enter: NR 228 (1, 7f4737ffec00, 7f4737ffec00, 8000, 7ffe585ae090, 7f4737ffec00)
           snapd-593   [003] ....  4679.785802: sys_exit: NR 270 = 0
           snapd-593   [003] ....  4679.785802: sys_enter: NR 228 (1, 7f475c9acdb0, 7f475c9acdb0, 0, 7ffe585ae090, 7f475c9acdb0)
           snapd-593   [003] ....  4679.785802: sys_exit: NR 228 = 0
           snapd-593   [003] ....  4679.785802: sys_enter: NR 270 (0, 0, 0, 0, 7f475c9acdb0, 0)
           snapd-699   [002] ....  4679.785802: sys_exit: NR 228 = 0
           snapd-699   [002] ....  4679.785802: sys_enter: NR 228 (1, 7f4737ffec00, 7f4737ffec00, 1000, 7ffe585ae090, 7f4737ffec00)
           snapd-699   [002] ....  4679.785802: sys_exit: NR 228 = 0
           snapd-699   [002] ....  4679.785802: sys_enter: NR 228 (1, 7f4737ffec00, 7f4737ffec00, 8000, 7ffe585ae090, 7f4737ffec00)
           snapd-699   [002] ....  4679.785802: sys_exit: NR 228 = 0
           snapd-699   [002] ....  4679.785802: sys_enter: NR 228 (1, 7f4737ffec00, 7f4737ffec00, 8000, 7ffe585ae090, 7f4737ffec00)
           snapd-698   [001] ....  4679.785803: sys_exit: NR 270 = 0
           snapd-698   [001] ....  4679.785803: sys_enter: NR 202 (c42038ed48, 0, 0, 0, 0, 0)
           snapd-699   [002] ....  4679.785803: sys_exit: NR 228 = 0
           snapd-699   [002] ....  4679.785803: sys_enter: NR 228 (1, 7f4737ffec00, 7f4737ffec00, 1000, 7ffe585ae090, 7f4737ffec00)
           snapd-699   [002] ....  4679.785803: sys_exit: NR 228 = 0
           snapd-699   [002] ....  4679.785803: sys_enter: NR 228 (1, 7f4737ffec00, 7f4737ffec00, 8000, 7ffe585ae090, 7f4737ffec00)
           snapd-699   [002] ....  4679.786713: sys_exit: NR 228 = 0
           snapd-699   [002] ....  4679.786713: sys_enter: NR 228 (1, 7f4737ffec00, 7f4737ffec00, 1000, 7ffe585ae090, 7f4737ffec00)
           snapd-699   [002] ....  4679.787733: sys_exit: NR 228 = 0
           snapd-699   [002] ....  4679.787733: sys_enter: NR 228 (1, 7f4737ffec00, 7f4737ffec00, 1000, 7ffe585ae090, 7f4737ffec00)
           snapd-699   [002] ....  4679.788689: sys_exit: NR 228 = 0
           snapd-699   [002] ....  4679.788689: sys_enter: NR 228 (1, 7f4737ffec00, 7f4737ffec00, 200, 7ffe585ae090, 7f4737ffec00)
           snapd-699   [002] ....  4679.788689: sys_exit: NR 228 = 0
           snapd-699   [002] ....  4679.788689: sys_enter: NR 228 (1, 7f4737ffec00, 7f4737ffec00, a80, 7ffe585ae090, 7f4737ffec00)
           snapd-699   [002] ....  4679.791584: sys_exit: NR 228 = 0
           snapd-699   [002] ....  4679.791584: sys_enter: NR 228 (1, 7f4737ffec00, 7f4737ffec00, 70, 7ffe585ae090, 7f4737ffec00)
           snapd-699   [002] ....  4679.791584: sys_exit: NR 228 = 0
           snapd-699   [002] ....  4679.791584: sys_enter: NR 228 (1, 7f4737ffec00, 7f4737ffec00, b0, 7ffe585ae090, 7f4737ffec00)
           snapd-699   [002] ....  4679.792665: sys_exit: NR 228 = 0
           snapd-699   [002] ....  4679.792665: sys_enter: NR 228 (1, 7f4737ffec00, 7f4737ffec00, 200, 7ffe585ae090, 7f4737ffec00)
           snapd-593   [003] ....  4679.792735: sys_exit: NR 270 = 0
           snapd-593   [003] ....  4679.792735: sys_enter: NR 228 (1, 7f475c9acdb0, 7f475c9acdb0, 0, 7ffe585ae090, 7f475c9acdb0)
           snapd-699   [002] ....  4679.792735: sys_exit: NR 228 = 0
           snapd-699   [002] ....  4679.792735: sys_enter: NR 228 (1, 7f4737ffec00, 7f4737ffec00, 1a0, 7ffe585ae090, 7f4737ffec00)
           snapd-593   [003] ....  4679.793705: sys_exit: NR 228 = 0
           snapd-593   [003] ....  4679.793705: sys_enter: NR 270 (0, 0, 0, 0, 7f475c9acdb0, 0)
           snapd-699   [002] ....  4679.793783: sys_exit: NR 228 = 0
           snapd-699   [002] ....  4679.793783: sys_enter: NR 228 (1, 7f4737ffec00, 7f4737ffec00, 8000, 7ffe585ae090, 7f4737ffec00)
           snapd-699   [002] ....  4679.795634: sys_exit: NR 228 = 0
           snapd-699   [002] ....  4679.795634: sys_enter: NR 228 (1, 7f4737ffec00, 7f4737ffec00, 8000, 7ffe585ae090, 7f4737ffec00)
           snapd-699   [002] ....  4679.795634: sys_exit: NR 228 = 0
           snapd-699   [002] ....  4679.795634: sys_enter: NR 228 (1, 7f4737ffec00, 7f4737ffec00, 1a0, 7ffe585ae090, 7f4737ffec00)
           snapd-699   [002] ....  4679.796773: sys_exit: NR 228 = 0
           snapd-699   [002] ....  4679.796773: sys_enter: NR 228 (1, 7f4737ffec00, 7f4737ffec00, 1000, 7ffe585ae090, 7f4737ffec00)
           snapd-699   [002] ....  4679.797714: sys_exit: NR 228 = 0
           snapd-593   [003] ....  4679.798944: sys_exit: NR 270 = 0
           snapd-593   [003] ....  4679.798944: sys_enter: NR 228 (1, 7f475c9acdb0, 7f475c9acdb0, 0, 7ffe585ae090, 7f475c9acdb0)
           snapd-593   [003] ....  4679.798944: sys_exit: NR 228 = 0
           snapd-593   [003] ....  4679.798944: sys_enter: NR 270 (0, 0, 0, 0, 7f475c9acdb0, 0)
           snapd-699   [002] ....  4679.798944: sys_enter: NR 202 (c42038ed48, 1, 1, 0, 0, 0)
           snapd-699   [002] ....  4679.798944: sys_exit: NR 202 = 1
           snapd-699   [002] ....  4679.798944: sys_enter: NR 3 (5, 0, 0, 0, 0, 0)
           snapd-699   [002] ....  4679.798944: sys_exit: NR 3 = 0
           snapd-698   [001] ....  4679.800298: sys_exit: NR 202 = 0
           snapd-698   [001] ....  4679.800298: sys_enter: NR 202 (c4204a2148, 1, 1, 0, 0, 0)
           snapd-698   [001] ....  4679.801138: sys_exit: NR 202 = 1
           snapd-698   [001] ....  4679.801138: sys_enter: NR 228 (1, 7f4754ff8d90, 7f4754ff8d90, b0, 7ffe585ae090, 7f4754ff8d90)
           snapd-699   [002] ....  4679.801366: sys_enter: NR 202 (c42038f148, 0, 0, 0, 0, 0)
           snapd-711   [003] ....  4679.801366: sys_exit: NR 202 = 0
           snapd-711   [003] ....  4679.801366: sys_enter: NR 202 (c4204a2148, 0, 0, 0, 0, 0)
           snapd-698   [001] ....  4679.802251: sys_exit: NR 228 = 0
           snapd-698   [001] ....  4679.802251: sys_enter: NR 202 (c42038ed48, 0, 0, 0, 0, 0)
           snapd-593   [003] ....  4679.802251: sys_exit: NR 270 = 0
           snapd-593   [003] ....  4679.802251: sys_enter: NR 228 (1, 7f475c9acd50, 7f475c9acd50, 0, 7ffe585ae090, 7f475c9acd50)
           snapd-593   [003] ....  4679.803223: sys_exit: NR 228 = 0
           snapd-593   [003] ....  4679.803223: sys_enter: NR 202 (563e3094f430, 0, 0, 7f475c9acd50, 0, 0)
          mysqld-738   [002] ....  4680.125520: sys_exit: NR 208 = 0
          mysqld-738   [002] ....  4680.125520: sys_enter: NR 208 (7fd2757a7000, 1, 100, 38c9a30, 7fd2634e8930, 38d9e70)
          mysqld-736   [002] ....  4680.126520: sys_exit: NR 208 = 0
          mysqld-736   [002] ....  4680.126520: sys_enter: NR 208 (7fd282df5000, 1, 100, 38a11f0, 7fd2644ea930, 1d70ba0)
          mysqld-734   [002] ....  4680.126520: sys_exit: NR 208 = 0
          mysqld-734   [002] ....  4680.126520: sys_enter: NR 208 (7fd282fdc000, 1, 100, 389d1f0, 7fd2654ec930, 1d70b90)
          mysqld-737   [002] ....  4680.126520: sys_exit: NR 208 = 0
          mysqld-737   [002] ....  4680.126520: sys_enter: NR 208 (7fd282df0000, 1, 100, 38a31f0, 7fd263ce9930, 1d70ba8)
          mysqld-739   [003] ....  4680.126520: sys_exit: NR 208 = 0
          mysqld-741   [002] ....  4680.126520: sys_exit: NR 208 = 0
          mysqld-739   [003] ....  4680.126520: sys_enter: NR 208 (7fd2757a2000, 1, 100, 38cba30, 7fd262ce7930, 1d70bb8)
          mysqld-741   [002] ....  4680.126520: sys_enter: NR 208 (7fd275798000, 1, 100, 38cfa30, 7fd261ce5930, 1d70bc8)
          mysqld-733   [002] ....  4680.126520: sys_exit: NR 208 = 0
          mysqld-733   [002] ....  4680.126520: sys_enter: NR 208 (7fd282de6000, 1, 100, 38c7780, 7fd265ced930, 3c56790)
          mysqld-732   [002] ....  4680.126520: sys_exit: NR 208 = 0
          mysqld-732   [002] ....  4680.126520: sys_enter: NR 208 (7fd282deb000, 1, 100, 38b54c0, 7fd274f56930, 1d70b80)
          mysqld-735   [002] ....  4680.126520: sys_exit: NR 208 = 0
          mysqld-735   [002] ....  4680.126520: sys_enter: NR 208 (7fd282fd7000, 1, 100, 389f1f0, 7fd264ceb930, 1d70b98)
          mysqld-740   [000] ....  4680.180273: sys_exit: NR 208 = 0
          mysqld-740   [000] ....  4680.180273: sys_enter: NR 208 (7fd27579d000, 1, 100, 38cda30, 7fd2624e6930, 1d70bc0)
          mysqld-746   [002] ....  4680.624942: sys_exit: NR 202 = -110
          mysqld-746   [002] ....  4680.624942: sys_enter: NR 202 (35e5018, 81, 1, 7fd25bffe9f0, 0, 35e5040)
          mysqld-746   [002] ....  4680.624942: sys_exit: NR 202 = 0
          mysqld-746   [002] ....  4680.624942: sys_enter: NR 228 (1, 7fd25bffec60, 7fd25bffec60, 7fd25bffe9f0, 7ffcadf3e090, 7fd25bffec60)
          mysqld-746   [002] ....  4680.624942: sys_exit: NR 228 = 0
          mysqld-746   [002] ....  4680.624942: sys_enter: NR 228 (1, 7fd25bffea70, 7fd25bffea70, 7fd25bffe9f0, 7ffcadf3e090, 7fd25bffea70)
          mysqld-746   [002] ....  4680.624942: sys_exit: NR 228 = 0
          mysqld-746   [002] ....  4680.624942: sys_enter: NR 228 (1, 7fd25bffe9f0, 7fd25bffe9f0, 7fd25bffe9f0, 7ffcadf3e090, 7fd25bffe9f0)
          mysqld-748   [003] ....  4680.624942: sys_exit: NR 35 = 0
          mysqld-748   [003] ....  4680.624942: sys_enter: NR 228 (1, 7fd25affce00, 7fd25affce00, f000000000, 7ffcadf3e090, 7fd25affce00)
          mysqld-748   [003] ....  4680.624942: sys_exit: NR 228 = 0
          mysqld-748   [003] ....  4680.624942: sys_enter: NR 228 (1, 7fd25affce00, 7fd25affce00, f000000000, 7ffcadf3e090, 7fd25affce00)
          mysqld-746   [002] .N..  4680.627353: sys_exit: NR 228 = 0
          mysqld-738   [002] ....  4680.627353: sys_exit: NR 208 = 0
          mysqld-738   [002] ....  4680.627353: sys_enter: NR 208 (7fd2757a7000, 1, 100, 38c9a30, 7fd2634e8930, 38d9e70)
          mysqld-736   [002] ....  4680.627353: sys_exit: NR 208 = 0
          mysqld-736   [002] ....  4680.627353: sys_enter: NR 208 (7fd282df5000, 1, 100, 38a11f0, 7fd2644ea930, 1d70ba0)
          mysqld-748   [003] .N..  4680.627796: sys_exit: NR 228 = 0
          mysqld-739   [003] ....  4680.627796: sys_exit: NR 208 = 0
          mysqld-739   [003] ....  4680.627796: sys_enter: NR 208 (7fd2757a2000, 1, 100, 38cba30, 7fd262ce7930, 1d70bb8)
          mysqld-734   [002] ....  4680.627796: sys_exit: NR 208 = 0
          mysqld-734   [002] ....  4680.627796: sys_enter: NR 208 (7fd282fdc000, 1, 100, 389d1f0, 7fd2654ec930, 1d70b90)
          mysqld-748   [003] ....  4680.627796: sys_enter: NR 228 (1, 7fd25affce00, 7fd25affce00, f000000000, 7ffcadf3e090, 7fd25affce00)
          mysqld-737   [002] ....  4680.627796: sys_exit: NR 208 = 0
          mysqld-737   [002] ....  4680.627796: sys_enter: NR 208 (7fd282df0000, 1, 100, 38a31f0, 7fd263ce9930, 1d70ba8)
          mysqld-741   [002] ....  4680.627796: sys_exit: NR 208 = 0
          mysqld-741   [002] ....  4680.627796: sys_enter: NR 208 (7fd275798000, 1, 100, 38cfa30, 7fd261ce5930, 1d70bc8)
          mysqld-733   [002] ....  4680.627796: sys_exit: NR 208 = 0
          mysqld-733   [002] ....  4680.627796: sys_enter: NR 208 (7fd282de6000, 1, 100, 38c7780, 7fd265ced930, 3c56790)
          mysqld-732   [002] ....  4680.627796: sys_exit: NR 208 = 0
          mysqld-732   [002] ....  4680.627796: sys_enter: NR 208 (7fd282deb000, 1, 100, 38b54c0, 7fd274f56930, 1d70b80)
          mysqld-735   [002] ....  4680.627796: sys_exit: NR 208 = 0
          mysqld-735   [002] ....  4680.627796: sys_enter: NR 208 (7fd282fd7000, 1, 100, 389f1f0, 7fd264ceb930, 1d70b98)
          mysqld-746   [002] ....  4680.627796: sys_enter: NR 202 (35e5068, 80, 0, 7fd25bffe9f0, 0, 7fd25bffe9f0)
          mysqld-748   [003] ....  4680.628737: sys_exit: NR 228 = 0
          mysqld-748   [003] ....  4680.628737: sys_enter: NR 35 (7fd25affce00, 0, 0, f000000000, 1a4, 7fd2807ece00)
          mysqld-742   [000] ....  4680.678956: sys_exit: NR 202 = -110
          mysqld-742   [000] ....  4680.678956: sys_enter: NR 202 (35e51c8, 81, 1, 7fd2614e4940, 0, 35e51f0)
          mysqld-742   [000] ....  4680.678956: sys_exit: NR 202 = 0
          mysqld-742   [000] ....  4680.678956: sys_enter: NR 228 (1, 7fd2614e4bb0, 7fd2614e4bb0, 7fd2614e4940, 7ffcadf3e090, 7fd2614e4bb0)
          mysqld-742   [000] ....  4680.678956: sys_exit: NR 228 = 0
          mysqld-742   [000] ....  4680.678956: sys_enter: NR 228 (1, 7fd2614e4bb0, 7fd2614e4bb0, 7fd2614e4940, 7ffcadf3e090, 7fd2614e4bb0)
          mysqld-742   [000] ....  4680.678956: sys_exit: NR 228 = 0
          mysqld-742   [000] ....  4680.678956: sys_enter: NR 228 (1, 7fd2614e49c0, 7fd2614e49c0, 7fd2614e4940, 7ffcadf3e090, 7fd2614e49c0)
          mysqld-742   [000] ....  4680.678956: sys_exit: NR 228 = 0
          mysqld-742   [000] ....  4680.678956: sys_enter: NR 228 (1, 7fd2614e4940, 7fd2614e4940, 7fd2614e4940, 7ffcadf3e090, 7fd2614e4940)
          mysqld-742   [000] ....  4680.678956: sys_exit: NR 228 = 0
          mysqld-742   [000] ....  4680.678956: sys_enter: NR 202 (35e521c, 80, 0, 7fd2614e4940, 0, 7fd2614e4940)
          mysqld-745   [000] ....  4680.680706: sys_exit: NR 202 = -110
          mysqld-745   [000] ....  4680.680706: sys_enter: NR 202 (3c748f8, 81, 1, 7fd260ce3af0, 0, 3c74920)
          mysqld-745   [000] ....  4680.680706: sys_exit: NR 202 = 0
          mysqld-745   [000] ....  4680.680706: sys_enter: NR 228 (1, 7fd260ce3b70, 7fd260ce3b70, 7fd260ce3af0, 7ffcadf3e090, 7fd260ce3b70)
          mysqld-745   [000] ....  4680.680706: sys_exit: NR 228 = 0
          mysqld-745   [000] ....  4680.680706: sys_enter: NR 228 (1, 7fd260ce3af0, 7fd260ce3af0, 7fd260ce3af0, 7ffcadf3e090, 7fd260ce3af0)
          mysqld-745   [000] ....  4680.680706: sys_exit: NR 228 = 0
          mysqld-745   [000] ....  4680.680706: sys_enter: NR 202 (3c74948, 80, 0, 7fd260ce3af0, 0, 7fd260ce3af0)
          mysqld-740   [000] ....  4680.682717: sys_exit: NR 208 = 0
          mysqld-740   [000] ....  4680.682717: sys_enter: NR 208 (7fd27579d000, 1, 100, 38cda30, 7fd2624e6930, 1d70bc0)
           gmain-568   [002] ....  4681.003698: sys_exit: NR 7 = 0
           gmain-568   [002] ....  4681.003698: sys_enter: NR 228 (1, 7fe814b59bf0, 7fe814b59bf0, 7fe810002880, 7fff08e9f090, 7fe814b59bf0)
           gmain-568   [002] ....  4681.003698: sys_exit: NR 228 = 0
           gmain-568   [002] ....  4681.003698: sys_enter: NR 254 (7, 558d29f223a0, 1002fce, 7fe810002880, 56cd36aa, 7fe814b59bf0)
           gmain-568   [002] ....  4681.003698: sys_exit: NR 254 = -2
           gmain-568   [002] ....  4681.003698: sys_enter: NR 254 (7, 558d29f21980, 1002fce, 7fe810002880, b10563a8, 7fe814b59bf0)
           gmain-568   [002] ....  4681.003698: sys_exit: NR 254 = -2
           gmain-568   [002] ....  4681.003698: sys_enter: NR 254 (7, 558d29f21450, 1002fce, 7fe810002880, b10563a8, 7fe814b59bf0)
           gmain-568   [002] ....  4681.003698: sys_exit: NR 254 = -2
           gmain-568   [002] ....  4681.003698: sys_enter: NR 254 (7, 558d29f21100, 1002fce, 7fe810002880, b10563a8, 7fe814b59bf0)
           gmain-568   [002] ....  4681.003698: sys_exit: NR 254 = -2
           gmain-568   [002] ....  4681.003698: sys_enter: NR 228 (1, 7fe814b59be0, 7fe814b59be0, 7fe810002880, 7fff08e9f090, 7fe814b59be0)
           gmain-568   [002] ....  4681.003698: sys_exit: NR 228 = 0
           gmain-568   [002] ....  4681.003698: sys_enter: NR 7 (558d29f01410, 2, f9c, 7fe810002880, 0, 558d29f1e2a0)
          mysqld-739   [003] ....  4681.129502: sys_exit: NR 208 = 0
          mysqld-739   [003] ....  4681.129502: sys_enter: NR 208 (7fd2757a2000, 1, 100, 38cba30, 7fd262ce7930, 1d70bb8)
          mysqld-738   [002] ....  4681.129502: sys_exit: NR 208 = 0
          mysqld-738   [002] ....  4681.129502: sys_enter: NR 208 (7fd2757a7000, 1, 100, 38c9a30, 7fd2634e8930, 38d9e70)
          mysqld-736   [002] ....  4681.129502: sys_exit: NR 208 = 0
          mysqld-736   [002] ....  4681.129502: sys_enter: NR 208 (7fd282df5000, 1, 100, 38a11f0, 7fd2644ea930, 1d70ba0)
          mysqld-734   [002] ....  4681.129502: sys_exit: NR 208 = 0
          mysqld-734   [002] ....  4681.129502: sys_enter: NR 208 (7fd282fdc000, 1, 100, 389d1f0, 7fd2654ec930, 1d70b90)
          mysqld-737   [002] ....  4681.129502: sys_exit: NR 208 = 0
          mysqld-737   [002] ....  4681.129502: sys_enter: NR 208 (7fd282df0000, 1, 100, 38a31f0, 7fd263ce9930, 1d70ba8)
          mysqld-741   [002] ....  4681.129502: sys_exit: NR 208 = 0
          mysqld-741   [002] ....  4681.129502: sys_enter: NR 208 (7fd275798000, 1, 100, 38cfa30, 7fd261ce5930, 1d70bc8)
          mysqld-733   [002] ....  4681.129502: sys_exit: NR 208 = 0
          mysqld-733   [002] ....  4681.129502: sys_enter: NR 208 (7fd282de6000, 1, 100, 38c7780, 7fd265ced930, 3c56790)
          mysqld-732   [002] ....  4681.129502: sys_exit: NR 208 = 0
          mysqld-732   [002] ....  4681.129502: sys_enter: NR 208 (7fd282deb000, 1, 100, 38b54c0, 7fd274f56930, 1d70b80)
          mysqld-735   [002] ....  4681.129502: sys_exit: NR 208 = 0
          mysqld-735   [002] ....  4681.129502: sys_enter: NR 208 (7fd282fd7000, 1, 100, 389f1f0, 7fd264ceb930, 1d70b98)
          mysqld-740   [000] ....  4681.192525: sys_exit: NR 208 = 0
          mysqld-740   [000] ....  4681.192525: sys_enter: NR 208 (7fd27579d000, 1, 100, 38cda30, 7fd2624e6930, 1d70bc0)
          mysqld-746   [002] ....  4681.629076: sys_exit: NR 202 = -110
          mysqld-746   [002] ....  4681.629076: sys_enter: NR 202 (35e5018, 81, 1, 7fd25bffe9f0, 0, 35e5040)
          mysqld-746   [002] ....  4681.629076: sys_exit: NR 202 = 0
          mysqld-746   [002] ....  4681.629076: sys_enter: NR 228 (1, 7fd25bffec60, 7fd25bffec60, 7fd25bffe9f0, 7ffcadf3e090, 7fd25bffec60)
          mysqld-746   [002] ....  4681.629076: sys_exit: NR 228 = 0
          mysqld-746   [002] ....  4681.629076: sys_enter: NR 228 (1, 7fd25bffea70, 7fd25bffea70, 7fd25bffe9f0, 7ffcadf3e090, 7fd25bffea70)
          mysqld-746   [002] ....  4681.629076: sys_exit: NR 228 = 0
          mysqld-746   [002] ....  4681.629076: sys_enter: NR 228 (1, 7fd25bffe9f0, 7fd25bffe9f0, 7fd25bffe9f0, 7ffcadf3e090, 7fd25bffe9f0)
          mysqld-746   [002] ....  4681.629076: sys_exit: NR 228 = 0
          mysqld-746   [002] ....  4681.629076: sys_enter: NR 202 (35e5068, 80, 0, 7fd25bffe9f0, 0, 7fd25bffe9f0)
          mysqld-739   [003] ....  4681.630495: sys_exit: NR 208 = 0
          mysqld-739   [003] ....  4681.630495: sys_enter: NR 208 (7fd2757a2000, 1, 100, 38cba30, 7fd262ce7930, 1d70bb8)
          mysqld-748   [003] ....  4681.630495: sys_exit: NR 35 = 0
          mysqld-748   [003] ....  4681.630495: sys_enter: NR 228 (1, 7fd25affce00, 7fd25affce00, f000000000, 7ffcadf3e090, 7fd25affce00)
          mysqld-738   [002] ....  4681.631784: sys_exit: NR 208 = 0
          mysqld-738   [002] ....  4681.631784: sys_enter: NR 208 (7fd2757a7000, 1, 100, 38c9a30, 7fd2634e8930, 38d9e70)
          mysqld-736   [002] ....  4681.631784: sys_exit: NR 208 = 0
          mysqld-736   [002] ....  4681.631784: sys_enter: NR 208 (7fd282df5000, 1, 100, 38a11f0, 7fd2644ea930, 1d70ba0)
          mysqld-734   [002] ....  4681.631784: sys_exit: NR 208 = 0
          mysqld-734   [002] ....  4681.631784: sys_enter: NR 208 (7fd282fdc000, 1, 100, 389d1f0, 7fd2654ec930, 1d70b90)
          mysqld-737   [002] ....  4681.631784: sys_exit: NR 208 = 0
          mysqld-737   [002] ....  4681.631784: sys_enter: NR 208 (7fd282df0000, 1, 100, 38a31f0, 7fd263ce9930, 1d70ba8)
          mysqld-741   [002] ....  4681.631784: sys_exit: NR 208 = 0
          mysqld-741   [002] ....  4681.631784: sys_enter: NR 208 (7fd275798000, 1, 100, 38cfa30, 7fd261ce5930, 1d70bc8)
          mysqld-733   [002] ....  4681.631784: sys_exit: NR 208 = 0
          mysqld-733   [002] ....  4681.631784: sys_enter: NR 208 (7fd282de6000, 1, 100, 38c7780, 7fd265ced930, 3c56790)
          mysqld-732   [002] ....  4681.631784: sys_exit: NR 208 = 0
          mysqld-732   [002] ....  4681.631784: sys_enter: NR 208 (7fd282deb000, 1, 100, 38b54c0, 7fd274f56930, 1d70b80)
          mysqld-735   [002] ....  4681.631784: sys_exit: NR 208 = 0
          mysqld-735   [002] ....  4681.631784: sys_enter: NR 208 (7fd282fd7000, 1, 100, 389f1f0, 7fd264ceb930, 1d70b98)
          mysqld-748   [003] ....  4681.632790: sys_exit: NR 228 = 0
          mysqld-748   [003] ....  4681.632790: sys_enter: NR 228 (1, 7fd25affce00, 7fd25affce00, f000000000, 7ffcadf3e090, 7fd25affce00)
          mysqld-748   [003] ....  4681.635728: sys_exit: NR 228 = 0
          mysqld-748   [003] ....  4681.635728: sys_enter: NR 228 (1, 7fd25affce00, 7fd25affce00, f000000000, 7ffcadf3e090, 7fd25affce00)
          mysqld-748   [003] ....  4681.635728: sys_exit: NR 228 = 0
          mysqld-748   [003] ....  4681.635728: sys_enter: NR 35 (7fd25affce00, 0, 0, f000000000, 1a4, 7fd2807ece00)
          mysqld-742   [000] ....  4681.682570: sys_exit: NR 202 = -110
          mysqld-742   [000] ....  4681.682570: sys_enter: NR 202 (35e51c8, 81, 1, 7fd2614e4940, 0, 35e51f0)
          mysqld-742   [000] ....  4681.682570: sys_exit: NR 202 = 0
          mysqld-742   [000] ....  4681.682570: sys_enter: NR 228 (1, 7fd2614e4bb0, 7fd2614e4bb0, 7fd2614e4940, 7ffcadf3e090, 7fd2614e4bb0)
          mysqld-742   [000] ....  4681.687929: sys_exit: NR 228 = 0
          mysqld-742   [000] ....  4681.687929: sys_enter: NR 228 (1, 7fd2614e4bb0, 7fd2614e4bb0, 7fd2614e4940, 7ffcadf3e090, 7fd2614e4bb0)
          mysqld-742   [000] ....  4681.687929: sys_exit: NR 228 = 0
          mysqld-742   [000] ....  4681.687929: sys_enter: NR 228 (1, 7fd2614e49c0, 7fd2614e49c0, 7fd2614e4940, 7ffcadf3e090, 7fd2614e49c0)
          mysqld-742   [000] ....  4681.687929: sys_exit: NR 228 = 0
          mysqld-742   [000] ....  4681.687929: sys_enter: NR 228 (1, 7fd2614e4940, 7fd2614e4940, 7fd2614e4940, 7ffcadf3e090, 7fd2614e4940)
          mysqld-742   [000] ....  4681.687929: sys_exit: NR 228 = 0
          mysqld-742   [000] ....  4681.687929: sys_enter: NR 202 (35e521c, 80, 0, 7fd2614e4940, 0, 7fd2614e4940)
          mysqld-745   [000] ....  4681.687929: sys_exit: NR 202 = -110
          mysqld-745   [000] ....  4681.687929: sys_enter: NR 202 (3c748f8, 81, 1, 7fd260ce3af0, 0, 3c74920)
          mysqld-745   [000] ....  4681.687929: sys_exit: NR 202 = 0
          mysqld-745   [000] ....  4681.687929: sys_enter: NR 228 (1, 7fd260ce3b70, 7fd260ce3b70, 7fd260ce3af0, 7ffcadf3e090, 7fd260ce3b70)
          mysqld-745   [000] ....  4681.687929: sys_exit: NR 228 = 0
          mysqld-745   [000] ....  4681.687929: sys_enter: NR 228 (1, 7fd260ce3af0, 7fd260ce3af0, 7fd260ce3af0, 7ffcadf3e090, 7fd260ce3af0)
          mysqld-745   [000] ....  4681.687929: sys_exit: NR 228 = 0
          mysqld-745   [000] ....  4681.687929: sys_enter: NR 202 (3c74948, 80, 0, 7fd260ce3af0, 0, 7fd260ce3af0)
          mysqld-740   [000] ....  4681.693492: sys_exit: NR 208 = 0
          mysqld-740   [000] ....  4681.693492: sys_enter: NR 208 (7fd27579d000, 1, 100, 38cda30, 7fd2624e6930, 1d70bc0)
          mysqld-739   [003] ....  4682.132480: sys_exit: NR 208 = 0
          mysqld-739   [003] ....  4682.132480: sys_enter: NR 208 (7fd2757a2000, 1, 100, 38cba30, 7fd262ce7930, 1d70bb8)
          mysqld-738   [002] ....  4682.133619: sys_exit: NR 208 = 0
          mysqld-738   [002] ....  4682.133619: sys_enter: NR 208 (7fd2757a7000, 1, 100, 38c9a30, 7fd2634e8930, 38d9e70)
          mysqld-736   [002] ....  4682.133619: sys_exit: NR 208 = 0
          mysqld-736   [002] ....  4682.133619: sys_enter: NR 208 (7fd282df5000, 1, 100, 38a11f0, 7fd2644ea930, 1d70ba0)
          mysqld-734   [002] ....  4682.133619: sys_exit: NR 208 = 0
          mysqld-734   [002] ....  4682.133619: sys_enter: NR 208 (7fd282fdc000, 1, 100, 389d1f0, 7fd2654ec930, 1d70b90)
          mysqld-737   [002] ....  4682.133619: sys_exit: NR 208 = 0
          mysqld-737   [002] ....  4682.133619: sys_enter: NR 208 (7fd282df0000, 1, 100, 38a31f0, 7fd263ce9930, 1d70ba8)
          mysqld-741   [002] ....  4682.133619: sys_exit: NR 208 = 0
          mysqld-741   [002] ....  4682.133619: sys_enter: NR 208 (7fd275798000, 1, 100, 38cfa30, 7fd261ce5930, 1d70bc8)
          mysqld-733   [002] ....  4682.133619: sys_exit: NR 208 = 0
          mysqld-733   [002] ....  4682.133619: sys_enter: NR 208 (7fd282de6000, 1, 100, 38c7780, 7fd265ced930, 3c56790)
          mysqld-732   [002] ....  4682.135391: sys_exit: NR 208 = 0
          mysqld-732   [002] ....  4682.135391: sys_enter: NR 208 (7fd282deb000, 1, 100, 38b54c0, 7fd274f56930, 1d70b80)
          mysqld-735   [002] ....  4682.135391: sys_exit: NR 208 = 0
          mysqld-735   [002] ....  4682.135391: sys_enter: NR 208 (7fd282fd7000, 1, 100, 389f1f0, 7fd264ceb930, 1d70b98)
            sshd-2002  [000] ....  4682.301762: sys_exit: NR 23 = 1
            sshd-2002  [000] ....  4682.301762: sys_enter: NR 14 (0, 7ffe88f4b0b0, 7ffe88f4b030, 8, 0, 600)
            sshd-2002  [000] ....  4682.301762: sys_exit: NR 14 = 0
            sshd-2002  [000] ....  4682.301762: sys_enter: NR 14 (2, 7ffe88f4b030, 0, 8, 0, 600)
            sshd-2002  [000] ....  4682.301762: sys_exit: NR 14 = 0
            sshd-2002  [000] ....  4682.301762: sys_enter: NR 228 (7, 7ffe88f4b0d0, 7ffe88f4b0d0, 8, 7ffe88f8f0f0, 7ffe88f4b0d0)
            sshd-2002  [000] ....  4682.301762: sys_exit: NR 228 = 0
            sshd-2002  [000] ....  4682.301762: sys_enter: NR 0 (3, 7ffe88f47140, 4000, 8, 7ffe88f8f0f0, 7ffe88f4b0d0)
            sshd-2002  [000] ....  4682.301762: sys_exit: NR 0 = 36
            sshd-2002  [000] ....  4682.301762: sys_enter: NR 228 (7, 7ffe88f4b020, 7ffe88f4b020, 0, 7ffe88f8f0f0, 7ffe88f4b020)
            sshd-2002  [000] .N..  4682.341763: sys_exit: NR 228 = 0
          mysqld-740   [000] ....  4682.341763: sys_exit: NR 208 = 0
          mysqld-740   [000] ....  4682.341763: sys_enter: NR 208 (7fd27579d000, 1, 100, 38cda30, 7fd2624e6930, 1d70bc0)
            sshd-2002  [000] ....  4682.341763: sys_enter: NR 23 (c, 556f1766b8a0, 556f17681f90, 0, 0, 600)
            sshd-2002  [000] ....  4682.341763: sys_exit: NR 23 = 1
            sshd-2002  [000] ....  4682.341763: sys_enter: NR 14 (0, 7ffe88f4b0b0, 7ffe88f4b030, 8, 0, 600)
            sshd-2002  [000] ....  4682.341763: sys_exit: NR 14 = 0
            sshd-2002  [000] ....  4682.341763: sys_enter: NR 14 (2, 7ffe88f4b030, 0, 8, 0, 600)
            sshd-2002  [000] ....  4682.341763: sys_exit: NR 14 = 0
            sshd-2002  [000] ....  4682.341763: sys_enter: NR 228 (7, 7ffe88f4b0d0, 7ffe88f4b0d0, 8, 7ffe88f8f0f0, 7ffe88f4b0d0)
            sshd-2002  [000] ....  4682.343691: sys_exit: NR 228 = 0
            sshd-2002  [000] ....  4682.343691: sys_enter: NR 1 (9, 556f1767a6b0, 1, 8, 0, 0)
            sshd-2002  [000] ....  4682.343691: sys_exit: NR 1 = 1
            sshd-2002  [000] ....  4682.343691: sys_enter: NR 16 (9, 5401, 7ffe88f4b010, 8, 7ffe88f4b070, 0)
            sshd-2002  [000] ....  4682.343691: sys_exit: NR 16 = 0
            sshd-2002  [000] ....  4682.343691: sys_enter: NR 228 (7, 7ffe88f4b020, 7ffe88f4b020, 0, 7ffe88f8f0f0, 7ffe88f4b020)
            bash-2164  [003] ....  4682.345699: sys_exit: NR 270 = 1
            bash-2164  [003] ....  4682.345699: sys_enter: NR 0 (0, 7ffd2afb1c9f, 1, 0, 0, 7ffd2afb1c50)
            bash-2164  [003] ....  4682.345699: sys_exit: NR 0 = 1
            bash-2164  [003] ....  4682.345699: sys_enter: NR 23 (1, 7ffd2afb1c40, 0, 7ffd2afb1cc0, 7ffd2afb1c30, 7f815ce90260)
            bash-2164  [003] ....  4682.345699: sys_exit: NR 23 = 0
            bash-2164  [003] ....  4682.345699: sys_enter: NR 1 (2, 5580edf238e0, 1, 0, 7f815d10f8b0, 7f815d757740)
            bash-2164  [003] ....  4682.345699: sys_exit: NR 1 = 1
            bash-2164  [003] ....  4682.345699: sys_enter: NR 270 (1, 7ffd2afb1d20, 0, 0, 0, 7ffd2afb1c50)
            sshd-2002  [000] ....  4682.345699: sys_exit: NR 228 = 0
            sshd-2002  [000] ....  4682.345699: sys_enter: NR 23 (c, 556f1766b8a0, 556f17681f90, 0, 0, 600)
            sshd-2002  [000] ....  4682.345699: sys_exit: NR 23 = 1
            sshd-2002  [000] ....  4682.345699: sys_enter: NR 14 (0, 7ffe88f4b0b0, 7ffe88f4b030, 8, 0, 600)
            sshd-2002  [000] ....  4682.345699: sys_exit: NR 14 = 0
            sshd-2002  [000] ....  4682.345699: sys_enter: NR 14 (2, 7ffe88f4b030, 0, 8, 0, 600)
            sshd-2002  [000] ....  4682.345699: sys_exit: NR 14 = 0
            sshd-2002  [000] ....  4682.345699: sys_enter: NR 228 (7, 7ffe88f4b0d0, 7ffe88f4b0d0, 8, 7ffe88f8f0f0, 7ffe88f4b0d0)
            sshd-2002  [000] ....  4682.345699: sys_exit: NR 228 = 0
            sshd-2002  [000] ....  4682.345699: sys_enter: NR 0 (b, 7ffe88f47010, 4000, 8, 7ffe88f8f0f0, 7ffe88f4b0d0)
            sshd-2002  [000] ....  4682.345699: sys_exit: NR 0 = 1
            sshd-2002  [000] ....  4682.345699: sys_enter: NR 39 (556f1766af9f, 5, f, 0, 1, 100)
            sshd-2002  [000] ....  4682.345699: sys_exit: NR 39 = 2002
            sshd-2002  [000] ....  4682.345699: sys_enter: NR 228 (7, 7ffe88f4b020, 7ffe88f4b020, 0, 7ffe88f8f0f0, 7ffe88f4b020)
            sshd-2002  [000] ....  4682.345699: sys_exit: NR 228 = 0
            sshd-2002  [000] ....  4682.345699: sys_enter: NR 23 (c, 556f1766b8a0, 556f17681f90, 0, 0, 600)
            sshd-2002  [000] ....  4682.345699: sys_exit: NR 23 = 1
            sshd-2002  [000] ....  4682.345699: sys_enter: NR 14 (0, 7ffe88f4b0b0, 7ffe88f4b030, 8, 0, 600)
            sshd-2002  [000] ....  4682.345699: sys_exit: NR 14 = 0
            sshd-2002  [000] ....  4682.345699: sys_enter: NR 14 (2, 7ffe88f4b030, 0, 8, 0, 600)
            sshd-2002  [000] ....  4682.345699: sys_exit: NR 14 = 0
            sshd-2002  [000] ....  4682.345699: sys_enter: NR 228 (7, 7ffe88f4b0d0, 7ffe88f4b0d0, 8, 7ffe88f8f0f0, 7ffe88f4b0d0)
            sshd-2002  [000] ....  4682.345699: sys_exit: NR 228 = 0
            sshd-2002  [000] ....  4682.345699: sys_enter: NR 1 (3, 556f17684a00, 24, 8, 7ffe88f8f0f0, 7ffe88f4b0d0)
            sshd-2002  [000] ....  4682.355745: sys_exit: NR 1 = 36
            sshd-2002  [000] ....  4682.355745: sys_enter: NR 228 (7, 7ffe88f4b020, 7ffe88f4b020, 0, 7ffe88f8f0f0, 7ffe88f4b020)
            sshd-2002  [000] ....  4682.356673: sys_exit: NR 228 = 0
            sshd-2002  [000] ....  4682.356673: sys_enter: NR 23 (c, 556f1766b8a0, 556f17681f90, 0, 0, 600)
            sshd-2002  [000] ....  4682.491622: sys_exit: NR 23 = 1
            sshd-2002  [000] ....  4682.491622: sys_enter: NR 14 (0, 7ffe88f4b0b0, 7ffe88f4b030, 8, 0, 600)
            sshd-2002  [000] ....  4682.491622: sys_exit: NR 14 = 0
            sshd-2002  [000] ....  4682.491622: sys_enter: NR 14 (2, 7ffe88f4b030, 0, 8, 0, 600)
            sshd-2002  [000] ....  4682.491622: sys_exit: NR 14 = 0
            sshd-2002  [000] ....  4682.491622: sys_enter: NR 228 (7, 7ffe88f4b0d0, 7ffe88f4b0d0, 8, 7ffe88f8f0f0, 7ffe88f4b0d0)
            sshd-2002  [000] ....  4682.495900: sys_exit: NR 228 = 0
            sshd-2002  [000] ....  4682.495900: sys_enter: NR 0 (3, 7ffe88f47140, 4000, 8, 7ffe88f8f0f0, 7ffe88f4b0d0)
            sshd-2002  [000] ....  4682.496836: sys_exit: NR 0 = 36
            sshd-2002  [000] ....  4682.496836: sys_enter: NR 228 (7, 7ffe88f4b020, 7ffe88f4b020, 0, 7ffe88f8f0f0, 7ffe88f4b020)
            sshd-2002  [000] ....  4682.497690: sys_exit: NR 228 = 0
            sshd-2002  [000] ....  4682.497690: sys_enter: NR 23 (c, 556f1766b8a0, 556f17681f90, 0, 0, 600)
            sshd-2002  [000] ....  4682.497690: sys_exit: NR 23 = 1
            sshd-2002  [000] ....  4682.497690: sys_enter: NR 14 (0, 7ffe88f4b0b0, 7ffe88f4b030, 8, 0, 600)
            sshd-2002  [000] ....  4682.497690: sys_exit: NR 14 = 0
            sshd-2002  [000] ....  4682.497690: sys_enter: NR 14 (2, 7ffe88f4b030, 0, 8, 0, 600)
            sshd-2002  [000] ....  4682.497690: sys_exit: NR 14 = 0
            sshd-2002  [000] ....  4682.497690: sys_enter: NR 228 (7, 7ffe88f4b0d0, 7ffe88f4b0d0, 8, 7ffe88f8f0f0, 7ffe88f4b0d0)
            sshd-2002  [000] ....  4682.497690: sys_exit: NR 228 = 0
            sshd-2002  [000] ....  4682.497690: sys_enter: NR 1 (9, 556f1767a6b0, 1, 8, 0, 0)
            sshd-2002  [000] ....  4682.497690: sys_exit: NR 1 = 1
            sshd-2002  [000] ....  4682.497690: sys_enter: NR 16 (9, 5401, 7ffe88f4b010, 8, 7ffe88f4b070, 0)
            sshd-2002  [000] ....  4682.497690: sys_exit: NR 16 = 0
            sshd-2002  [000] ....  4682.497690: sys_enter: NR 228 (7, 7ffe88f4b020, 7ffe88f4b020, 0, 7ffe88f8f0f0, 7ffe88f4b020)
            bash-2164  [003] ....  4682.499536: sys_exit: NR 270 = 1
            bash-2164  [003] ....  4682.499536: sys_enter: NR 0 (0, 7ffd2afb1c9f, 1, 0, 0, 7ffd2afb1c50)
