            bash-981   [003] ....  9528.690030: sys_enter: NR 4 (55ee543cf350, 7ffe8fac8ad0, 7ffe8fac8ad0, 55ee543cf351, fe80, 2f78756e696c6c61)
            bash-981   [003] ....  9528.690030: sys_exit: NR 4 = 0
            bash-981   [003] ....  9528.690030: sys_enter: NR 4 (55ee543cf350, 7ffe8fac8ad0, 7ffe8fac8ad0, 55ee543cf351, fe80, 2f78756e696c6c61)
            bash-981   [003] ....  9528.690030: sys_exit: NR 4 = 0
            bash-981   [003] ....  9528.690030: sys_enter: NR 4 (55ee543cf350, 7ffe8fac8ad0, 7ffe8fac8ad0, 55ee543cf351, fe80, 2f78756e696c6c61)
            bash-981   [003] ....  9528.690030: sys_exit: NR 4 = 0
            bash-981   [003] ....  9528.690030: sys_enter: NR 4 (55ee543cf350, 7ffe8fac8ad0, 7ffe8fac8ad0, 55ee543cf351, fe80, 2f78756e696c6c61)
            bash-981   [003] ....  9528.690030: sys_exit: NR 4 = 0
            bash-981   [003] ....  9528.690030: sys_enter: NR 6 (55ee54503430, 7ffe8fac8c30, 7ffe8fac8c30, 55ee543cf351, fe80, 2f78756e696c6c61)
            bash-981   [003] ....  9528.690030: sys_exit: NR 6 = 0
            bash-981   [003] ....  9528.690030: sys_enter: NR 1 (2, 55ee544b97c0, 7, 0, 7f54c26878b0, 7f54c2ccd740)
            bash-981   [003] .N..  9528.690030: sys_exit: NR 1 = 7
            bash-981   [003] d...  9528.690030: sched_switch: prev_comm=bash prev_pid=981 prev_prio=120 prev_state=R ==> next_comm=kworker/u8:2 next_pid=2357 next_prio=120
    kworker/u8:2-2357  [003] d...  9528.690030: sched_switch: prev_comm=kworker/u8:2 prev_pid=2357 prev_prio=120 prev_state=I ==> next_comm=bash next_pid=981 next_prio=120
            bash-981   [003] ....  9528.690030: sys_enter: NR 270 (1, 7ffe8fac8cc0, 0, 0, 0, 7ffe8fac8bf0)
            bash-981   [003] d...  9528.690030: sched_switch: prev_comm=bash prev_pid=981 prev_prio=120 prev_state=S ==> next_comm=swapper/3 next_pid=0 next_prio=120
            sshd-980   [000] ....  9528.690124: sys_exit: NR 228 = 0
            sshd-980   [000] ....  9528.690124: sys_enter: NR 23 (c, 557f11c3c8a0, 557f11c52f90, 0, 0, 1000)
            sshd-980   [000] ....  9528.690124: sys_exit: NR 23 = 1
            sshd-980   [000] ....  9528.690124: sys_enter: NR 14 (0, 7ffee0218580, 7ffee0218500, 8, 0, 1000)
            sshd-980   [000] ....  9528.690124: sys_exit: NR 14 = 0
            sshd-980   [000] ....  9528.690124: sys_enter: NR 14 (2, 7ffee0218500, 0, 8, 0, 1000)
            sshd-980   [000] ....  9528.690124: sys_exit: NR 14 = 0
            sshd-980   [000] ....  9528.690124: sys_enter: NR 228 (7, 7ffee02185a0, 7ffee02185a0, 8, 7ffee02e50f0, 7ffee02185a0)
            sshd-980   [000] ....  9528.690124: sys_exit: NR 228 = 0
            sshd-980   [000] ....  9528.690124: sys_enter: NR 1 (3, 557f11c57b30, 2c, 8, 7ffee02e50f0, 7ffee02185a0)
          <idle>-0     [003] d...  9528.690124: sched_switch: prev_comm=swapper/3 prev_pid=0 prev_prio=120 prev_state=R ==> next_comm=kworker/3:5 next_pid=994 next_prio=120
     kworker/3:5-994   [003] d...  9528.690124: sched_switch: prev_comm=kworker/3:5 prev_pid=994 prev_prio=120 prev_state=I ==> next_comm=rcu_sched next_pid=10 next_prio=120
       rcu_sched-10    [003] d...  9528.690124: sched_switch: prev_comm=rcu_sched prev_pid=10 prev_prio=120 prev_state=I ==> next_comm=swapper/3 next_pid=0 next_prio=120
            sshd-980   [000] d...  9528.692426: sched_switch: prev_comm=sshd prev_pid=980 prev_prio=120 prev_state=R+ ==> next_comm=ksoftirqd/0 next_pid=9 next_prio=120
     ksoftirqd/0-9     [000] d...  9528.692426: sched_switch: prev_comm=ksoftirqd/0 prev_pid=9 prev_prio=120 prev_state=S ==> next_comm=sshd next_pid=980 next_prio=120
            sshd-980   [000] ....  9528.692426: sys_exit: NR 1 = 44
            sshd-980   [000] ....  9528.692426: sys_enter: NR 228 (7, 7ffee02184f0, 7ffee02184f0, 0, 7ffee02e50f0, 7ffee02184f0)
            sshd-980   [000] ....  9528.692426: sys_exit: NR 228 = 0
            sshd-980   [000] ....  9528.692426: sys_enter: NR 23 (c, 557f11c3c8a0, 557f11c52f90, 0, 0, 1000)
            sshd-980   [000] d...  9528.692504: sched_switch: prev_comm=sshd prev_pid=980 prev_prio=120 prev_state=S ==> next_comm=swapper/0 next_pid=0 next_prio=120
          <idle>-0     [003] d...  9528.695542: sched_switch: prev_comm=swapper/3 prev_pid=0 prev_prio=120 prev_state=R ==> next_comm=rcu_sched next_pid=10 next_prio=120
       rcu_sched-10    [003] d...  9528.695542: sched_switch: prev_comm=rcu_sched prev_pid=10 prev_prio=120 prev_state=I ==> next_comm=swapper/3 next_pid=0 next_prio=120
          <idle>-0     [003] d...  9528.699509: sched_switch: prev_comm=swapper/3 prev_pid=0 prev_prio=120 prev_state=R ==> next_comm=rcu_sched next_pid=10 next_prio=120
       rcu_sched-10    [003] d...  9528.699509: sched_switch: prev_comm=rcu_sched prev_pid=10 prev_prio=120 prev_state=I ==> next_comm=swapper/3 next_pid=0 next_prio=120
          <idle>-0     [002] d...  9528.738640: sched_switch: prev_comm=swapper/2 prev_pid=0 prev_prio=120 prev_state=R ==> next_comm=kworker/2:0 next_pid=2421 next_prio=120
     kworker/2:0-2421  [002] d...  9528.739391: sched_switch: prev_comm=kworker/2:0 prev_pid=2421 prev_prio=120 prev_state=I ==> next_comm=swapper/2 next_pid=0 next_prio=120
          <idle>-0     [000] d...  9529.679135: sched_switch: prev_comm=swapper/0 prev_pid=0 prev_prio=120 prev_state=R ==> next_comm=sshd next_pid=980 next_prio=120
            sshd-980   [000] ....  9529.679135: sys_exit: NR 23 = 1
            sshd-980   [000] ....  9529.679135: sys_enter: NR 14 (0, 7ffee0218580, 7ffee0218500, 8, 0, 1000)
            sshd-980   [000] ....  9529.679135: sys_exit: NR 14 = 0
            sshd-980   [000] ....  9529.679135: sys_enter: NR 14 (2, 7ffee0218500, 0, 8, 0, 1000)
            sshd-980   [000] ....  9529.679135: sys_exit: NR 14 = 0
            sshd-980   [000] ....  9529.679135: sys_enter: NR 228 (7, 7ffee02185a0, 7ffee02185a0, 8, 7ffee02e50f0, 7ffee02185a0)
            sshd-980   [000] ....  9529.679135: sys_exit: NR 228 = 0
            sshd-980   [000] ....  9529.679135: sys_enter: NR 0 (3, 7ffee0214610, 4000, 8, 7ffee02e50f0, 7ffee02185a0)
            sshd-980   [000] ....  9529.679135: sys_exit: NR 0 = 36
            sshd-980   [000] ....  9529.679135: sys_enter: NR 228 (7, 7ffee02184f0, 7ffee02184f0, 0, 7ffee02e50f0, 7ffee02184f0)
            sshd-980   [000] ....  9529.679135: sys_exit: NR 228 = 0
            sshd-980   [000] ....  9529.679135: sys_enter: NR 23 (c, 557f11c3c8a0, 557f11c52f90, 0, 0, 1000)
            sshd-980   [000] ....  9529.679135: sys_exit: NR 23 = 1
            sshd-980   [000] ....  9529.679135: sys_enter: NR 14 (0, 7ffee0218580, 7ffee0218500, 8, 0, 1000)
            sshd-980   [000] ....  9529.679135: sys_exit: NR 14 = 0
            sshd-980   [000] ....  9529.679135: sys_enter: NR 14 (2, 7ffee0218500, 0, 8, 0, 1000)
            sshd-980   [000] ....  9529.679135: sys_exit: NR 14 = 0
            sshd-980   [000] ....  9529.679135: sys_enter: NR 228 (7, 7ffee02185a0, 7ffee02185a0, 8, 7ffee02e50f0, 7ffee02185a0)
            sshd-980   [000] ....  9529.679135: sys_exit: NR 228 = 0
            sshd-980   [000] ....  9529.679135: sys_enter: NR 1 (9, 557f11c548c0, 1, 8, 0, 0)
            sshd-980   [000] ....  9529.679135: sys_exit: NR 1 = 1
            sshd-980   [000] ....  9529.679135: sys_enter: NR 228 (7, 7ffee02184f0, 7ffee02184f0, 0, 7ffee02e50f0, 7ffee02184f0)
          <idle>-0     [003] d...  9529.681249: sched_switch: prev_comm=swapper/3 prev_pid=0 prev_prio=120 prev_state=R ==> next_comm=kworker/u8:2 next_pid=2357 next_prio=120
    kworker/u8:2-2357  [003] d...  9529.681249: sched_switch: prev_comm=kworker/u8:2 prev_pid=2357 prev_prio=120 prev_state=I ==> next_comm=bash next_pid=981 next_prio=120
            bash-981   [003] ....  9529.681249: sys_exit: NR 270 = 1
            bash-981   [003] ....  9529.681249: sys_enter: NR 0 (0, 7ffe8fac8c3f, 1, 0, 0, 7ffe8fac8bf0)
            bash-981   [003] ....  9529.681249: sys_exit: NR 0 = 1
            sshd-980   [000] ....  9529.681249: sys_exit: NR 228 = 0
            bash-981   [003] ....  9529.681249: sys_enter: NR 1 (2, 55ee544b97c0, 1, a, a, 7ffe8fac8bf0)
            sshd-980   [000] ....  9529.681249: sys_enter: NR 23 (c, 557f11c3c8a0, 557f11c52f90, 0, 0, 1000)
            bash-981   [003] .N..  9529.681249: sys_exit: NR 1 = 1
            bash-981   [003] d...  9529.681249: sched_switch: prev_comm=bash prev_pid=981 prev_prio=120 prev_state=R ==> next_comm=kworker/u8:2 next_pid=2357 next_prio=120
            sshd-980   [000] ....  9529.681249: sys_exit: NR 23 = 1
    kworker/u8:2-2357  [003] d...  9529.681249: sched_switch: prev_comm=kworker/u8:2 prev_pid=2357 prev_prio=120 prev_state=I ==> next_comm=bash next_pid=981 next_prio=120
            sshd-980   [000] ....  9529.681249: sys_enter: NR 14 (0, 7ffee0218580, 7ffee0218500, 8, 0, 1000)
            sshd-980   [000] ....  9529.681249: sys_exit: NR 14 = 0
            sshd-980   [000] ....  9529.681249: sys_enter: NR 14 (2, 7ffee0218500, 0, 8, 0, 1000)
            sshd-980   [000] ....  9529.681249: sys_exit: NR 14 = 0
            sshd-980   [000] ....  9529.681249: sys_enter: NR 228 (7, 7ffee02185a0, 7ffee02185a0, 8, 7ffee02e50f0, 7ffee02185a0)
            bash-981   [003] ....  9529.681249: sys_enter: NR 16 (0, 5401, 7ffe8fac8d30, 1, 7f54c26878b0, 55ee529adf60)
            bash-981   [003] ....  9529.681249: sys_exit: NR 16 = 0
            bash-981   [003] ....  9529.681249: sys_enter: NR 16 (0, 5403, 7ffe8fac8d00, 10, 0, 55ee529adf60)
            bash-981   [003] ....  9529.681249: sys_exit: NR 16 = 0
            bash-981   [003] ....  9529.681249: sys_enter: NR 16 (0, 5401, 7ffe8fac8d00, 10, ffffffffffffff80, 55ee529adf60)
            bash-981   [003] ....  9529.681249: sys_exit: NR 16 = 0
            bash-981   [003] ....  9529.681249: sys_enter: NR 13 (2, 7ffe8fac8af0, 7ffe8fac8b90, 8, 7ffe8fac8c40, 55ee529adf60)
            bash-981   [003] ....  9529.681249: sys_exit: NR 13 = 0
            bash-981   [003] ....  9529.681249: sys_enter: NR 13 (f, 7ffe8fac8af0, 7ffe8fac8b90, 8, 7ffe8fac8c40, 55ee529adf60)
            bash-981   [003] ....  9529.681249: sys_exit: NR 13 = 0
            bash-981   [003] ....  9529.681249: sys_enter: NR 13 (1, 7ffe8fac8af0, 7ffe8fac8b90, 8, 7ffe8fac8c40, 55ee529adf60)
            bash-981   [003] ....  9529.681249: sys_exit: NR 13 = 0
            bash-981   [003] ....  9529.681249: sys_enter: NR 13 (e, 7ffe8fac8af0, 7ffe8fac8b90, 8, 7ffe8fac8c40, 55ee529adf60)
            bash-981   [003] ....  9529.681249: sys_exit: NR 13 = 0
            bash-981   [003] ....  9529.681249: sys_enter: NR 13 (1c, 7ffe8fac8bb0, 7ffe8fac8c50, 8, 7ffe8fac8d00, 55ee529adf60)
            bash-981   [003] ....  9529.681249: sys_exit: NR 13 = 0
            bash-981   [003] ....  9529.681249: sys_enter: NR 13 (2, 7ffe8fac8b10, 7ffe8fac8bb0, 8, 7ffe8fac8d00, 55ee529adf60)
            bash-981   [003] ....  9529.681249: sys_exit: NR 13 = 0
            sshd-980   [000] ....  9529.681249: sys_exit: NR 228 = 0
            sshd-980   [000] ....  9529.681249: sys_enter: NR 0 (b, 7ffee02144e0, 4000, 8, 7ffee02e50f0, 7ffee02185a0)
            sshd-980   [000] ....  9529.681249: sys_exit: NR 0 = 2
            sshd-980   [000] ....  9529.681249: sys_enter: NR 39 (557f11c39eb0, 4, 10, 0, 1, 100)
            sshd-980   [000] ....  9529.681249: sys_exit: NR 39 = 980
            sshd-980   [000] ....  9529.681249: sys_enter: NR 228 (7, 7ffee02184f0, 7ffee02184f0, 0, 7ffee02e50f0, 7ffee02184f0)
            bash-981   [003] ....  9529.681249: sys_enter: NR 14 (0, 7ffe8fac9af0, 7ffe8fac9b70, 8, ffff, 1)
            bash-981   [003] ....  9529.681249: sys_exit: NR 14 = 0
            bash-981   [003] ....  9529.681249: sys_enter: NR 22 (55ee529a2738, 7ffe8fac9af0, 7ffe8fac9b70, 8, ffff, 1)
            bash-981   [003] ....  9529.681249: sys_exit: NR 22 = 0
            bash-981   [003] ....  9529.681249: sys_enter: NR 56 (1200011, 0, 0, 7f54c2ccda10, 7f54c2ccd740, 1)
            sshd-980   [000] ....  9529.681249: sys_exit: NR 228 = 0
            sshd-980   [000] ....  9529.681249: sys_enter: NR 23 (c, 557f11c3c8a0, 557f11c52f90, 0, 0, 1000)
            sshd-980   [000] ....  9529.681249: sys_exit: NR 23 = 1
            sshd-980   [000] ....  9529.681249: sys_enter: NR 14 (0, 7ffee0218580, 7ffee0218500, 8, 0, 1000)
            sshd-980   [000] ....  9529.681249: sys_exit: NR 14 = 0
            sshd-980   [000] ....  9529.681249: sys_enter: NR 14 (2, 7ffee0218500, 0, 8, 0, 1000)
            sshd-980   [000] ....  9529.681249: sys_exit: NR 14 = 0
            sshd-980   [000] ....  9529.681249: sys_enter: NR 228 (7, 7ffee02185a0, 7ffee02185a0, 8, 7ffee02e50f0, 7ffee02185a0)
            sshd-980   [000] ....  9529.681249: sys_exit: NR 228 = 0
            sshd-980   [000] ....  9529.681249: sys_enter: NR 1 (3, 557f11c57b30, 24, 8, 7ffee02e50f0, 7ffee02185a0)
            bash-981   [003] ....  9529.681249: sys_exit: NR 56 = 2472
            bash-981   [003] ....  9529.681249: sys_enter: NR 109 (9a8, 9a8, 0, 7f54c2ccda10, 7f54c2ccd740, 1)
            bash-981   [003] ....  9529.681249: sys_exit: NR 109 = 0
            bash-981   [003] ....  9529.681249: sys_enter: NR 14 (2, 7ffe8fac9b70, 0, 8, 8, 55ee543a0d60)
            bash-981   [003] ....  9529.681249: sys_exit: NR 14 = 0
            bash-981   [003] ....  9529.681249: sys_enter: NR 14 (0, 7ffe8fac9a90, 7ffe8fac9b10, 8, 0, 1)
            bash-981   [003] ....  9529.681249: sys_exit: NR 14 = 0
            bash-981   [003] ....  9529.681249: sys_enter: NR 3 (3, 7ffe8fac9a90, 7ffe8fac9b10, 8, 0, 1)
            bash-981   [003] ....  9529.681249: __close_fd+0x0/0x80 <-__x64_sys_close+0x1e/0x50
            bash-981   [003] ....  9529.681249: <stack trace>
 => 0xffffffffc014d061
 => __close_fd+0x5/0x80
 => __x64_sys_close+0x1e/0x50
 => do_syscall_64+0x48/0x120
 => entry_SYSCALL_64_after_hwframe+0x44/0xa9
            bash-981   [003] ....  9529.681249: sys_exit: NR 3 = 0
            bash-981   [003] ....  9529.681249: sys_enter: NR 3 (4, 7ffe8fac9a90, 7ffe8fac9b10, 8, 0, 1)
            bash-981   [003] ....  9529.681249: __close_fd+0x0/0x80 <-__x64_sys_close+0x1e/0x50
            bash-981   [003] ....  9529.681249: <stack trace>
 => 0xffffffffc014d061
 => __close_fd+0x5/0x80
 => __x64_sys_close+0x1e/0x50
 => do_syscall_64+0x48/0x120
 => entry_SYSCALL_64_after_hwframe+0x44/0xa9
            bash-981   [003] ....  9529.681249: sys_exit: NR 3 = 0
            bash-981   [003] ....  9529.681249: sys_enter: NR 16 (ff, 540f, 7ffe8fac9a54, 1, 0, 2f78756e696c6c61)
            bash-981   [003] ....  9529.681249: sys_exit: NR 16 = 0
            bash-981   [003] ....  9529.681249: sys_enter: NR 14 (0, 7ffe8fac9940, 7ffe8fac99c0, 8, 0, 2f78756e696c6c61)
            bash-981   [003] ....  9529.681249: sys_exit: NR 14 = 0
            bash-981   [003] ....  9529.681249: sys_enter: NR 16 (ff, 5410, 7ffe8fac992c, 8, 0, 2f78756e696c6c61)
            bash-981   [003] ....  9529.681249: sys_exit: NR 16 = 0
            bash-981   [003] ....  9529.681249: sys_enter: NR 14 (2, 7ffe8fac99c0, 0, 8, 0, 2f78756e696c6c61)
            bash-981   [003] ....  9529.681249: sys_exit: NR 14 = 0
            bash-981   [003] ....  9529.681249: sys_enter: NR 14 (2, 7ffe8fac9b10, 0, 8, 0, 2f78756e696c6c61)
            bash-981   [003] ....  9529.681249: sys_exit: NR 14 = 0
            bash-981   [003] ....  9529.681249: sys_enter: NR 14 (0, 7ffe8fac9b90, 7ffe8fac9c10, 8, 0, 2f78756e696c6c61)
            bash-981   [003] ....  9529.681249: sys_exit: NR 14 = 0
            bash-981   [003] ....  9529.681249: sys_enter: NR 61 (ffffffff, 7ffe8fac9b30, a, 0, 55ee543a0d60, 8)
            bash-981   [003] d...  9529.681249: sched_switch: prev_comm=bash prev_pid=981 prev_prio=120 prev_state=S ==> next_comm=swapper/3 next_pid=0 next_prio=120
          <idle>-0     [001] d...  9529.682447: sched_switch: prev_comm=swapper/1 prev_pid=0 prev_prio=120 prev_state=R ==> next_comm=bash next_pid=2472 next_prio=120
        vfs_proc-2472  [001] ....  9529.682447: sys_exit: NR 56 = 0
        vfs_proc-2472  [001] ....  9529.682447: sys_enter: NR 39 (1200011, 0, 0, 7f54c2ccda10, 7f54c2ccd740, 1)
        vfs_proc-2472  [001] ....  9529.682447: sys_exit: NR 39 = 2472
        vfs_proc-2472  [001] ....  9529.682447: sys_enter: NR 14 (2, 55ee529b3b00, 0, 8, 7f54c2ccd740, 1)
        vfs_proc-2472  [001] ....  9529.682447: sys_exit: NR 14 = 0
        vfs_proc-2472  [001] ....  9529.682447: sys_enter: NR 13 (14, 7ffe8fac9810, 7ffe8fac98b0, 8, 7ffe8fac9a00, 1)
        vfs_proc-2472  [001] ....  9529.682447: sys_exit: NR 13 = 0
        vfs_proc-2472  [001] ....  9529.682447: sys_enter: NR 13 (15, 7ffe8fac9810, 7ffe8fac98b0, 8, 7ffe8fac9a00, 1)
        vfs_proc-2472  [001] ....  9529.682447: sys_exit: NR 13 = 0
        vfs_proc-2472  [001] ....  9529.682447: sys_enter: NR 13 (16, 7ffe8fac9820, 7ffe8fac98c0, 8, 7ffe8fac9a10, 1)
        vfs_proc-2472  [001] ....  9529.682447: sys_exit: NR 13 = 0
        vfs_proc-2472  [001] ....  9529.682447: sys_enter: NR 109 (9a8, 9a8, 7f54c22d8f20, 8, 7ffe8fac9a10, 1)
        vfs_proc-2472  [001] ....  9529.682447: sys_exit: NR 109 = 0
        vfs_proc-2472  [001] ....  9529.682447: sys_enter: NR 14 (0, 7ffe8fac99a0, 7ffe8fac9a20, 8, 0, 0)
        vfs_proc-2472  [001] ....  9529.682447: sys_exit: NR 14 = 0
        vfs_proc-2472  [001] ....  9529.682447: sys_enter: NR 16 (ff, 5410, 7ffe8fac998c, 8, 0, 0)
        vfs_proc-2472  [001] ....  9529.682447: sys_exit: NR 16 = 0
        vfs_proc-2472  [001] ....  9529.682447: sys_enter: NR 14 (2, 7ffe8fac9a20, 0, 8, 0, 0)
        vfs_proc-2472  [001] ....  9529.682447: sys_exit: NR 14 = 0
        vfs_proc-2472  [001] ....  9529.682447: sys_enter: NR 3 (4, 7ffe8fac9a20, 0, 8, 0, 0)
        vfs_proc-2472  [001] ....  9529.682447: __close_fd+0x0/0x80 <-__x64_sys_close+0x1e/0x50
        vfs_proc-2472  [001] ....  9529.682447: <stack trace>
 => 0xffffffffc014d061
 => __close_fd+0x5/0x80
 => __x64_sys_close+0x1e/0x50
 => do_syscall_64+0x48/0x120
 => entry_SYSCALL_64_after_hwframe+0x44/0xa9
        vfs_proc-2472  [001] ....  9529.682447: sys_exit: NR 3 = 0
        vfs_proc-2472  [001] ....  9529.682447: sys_enter: NR 0 (3, 7ffe8fac9aef, 1, 8, 0, 0)
        vfs_proc-2472  [001] ....  9529.682447: sys_exit: NR 0 = 0
        vfs_proc-2472  [001] ....  9529.682447: sys_enter: NR 3 (3, 7ffe8fac9aef, 1, 8, 0, 0)
        vfs_proc-2472  [001] ....  9529.682447: __close_fd+0x0/0x80 <-__x64_sys_close+0x1e/0x50
        vfs_proc-2472  [001] ....  9529.682447: <stack trace>
 => 0xffffffffc014d061
 => __close_fd+0x5/0x80
 => __x64_sys_close+0x1e/0x50
 => do_syscall_64+0x48/0x120
 => entry_SYSCALL_64_after_hwframe+0x44/0xa9
        vfs_proc-2472  [001] ....  9529.682447: sys_exit: NR 3 = 0
        vfs_proc-2472  [001] ....  9529.682447: sys_enter: NR 13 (1, 7ffe8fac9a30, 0, 8, 0, 0)
        vfs_proc-2472  [001] ....  9529.682447: sys_exit: NR 13 = 0
        vfs_proc-2472  [001] ....  9529.682447: sys_enter: NR 13 (4, 7ffe8fac9a30, 0, 8, 0, 0)
        vfs_proc-2472  [001] ....  9529.682447: sys_exit: NR 13 = 0
        vfs_proc-2472  [001] ....  9529.682447: sys_enter: NR 13 (5, 7ffe8fac9a30, 0, 8, 0, 0)
        vfs_proc-2472  [001] ....  9529.682447: sys_exit: NR 13 = 0
        vfs_proc-2472  [001] ....  9529.682447: sys_enter: NR 13 (6, 7ffe8fac9a30, 0, 8, 0, 0)
        vfs_proc-2472  [001] ....  9529.682447: sys_exit: NR 13 = 0
        vfs_proc-2472  [001] ....  9529.682447: sys_enter: NR 13 (8, 7ffe8fac9a30, 0, 8, 0, 0)
        vfs_proc-2472  [001] ....  9529.682447: sys_exit: NR 13 = 0
        vfs_proc-2472  [001] ....  9529.682447: sys_enter: NR 13 (7, 7ffe8fac9a30, 0, 8, 0, 0)
        vfs_proc-2472  [001] ....  9529.682447: sys_exit: NR 13 = 0
        vfs_proc-2472  [001] ....  9529.682447: sys_enter: NR 13 (b, 7ffe8fac9a30, 0, 8, 0, 0)
        vfs_proc-2472  [001] ....  9529.682447: sys_exit: NR 13 = 0
        vfs_proc-2472  [001] ....  9529.682447: sys_enter: NR 13 (1f, 7ffe8fac9a30, 0, 8, 0, 0)
        vfs_proc-2472  [001] ....  9529.682447: sys_exit: NR 13 = 0
        vfs_proc-2472  [001] ....  9529.682447: sys_enter: NR 13 (d, 7ffe8fac9a30, 0, 8, 0, 0)
        vfs_proc-2472  [001] ....  9529.682447: sys_exit: NR 13 = 0
        vfs_proc-2472  [001] ....  9529.682447: sys_enter: NR 13 (e, 7ffe8fac9a30, 0, 8, 0, 0)
        vfs_proc-2472  [001] ....  9529.682447: sys_exit: NR 13 = 0
        vfs_proc-2472  [001] ....  9529.682447: sys_enter: NR 13 (18, 7ffe8fac9a30, 0, 8, 0, 0)
        vfs_proc-2472  [001] ....  9529.682447: sys_exit: NR 13 = 0
        vfs_proc-2472  [001] ....  9529.682447: sys_enter: NR 13 (19, 7ffe8fac9a30, 0, 8, 0, 0)
        vfs_proc-2472  [001] ....  9529.682447: sys_exit: NR 13 = 0
        vfs_proc-2472  [001] ....  9529.682447: sys_enter: NR 13 (1a, 7ffe8fac9a30, 0, 8, 0, 0)
        vfs_proc-2472  [001] ....  9529.682447: sys_exit: NR 13 = 0
        vfs_proc-2472  [001] ....  9529.682447: sys_enter: NR 13 (a, 7ffe8fac9a30, 0, 8, 0, 0)
        vfs_proc-2472  [001] ....  9529.682447: sys_exit: NR 13 = 0
        vfs_proc-2472  [001] ....  9529.682447: sys_enter: NR 13 (c, 7ffe8fac9a30, 0, 8, 0, 0)
        vfs_proc-2472  [001] ....  9529.682447: sys_exit: NR 13 = 0
        vfs_proc-2472  [001] ....  9529.682447: sys_enter: NR 13 (2, 7ffe8fac9930, 7ffe8fac99d0, 8, 7ffe8fac9b20, 0)
        vfs_proc-2472  [001] ....  9529.682447: sys_exit: NR 13 = 0
        vfs_proc-2472  [001] ....  9529.682447: sys_enter: NR 13 (3, 7ffe8fac9930, 7ffe8fac99d0, 8, 7ffe8fac9b20, 0)
        vfs_proc-2472  [001] ....  9529.682447: sys_exit: NR 13 = 0
        vfs_proc-2472  [001] ....  9529.682447: sys_enter: NR 13 (f, 7ffe8fac9930, 7ffe8fac99d0, 8, 7ffe8fac9b20, 0)
        vfs_proc-2472  [001] ....  9529.682447: sys_exit: NR 13 = 0
        vfs_proc-2472  [001] ....  9529.682447: sys_enter: NR 13 (11, 7ffe8fac9930, 7ffe8fac99d0, 8, 7ffe8fac9b20, 0)
        vfs_proc-2472  [001] ....  9529.682447: sys_exit: NR 13 = 0
        vfs_proc-2472  [001] ....  9529.684295: sys_enter: NR 59 (55ee5445d150, 55ee545153d0, 55ee545ed3f0, 8, 7ffe8fac9b20, 0)
        vfs_proc-2472  [001] ....  9529.684295: ext4_file_open+0x0/0x1f0 <-do_dentry_open+0x1ea/0x380
        vfs_proc-2472  [001] ....  9529.684295: <stack trace>
 => 0xffffffffc014d061
 => ext4_file_open+0x5/0x1f0
 => do_dentry_open+0x1ea/0x380
 => path_openat+0x2e9/0x1570
 => do_filp_open+0x9b/0x110
 => do_open_execat+0x83/0x1a0
 => __do_execve_file.isra.44+0x5d0/0x8b0
 => __x64_sys_execve+0x34/0x40
 => do_syscall_64+0x48/0x120
 => entry_SYSCALL_64_after_hwframe+0x44/0xa9
        vfs_proc-2472  [001] ....  9529.684295: ext4_file_read_iter+0x0/0x40 <-new_sync_read+0x114/0x1a0
        vfs_proc-2472  [001] ....  9529.684295: <stack trace>
 => 0xffffffffc014d061
 => ext4_file_read_iter+0x5/0x40
 => new_sync_read+0x114/0x1a0
 => vfs_read+0x89/0x130
 => kernel_read+0x2c/0x40
 => prepare_binprm+0xe5/0x180
 => __do_execve_file.isra.44+0x533/0x8b0
 => __x64_sys_execve+0x34/0x40
 => do_syscall_64+0x48/0x120
 => entry_SYSCALL_64_after_hwframe+0x44/0xa9
          <idle>-0     [003] d...  9529.684295: sched_switch: prev_comm=swapper/3 prev_pid=0 prev_prio=120 prev_state=R ==> next_comm=rcu_sched next_pid=10 next_prio=120
       rcu_sched-10    [003] d...  9529.684295: sched_switch: prev_comm=rcu_sched prev_pid=10 prev_prio=120 prev_state=I ==> next_comm=swapper/3 next_pid=0 next_prio=120
        vfs_proc-2472  [001] ....  9529.684295: ext4_file_read_iter+0x0/0x40 <-new_sync_read+0x114/0x1a0
        vfs_proc-2472  [001] ....  9529.684295: <stack trace>
 => 0xffffffffc014d061
 => ext4_file_read_iter+0x5/0x40
 => new_sync_read+0x114/0x1a0
 => vfs_read+0x89/0x130
 => kernel_read+0x2c/0x40
 => load_elf_phdrs+0x6b/0xa0
 => load_elf_binary+0x111/0x1523
 => search_binary_handler+0x8a/0x1b0
 => __do_execve_file.isra.44+0x6e9/0x8b0
 => __x64_sys_execve+0x34/0x40
 => do_syscall_64+0x48/0x120
 => entry_SYSCALL_64_after_hwframe+0x44/0xa9
        vfs_proc-2472  [001] ....  9529.684295: ext4_file_read_iter+0x0/0x40 <-new_sync_read+0x114/0x1a0
        vfs_proc-2472  [001] ....  9529.684295: <stack trace>
 => 0xffffffffc014d061
 => ext4_file_read_iter+0x5/0x40
 => new_sync_read+0x114/0x1a0
 => vfs_read+0x89/0x130
 => kernel_read+0x2c/0x40
 => load_elf_binary+0x19b/0x1523
 => search_binary_handler+0x8a/0x1b0
 => __do_execve_file.isra.44+0x6e9/0x8b0
 => __x64_sys_execve+0x34/0x40
 => do_syscall_64+0x48/0x120
 => entry_SYSCALL_64_after_hwframe+0x44/0xa9
        vfs_proc-2472  [001] ....  9529.684295: ext4_file_open+0x0/0x1f0 <-do_dentry_open+0x1ea/0x380
        vfs_proc-2472  [001] ....  9529.684295: <stack trace>
 => 0xffffffffc014d061
 => ext4_file_open+0x5/0x1f0
 => do_dentry_open+0x1ea/0x380
 => path_openat+0x2e9/0x1570
 => do_filp_open+0x9b/0x110
 => do_open_execat+0x83/0x1a0
 => open_exec+0x26/0x40
 => load_elf_binary+0x1f9/0x1523
 => search_binary_handler+0x8a/0x1b0
 => __do_execve_file.isra.44+0x6e9/0x8b0
 => __x64_sys_execve+0x34/0x40
 => do_syscall_64+0x48/0x120
 => entry_SYSCALL_64_after_hwframe+0x44/0xa9
        vfs_proc-2472  [001] ....  9529.684295: ext4_file_read_iter+0x0/0x40 <-new_sync_read+0x114/0x1a0
        vfs_proc-2472  [001] ....  9529.684295: <stack trace>
 => 0xffffffffc014d061
 => ext4_file_read_iter+0x5/0x40
 => new_sync_read+0x114/0x1a0
 => vfs_read+0x89/0x130
 => kernel_read+0x2c/0x40
 => load_elf_binary+0x23a/0x1523
 => search_binary_handler+0x8a/0x1b0
 => __do_execve_file.isra.44+0x6e9/0x8b0
 => __x64_sys_execve+0x34/0x40
 => do_syscall_64+0x48/0x120
 => entry_SYSCALL_64_after_hwframe+0x44/0xa9
        vfs_proc-2472  [001] ....  9529.684295: ext4_file_read_iter+0x0/0x40 <-new_sync_read+0x114/0x1a0
        vfs_proc-2472  [001] ....  9529.684295: <stack trace>
 => 0xffffffffc014d061
 => ext4_file_read_iter+0x5/0x40
 => new_sync_read+0x114/0x1a0
 => vfs_read+0x89/0x130
 => kernel_read+0x2c/0x40
 => load_elf_phdrs+0x6b/0xa0
 => load_elf_binary+0x31c/0x1523
 => search_binary_handler+0x8a/0x1b0
 => __do_execve_file.isra.44+0x6e9/0x8b0
 => __x64_sys_execve+0x34/0x40
 => do_syscall_64+0x48/0x120
 => entry_SYSCALL_64_after_hwframe+0x44/0xa9
        vfs_proc-2472  [001] ....  9529.684295: sys_exit: NR 59 = 0
        vfs_proc-2472  [001] ....  9529.684295: sys_enter: NR 12 (0, 5f, 4d, 0, 16, 7f78b166a665)
        vfs_proc-2472  [001] ....  9529.684295: sys_exit: NR 12 = 94616098553856
            sshd-980   [000] d...  9529.684311: sched_switch: prev_comm=sshd prev_pid=980 prev_prio=120 prev_state=R+ ==> next_comm=ksoftirqd/0 next_pid=9 next_prio=120
     ksoftirqd/0-9     [000] d...  9529.684311: sched_switch: prev_comm=ksoftirqd/0 prev_pid=9 prev_prio=120 prev_state=S ==> next_comm=sshd next_pid=980 next_prio=120
            sshd-980   [000] ....  9529.684311: sys_exit: NR 1 = 36
            sshd-980   [000] ....  9529.684311: sys_enter: NR 228 (7, 7ffee02184f0, 7ffee02184f0, 0, 7ffee02e50f0, 7ffee02184f0)
            sshd-980   [000] ....  9529.684311: sys_exit: NR 228 = 0
            sshd-980   [000] ....  9529.684311: sys_enter: NR 23 (c, 557f11c3c8a0, 557f11c52f90, 0, 0, 1000)
            sshd-980   [000] d...  9529.684311: sched_switch: prev_comm=sshd prev_pid=980 prev_prio=120 prev_state=S ==> next_comm=swapper/0 next_pid=0 next_prio=120
        vfs_proc-2472  [001] ....  9529.684311: sys_enter: NR 21 (7f78b166a082, 0, 17, 54, fffffffffffffffc, 7ffd57b9f120)
        vfs_proc-2472  [001] ....  9529.684311: sys_exit: NR 21 = -2
        vfs_proc-2472  [001] ....  9529.684311: sys_enter: NR 21 (7f78b166cdd0, 4, 7f78b1649190, 8, 7f78b1872c52, 1)
        vfs_proc-2472  [001] ....  9529.684311: sys_exit: NR 21 = -2
        vfs_proc-2472  [001] ....  9529.684311: sys_enter: NR 257 (ffffff9c, 7f78b166a428, 80000, 0, 0, 0)
        vfs_proc-2472  [001] ....  9529.684311: ext4_file_open+0x0/0x1f0 <-do_dentry_open+0x1ea/0x380
        vfs_proc-2472  [001] ....  9529.684311: <stack trace>
 => 0xffffffffc014d061
 => ext4_file_open+0x5/0x1f0
 => do_dentry_open+0x1ea/0x380
 => path_openat+0x2e9/0x1570
 => do_filp_open+0x9b/0x110
 => do_sys_open+0x1bd/0x250
 => do_syscall_64+0x48/0x120
 => entry_SYSCALL_64_after_hwframe+0x44/0xa9
        vfs_proc-2472  [001] ....  9529.684311: sys_exit: NR 257 = 3
        vfs_proc-2472  [001] ....  9529.684311: sys_enter: NR 5 (3, 7ffd57b77240, 7ffd57b77240, 0, 0, 0)
        vfs_proc-2472  [001] ....  9529.684311: sys_exit: NR 5 = 0
        vfs_proc-2472  [001] ....  9529.684311: sys_enter: NR 9 (0, d29f, 1, 2, 3, 0)
        vfs_proc-2472  [001] ....  9529.684311: sys_exit: NR 9 = 140156351160320
        vfs_proc-2472  [001] ....  9529.684311: sys_enter: NR 3 (3, d29f, 1, 2, 3, 0)
        vfs_proc-2472  [001] ....  9529.684311: __close_fd+0x0/0x80 <-__x64_sys_close+0x1e/0x50
        vfs_proc-2472  [001] ....  9529.684311: <stack trace>
 => 0xffffffffc014d061
 => __close_fd+0x5/0x80
 => __x64_sys_close+0x1e/0x50
 => do_syscall_64+0x48/0x120
 => entry_SYSCALL_64_after_hwframe+0x44/0xa9
        vfs_proc-2472  [001] ....  9529.684311: sys_exit: NR 3 = 0
        vfs_proc-2472  [001] ....  9529.684311: sys_enter: NR 21 (7f78b166a082, 0, 0, 2, 1, 0)
        vfs_proc-2472  [001] ....  9529.684311: sys_exit: NR 21 = -2
        vfs_proc-2472  [001] ....  9529.684311: sys_enter: NR 257 (ffffff9c, 7f78b1872dd0, 80000, 0, 0, 7ffd57b773ef)
        vfs_proc-2472  [001] ....  9529.684311: ext4_file_open+0x0/0x1f0 <-do_dentry_open+0x1ea/0x380
        vfs_proc-2472  [001] ....  9529.684311: <stack trace>
 => 0xffffffffc014d061
 => ext4_file_open+0x5/0x1f0
 => do_dentry_open+0x1ea/0x380
 => path_openat+0x2e9/0x1570
 => do_filp_open+0x9b/0x110
 => do_sys_open+0x1bd/0x250
 => do_syscall_64+0x48/0x120
 => entry_SYSCALL_64_after_hwframe+0x44/0xa9
        vfs_proc-2472  [001] ....  9529.684311: sys_exit: NR 257 = 3
        vfs_proc-2472  [001] ....  9529.684311: sys_enter: NR 0 (3, 7ffd57b77408, 340, 0, 0, 7ffd57b773ef)
        vfs_proc-2472  [001] ....  9529.684311: ext4_file_read_iter+0x0/0x40 <-new_sync_read+0x114/0x1a0
        vfs_proc-2472  [001] ....  9529.684311: <stack trace>
 => 0xffffffffc014d061
 => ext4_file_read_iter+0x5/0x40
 => new_sync_read+0x114/0x1a0
 => vfs_read+0x89/0x130
 => ksys_read+0xa1/0xe0
 => do_syscall_64+0x48/0x120
 => entry_SYSCALL_64_after_hwframe+0x44/0xa9
        vfs_proc-2472  [001] ....  9529.684311: sys_exit: NR 0 = 832
        vfs_proc-2472  [001] ....  9529.684311: sys_enter: NR 5 (3, 7ffd57b772a0, 7ffd57b772a0, 7f78b1872dd0, 7f78b1872dd0, 7f78b1872170)
        vfs_proc-2472  [001] ....  9529.684311: sys_exit: NR 5 = 0
        vfs_proc-2472  [001] ....  9529.684311: sys_enter: NR 9 (0, 2000, 3, 22, ffffffff, 0)
        vfs_proc-2472  [001] ....  9529.684311: sys_exit: NR 9 = 140156351152128
        vfs_proc-2472  [001] ....  9529.684311: sys_enter: NR 9 (0, 3f0ae0, 5, 802, 3, 0)
        vfs_proc-2472  [001] ....  9529.684311: sys_exit: NR 9 = 140156344827904
        vfs_proc-2472  [001] ....  9529.684311: sys_enter: NR 10 (7f78b143f000, 200000, 0, 1, 3, 0)
        vfs_proc-2472  [001] ....  9529.684311: sys_exit: NR 10 = 0
        vfs_proc-2472  [001] ....  9529.684311: sys_enter: NR 9 (7f78b163f000, 6000, 3, 812, 3, 1e7000)
        vfs_proc-2472  [001] ....  9529.684311: sys_exit: NR 9 = 140156348919808
        vfs_proc-2472  [001] ....  9529.684311: sys_enter: NR 9 (7f78b1645000, 3ae0, 3, 32, ffffffff, 0)
        vfs_proc-2472  [001] ....  9529.684311: sys_exit: NR 9 = 140156348944384
        vfs_proc-2472  [001] ....  9529.684311: sys_enter: NR 3 (3, 28, 0, 31, 6fffffff, 70000021)
        vfs_proc-2472  [001] ....  9529.684311: __close_fd+0x0/0x80 <-__x64_sys_close+0x1e/0x50
        vfs_proc-2472  [001] ....  9529.684311: <stack trace>
 => 0xffffffffc014d061
 => __close_fd+0x5/0x80
 => __x64_sys_close+0x1e/0x50
 => do_syscall_64+0x48/0x120
 => entry_SYSCALL_64_after_hwframe+0x44/0xa9
        vfs_proc-2472  [001] ....  9529.684311: sys_exit: NR 3 = 0
        vfs_proc-2472  [001] ....  9529.684311: sys_enter: NR 158 (1002, 7f78b18614c0, 7f78b1861e10, 7f78b1860998, 90, 40)
        vfs_proc-2472  [001] ....  9529.684311: sys_exit: NR 158 = 0
        vfs_proc-2472  [001] ....  9529.684311: sys_enter: NR 10 (7f78b163f000, 4000, 1, 7f78b1860000, 7ffd57b9f1b8, 2)
        vfs_proc-2472  [001] ....  9529.684311: sys_exit: NR 10 = 0
        vfs_proc-2472  [001] ....  9529.684311: sys_enter: NR 10 (560d862fc000, 1000, 1, 7f78b1872170, 0, 84)
        vfs_proc-2472  [001] ....  9529.684311: sys_exit: NR 10 = 0
        vfs_proc-2472  [001] ....  9529.684311: sys_enter: NR 10 (7f78b1870000, 1000, 1, 7f78b18719f0, 0, c0)
        vfs_proc-2472  [001] ....  9529.684311: sys_exit: NR 10 = 0
        vfs_proc-2472  [001] ....  9529.684311: sys_enter: NR 11 (7f78b1862000, d29f, 152300000000, 7f78b18719f0, 0, c0)
        vfs_proc-2472  [001] ....  9529.684311: sys_exit: NR 11 = 0
        vfs_proc-2472  [001] ....  9529.685439: sys_enter: NR 257 (ffffff9c, 560d860fcb54, 2, 0, 7f78b1644d80, 7f78b1644d80)
        vfs_proc-2472  [001] ....  9529.685439: ext4_file_open+0x0/0x1f0 <-do_dentry_open+0x1ea/0x380
        vfs_proc-2472  [001] ....  9529.685439: <stack trace>
 => 0xffffffffc014d061
 => ext4_file_open+0x5/0x1f0
 => do_dentry_open+0x1ea/0x380
 => path_openat+0x2e9/0x1570
 => do_filp_open+0x9b/0x110
 => do_sys_open+0x1bd/0x250
 => do_syscall_64+0x48/0x120
 => entry_SYSCALL_64_after_hwframe+0x44/0xa9
        vfs_proc-2472  [001] ....  9529.685439: sys_exit: NR 257 = 3
        vfs_proc-2472  [001] ....  9529.685439: sys_enter: NR 1 (3, 7ffd57b77b04, b, 0, 7ffd57b77b10, 0)
        vfs_proc-2472  [001] ....  9529.685439: ext4_file_write_iter+0x0/0x3b0 <-new_sync_write+0x11b/0x1b0
        vfs_proc-2472  [001] ....  9529.685439: <stack trace>
 => 0xffffffffc014d061
 => ext4_file_write_iter+0x5/0x3b0
 => new_sync_write+0x11b/0x1b0
 => vfs_write+0xad/0x1a0
 => ksys_write+0xa1/0xe0
 => do_syscall_64+0x48/0x120
 => entry_SYSCALL_64_after_hwframe+0x44/0xa9
        vfs_proc-2472  [001] ....  9529.685439: sys_exit: NR 1 = 11
        vfs_proc-2472  [001] ....  9529.685439: sys_enter: NR 8 (3, 0, 0, 0, 7ffd57b77b10, 0)
        vfs_proc-2472  [001] ....  9529.685439: ext4_llseek+0x0/0x100 <-ksys_lseek+0x80/0xa0
        vfs_proc-2472  [001] ....  9529.685439: <stack trace>
 => 0xffffffffc014d061
 => ext4_llseek+0x5/0x100
 => ksys_lseek+0x80/0xa0
 => do_syscall_64+0x48/0x120
 => entry_SYSCALL_64_after_hwframe+0x44/0xa9
        vfs_proc-2472  [001] ....  9529.685439: sys_exit: NR 8 = 0
        vfs_proc-2472  [001] ....  9529.685439: sys_enter: NR 0 (3, 7ffd57b77b10, 100, 0, 7ffd57b77b10, 0)
        vfs_proc-2472  [001] ....  9529.685439: ext4_file_read_iter+0x0/0x40 <-new_sync_read+0x114/0x1a0
        vfs_proc-2472  [001] ....  9529.685439: <stack trace>
 => 0xffffffffc014d061
 => ext4_file_read_iter+0x5/0x40
 => new_sync_read+0x114/0x1a0
 => vfs_read+0x89/0x130
 => ksys_read+0xa1/0xe0
 => do_syscall_64+0x48/0x120
 => entry_SYSCALL_64_after_hwframe+0x44/0xa9
        vfs_proc-2472  [001] ....  9529.685439: sys_exit: NR 0 = 23
        vfs_proc-2472  [001] ....  9529.685439: sys_enter: NR 5 (1, 7ffd57b77330, 7ffd57b77330, 0, 7f78b18614c0, 0)
        vfs_proc-2472  [001] ....  9529.685439: sys_exit: NR 5 = 0
        vfs_proc-2472  [001] ....  9529.685439: sys_enter: NR 12 (0, 7f78b1643c40, 20270, fffffffffffff000, 2, 0)
        vfs_proc-2472  [001] ....  9529.685439: sys_exit: NR 12 = 94616098553856
        vfs_proc-2472  [001] ....  9529.685439: sys_enter: NR 12 (560d86f3d000, 7f78b1643c40, 560d86f1c000, fffffffffffff000, 2, 0)
        vfs_proc-2472  [001] ....  9529.685439: sys_exit: NR 12 = 94616098689024
        vfs_proc-2472  [001] ....  9529.685439: sys_enter: NR 1 (1, 560d86f1c260, 1d, ffffffe9, 7ffd57b77b10, 7f78b13c6930)
        vfs_proc-2472  [001] ....  9529.685439: sys_exit: NR 1 = 29
        vfs_proc-2472  [001] ....  9529.685439: sys_enter: NR 1 (3, 7ffd57b77b04, b, ffffffe9, 0, 17)
        vfs_proc-2472  [001] ....  9529.685439: ext4_file_write_iter+0x0/0x3b0 <-new_sync_write+0x11b/0x1b0
        vfs_proc-2472  [001] ....  9529.685439: <stack trace>
 => 0xffffffffc014d061
 => ext4_file_write_iter+0x5/0x3b0
 => new_sync_write+0x11b/0x1b0
 => vfs_write+0xad/0x1a0
 => ksys_write+0xa1/0xe0
 => do_syscall_64+0x48/0x120
 => entry_SYSCALL_64_after_hwframe+0x44/0xa9
        vfs_proc-2472  [001] ....  9529.685439: sys_exit: NR 1 = 11
        vfs_proc-2472  [001] ....  9529.685439: sys_enter: NR 74 (3, 7ffd57b77b04, b, ffffffe9, 0, 17)
        vfs_proc-2472  [001] ....  9529.685439: ext4_sync_file+0x0/0x3d0 <-do_fsync+0x38/0x60
        vfs_proc-2472  [001] ....  9529.685439: <stack trace>
 => 0xffffffffc014d061
 => ext4_sync_file+0x5/0x3d0
 => do_fsync+0x38/0x60
 => __x64_sys_fsync+0x10/0x20
 => do_syscall_64+0x48/0x120
 => entry_SYSCALL_64_after_hwframe+0x44/0xa9
          <idle>-0     [003] d...  9529.687294: sched_switch: prev_comm=swapper/3 prev_pid=0 prev_prio=120 prev_state=R ==> next_comm=kworker/u8:2 next_pid=2357 next_prio=120
    kworker/u8:2-2357  [003] d...  9529.687294: sched_switch: prev_comm=kworker/u8:2 prev_pid=2357 prev_prio=120 prev_state=I ==> next_comm=swapper/3 next_pid=0 next_prio=120
        vfs_proc-2472  [001] d...  9529.687294: sched_switch: prev_comm=vfs_proc prev_pid=2472 prev_prio=120 prev_state=D ==> next_comm=swapper/1 next_pid=0 next_prio=120
          <idle>-0     [000] d...  9529.687993: sched_switch: prev_comm=swapper/0 prev_pid=0 prev_prio=120 prev_state=R ==> next_comm=sshd next_pid=980 next_prio=120
            sshd-980   [000] ....  9529.687993: sys_exit: NR 23 = 1
            sshd-980   [000] ....  9529.687993: sys_enter: NR 14 (0, 7ffee0218580, 7ffee0218500, 8, 0, 1000)
            sshd-980   [000] ....  9529.687993: sys_exit: NR 14 = 0
            sshd-980   [000] ....  9529.687993: sys_enter: NR 14 (2, 7ffee0218500, 0, 8, 0, 1000)
            sshd-980   [000] ....  9529.687993: sys_exit: NR 14 = 0
            sshd-980   [000] ....  9529.687993: sys_enter: NR 228 (7, 7ffee02185a0, 7ffee02185a0, 8, 7ffee02e50f0, 7ffee02185a0)
          <idle>-0     [003] d...  9529.688520: sched_switch: prev_comm=swapper/3 prev_pid=0 prev_prio=120 prev_state=R ==> next_comm=rcu_sched next_pid=10 next_prio=120
       rcu_sched-10    [003] d...  9529.688520: sched_switch: prev_comm=rcu_sched prev_pid=10 prev_prio=120 prev_state=I ==> next_comm=swapper/3 next_pid=0 next_prio=120
            sshd-980   [000] ....  9529.688520: sys_exit: NR 228 = 0
            sshd-980   [000] ....  9529.688520: sys_enter: NR 0 (b, 7ffee02144e0, 4000, 8, 7ffee02e50f0, 7ffee02185a0)
            sshd-980   [000] ....  9529.688520: sys_exit: NR 0 = 30
            sshd-980   [000] ....  9529.688520: sys_enter: NR 39 (557f11c39ecc, 8, 2c, 0, 1, 100)
            sshd-980   [000] ....  9529.688520: sys_exit: NR 39 = 980
            sshd-980   [000] ....  9529.688520: sys_enter: NR 228 (7, 7ffee02184f0, 7ffee02184f0, 0, 7ffee02e50f0, 7ffee02184f0)
            sshd-980   [000] ....  9529.688520: sys_exit: NR 228 = 0
            sshd-980   [000] ....  9529.688520: sys_enter: NR 23 (c, 557f11c3c8a0, 557f11c52f90, 0, 0, 1000)
            sshd-980   [000] ....  9529.688520: sys_exit: NR 23 = 1
            sshd-980   [000] ....  9529.688520: sys_enter: NR 14 (0, 7ffee0218580, 7ffee0218500, 8, 0, 1000)
            sshd-980   [000] ....  9529.688520: sys_exit: NR 14 = 0
            sshd-980   [000] ....  9529.688520: sys_enter: NR 14 (2, 7ffee0218500, 0, 8, 0, 1000)
            sshd-980   [000] ....  9529.688520: sys_exit: NR 14 = 0
            sshd-980   [000] ....  9529.688520: sys_enter: NR 228 (7, 7ffee02185a0, 7ffee02185a0, 8, 7ffee02e50f0, 7ffee02185a0)
          <idle>-0     [001] d...  9529.688675: sched_switch: prev_comm=swapper/1 prev_pid=0 prev_prio=120 prev_state=R ==> next_comm=vfs_proc next_pid=2472 next_prio=120
            sshd-980   [000] ....  9529.688675: sys_exit: NR 228 = 0
            sshd-980   [000] ....  9529.688675: sys_enter: NR 1 (3, 557f11c57b30, 44, 8, 7ffee02e50f0, 7ffee02185a0)
        vfs_proc-2472  [001] d...  9529.688675: sched_switch: prev_comm=vfs_proc prev_pid=2472 prev_prio=120 prev_state=D ==> next_comm=swapper/1 next_pid=0 next_prio=120
          <idle>-0     [002] d...  9529.690165: sched_switch: prev_comm=swapper/2 prev_pid=0 prev_prio=120 prev_state=R ==> next_comm=jbd2/sda2-8 next_pid=287 next_prio=120
     jbd2/sda2-8-287   [002] d...  9529.690165: sched_switch: prev_comm=jbd2/sda2-8 prev_pid=287 prev_prio=120 prev_state=D ==> next_comm=swapper/2 next_pid=0 next_prio=120
          <idle>-0     [002] d...  9529.692396: sched_switch: prev_comm=swapper/2 prev_pid=0 prev_prio=120 prev_state=R ==> next_comm=jbd2/sda2-8 next_pid=287 next_prio=120
          <idle>-0     [003] d...  9529.694875: sched_switch: prev_comm=swapper/3 prev_pid=0 prev_prio=120 prev_state=R ==> next_comm=rcu_sched next_pid=10 next_prio=120
       rcu_sched-10    [003] d...  9529.694875: sched_switch: prev_comm=rcu_sched prev_pid=10 prev_prio=120 prev_state=I ==> next_comm=swapper/3 next_pid=0 next_prio=120
     jbd2/sda2-8-287   [002] d...  9529.701130: sched_switch: prev_comm=jbd2/sda2-8 prev_pid=287 prev_prio=120 prev_state=R+ ==> next_comm=kworker/2:1H next_pid=175 next_prio=100
    kworker/2:1H-175   [002] d...  9529.701130: sched_switch: prev_comm=kworker/2:1H prev_pid=175 prev_prio=100 prev_state=I ==> next_comm=jbd2/sda2-8 next_pid=287 next_prio=120
     jbd2/sda2-8-287   [002] d...  9529.702130: sched_switch: prev_comm=jbd2/sda2-8 prev_pid=287 prev_prio=120 prev_state=D ==> next_comm=kworker/2:0 next_pid=2421 next_prio=120
     kworker/2:0-2421  [002] d...  9529.703761: sched_switch: prev_comm=kworker/2:0 prev_pid=2421 prev_prio=120 prev_state=I ==> next_comm=swapper/2 next_pid=0 next_prio=120
            sshd-980   [000] d...  9529.703761: sched_switch: prev_comm=sshd prev_pid=980 prev_prio=120 prev_state=R+ ==> next_comm=ksoftirqd/0 next_pid=9 next_prio=120
     ksoftirqd/0-9     [000] d...  9529.703949: sched_switch: prev_comm=ksoftirqd/0 prev_pid=9 prev_prio=120 prev_state=S ==> next_comm=sshd next_pid=980 next_prio=120
            sshd-980   [000] ....  9529.703949: sys_exit: NR 1 = 68
            sshd-980   [000] ....  9529.703949: sys_enter: NR 228 (7, 7ffee02184f0, 7ffee02184f0, 0, 7ffee02e50f0, 7ffee02184f0)
            sshd-980   [000] ....  9529.704515: sys_exit: NR 228 = 0
            sshd-980   [000] ....  9529.704515: sys_enter: NR 23 (c, 557f11c3c8a0, 557f11c52f90, 0, 0, 1000)
            sshd-980   [000] d...  9529.704515: sched_switch: prev_comm=sshd prev_pid=980 prev_prio=120 prev_state=S ==> next_comm=swapper/0 next_pid=0 next_prio=120
          <idle>-0     [003] d...  9529.704949: sched_switch: prev_comm=swapper/3 prev_pid=0 prev_prio=120 prev_state=R ==> next_comm=rcu_sched next_pid=10 next_prio=120
       rcu_sched-10    [003] d...  9529.704949: sched_switch: prev_comm=rcu_sched prev_pid=10 prev_prio=120 prev_state=I ==> next_comm=swapper/3 next_pid=0 next_prio=120
          <idle>-0     [002] d...  9529.707135: sched_switch: prev_comm=swapper/2 prev_pid=0 prev_prio=120 prev_state=R ==> next_comm=kworker/2:1H next_pid=175 next_prio=100
    kworker/2:1H-175   [002] d...  9529.707135: sched_switch: prev_comm=kworker/2:1H prev_pid=175 prev_prio=100 prev_state=I ==> next_comm=swapper/2 next_pid=0 next_prio=120
          <idle>-0     [002] d...  9529.708423: sched_switch: prev_comm=swapper/2 prev_pid=0 prev_prio=120 prev_state=R ==> next_comm=kworker/2:1H next_pid=175 next_prio=100
    kworker/2:1H-175   [002] d...  9529.708423: sched_switch: prev_comm=kworker/2:1H prev_pid=175 prev_prio=100 prev_state=I ==> next_comm=swapper/2 next_pid=0 next_prio=120
          <idle>-0     [003] d...  9529.708558: sched_switch: prev_comm=swapper/3 prev_pid=0 prev_prio=120 prev_state=R ==> next_comm=rcu_sched next_pid=10 next_prio=120
       rcu_sched-10    [003] d...  9529.708558: sched_switch: prev_comm=rcu_sched prev_pid=10 prev_prio=120 prev_state=I ==> next_comm=swapper/3 next_pid=0 next_prio=120
          <idle>-0     [002] d...  9529.711731: sched_switch: prev_comm=swapper/2 prev_pid=0 prev_prio=120 prev_state=R ==> next_comm=jbd2/sda2-8 next_pid=287 next_prio=120
     jbd2/sda2-8-287   [002] d...  9529.711731: sched_switch: prev_comm=jbd2/sda2-8 prev_pid=287 prev_prio=120 prev_state=S ==> next_comm=swapper/2 next_pid=0 next_prio=120
          <idle>-0     [001] d...  9529.711845: sched_switch: prev_comm=swapper/1 prev_pid=0 prev_prio=120 prev_state=R ==> next_comm=vfs_proc next_pid=2472 next_prio=120
        vfs_proc-2472  [001] ....  9529.711845: sys_exit: NR 74 = 0
        vfs_proc-2472  [001] ....  9529.711845: sys_enter: NR 3 (3, 7ffd57b77b04, b, ffffffe9, 0, 17)
        vfs_proc-2472  [001] ....  9529.711845: __close_fd+0x0/0x80 <-__x64_sys_close+0x1e/0x50
        vfs_proc-2472  [001] ....  9529.711845: <stack trace>
 => 0xffffffffc014d061
 => __close_fd+0x5/0x80
 => __x64_sys_close+0x1e/0x50
 => do_syscall_64+0x48/0x120
 => entry_SYSCALL_64_after_hwframe+0x44/0xa9
        vfs_proc-2472  [001] ....  9529.711845: sys_exit: NR 3 = 0
        vfs_proc-2472  [001] ....  9529.711845: sys_enter: NR 1 (1, 560d86f1c260, b, 2, 0, 0)
        vfs_proc-2472  [001] ....  9529.712845: sys_exit: NR 1 = 11
        vfs_proc-2472  [001] ....  9529.712845: sys_enter: NR 231 (0, 3c, 0, 2, e7, ffffffffffffff80)
        vfs_proc-2472  [001] d...  9529.712845: sched_switch: prev_comm=vfs_proc prev_pid=2472 prev_prio=120 prev_state=Z ==> next_comm=swapper/1 next_pid=0 next_prio=120
          <idle>-0     [003] d...  9529.712845: sched_switch: prev_comm=swapper/3 prev_pid=0 prev_prio=120 prev_state=R ==> next_comm=kworker/u8:2 next_pid=2357 next_prio=120
    kworker/u8:2-2357  [003] d...  9529.712845: sched_switch: prev_comm=kworker/u8:2 prev_pid=2357 prev_prio=120 prev_state=I ==> next_comm=bash next_pid=981 next_prio=120
            bash-981   [003] ....  9529.712845: sys_exit: NR 61 = 2472
            bash-981   [003] ....  9529.712845: sys_enter: NR 14 (0, 7ffe8fac9a50, 7ffe8fac9ad0, 8, 55ee543a0d60, 55ee5450b290)
            bash-981   [003] ....  9529.712845: sys_exit: NR 14 = 0
            bash-981   [003] ....  9529.712845: sys_enter: NR 16 (ff, 5410, 7ffe8fac9a3c, 8, 55ee543a0d60, 55ee5450b290)
            bash-981   [003] ....  9529.712845: sys_exit: NR 16 = 0
            bash-981   [003] ....  9529.712845: sys_enter: NR 14 (2, 7ffe8fac9ad0, 0, 8, 55ee543a0d60, 55ee5450b290)
            bash-981   [003] ....  9529.712845: sys_exit: NR 14 = 0
            bash-981   [003] ....  9529.712845: sys_enter: NR 16 (ff, 5401, 7ffe8fac9b30, 8, 55ee529acf20, 55ee5450b290)
            bash-981   [003] ....  9529.712845: sys_exit: NR 16 = 0
            bash-981   [003] ....  9529.712845: sys_enter: NR 16 (ff, 5413, 7ffe8fac9b40, 8, 55ee529acf20, 55ee5450b290)
            bash-981   [003] ....  9529.712845: sys_exit: NR 16 = 0
            bash-981   [003] ....  9529.712845: sys_enter: NR 14 (2, 7ffe8fac9c10, 0, 8, 55ee543a0d60, 7)
            bash-981   [003] ....  9529.712845: sys_exit: NR 14 = 0
            bash-981   [003] ....  9529.712845: sys_enter: NR 61 (ffffffff, 7ffe8fac9690, b, 0, 55ee543a0d60, 7)
            bash-981   [003] ....  9529.712845: sys_exit: NR 61 = -10
            bash-981   [003] ....  9529.712845: sys_enter: NR 15 (ffffffff, 7ffe8fac9690, ffffffffffffff80, 0, 55ee543a0d60, 7)
            bash-981   [003] ....  9529.712845: sys_exit: NR -1 = 0
            bash-981   [003] ....  9529.712845: sys_enter: NR 13 (2, 7ffe8fac9b30, 7ffe8fac9bd0, 8, 7ffe8fac9d20, 7)
            bash-981   [003] ....  9529.712845: sys_exit: NR 13 = 0
            bash-981   [003] ....  9529.713680: sys_enter: NR 14 (0, 7ffe8fac8c90, 7ffe8fac8d10, 8, 55ee543a0d60, 754078756e696c6c)
            bash-981   [003] ....  9529.713680: sys_exit: NR 14 = 0
            bash-981   [003] ....  9529.713680: sys_enter: NR 16 (ff, 5410, 7ffe8fac8c7c, 8, 55ee543a0d60, 754078756e696c6c)
            bash-981   [003] ....  9529.713680: sys_exit: NR 16 = 0
            bash-981   [003] ....  9529.713680: sys_enter: NR 14 (2, 7ffe8fac8d10, 0, 8, 55ee543a0d60, 754078756e696c6c)
            bash-981   [003] ....  9529.713680: sys_exit: NR 14 = 0
            bash-981   [003] ....  9529.713680: sys_enter: NR 13 (2, 7ffe8fac8b10, 7ffe8fac8bb0, 8, 7ffe8fac8d00, 754078756e696c6c)
            bash-981   [003] ....  9529.713680: sys_exit: NR 13 = 0
          <idle>-0     [000] d...  9529.715013: sched_switch: prev_comm=swapper/0 prev_pid=0 prev_prio=120 prev_state=R ==> next_comm=sshd next_pid=980 next_prio=120
            bash-981   [003] ....  9529.715013: sys_enter: NR 16 (0, 5413, 7ffe8fac8d00, 0, c401, 1)
            bash-981   [003] ....  9529.715013: sys_exit: NR 16 = 0
            sshd-980   [000] ....  9529.715013: sys_exit: NR 23 = 1
            bash-981   [003] ....  9529.715013: sys_enter: NR 16 (0, 5414, 7ffe8fac8d00, 0, c401, 1)
            bash-981   [003] ....  9529.715013: sys_exit: NR 16 = 0
            bash-981   [003] ....  9529.715013: sys_enter: NR 16 (0, 5401, 7ffe8fac8cd0, 0, 7ffe8fac8d30, 1)
            bash-981   [003] ....  9529.715013: sys_exit: NR 16 = 0
            sshd-980   [000] ....  9529.715013: sys_enter: NR 14 (0, 7ffee0218580, 7ffee0218500, 8, 0, 1000)
            sshd-980   [000] ....  9529.715013: sys_exit: NR 14 = 0
            bash-981   [003] ....  9529.715013: sys_enter: NR 16 (0, 5401, 7ffe8fac8cc0, 1, 55ee529a9400, 7ffe8fac8d30)
            sshd-980   [000] ....  9529.715013: sys_enter: NR 14 (2, 7ffee0218500, 0, 8, 0, 1000)
            bash-981   [003] ....  9529.715013: sys_exit: NR 16 = 0
            sshd-980   [000] ....  9529.715013: sys_exit: NR 14 = 0
            bash-981   [003] ....  9529.715013: sys_enter: NR 16 (0, 5403, 7ffe8fac8c90, 10, 0, 7ffe8fac8d30)
            sshd-980   [000] ....  9529.715013: sys_enter: NR 228 (7, 7ffee02185a0, 7ffee02185a0, 8, 7ffee02e50f0, 7ffee02185a0)
            bash-981   [003] ....  9529.715013: sys_exit: NR 16 = 0
            bash-981   [003] ....  9529.715013: sys_enter: NR 16 (0, 5401, 7ffe8fac8c90, 10, ffffffffffffff80, 7ffe8fac8d30)
