       rcu_sched-10    [000] d...  7785.225214: sched_switch: prev_comm=rcu_sched prev_pid=10 prev_prio=120 prev_state=I ==> next_comm=sshd next_pid=980 next_prio=120
     jbd2/sda2-8-287   [002] d...  7785.225214: sched_switch: prev_comm=jbd2/sda2-8 prev_pid=287 prev_prio=120 prev_state=D ==> next_comm=vfs_proc next_pid=2154 next_prio=120
        vfs_proc-2154  [002] d...  7785.225214: sched_switch: prev_comm=vfs_proc prev_pid=2154 prev_prio=120 prev_state=D ==> next_comm=swapper/2 next_pid=0 next_prio=120
            sshd-980   [000] ....  7785.226214: sys_enter: NR 0 (b, 7ffee02144e0, 4000, 8, 7ffee02e50f0, 7ffee02185a0)
            sshd-980   [000] ....  7785.226214: sys_exit: NR 0 = 34
            sshd-980   [000] ....  7785.226214: sys_enter: NR 39 (557f11c39ed0, 4, 30, 0, 1, 100)
            sshd-980   [000] ....  7785.226214: sys_exit: NR 39 = 980
            sshd-980   [000] ....  7785.226214: sys_enter: NR 228 (7, 7ffee02184f0, 7ffee02184f0, 0, 7ffee02e50f0, 7ffee02184f0)
            sshd-980   [000] ....  7785.228136: sys_exit: NR 228 = 0
            sshd-980   [000] ....  7785.228136: sys_enter: NR 23 (c, 557f11c3c8a0, 557f11c52f90, 0, 0, 1000)
            sshd-980   [000] ....  7785.228136: sys_exit: NR 23 = 1
            sshd-980   [000] ....  7785.228136: sys_enter: NR 14 (0, 7ffee0218580, 7ffee0218500, 8, 0, 1000)
            sshd-980   [000] ....  7785.228136: sys_exit: NR 14 = 0
            sshd-980   [000] ....  7785.228136: sys_enter: NR 14 (2, 7ffee0218500, 0, 8, 0, 1000)
            sshd-980   [000] ....  7785.228136: sys_exit: NR 14 = 0
            sshd-980   [000] ....  7785.228136: sys_enter: NR 228 (7, 7ffee02185a0, 7ffee02185a0, 8, 7ffee02e50f0, 7ffee02185a0)
            sshd-980   [000] ....  7785.228136: sys_exit: NR 228 = 0
            sshd-980   [000] ....  7785.228136: sys_enter: NR 1 (3, 557f11c57b30, 44, 8, 7ffee02e50f0, 7ffee02185a0)
          <idle>-0     [002] d...  7785.228136: sched_switch: prev_comm=swapper/2 prev_pid=0 prev_prio=120 prev_state=R ==> next_comm=jbd2/sda2-8 next_pid=287 next_prio=120
     jbd2/sda2-8-287   [002] d...  7785.228136: sched_switch: prev_comm=jbd2/sda2-8 prev_pid=287 prev_prio=120 prev_state=D ==> next_comm=ksoftirqd/2 next_pid=20 next_prio=120
     ksoftirqd/2-20    [002] d...  7785.228136: sched_switch: prev_comm=ksoftirqd/2 prev_pid=20 prev_prio=120 prev_state=S ==> next_comm=kworker/2:1H next_pid=175 next_prio=100
    kworker/2:1H-175   [002] d...  7785.228136: sched_switch: prev_comm=kworker/2:1H prev_pid=175 prev_prio=100 prev_state=I ==> next_comm=swapper/2 next_pid=0 next_prio=120
            sshd-980   [000] d...  7785.230203: sched_switch: prev_comm=sshd prev_pid=980 prev_prio=120 prev_state=R+ ==> next_comm=rcu_sched next_pid=10 next_prio=120
       rcu_sched-10    [000] d...  7785.230203: sched_switch: prev_comm=rcu_sched prev_pid=10 prev_prio=120 prev_state=I ==> next_comm=sshd next_pid=980 next_prio=120
            sshd-980   [000] ....  7785.230203: sys_exit: NR 1 = 68
            sshd-980   [000] ....  7785.230203: sys_enter: NR 228 (7, 7ffee02184f0, 7ffee02184f0, 0, 7ffee02e50f0, 7ffee02184f0)
            sshd-980   [000] ....  7785.230203: sys_exit: NR 228 = 0
            sshd-980   [000] ....  7785.230203: sys_enter: NR 23 (c, 557f11c3c8a0, 557f11c52f90, 0, 0, 1000)
            sshd-980   [000] d...  7785.230203: sched_switch: prev_comm=sshd prev_pid=980 prev_prio=120 prev_state=S ==> next_comm=swapper/0 next_pid=0 next_prio=120
          <idle>-0     [002] d...  7785.232285: sched_switch: prev_comm=swapper/2 prev_pid=0 prev_prio=120 prev_state=R ==> next_comm=kworker/2:1H next_pid=175 next_prio=100
    kworker/2:1H-175   [002] d...  7785.232285: sched_switch: prev_comm=kworker/2:1H prev_pid=175 prev_prio=100 prev_state=I ==> next_comm=swapper/2 next_pid=0 next_prio=120
          <idle>-0     [002] d...  7785.233830: sched_switch: prev_comm=swapper/2 prev_pid=0 prev_prio=120 prev_state=R ==> next_comm=kworker/2:1H next_pid=175 next_prio=100
    kworker/2:1H-175   [002] d...  7785.233830: sched_switch: prev_comm=kworker/2:1H prev_pid=175 prev_prio=100 prev_state=I ==> next_comm=swapper/2 next_pid=0 next_prio=120
          <idle>-0     [000] d...  7785.233830: sched_switch: prev_comm=swapper/0 prev_pid=0 prev_prio=120 prev_state=R ==> next_comm=rcu_sched next_pid=10 next_prio=120
       rcu_sched-10    [000] d...  7785.233830: sched_switch: prev_comm=rcu_sched prev_pid=10 prev_prio=120 prev_state=I ==> next_comm=swapper/0 next_pid=0 next_prio=120
          <idle>-0     [002] d...  7785.237587: sched_switch: prev_comm=swapper/2 prev_pid=0 prev_prio=120 prev_state=R ==> next_comm=jbd2/sda2-8 next_pid=287 next_prio=120
     jbd2/sda2-8-287   [002] d...  7785.237587: sched_switch: prev_comm=jbd2/sda2-8 prev_pid=287 prev_prio=120 prev_state=S ==> next_comm=vfs_proc next_pid=2154 next_prio=120
        vfs_proc-2154  [002] ....  7785.237587: sys_exit: NR 74 = 0
        vfs_proc-2154  [002] ....  7785.237587: sys_enter: NR 3 (3, 7ffdff2de224, b, ffffffe7, 0, 19)
        vfs_proc-2154  [002] ....  7785.237587: __close_fd+0x0/0x80 <-__x64_sys_close+0x1e/0x50
        vfs_proc-2154  [002] ....  7785.237587: <stack trace>
 => 0xffffffffc014d061
 => __close_fd+0x5/0x80
 => __x64_sys_close+0x1e/0x50
 => do_syscall_64+0x48/0x120
 => entry_SYSCALL_64_after_hwframe+0x44/0xa9
        vfs_proc-2154  [002] ....  7785.237587: sys_exit: NR 3 = 0
        vfs_proc-2154  [002] ....  7785.237587: sys_enter: NR 1 (1, 558f56f2a260, b, 2, 0, 0)
        vfs_proc-2154  [002] ....  7785.237587: sys_exit: NR 1 = 11
        vfs_proc-2154  [002] ....  7785.237587: sys_enter: NR 231 (0, 3c, 0, 2, e7, ffffffffffffff80)
        vfs_proc-2154  [002] d...  7785.237587: sched_switch: prev_comm=vfs_proc prev_pid=2154 prev_prio=120 prev_state=Z ==> next_comm=swapper/2 next_pid=0 next_prio=120
          <idle>-0     [001] d...  7785.239066: sched_switch: prev_comm=swapper/1 prev_pid=0 prev_prio=120 prev_state=R ==> next_comm=kworker/u8:1 next_pid=2086 next_prio=120
    kworker/u8:1-2086  [001] d...  7785.239066: sched_switch: prev_comm=kworker/u8:1 prev_pid=2086 prev_prio=120 prev_state=I ==> next_comm=bash next_pid=2094 next_prio=120
            bash-2094  [001] ....  7785.239066: sys_exit: NR 61 = 2154
            bash-2094  [001] ....  7785.239066: sys_enter: NR 14 (0, 7ffe12632370, 7ffe126323f0, 8, 55b8236c1270, 55b8236ee1e0)
            bash-2094  [001] ....  7785.239066: sys_exit: NR 14 = 0
            bash-2094  [001] ....  7785.239066: sys_enter: NR 16 (ff, 5410, 7ffe1263235c, 8, 55b8236c1270, 55b8236ee1e0)
            bash-2094  [001] ....  7785.239066: sys_exit: NR 16 = 0
            bash-2094  [001] ....  7785.239066: sys_enter: NR 14 (2, 7ffe126323f0, 0, 8, 55b8236c1270, 55b8236ee1e0)
            bash-2094  [001] ....  7785.239066: sys_exit: NR 14 = 0
            bash-2094  [001] ....  7785.239066: sys_enter: NR 16 (ff, 5401, 7ffe12632450, 8, 55b822903f20, 55b8236ee1e0)
            bash-2094  [001] ....  7785.239066: sys_exit: NR 16 = 0
            bash-2094  [001] ....  7785.239066: sys_enter: NR 16 (ff, 5413, 7ffe12632460, 8, 55b822903f20, 55b8236ee1e0)
            bash-2094  [001] ....  7785.239066: sys_exit: NR 16 = 0
            bash-2094  [001] ....  7785.239066: sys_enter: NR 14 (2, 7ffe12632530, 0, 8, 55b8236c1270, 7)
            bash-2094  [001] ....  7785.239066: sys_exit: NR 14 = 0
            bash-2094  [001] ....  7785.239066: sys_enter: NR 61 (ffffffff, 7ffe12631fd0, b, 0, 55b8236c1270, 7)
            bash-2094  [001] ....  7785.239066: sys_exit: NR 61 = -10
            bash-2094  [001] ....  7785.239066: sys_enter: NR 15 (ffffffff, 7ffe12631fd0, ffffffffffffff80, 0, 55b8236c1270, 7)
            bash-2094  [001] ....  7785.239066: sys_exit: NR -1 = 0
            bash-2094  [001] ....  7785.239066: sys_enter: NR 13 (2, 7ffe12632450, 7ffe126324f0, 8, 7ffe12632640, 7)
            bash-2094  [001] ....  7785.239066: sys_exit: NR 13 = 0
            bash-2094  [001] ....  7785.239066: sys_enter: NR 14 (0, 7ffe126315b0, 7ffe12631630, 8, 55b8236c1270, 75746e7562754074)
            bash-2094  [001] ....  7785.239066: sys_exit: NR 14 = 0
            bash-2094  [001] ....  7785.239066: sys_enter: NR 16 (ff, 5410, 7ffe1263159c, 8, 55b8236c1270, 75746e7562754074)
            bash-2094  [001] ....  7785.239066: sys_exit: NR 16 = 0
            bash-2094  [001] ....  7785.239066: sys_enter: NR 14 (2, 7ffe12631630, 0, 8, 55b8236c1270, 75746e7562754074)
            bash-2094  [001] ....  7785.239066: sys_exit: NR 14 = 0
            bash-2094  [001] ....  7785.239066: sys_enter: NR 13 (2, 7ffe12631430, 7ffe126314d0, 8, 7ffe12631620, 75746e7562754074)
            bash-2094  [001] ....  7785.239066: sys_exit: NR 13 = 0
            bash-2094  [001] ....  7785.239066: sys_enter: NR 16 (0, 5413, 7ffe12631620, 0, feff, 1)
            bash-2094  [001] ....  7785.239066: sys_exit: NR 16 = 0
            bash-2094  [001] ....  7785.239066: sys_enter: NR 16 (0, 5414, 7ffe12631620, 0, feff, 1)
            bash-2094  [001] ....  7785.239066: sys_exit: NR 16 = 0
            bash-2094  [001] ....  7785.239066: sys_enter: NR 16 (0, 5401, 7ffe126315f0, 0, 7ffe12631650, 1)
            bash-2094  [001] ....  7785.239066: sys_exit: NR 16 = 0
            bash-2094  [001] ....  7785.239066: sys_enter: NR 16 (0, 5401, 7ffe126315e0, 1, 55b822900400, 7ffe12631650)
            bash-2094  [001] ....  7785.239066: sys_exit: NR 16 = 0
            bash-2094  [001] ....  7785.239066: sys_enter: NR 16 (0, 5403, 7ffe126315b0, 10, 0, 7ffe12631650)
            bash-2094  [001] ....  7785.239066: sys_exit: NR 16 = 0
            bash-2094  [001] ....  7785.239066: sys_enter: NR 16 (0, 5401, 7ffe126315b0, 10, ffffffffffffff80, 7ffe12631650)
            bash-2094  [001] ....  7785.239066: sys_exit: NR 16 = 0
            bash-2094  [001] ....  7785.239066: sys_enter: NR 14 (0, 55b822905360, 55b8229052e0, 8, 1, 7f1c68ecb740)
            bash-2094  [001] ....  7785.239066: sys_exit: NR 14 = 0
            bash-2094  [001] ....  7785.239066: sys_enter: NR 13 (2, 7ffe12631290, 7ffe12631330, 8, 7ffe126313e0, 7f1c68ecb740)
            bash-2094  [001] ....  7785.239066: sys_exit: NR 13 = 0
            bash-2094  [001] ....  7785.239066: sys_enter: NR 13 (f, 7ffe12631290, 7ffe12631330, 8, 7ffe126313e0, 7f1c68ecb740)
            bash-2094  [001] ....  7785.239066: sys_exit: NR 13 = 0
            bash-2094  [001] ....  7785.239066: sys_enter: NR 13 (1, 7ffe12631290, 7ffe12631330, 8, 7ffe126313e0, 7f1c68ecb740)
            bash-2094  [001] ....  7785.239066: sys_exit: NR 13 = 0
            bash-2094  [001] ....  7785.239066: sys_enter: NR 13 (3, 7ffe12631290, 7ffe12631330, 8, 7ffe126313e0, 7f1c68ecb740)
            bash-2094  [001] ....  7785.239066: sys_exit: NR 13 = 0
            bash-2094  [001] ....  7785.239066: sys_enter: NR 13 (3, 7ffe12631400, 7ffe126314a0, 8, 7ffe12631550, 7f1c68ecb740)
            bash-2094  [001] ....  7785.239066: sys_exit: NR 13 = 0
            bash-2094  [001] ....  7785.239066: sys_enter: NR 13 (e, 7ffe12631360, 7ffe12631400, 8, 7ffe126314b0, 7f1c68ecb740)
            bash-2094  [001] ....  7785.239066: sys_exit: NR 13 = 0
            bash-2094  [001] ....  7785.239066: sys_enter: NR 13 (14, 7ffe12631290, 7ffe12631330, 8, 7ffe126313e0, 7f1c68ecb740)
            bash-2094  [001] ....  7785.239066: sys_exit: NR 13 = 0
            bash-2094  [001] ....  7785.239066: sys_enter: NR 13 (14, 7ffe12631400, 7ffe126314a0, 8, 7ffe12631550, 7f1c68ecb740)
            bash-2094  [001] ....  7785.239066: sys_exit: NR 13 = 0
            bash-2094  [001] ....  7785.239066: sys_enter: NR 13 (16, 7ffe12631290, 7ffe12631330, 8, 7ffe126313e0, 7f1c68ecb740)
            bash-2094  [001] ....  7785.239066: sys_exit: NR 13 = 0
            bash-2094  [001] ....  7785.239066: sys_enter: NR 13 (16, 7ffe12631400, 7ffe126314a0, 8, 7ffe12631550, 7f1c68ecb740)
            bash-2094  [001] ....  7785.239066: sys_exit: NR 13 = 0
            bash-2094  [001] ....  7785.239066: sys_enter: NR 13 (15, 7ffe12631290, 7ffe12631330, 8, 7ffe126313e0, 7f1c68ecb740)
            bash-2094  [001] ....  7785.239066: sys_exit: NR 13 = 0
            bash-2094  [001] ....  7785.239066: sys_enter: NR 13 (15, 7ffe12631400, 7ffe126314a0, 8, 7ffe12631550, 7f1c68ecb740)
            bash-2094  [001] ....  7785.239066: sys_exit: NR 13 = 0
            bash-2094  [001] ....  7785.239066: sys_enter: NR 14 (2, 55b8229052e0, 0, 8, 7ffe12631550, 7f1c68ecb740)
            bash-2094  [001] ....  7785.239066: sys_exit: NR 14 = 0
            bash-2094  [001] ....  7785.239066: sys_enter: NR 13 (1c, 7ffe12631290, 7ffe12631330, 8, 7ffe126313e0, 7f1c68ecb740)
            bash-2094  [001] ....  7785.239066: sys_exit: NR 13 = 0
            bash-2094  [001] ....  7785.239066: sys_enter: NR 1 (2, 55b8236ec2a0, 58, 0, 7f1c688858b0, 7f1c68ecb740)
            bash-2094  [001] .N..  7785.239066: sys_exit: NR 1 = 88
            bash-2094  [001] d...  7785.239066: sched_switch: prev_comm=bash prev_pid=2094 prev_prio=120 prev_state=R ==> next_comm=kworker/u8:1 next_pid=2086 next_prio=120
    kworker/u8:1-2086  [001] d...  7785.239066: sched_switch: prev_comm=kworker/u8:1 prev_pid=2086 prev_prio=120 prev_state=I ==> next_comm=bash next_pid=2094 next_prio=120
            bash-2094  [001] ....  7785.239066: sys_enter: NR 270 (1, 7ffe126315e0, 0, 0, 0, 7ffe12631510)
          <idle>-0     [000] d...  7785.242059: sched_switch: prev_comm=swapper/0 prev_pid=0 prev_prio=120 prev_state=R ==> next_comm=sshd next_pid=980 next_prio=120
            sshd-980   [000] ....  7785.242059: sys_exit: NR 23 = 1
            sshd-980   [000] ....  7785.242059: sys_enter: NR 14 (0, 7ffee0218580, 7ffee0218500, 8, 0, 1000)
            sshd-980   [000] ....  7785.242059: sys_exit: NR 14 = 0
            sshd-980   [000] ....  7785.242059: sys_enter: NR 14 (2, 7ffee0218500, 0, 8, 0, 1000)
            sshd-980   [000] ....  7785.242059: sys_exit: NR 14 = 0
            sshd-980   [000] ....  7785.242059: sys_enter: NR 228 (7, 7ffee02185a0, 7ffee02185a0, 8, 7ffee02e50f0, 7ffee02185a0)
            sshd-980   [000] ....  7785.242059: sys_exit: NR 228 = 0
            sshd-980   [000] ....  7785.242059: sys_enter: NR 0 (b, 7ffee02144e0, 4000, 8, 7ffee02e50f0, 7ffee02185a0)
            sshd-980   [000] ....  7785.242059: sys_exit: NR 0 = 99
            sshd-980   [000] ....  7785.242059: sys_enter: NR 39 (557f11c39f11, b, 71, 0, 1, 100)
            sshd-980   [000] ....  7785.242059: sys_exit: NR 39 = 980
            sshd-980   [000] ....  7785.242059: sys_enter: NR 228 (7, 7ffee02184f0, 7ffee02184f0, 0, 7ffee02e50f0, 7ffee02184f0)
            sshd-980   [000] ....  7785.242059: sys_exit: NR 228 = 0
            sshd-980   [000] ....  7785.242059: sys_enter: NR 23 (c, 557f11c3c8a0, 557f11c52f90, 0, 0, 1000)
            sshd-980   [000] ....  7785.242059: sys_exit: NR 23 = 1
            sshd-980   [000] ....  7785.242059: sys_enter: NR 14 (0, 7ffee0218580, 7ffee0218500, 8, 0, 1000)
            sshd-980   [000] ....  7785.242059: sys_exit: NR 14 = 0
            sshd-980   [000] ....  7785.242059: sys_enter: NR 14 (2, 7ffee0218500, 0, 8, 0, 1000)
            sshd-980   [000] ....  7785.242059: sys_exit: NR 14 = 0
            sshd-980   [000] ....  7785.242059: sys_enter: NR 228 (7, 7ffee02185a0, 7ffee02185a0, 8, 7ffee02e50f0, 7ffee02185a0)
            sshd-980   [000] ....  7785.242059: sys_exit: NR 228 = 0
            sshd-980   [000] ....  7785.242059: sys_enter: NR 1 (3, 557f11c57b30, 8c, 8, 7ffee02e50f0, 7ffee02185a0)
            bash-2094  [001] d...  7785.242059: sched_switch: prev_comm=bash prev_pid=2094 prev_prio=120 prev_state=S ==> next_comm=rcu_sched next_pid=10 next_prio=120
       rcu_sched-10    [001] d...  7785.242059: sched_switch: prev_comm=rcu_sched prev_pid=10 prev_prio=120 prev_state=I ==> next_comm=swapper/1 next_pid=0 next_prio=120
            sshd-980   [000] d...  7785.245455: sched_switch: prev_comm=sshd prev_pid=980 prev_prio=120 prev_state=R+ ==> next_comm=ksoftirqd/0 next_pid=9 next_prio=120
     ksoftirqd/0-9     [000] d...  7785.245455: sched_switch: prev_comm=ksoftirqd/0 prev_pid=9 prev_prio=120 prev_state=S ==> next_comm=sshd next_pid=980 next_prio=120
            sshd-980   [000] ....  7785.245455: sys_exit: NR 1 = 140
            sshd-980   [000] ....  7785.245455: sys_enter: NR 228 (7, 7ffee02184f0, 7ffee02184f0, 0, 7ffee02e50f0, 7ffee02184f0)
            sshd-980   [000] ....  7785.245455: sys_exit: NR 228 = 0
            sshd-980   [000] ....  7785.245455: sys_enter: NR 23 (c, 557f11c3c8a0, 557f11c52f90, 0, 0, 1000)
            sshd-980   [000] d...  7785.245455: sched_switch: prev_comm=sshd prev_pid=980 prev_prio=120 prev_state=S ==> next_comm=swapper/0 next_pid=0 next_prio=120
          <idle>-0     [001] d...  7785.245787: sched_switch: prev_comm=swapper/1 prev_pid=0 prev_prio=120 prev_state=R ==> next_comm=rcu_sched next_pid=10 next_prio=120
       rcu_sched-10    [001] d...  7785.245787: sched_switch: prev_comm=rcu_sched prev_pid=10 prev_prio=120 prev_state=I ==> next_comm=swapper/1 next_pid=0 next_prio=120
          <idle>-0     [001] d...  7785.251473: sched_switch: prev_comm=swapper/1 prev_pid=0 prev_prio=120 prev_state=R ==> next_comm=rcu_sched next_pid=10 next_prio=120
       rcu_sched-10    [001] d...  7785.251473: sched_switch: prev_comm=rcu_sched prev_pid=10 prev_prio=120 prev_state=I ==> next_comm=swapper/1 next_pid=0 next_prio=120
          <idle>-0     [001] d...  7785.253261: sched_switch: prev_comm=swapper/1 prev_pid=0 prev_prio=120 prev_state=R ==> next_comm=rcu_sched next_pid=10 next_prio=120
       rcu_sched-10    [001] d...  7785.253261: sched_switch: prev_comm=rcu_sched prev_pid=10 prev_prio=120 prev_state=I ==> next_comm=swapper/1 next_pid=0 next_prio=120
          <idle>-0     [001] d...  7785.276534: sched_switch: prev_comm=swapper/1 prev_pid=0 prev_prio=120 prev_state=R ==> next_comm=rcu_sched next_pid=10 next_prio=120
       rcu_sched-10    [001] d...  7785.276629: sched_switch: prev_comm=rcu_sched prev_pid=10 prev_prio=120 prev_state=I ==> next_comm=swapper/1 next_pid=0 next_prio=120
          <idle>-0     [003] d...  7785.276629: sched_switch: prev_comm=swapper/3 prev_pid=0 prev_prio=120 prev_state=R ==> next_comm=kworker/3:5 next_pid=994 next_prio=120
     kworker/3:5-994   [003] d...  7785.276629: sched_switch: prev_comm=kworker/3:5 prev_pid=994 prev_prio=120 prev_state=I ==> next_comm=swapper/3 next_pid=0 next_prio=120
          <idle>-0     [001] d...  7785.283678: sched_switch: prev_comm=swapper/1 prev_pid=0 prev_prio=120 prev_state=R ==> next_comm=rcu_sched next_pid=10 next_prio=120
       rcu_sched-10    [001] d...  7785.283678: sched_switch: prev_comm=rcu_sched prev_pid=10 prev_prio=120 prev_state=I ==> next_comm=swapper/1 next_pid=0 next_prio=120
          <idle>-0     [001] d...  7785.295705: sched_switch: prev_comm=swapper/1 prev_pid=0 prev_prio=120 prev_state=R ==> next_comm=rcu_sched next_pid=10 next_prio=120
       rcu_sched-10    [001] d...  7785.295705: sched_switch: prev_comm=rcu_sched prev_pid=10 prev_prio=120 prev_state=I ==> next_comm=swapper/1 next_pid=0 next_prio=120
          <idle>-0     [001] d...  7785.305775: sched_switch: prev_comm=swapper/1 prev_pid=0 prev_prio=120 prev_state=R ==> next_comm=rcu_sched next_pid=10 next_prio=120
       rcu_sched-10    [001] d...  7785.305775: sched_switch: prev_comm=rcu_sched prev_pid=10 prev_prio=120 prev_state=I ==> next_comm=swapper/1 next_pid=0 next_prio=120
          <idle>-0     [000] d...  7785.698920: sched_switch: prev_comm=swapper/0 prev_pid=0 prev_prio=120 prev_state=R ==> next_comm=kworker/0:1 next_pid=1645 next_prio=120
          <idle>-0     [002] d...  7785.700160: sched_switch: prev_comm=swapper/2 prev_pid=0 prev_prio=120 prev_state=R ==> next_comm=kworker/2:3 next_pid=2053 next_prio=120
     kworker/2:3-2053  [002] d...  7785.700160: sched_switch: prev_comm=kworker/2:3 prev_pid=2053 prev_prio=120 prev_state=D ==> next_comm=kworker/2:1 next_pid=90 next_prio=120
     kworker/2:1-90    [002] d...  7785.703141: sched_switch: prev_comm=kworker/2:1 prev_pid=90 prev_prio=120 prev_state=D ==> next_comm=kworker/2:0 next_pid=2081 next_prio=120
     kworker/0:1-1645  [000] d...  7785.704312: sched_switch: prev_comm=kworker/0:1 prev_pid=1645 prev_prio=120 prev_state=R+ ==> next_comm=kthreadd next_pid=2 next_prio=120
     kworker/2:0-2081  [002] d...  7785.704312: sched_switch: prev_comm=kworker/2:0 prev_pid=2081 prev_prio=120 prev_state=D ==> next_comm=swapper/2 next_pid=0 next_prio=120
        kthreadd-2     [000] d...  7785.706545: sched_switch: prev_comm=kthreadd prev_pid=2 prev_prio=120 prev_state=S ==> next_comm=ksoftirqd/0 next_pid=9 next_prio=120
     ksoftirqd/0-9     [000] d...  7785.706545: sched_switch: prev_comm=ksoftirqd/0 prev_pid=9 prev_prio=120 prev_state=S ==> next_comm=kworker/0:1 next_pid=1645 next_prio=120
     kworker/0:1-1645  [000] d...  7785.706545: sched_switch: prev_comm=kworker/0:1 prev_pid=1645 prev_prio=120 prev_state=I ==> next_comm=swapper/0 next_pid=0 next_prio=120
          <idle>-0     [001] d...  7785.708364: sched_switch: prev_comm=swapper/1 prev_pid=0 prev_prio=120 prev_state=R ==> next_comm=kthreadd next_pid=2155 next_prio=120
     kworker/2:2-2155  [001] d...  7785.708364: sched_switch: prev_comm=kthreadd prev_pid=2155 prev_prio=120 prev_state=D ==> next_comm=swapper/1 next_pid=0 next_prio=120
          <idle>-0     [002] d...  7785.709476: sched_switch: prev_comm=swapper/2 prev_pid=0 prev_prio=120 prev_state=R ==> next_comm=kworker/2:0 next_pid=2081 next_prio=120
     kworker/2:0-2081  [002] d...  7785.709476: sched_switch: prev_comm=kworker/2:0 prev_pid=2081 prev_prio=120 prev_state=I ==> next_comm=kworker/2:2 next_pid=2155 next_prio=120
     kworker/2:2-2155  [002] d...  7785.709476: sched_switch: prev_comm=kworker/2:2 prev_pid=2155 prev_prio=120 prev_state=I ==> next_comm=swapper/2 next_pid=0 next_prio=120
          <idle>-0     [002] d...  7785.714173: sched_switch: prev_comm=swapper/2 prev_pid=0 prev_prio=120 prev_state=R ==> next_comm=kworker/2:1 next_pid=90 next_prio=120
     kworker/2:1-90    [002] d...  7785.715363: sched_switch: prev_comm=kworker/2:1 prev_pid=90 prev_prio=120 prev_state=R+ ==> next_comm=kworker/2:3 next_pid=2053 next_prio=120
     kworker/2:3-2053  [002] d...  7785.715363: sched_switch: prev_comm=kworker/2:3 prev_pid=2053 prev_prio=120 prev_state=I ==> next_comm=ksoftirqd/2 next_pid=20 next_prio=120
     ksoftirqd/2-20    [002] d...  7785.715363: sched_switch: prev_comm=ksoftirqd/2 prev_pid=20 prev_prio=120 prev_state=S ==> next_comm=kworker/2:1 next_pid=90 next_prio=120
     kworker/2:1-90    [002] d...  7785.715363: sched_switch: prev_comm=kworker/2:1 prev_pid=90 prev_prio=120 prev_state=I ==> next_comm=swapper/2 next_pid=0 next_prio=120
          <idle>-0     [000] d...  7786.772382: sched_switch: prev_comm=swapper/0 prev_pid=0 prev_prio=120 prev_state=R ==> next_comm=sshd next_pid=980 next_prio=120
            sshd-980   [000] ....  7786.772382: sys_exit: NR 23 = 1
            sshd-980   [000] ....  7786.772382: sys_enter: NR 14 (0, 7ffee0218580, 7ffee0218500, 8, 0, 1000)
            sshd-980   [000] ....  7786.772382: sys_exit: NR 14 = 0
            sshd-980   [000] ....  7786.772382: sys_enter: NR 14 (2, 7ffee0218500, 0, 8, 0, 1000)
            sshd-980   [000] ....  7786.772382: sys_exit: NR 14 = 0
            sshd-980   [000] ....  7786.772382: sys_enter: NR 228 (7, 7ffee02185a0, 7ffee02185a0, 8, 7ffee02e50f0, 7ffee02185a0)
            sshd-980   [000] ....  7786.772382: sys_exit: NR 228 = 0
            sshd-980   [000] ....  7786.772382: sys_enter: NR 0 (3, 7ffee0214610, 4000, 8, 7ffee02e50f0, 7ffee02185a0)
            sshd-980   [000] ....  7786.772382: sys_exit: NR 0 = 36
            sshd-980   [000] ....  7786.772382: sys_enter: NR 228 (7, 7ffee02184f0, 7ffee02184f0, 0, 7ffee02e50f0, 7ffee02184f0)
            sshd-980   [000] ....  7786.772382: sys_exit: NR 228 = 0
            sshd-980   [000] ....  7786.772382: sys_enter: NR 23 (c, 557f11c3c8a0, 557f11c52f90, 0, 0, 1000)
            sshd-980   [000] ....  7786.772382: sys_exit: NR 23 = 1
            sshd-980   [000] ....  7786.772382: sys_enter: NR 14 (0, 7ffee0218580, 7ffee0218500, 8, 0, 1000)
            sshd-980   [000] ....  7786.772382: sys_exit: NR 14 = 0
            sshd-980   [000] ....  7786.772382: sys_enter: NR 14 (2, 7ffee0218500, 0, 8, 0, 1000)
            sshd-980   [000] ....  7786.772382: sys_exit: NR 14 = 0
            sshd-980   [000] ....  7786.772382: sys_enter: NR 228 (7, 7ffee02185a0, 7ffee02185a0, 8, 7ffee02e50f0, 7ffee02185a0)
            sshd-980   [000] ....  7786.772382: sys_exit: NR 228 = 0
            sshd-980   [000] ....  7786.772382: sys_enter: NR 1 (9, 557f11c548c0, 1, 8, 0, 0)
            sshd-980   [000] ....  7786.772382: sys_exit: NR 1 = 1
            sshd-980   [000] ....  7786.772382: sys_enter: NR 16 (9, 5401, 7ffee02184e0, 8, 7ffee0218540, 0)
            sshd-980   [000] ....  7786.772382: sys_exit: NR 16 = 0
            sshd-980   [000] ....  7786.772382: sys_enter: NR 228 (7, 7ffee02184f0, 7ffee02184f0, 0, 7ffee02e50f0, 7ffee02184f0)
          <idle>-0     [001] d...  7786.775305: sched_switch: prev_comm=swapper/1 prev_pid=0 prev_prio=120 prev_state=R ==> next_comm=kworker/u8:1 next_pid=2086 next_prio=120
    kworker/u8:1-2086  [001] d...  7786.775305: sched_switch: prev_comm=kworker/u8:1 prev_pid=2086 prev_prio=120 prev_state=I ==> next_comm=bash next_pid=2094 next_prio=120
            bash-2094  [001] ....  7786.775305: sys_exit: NR 270 = 1
            bash-2094  [001] ....  7786.775305: sys_enter: NR 0 (0, 7ffe1263155f, 1, 0, 0, 7ffe12631510)
            bash-2094  [001] ....  7786.775305: sys_exit: NR 0 = 1
            bash-2094  [001] ....  7786.775305: sys_enter: NR 23 (1, 7ffe12631500, 0, 7ffe12631580, 7ffe126314f0, 7f1c686063a0)
            bash-2094  [001] ....  7786.775305: sys_exit: NR 23 = 0
            bash-2094  [001] ....  7786.775305: sys_enter: NR 1 (2, 55b8236ec2a0, 1, 0, 7f1c688858b0, 7f1c68ecb740)
            bash-2094  [001] .N..  7786.775305: sys_exit: NR 1 = 1
            bash-2094  [001] d...  7786.775305: sched_switch: prev_comm=bash prev_pid=2094 prev_prio=120 prev_state=R ==> next_comm=kworker/u8:1 next_pid=2086 next_prio=120
    kworker/u8:1-2086  [001] d...  7786.775305: sched_switch: prev_comm=kworker/u8:1 prev_pid=2086 prev_prio=120 prev_state=I ==> next_comm=bash next_pid=2094 next_prio=120
            bash-2094  [001] ....  7786.775305: sys_enter: NR 270 (1, 7ffe126315e0, 0, 0, 0, 7ffe12631510)
            sshd-980   [000] .N..  7786.775305: sys_exit: NR 228 = 0
            sshd-980   [000] d...  7786.775305: sched_switch: prev_comm=sshd prev_pid=980 prev_prio=120 prev_state=R ==> next_comm=kworker/0:1 next_pid=1645 next_prio=120
            bash-2094  [001] d...  7786.775305: sched_switch: prev_comm=bash prev_pid=2094 prev_prio=120 prev_state=S ==> next_comm=sshd next_pid=980 next_prio=120
            sshd-980   [001] ....  7786.775305: sys_enter: NR 23 (c, 557f11c3c8a0, 557f11c52f90, 0, 0, 1000)
            sshd-980   [001] ....  7786.775305: sys_exit: NR 23 = 1
            sshd-980   [001] ....  7786.775305: sys_enter: NR 14 (0, 7ffee0218580, 7ffee0218500, 8, 0, 1000)
            sshd-980   [001] ....  7786.775305: sys_exit: NR 14 = 0
            sshd-980   [001] ....  7786.775305: sys_enter: NR 14 (2, 7ffee0218500, 0, 8, 0, 1000)
            sshd-980   [001] ....  7786.775305: sys_exit: NR 14 = 0
            sshd-980   [001] ....  7786.775305: sys_enter: NR 228 (7, 7ffee02185a0, 7ffee02185a0, 8, 7ffee02e50f0, 7ffee02185a0)
     kworker/0:1-1645  [000] d...  7786.775305: sched_switch: prev_comm=kworker/0:1 prev_pid=1645 prev_prio=120 prev_state=I ==> next_comm=swapper/0 next_pid=0 next_prio=120
            sshd-980   [001] .N..  7786.775305: sys_exit: NR 228 = 0
            sshd-980   [001] d...  7786.775305: sched_switch: prev_comm=sshd prev_pid=980 prev_prio=120 prev_state=R ==> next_comm=kworker/1:0 next_pid=1102 next_prio=120
     kworker/1:0-1102  [001] d...  7786.775305: sched_switch: prev_comm=kworker/1:0 prev_pid=1102 prev_prio=120 prev_state=I ==> next_comm=sshd next_pid=980 next_prio=120
            sshd-980   [001] ....  7786.775305: sys_enter: NR 0 (b, 7ffee02144e0, 4000, 8, 7ffee02e50f0, 7ffee02185a0)
            sshd-980   [001] ....  7786.775305: sys_exit: NR 0 = 1
          <idle>-0     [002] d...  7786.776248: sched_switch: prev_comm=swapper/2 prev_pid=0 prev_prio=120 prev_state=R ==> next_comm=kworker/2:1 next_pid=90 next_prio=120
     kworker/2:1-90    [002] d...  7786.776248: sched_switch: prev_comm=kworker/2:1 prev_pid=90 prev_prio=120 prev_state=I ==> next_comm=swapper/2 next_pid=0 next_prio=120
            sshd-980   [001] ....  7786.776248: sys_enter: NR 39 (557f11c39eaf, 5, f, 0, 1, 100)
            sshd-980   [001] ....  7786.776248: sys_exit: NR 39 = 980
            sshd-980   [001] ....  7786.776248: sys_enter: NR 228 (7, 7ffee02184f0, 7ffee02184f0, 0, 7ffee02e50f0, 7ffee02184f0)
            sshd-980   [001] ....  7786.776248: sys_exit: NR 228 = 0
            sshd-980   [001] ....  7786.776248: sys_enter: NR 23 (c, 557f11c3c8a0, 557f11c52f90, 0, 0, 1000)
            sshd-980   [001] ....  7786.776248: sys_exit: NR 23 = 1
            sshd-980   [001] ....  7786.776248: sys_enter: NR 14 (0, 7ffee0218580, 7ffee0218500, 8, 0, 1000)
            sshd-980   [001] ....  7786.776248: sys_exit: NR 14 = 0
            sshd-980   [001] ....  7786.776248: sys_enter: NR 14 (2, 7ffee0218500, 0, 8, 0, 1000)
            sshd-980   [001] ....  7786.776248: sys_exit: NR 14 = 0
            sshd-980   [001] ....  7786.776248: sys_enter: NR 228 (7, 7ffee02185a0, 7ffee02185a0, 8, 7ffee02e50f0, 7ffee02185a0)
            sshd-980   [001] ....  7786.776248: sys_exit: NR 228 = 0
            sshd-980   [001] ....  7786.776248: sys_enter: NR 1 (3, 557f11c57b30, 24, 8, 7ffee02e50f0, 7ffee02185a0)
            sshd-980   [001] ....  7786.778134: sys_exit: NR 1 = 36
            sshd-980   [001] ....  7786.778134: sys_enter: NR 228 (7, 7ffee02184f0, 7ffee02184f0, 0, 7ffee02e50f0, 7ffee02184f0)
            sshd-980   [001] ....  7786.778134: sys_exit: NR 228 = 0
            sshd-980   [001] ....  7786.778134: sys_enter: NR 23 (c, 557f11c3c8a0, 557f11c52f90, 0, 0, 1000)
            sshd-980   [001] d...  7786.778134: sched_switch: prev_comm=sshd prev_pid=980 prev_prio=120 prev_state=S ==> next_comm=swapper/1 next_pid=0 next_prio=120
          <idle>-0     [001] d...  7786.967619: sched_switch: prev_comm=swapper/1 prev_pid=0 prev_prio=120 prev_state=R ==> next_comm=sshd next_pid=980 next_prio=120
            sshd-980   [001] ....  7786.967619: sys_exit: NR 23 = 1
            sshd-980   [001] ....  7786.967619: sys_enter: NR 14 (0, 7ffee0218580, 7ffee0218500, 8, 0, 1000)
            sshd-980   [001] ....  7786.967619: sys_exit: NR 14 = 0
            sshd-980   [001] ....  7786.967619: sys_enter: NR 14 (2, 7ffee0218500, 0, 8, 0, 1000)
            sshd-980   [001] ....  7786.967619: sys_exit: NR 14 = 0
            sshd-980   [001] ....  7786.967619: sys_enter: NR 228 (7, 7ffee02185a0, 7ffee02185a0, 8, 7ffee02e50f0, 7ffee02185a0)
            sshd-980   [001] ....  7786.967619: sys_exit: NR 228 = 0
            sshd-980   [001] ....  7786.967619: sys_enter: NR 0 (3, 7ffee0214610, 4000, 8, 7ffee02e50f0, 7ffee02185a0)
            sshd-980   [001] ....  7786.967619: sys_exit: NR 0 = 36
            sshd-980   [001] ....  7786.967619: sys_enter: NR 228 (7, 7ffee02184f0, 7ffee02184f0, 0, 7ffee02e50f0, 7ffee02184f0)
            sshd-980   [001] ....  7786.967619: sys_exit: NR 228 = 0
            sshd-980   [001] ....  7786.967619: sys_enter: NR 23 (c, 557f11c3c8a0, 557f11c52f90, 0, 0, 1000)
            sshd-980   [001] ....  7786.967619: sys_exit: NR 23 = 1
            sshd-980   [001] ....  7786.967619: sys_enter: NR 14 (0, 7ffee0218580, 7ffee0218500, 8, 0, 1000)
            sshd-980   [001] ....  7786.967619: sys_exit: NR 14 = 0
            sshd-980   [001] ....  7786.967619: sys_enter: NR 14 (2, 7ffee0218500, 0, 8, 0, 1000)
            sshd-980   [001] ....  7786.967619: sys_exit: NR 14 = 0
            sshd-980   [001] ....  7786.967619: sys_enter: NR 228 (7, 7ffee02185a0, 7ffee02185a0, 8, 7ffee02e50f0, 7ffee02185a0)
            sshd-980   [001] ....  7786.967619: sys_exit: NR 228 = 0
            sshd-980   [001] ....  7786.967619: sys_enter: NR 1 (9, 557f11c548c0, 1, 8, 0, 0)
            sshd-980   [001] .N..  7786.967619: sys_exit: NR 1 = 1
            sshd-980   [001] d...  7786.967619: sched_switch: prev_comm=sshd prev_pid=980 prev_prio=120 prev_state=R ==> next_comm=kworker/u8:1 next_pid=2086 next_prio=120
    kworker/u8:1-2086  [001] d...  7786.967619: sched_switch: prev_comm=kworker/u8:1 prev_pid=2086 prev_prio=120 prev_state=I ==> next_comm=bash next_pid=2094 next_prio=120
            bash-2094  [001] ....  7786.967619: sys_exit: NR 270 = 1
            bash-2094  [001] ....  7786.967619: sys_enter: NR 0 (0, 7ffe1263155f, 1, 0, 0, 7ffe12631510)
            bash-2094  [001] ....  7786.967619: sys_exit: NR 0 = 1
            bash-2094  [001] ....  7786.967619: sys_enter: NR 23 (1, 7ffe12631500, 0, 7ffe12631580, 7ffe126314f0, 7f1c686063a0)
            bash-2094  [001] ....  7786.967619: sys_exit: NR 23 = 0
            bash-2094  [001] ....  7786.967619: sys_enter: NR 1 (2, 55b8236ec2a0, 1, 0, 7f1c688858b0, 7f1c68ecb740)
            bash-2094  [001] .N..  7786.967619: sys_exit: NR 1 = 1
            bash-2094  [001] d...  7786.967619: sched_switch: prev_comm=bash prev_pid=2094 prev_prio=120 prev_state=R ==> next_comm=kworker/u8:1 next_pid=2086 next_prio=120
    kworker/u8:1-2086  [001] d...  7786.967619: sched_switch: prev_comm=kworker/u8:1 prev_pid=2086 prev_prio=120 prev_state=I ==> next_comm=bash next_pid=2094 next_prio=120
            bash-2094  [001] ....  7786.967619: sys_enter: NR 270 (1, 7ffe126315e0, 0, 0, 0, 7ffe12631510)
            bash-2094  [001] d...  7786.967619: sched_switch: prev_comm=bash prev_pid=2094 prev_prio=120 prev_state=S ==> next_comm=sshd next_pid=980 next_prio=120
            sshd-980   [001] ....  7786.967619: sys_enter: NR 16 (9, 5401, 7ffee02184e0, 8, 7ffee0218540, 0)
            sshd-980   [001] ....  7786.967619: sys_exit: NR 16 = 0
            sshd-980   [001] ....  7786.967619: sys_enter: NR 228 (7, 7ffee02184f0, 7ffee02184f0, 0, 7ffee02e50f0, 7ffee02184f0)
            sshd-980   [001] ....  7786.968561: sys_exit: NR 228 = 0
            sshd-980   [001] ....  7786.968561: sys_enter: NR 23 (c, 557f11c3c8a0, 557f11c52f90, 0, 0, 1000)
            sshd-980   [001] ....  7786.968561: sys_exit: NR 23 = 1
            sshd-980   [001] ....  7786.968561: sys_enter: NR 14 (0, 7ffee0218580, 7ffee0218500, 8, 0, 1000)
            sshd-980   [001] ....  7786.968561: sys_exit: NR 14 = 0
            sshd-980   [001] ....  7786.968561: sys_enter: NR 14 (2, 7ffee0218500, 0, 8, 0, 1000)
            sshd-980   [001] ....  7786.968561: sys_exit: NR 14 = 0
            sshd-980   [001] ....  7786.968561: sys_enter: NR 228 (7, 7ffee02185a0, 7ffee02185a0, 8, 7ffee02e50f0, 7ffee02185a0)
            sshd-980   [001] ....  7786.968561: sys_exit: NR 228 = 0
            sshd-980   [001] ....  7786.968561: sys_enter: NR 0 (b, 7ffee02144e0, 4000, 8, 7ffee02e50f0, 7ffee02185a0)
            sshd-980   [001] ....  7786.968561: sys_exit: NR 0 = 1
            sshd-980   [001] ....  7786.968561: sys_enter: NR 39 (557f11c39eaf, 5, f, 0, 1, 100)
            sshd-980   [001] ....  7786.968561: sys_exit: NR 39 = 980
            sshd-980   [001] ....  7786.968561: sys_enter: NR 228 (7, 7ffee02184f0, 7ffee02184f0, 0, 7ffee02e50f0, 7ffee02184f0)
            sshd-980   [001] ....  7786.968561: sys_exit: NR 228 = 0
            sshd-980   [001] ....  7786.968561: sys_enter: NR 23 (c, 557f11c3c8a0, 557f11c52f90, 0, 0, 1000)
            sshd-980   [001] ....  7786.968561: sys_exit: NR 23 = 1
            sshd-980   [001] ....  7786.968561: sys_enter: NR 14 (0, 7ffee0218580, 7ffee0218500, 8, 0, 1000)
            sshd-980   [001] ....  7786.968561: sys_exit: NR 14 = 0
            sshd-980   [001] ....  7786.968561: sys_enter: NR 14 (2, 7ffee0218500, 0, 8, 0, 1000)
            sshd-980   [001] ....  7786.968561: sys_exit: NR 14 = 0
            sshd-980   [001] ....  7786.968561: sys_enter: NR 228 (7, 7ffee02185a0, 7ffee02185a0, 8, 7ffee02e50f0, 7ffee02185a0)
            sshd-980   [001] ....  7786.968561: sys_exit: NR 228 = 0
            sshd-980   [001] ....  7786.968561: sys_enter: NR 1 (3, 557f11c57b30, 24, 8, 7ffee02e50f0, 7ffee02185a0)
            sshd-980   [001] ....  7786.970297: sys_exit: NR 1 = 36
            sshd-980   [001] ....  7786.970297: sys_enter: NR 228 (7, 7ffee02184f0, 7ffee02184f0, 0, 7ffee02e50f0, 7ffee02184f0)
            sshd-980   [001] ....  7786.970297: sys_exit: NR 228 = 0
            sshd-980   [001] ....  7786.970297: sys_enter: NR 23 (c, 557f11c3c8a0, 557f11c52f90, 0, 0, 1000)
            sshd-980   [001] d...  7786.970297: sched_switch: prev_comm=sshd prev_pid=980 prev_prio=120 prev_state=S ==> next_comm=swapper/1 next_pid=0 next_prio=120
          <idle>-0     [002] d...  7786.977499: sched_switch: prev_comm=swapper/2 prev_pid=0 prev_prio=120 prev_state=R ==> next_comm=kworker/2:1H next_pid=175 next_prio=100
    kworker/2:1H-175   [002] d...  7786.977499: sched_switch: prev_comm=kworker/2:1H prev_pid=175 prev_prio=100 prev_state=I ==> next_comm=kworker/2:1 next_pid=90 next_prio=120
     kworker/2:1-90    [002] d...  7786.977499: sched_switch: prev_comm=kworker/2:1 prev_pid=90 prev_prio=120 prev_state=I ==> next_comm=swapper/2 next_pid=0 next_prio=120
          <idle>-0     [001] d...  7787.165687: sched_switch: prev_comm=swapper/1 prev_pid=0 prev_prio=120 prev_state=R ==> next_comm=sshd next_pid=980 next_prio=120
            sshd-980   [001] ....  7787.165687: sys_exit: NR 23 = 1
            sshd-980   [001] ....  7787.165687: sys_enter: NR 14 (0, 7ffee0218580, 7ffee0218500, 8, 0, 1000)
            sshd-980   [001] ....  7787.165687: sys_exit: NR 14 = 0
            sshd-980   [001] ....  7787.165687: sys_enter: NR 14 (2, 7ffee0218500, 0, 8, 0, 1000)
            sshd-980   [001] ....  7787.165687: sys_exit: NR 14 = 0
            sshd-980   [001] ....  7787.165687: sys_enter: NR 228 (7, 7ffee02185a0, 7ffee02185a0, 8, 7ffee02e50f0, 7ffee02185a0)
            sshd-980   [001] ....  7787.166421: sys_exit: NR 228 = 0
            sshd-980   [001] ....  7787.166421: sys_enter: NR 0 (3, 7ffee0214610, 4000, 8, 7ffee02e50f0, 7ffee02185a0)
            sshd-980   [001] ....  7787.166421: sys_exit: NR 0 = 36
            sshd-980   [001] ....  7787.166421: sys_enter: NR 228 (7, 7ffee02184f0, 7ffee02184f0, 0, 7ffee02e50f0, 7ffee02184f0)
            sshd-980   [001] ....  7787.166421: sys_exit: NR 228 = 0
            sshd-980   [001] ....  7787.166421: sys_enter: NR 23 (c, 557f11c3c8a0, 557f11c52f90, 0, 0, 1000)
            sshd-980   [001] ....  7787.166421: sys_exit: NR 23 = 1
            sshd-980   [001] ....  7787.166421: sys_enter: NR 14 (0, 7ffee0218580, 7ffee0218500, 8, 0, 1000)
            sshd-980   [001] ....  7787.166421: sys_exit: NR 14 = 0
            sshd-980   [001] ....  7787.166421: sys_enter: NR 14 (2, 7ffee0218500, 0, 8, 0, 1000)
            sshd-980   [001] ....  7787.166421: sys_exit: NR 14 = 0
            sshd-980   [001] ....  7787.166421: sys_enter: NR 228 (7, 7ffee02185a0, 7ffee02185a0, 8, 7ffee02e50f0, 7ffee02185a0)
            sshd-980   [001] ....  7787.166421: sys_exit: NR 228 = 0
            sshd-980   [001] ....  7787.166421: sys_enter: NR 1 (9, 557f11c548c0, 1, 8, 0, 0)
            sshd-980   [001] .N..  7787.166421: sys_exit: NR 1 = 1
            sshd-980   [001] d...  7787.166421: sched_switch: prev_comm=sshd prev_pid=980 prev_prio=120 prev_state=R ==> next_comm=kworker/u8:1 next_pid=2086 next_prio=120
    kworker/u8:1-2086  [001] d...  7787.166421: sched_switch: prev_comm=kworker/u8:1 prev_pid=2086 prev_prio=120 prev_state=I ==> next_comm=bash next_pid=2094 next_prio=120
            bash-2094  [001] ....  7787.166421: sys_exit: NR 270 = 1
            bash-2094  [001] ....  7787.166421: sys_enter: NR 0 (0, 7ffe1263155f, 1, 0, 0, 7ffe12631510)
            bash-2094  [001] ....  7787.166421: sys_exit: NR 0 = 1
            bash-2094  [001] ....  7787.166421: sys_enter: NR 23 (1, 7ffe12631500, 0, 7ffe12631580, 7ffe126314f0, 7f1c686063a0)
            bash-2094  [001] ....  7787.166421: sys_exit: NR 23 = 0
            bash-2094  [001] ....  7787.166421: sys_enter: NR 1 (2, 55b8236ec2a0, 1, 0, 7f1c688858b0, 7f1c68ecb740)
            bash-2094  [001] .N..  7787.166421: sys_exit: NR 1 = 1
            bash-2094  [001] d...  7787.166421: sched_switch: prev_comm=bash prev_pid=2094 prev_prio=120 prev_state=R ==> next_comm=kworker/u8:1 next_pid=2086 next_prio=120
    kworker/u8:1-2086  [001] d...  7787.166421: sched_switch: prev_comm=kworker/u8:1 prev_pid=2086 prev_prio=120 prev_state=I ==> next_comm=bash next_pid=2094 next_prio=120
            bash-2094  [001] ....  7787.166421: sys_enter: NR 270 (1, 7ffe126315e0, 0, 0, 0, 7ffe12631510)
            bash-2094  [001] d...  7787.166421: sched_switch: prev_comm=bash prev_pid=2094 prev_prio=120 prev_state=S ==> next_comm=sshd next_pid=980 next_prio=120
            sshd-980   [001] ....  7787.166421: sys_enter: NR 16 (9, 5401, 7ffee02184e0, 8, 7ffee0218540, 0)
            sshd-980   [001] ....  7787.166421: sys_exit: NR 16 = 0
            sshd-980   [001] ....  7787.166421: sys_enter: NR 228 (7, 7ffee02184f0, 7ffee02184f0, 0, 7ffee02e50f0, 7ffee02184f0)
            sshd-980   [001] ....  7787.167506: sys_exit: NR 228 = 0
            sshd-980   [001] ....  7787.167506: sys_enter: NR 23 (c, 557f11c3c8a0, 557f11c52f90, 0, 0, 1000)
            sshd-980   [001] ....  7787.167506: sys_exit: NR 23 = 1
            sshd-980   [001] ....  7787.167506: sys_enter: NR 14 (0, 7ffee0218580, 7ffee0218500, 8, 0, 1000)
            sshd-980   [001] ....  7787.167506: sys_exit: NR 14 = 0
            sshd-980   [001] ....  7787.167506: sys_enter: NR 14 (2, 7ffee0218500, 0, 8, 0, 1000)
            sshd-980   [001] ....  7787.167506: sys_exit: NR 14 = 0
            sshd-980   [001] ....  7787.167506: sys_enter: NR 228 (7, 7ffee02185a0, 7ffee02185a0, 8, 7ffee02e50f0, 7ffee02185a0)
            sshd-980   [001] ....  7787.167506: sys_exit: NR 228 = 0
            sshd-980   [001] ....  7787.167506: sys_enter: NR 0 (b, 7ffee02144e0, 4000, 8, 7ffee02e50f0, 7ffee02185a0)
            sshd-980   [001] ....  7787.167506: sys_exit: NR 0 = 1
            sshd-980   [001] ....  7787.167506: sys_enter: NR 39 (557f11c39eaf, 5, f, 0, 1, 100)
            sshd-980   [001] ....  7787.167506: sys_exit: NR 39 = 980
            sshd-980   [001] ....  7787.167506: sys_enter: NR 228 (7, 7ffee02184f0, 7ffee02184f0, 0, 7ffee02e50f0, 7ffee02184f0)
            sshd-980   [001] ....  7787.167506: sys_exit: NR 228 = 0
            sshd-980   [001] ....  7787.167506: sys_enter: NR 23 (c, 557f11c3c8a0, 557f11c52f90, 0, 0, 1000)
            sshd-980   [001] ....  7787.167506: sys_exit: NR 23 = 1
            sshd-980   [001] ....  7787.167506: sys_enter: NR 14 (0, 7ffee0218580, 7ffee0218500, 8, 0, 1000)
            sshd-980   [001] ....  7787.167506: sys_exit: NR 14 = 0
            sshd-980   [001] ....  7787.167506: sys_enter: NR 14 (2, 7ffee0218500, 0, 8, 0, 1000)
            sshd-980   [001] ....  7787.167506: sys_exit: NR 14 = 0
            sshd-980   [001] ....  7787.167506: sys_enter: NR 228 (7, 7ffee02185a0, 7ffee02185a0, 8, 7ffee02e50f0, 7ffee02185a0)
            sshd-980   [001] ....  7787.167506: sys_exit: NR 228 = 0
            sshd-980   [001] ....  7787.167506: sys_enter: NR 1 (3, 557f11c57b30, 24, 8, 7ffee02e50f0, 7ffee02185a0)
            sshd-980   [001] ....  7787.168506: sys_exit: NR 1 = 36
            sshd-980   [001] ....  7787.168506: sys_enter: NR 228 (7, 7ffee02184f0, 7ffee02184f0, 0, 7ffee02e50f0, 7ffee02184f0)
            sshd-980   [001] ....  7787.168506: sys_exit: NR 228 = 0
            sshd-980   [001] ....  7787.168506: sys_enter: NR 23 (c, 557f11c3c8a0, 557f11c52f90, 0, 0, 1000)
            sshd-980   [001] d...  7787.168506: sched_switch: prev_comm=sshd prev_pid=980 prev_prio=120 prev_state=S ==> next_comm=swapper/1 next_pid=0 next_prio=120
          <idle>-0     [001] d...  7787.277207: sched_switch: prev_comm=swapper/1 prev_pid=0 prev_prio=120 prev_state=R ==> next_comm=sshd next_pid=980 next_prio=120
            sshd-980   [001] ....  7787.277207: sys_exit: NR 23 = 1
            sshd-980   [001] ....  7787.277207: sys_enter: NR 14 (0, 7ffee0218580, 7ffee0218500, 8, 0, 1000)
            sshd-980   [001] ....  7787.277207: sys_exit: NR 14 = 0
            sshd-980   [001] ....  7787.277207: sys_enter: NR 14 (2, 7ffee0218500, 0, 8, 0, 1000)
            sshd-980   [001] ....  7787.277207: sys_exit: NR 14 = 0
            sshd-980   [001] ....  7787.277207: sys_enter: NR 228 (7, 7ffee02185a0, 7ffee02185a0, 8, 7ffee02e50f0, 7ffee02185a0)
            sshd-980   [001] ....  7787.277207: sys_exit: NR 228 = 0
            sshd-980   [001] ....  7787.277207: sys_enter: NR 0 (3, 7ffee0214610, 4000, 8, 7ffee02e50f0, 7ffee02185a0)
            sshd-980   [001] ....  7787.277207: sys_exit: NR 0 = 36
            sshd-980   [001] ....  7787.277207: sys_enter: NR 228 (7, 7ffee02184f0, 7ffee02184f0, 0, 7ffee02e50f0, 7ffee02184f0)
            sshd-980   [001] ....  7787.277207: sys_exit: NR 228 = 0
            sshd-980   [001] ....  7787.277207: sys_enter: NR 23 (c, 557f11c3c8a0, 557f11c52f90, 0, 0, 1000)
            sshd-980   [001] ....  7787.277207: sys_exit: NR 23 = 1
            sshd-980   [001] ....  7787.277207: sys_enter: NR 14 (0, 7ffee0218580, 7ffee0218500, 8, 0, 1000)
            sshd-980   [001] ....  7787.277207: sys_exit: NR 14 = 0
            sshd-980   [001] ....  7787.277207: sys_enter: NR 14 (2, 7ffee0218500, 0, 8, 0, 1000)
            sshd-980   [001] ....  7787.277207: sys_exit: NR 14 = 0
            sshd-980   [001] ....  7787.277207: sys_enter: NR 228 (7, 7ffee02185a0, 7ffee02185a0, 8, 7ffee02e50f0, 7ffee02185a0)
            sshd-980   [001] ....  7787.277207: sys_exit: NR 228 = 0
            sshd-980   [001] ....  7787.277207: sys_enter: NR 1 (9, 557f11c548c0, 1, 8, 0, 0)
            sshd-980   [001] .N..  7787.277207: sys_exit: NR 1 = 1
            sshd-980   [001] d...  7787.277207: sched_switch: prev_comm=sshd prev_pid=980 prev_prio=120 prev_state=R ==> next_comm=kworker/u8:1 next_pid=2086 next_prio=120
    kworker/u8:1-2086  [001] d...  7787.277207: sched_switch: prev_comm=kworker/u8:1 prev_pid=2086 prev_prio=120 prev_state=I ==> next_comm=bash next_pid=2094 next_prio=120
            bash-2094  [001] ....  7787.277207: sys_exit: NR 270 = 1
            bash-2094  [001] ....  7787.277207: sys_enter: NR 0 (0, 7ffe1263155f, 1, 0, 0, 7ffe12631510)
            bash-2094  [001] ....  7787.277207: sys_exit: NR 0 = 1
            bash-2094  [001] ....  7787.277207: sys_enter: NR 23 (1, 7ffe12631500, 0, 7ffe12631580, 7ffe126314f0, 7f1c686063a0)
            bash-2094  [001] ....  7787.277207: sys_exit: NR 23 = 0
            bash-2094  [001] ....  7787.277207: sys_enter: NR 1 (2, 55b8236ec2a0, 1, 0, 7f1c688858b0, 7f1c68ecb740)
            bash-2094  [001] .N..  7787.277207: sys_exit: NR 1 = 1
            bash-2094  [001] d...  7787.277207: sched_switch: prev_comm=bash prev_pid=2094 prev_prio=120 prev_state=R ==> next_comm=kworker/u8:1 next_pid=2086 next_prio=120
    kworker/u8:1-2086  [001] d...  7787.277207: sched_switch: prev_comm=kworker/u8:1 prev_pid=2086 prev_prio=120 prev_state=I ==> next_comm=bash next_pid=2094 next_prio=120
            bash-2094  [001] ....  7787.277207: sys_enter: NR 270 (1, 7ffe126315e0, 0, 0, 0, 7ffe12631510)
            bash-2094  [001] d...  7787.277207: sched_switch: prev_comm=bash prev_pid=2094 prev_prio=120 prev_state=S ==> next_comm=sshd next_pid=980 next_prio=120
            sshd-980   [001] ....  7787.277207: sys_enter: NR 16 (9, 5401, 7ffee02184e0, 8, 7ffee0218540, 0)
            sshd-980   [001] ....  7787.277207: sys_exit: NR 16 = 0
            sshd-980   [001] ....  7787.277207: sys_enter: NR 228 (7, 7ffee02184f0, 7ffee02184f0, 0, 7ffee02e50f0, 7ffee02184f0)
            sshd-980   [001] ....  7787.277207: sys_exit: NR 228 = 0
            sshd-980   [001] ....  7787.277207: sys_enter: NR 23 (c, 557f11c3c8a0, 557f11c52f90, 0, 0, 1000)
            sshd-980   [001] ....  7787.277207: sys_exit: NR 23 = 1
            sshd-980   [001] ....  7787.277207: sys_enter: NR 14 (0, 7ffee0218580, 7ffee0218500, 8, 0, 1000)
            sshd-980   [001] ....  7787.277207: sys_exit: NR 14 = 0
            sshd-980   [001] ....  7787.277207: sys_enter: NR 14 (2, 7ffee0218500, 0, 8, 0, 1000)
            sshd-980   [001] ....  7787.277207: sys_exit: NR 14 = 0
            sshd-980   [001] ....  7787.277207: sys_enter: NR 228 (7, 7ffee02185a0, 7ffee02185a0, 8, 7ffee02e50f0, 7ffee02185a0)
            sshd-980   [001] ....  7787.277207: sys_exit: NR 228 = 0
            sshd-980   [001] ....  7787.277207: sys_enter: NR 0 (b, 7ffee02144e0, 4000, 8, 7ffee02e50f0, 7ffee02185a0)
            sshd-980   [001] ....  7787.277207: sys_exit: NR 0 = 1
            sshd-980   [001] ....  7787.277207: sys_enter: NR 39 (557f11c39eaf, 5, f, 0, 1, 100)
            sshd-980   [001] ....  7787.277207: sys_exit: NR 39 = 980
            sshd-980   [001] ....  7787.277207: sys_enter: NR 228 (7, 7ffee02184f0, 7ffee02184f0, 0, 7ffee02e50f0, 7ffee02184f0)
            sshd-980   [001] ....  7787.277355: sys_exit: NR 228 = 0
            sshd-980   [001] ....  7787.277355: sys_enter: NR 23 (c, 557f11c3c8a0, 557f11c52f90, 0, 0, 1000)
            sshd-980   [001] ....  7787.277355: sys_exit: NR 23 = 1
            sshd-980   [001] ....  7787.277355: sys_enter: NR 14 (0, 7ffee0218580, 7ffee0218500, 8, 0, 1000)
            sshd-980   [001] ....  7787.277355: sys_exit: NR 14 = 0
            sshd-980   [001] ....  7787.277355: sys_enter: NR 14 (2, 7ffee0218500, 0, 8, 0, 1000)
