            sudo-2371  [001] ....  8483.034107: ext4_file_read_iter+0x0/0x40 <-new_sync_read+0x114/0x1a0
            sudo-2371  [001] ....  8483.034107: <stack trace>
 => 0xffffffffc014d061
 => ext4_file_read_iter+0x5/0x40
 => new_sync_read+0x114/0x1a0
 => vfs_read+0x89/0x130
 => ksys_read+0xa1/0xe0
 => do_syscall_64+0x48/0x120
 => entry_SYSCALL_64_after_hwframe+0x44/0xa9
            sudo-2371  [001] ....  8483.034107: sys_exit: NR 0 = 4096
 systemd-journal-369   [003] ....  8483.034107: sys_enter: NR 46 (4, 7fff8e43c030, 4000, 5629b3f07b80, 0, 7fff8e43c0f8)
            sudo-2371  [001] ....  8483.034107: sys_enter: NR 3 (4, 1, 7f16ff3ff760, 56100c063637, 7f16ffe85c80, 7f16ff186940)
            sudo-2371  [001] ....  8483.034107: __close_fd+0x0/0x80 <-__x64_sys_close+0x1e/0x50
            sudo-2371  [001] ....  8483.034107: <stack trace>
 => 0xffffffffc014d061
 => __close_fd+0x5/0x80
 => __x64_sys_close+0x1e/0x50
 => do_syscall_64+0x48/0x120
 => entry_SYSCALL_64_after_hwframe+0x44/0xa9
            sudo-2371  [001] ....  8483.034107: sys_exit: NR 3 = 0
            sudo-2371  [001] ....  8483.034107: sys_enter: NR 257 (ffffff9c, 7f16fe57b220, 80000, 0, 0, 7f16fe57b214)
            sudo-2371  [001] ....  8483.034107: ext4_file_open+0x0/0x1f0 <-do_dentry_open+0x1ea/0x380
            sudo-2371  [001] ....  8483.034107: <stack trace>
 => 0xffffffffc014d061
 => ext4_file_open+0x5/0x1f0
 => do_dentry_open+0x1ea/0x380
 => path_openat+0x2e9/0x1570
 => do_filp_open+0x9b/0x110
 => do_sys_open+0x1bd/0x250
 => do_syscall_64+0x48/0x120
 => entry_SYSCALL_64_after_hwframe+0x44/0xa9
            sudo-2371  [001] ....  8483.034107: sys_exit: NR 257 = 4
            sudo-2371  [001] ....  8483.034107: sys_enter: NR 8 (4, 0, 1, 0, 9c0, 0)
            sudo-2371  [001] ....  8483.034107: ext4_llseek+0x0/0x100 <-ksys_lseek+0x80/0xa0
            sudo-2371  [001] ....  8483.034107: <stack trace>
 => 0xffffffffc014d061
 => ext4_llseek+0x5/0x100
 => ksys_lseek+0x80/0xa0
 => do_syscall_64+0x48/0x120
 => entry_SYSCALL_64_after_hwframe+0x44/0xa9
            sudo-2371  [001] ....  8483.034107: sys_exit: NR 8 = 0
            sudo-2371  [001] ....  8483.034107: sys_enter: NR 5 (4, 7ffcf0c978e0, 7ffcf0c978e0, 0, 1, 0)
            sudo-2371  [001] ....  8483.034107: sys_exit: NR 5 = 0
            sudo-2371  [001] ....  8483.034107: sys_enter: NR 9 (0, 623, 1, 1, 4, 0)
            sudo-2371  [001] ....  8483.034107: sys_exit: NR 9 = 139736759500800
            sudo-2371  [001] ....  8483.034107: sys_enter: NR 8 (4, 623, 0, 1, 4, 0)
            sudo-2371  [001] ....  8483.034107: ext4_llseek+0x0/0x100 <-ksys_lseek+0x80/0xa0
            sudo-2371  [001] ....  8483.034107: <stack trace>
 => 0xffffffffc014d061
 => ext4_llseek+0x5/0x100
 => ksys_lseek+0x80/0xa0
 => do_syscall_64+0x48/0x120
 => entry_SYSCALL_64_after_hwframe+0x44/0xa9
            sudo-2371  [001] ....  8483.034107: sys_exit: NR 8 = 1571
 systemd-journal-369   [003] .N..  8483.034107: sys_exit: NR 46 = 115
            sudo-2371  [001] ....  8483.034107: sys_enter: NR 11 (7f16ffe98000, 623, 7f16ff3ff760, 7f16ff1b6cc0, 56100c06e66a, 0)
 systemd-journal-369   [003] d...  8483.034107: sched_switch: prev_comm=systemd-journal prev_pid=369 prev_prio=119 prev_state=R ==> next_comm=in:imuxsock next_pid=590 next_prio=120
            sudo-2371  [001] ....  8483.034107: sys_exit: NR 11 = 0
     in:imuxsock-590   [003] ....  8483.034107: sys_exit: NR 23 = 1
            sudo-2371  [001] ....  8483.034107: sys_enter: NR 3 (4, 623, 7f16ff3ff760, 7f16ff1b6cc0, 56100c06e66a, 0)
            sudo-2371  [001] ....  8483.034107: __close_fd+0x0/0x80 <-__x64_sys_close+0x1e/0x50
            sudo-2371  [001] ....  8483.034107: <stack trace>
 => 0xffffffffc014d061
 => __close_fd+0x5/0x80
 => __x64_sys_close+0x1e/0x50
 => do_syscall_64+0x48/0x120
 => entry_SYSCALL_64_after_hwframe+0x44/0xa9
            sudo-2371  [001] ....  8483.034107: sys_exit: NR 3 = 0
     in:imuxsock-590   [003] ....  8483.034107: sys_enter: NR 47 (3, 7f36a0b0d780, 40, 7f369c0008d0, 0, 0)
            sudo-2371  [001] ....  8483.034107: sys_enter: NR 95 (12, 56100c05b232, ffffffffffffffee, 7f16ff1b6cc0, 56100c05b233, 0)
            sudo-2371  [001] ....  8483.034107: sys_exit: NR 95 = 2
     in:imuxsock-590   [003] ....  8483.034107: sys_exit: NR 47 = 115
            sudo-2371  [001] ....  8483.034107: sys_enter: NR 102 (56100c06b890, 0, 0, 7f16ff1a1810, 0, 0)
            sudo-2371  [001] ....  8483.034107: sys_exit: NR 102 = 0
            sudo-2371  [001] ....  8483.034107: sys_enter: NR 257 (ffffff9c, 7f16fd17a5ba, 0, 0, 0, 0)
            sudo-2371  [001] ....  8483.034107: ext4_file_open+0x0/0x1f0 <-do_dentry_open+0x1ea/0x380
            sudo-2371  [001] ....  8483.034107: <stack trace>
 => 0xffffffffc014d061
 => ext4_file_open+0x5/0x1f0
 => do_dentry_open+0x1ea/0x380
 => path_openat+0x2e9/0x1570
 => do_filp_open+0x9b/0x110
 => do_sys_open+0x1bd/0x250
 => do_syscall_64+0x48/0x120
 => entry_SYSCALL_64_after_hwframe+0x44/0xa9
            sudo-2371  [001] ....  8483.034107: sys_exit: NR 257 = 4
            sudo-2371  [001] ....  8483.034107: sys_enter: NR 5 (4, 7ffcf0c97a80, 7ffcf0c97a80, 0, 7f16ffe85c80, 0)
            sudo-2371  [001] ....  8483.034107: sys_exit: NR 5 = 0
            sudo-2371  [001] ....  8483.034107: sys_enter: NR 0 (4, 56100c062a90, 1000, 56100c05a010, 1011, 0)
            sudo-2371  [001] ....  8483.034107: ext4_file_read_iter+0x0/0x40 <-new_sync_read+0x114/0x1a0
            sudo-2371  [001] ....  8483.034107: <stack trace>
 => 0xffffffffc014d061
 => ext4_file_read_iter+0x5/0x40
 => new_sync_read+0x114/0x1a0
 => vfs_read+0x89/0x130
 => ksys_read+0xa1/0xe0
 => do_syscall_64+0x48/0x120
 => entry_SYSCALL_64_after_hwframe+0x44/0xa9
     in:imuxsock-590   [003] ....  8483.034107: sys_enter: NR 202 (561cd8d1dfd4, 81, 1, 0, 1, 561cd8d1dfa8)
            sudo-2371  [001] ....  8483.034107: sys_exit: NR 0 = 4096
     in:imuxsock-590   [003] ....  8483.034107: sys_exit: NR 202 = 1
     in:imuxsock-590   [003] ....  8483.034107: sys_enter: NR 23 (4, 7f36a0b10ca0, 0, 0, 0, 0)
     in:imuxsock-590   [003] d...  8483.034107: sched_switch: prev_comm=in:imuxsock prev_pid=590 prev_prio=120 prev_state=S ==> next_comm=rs:main Q:Reg next_pid=592 next_prio=120
   rs:main Q:Reg-592   [003] ....  8483.034107: sys_exit: NR 202 = 0
            sudo-2371  [001] ....  8483.034107: sys_enter: NR 0 (4, 56100c062a90, 1000, 657020726568746f, 6c697473206e6163, 20776f6c6c61206c)
            sudo-2371  [001] ....  8483.034107: ext4_file_read_iter+0x0/0x40 <-new_sync_read+0x114/0x1a0
   rs:main Q:Reg-592   [003] ....  8483.034107: sys_enter: NR 202 (561cd8d1dd90, 81, 1, 0, 0, 1)
   rs:main Q:Reg-592   [003] ....  8483.034107: sys_exit: NR 202 = 0
            sudo-2371  [001] ....  8483.034107: <stack trace>
 => 0xffffffffc014d061
 => ext4_file_read_iter+0x5/0x40
 => new_sync_read+0x114/0x1a0
 => vfs_read+0x89/0x130
 => ksys_read+0xa1/0xe0
 => do_syscall_64+0x48/0x120
 => entry_SYSCALL_64_after_hwframe+0x44/0xa9
            sudo-2371  [001] ....  8483.034107: sys_exit: NR 0 = 4096
   rs:main Q:Reg-592   [003] ....  8483.034107: sys_enter: NR 1 (9, 7f368c0173b0, 77, 561cd776b500, 0, 0)
            sudo-2371  [001] ....  8483.034107: sys_enter: NR 0 (4, 56100c062a90, 1000, 56100c063a8e, 7f16ffe85c80, 7f16ff186580)
            sudo-2371  [001] ....  8483.034107: ext4_file_read_iter+0x0/0x40 <-new_sync_read+0x114/0x1a0
   rs:main Q:Reg-592   [003] ....  8483.034107: ext4_file_write_iter+0x0/0x3b0 <-new_sync_write+0x11b/0x1b0
            sudo-2371  [001] ....  8483.034107: <stack trace>
 => 0xffffffffc014d061
 => ext4_file_read_iter+0x5/0x40
 => new_sync_read+0x114/0x1a0
 => vfs_read+0x89/0x130
 => ksys_read+0xa1/0xe0
 => do_syscall_64+0x48/0x120
 => entry_SYSCALL_64_after_hwframe+0x44/0xa9
            sudo-2371  [001] ....  8483.034107: sys_exit: NR 0 = 2358
   rs:main Q:Reg-592   [003] ....  8483.034107: <stack trace>
 => 0xffffffffc014d061
 => ext4_file_write_iter+0x5/0x3b0
 => new_sync_write+0x11b/0x1b0
 => vfs_write+0xad/0x1a0
 => ksys_write+0xa1/0xe0
 => do_syscall_64+0x48/0x120
 => entry_SYSCALL_64_after_hwframe+0x44/0xa9
            sudo-2371  [001] ....  8483.034107: sys_enter: NR 3 (4, 1, 7f16ff3ff760, 56100c062dbb, 7f16ffe85c80, 7f16ff186f40)
            sudo-2371  [001] ....  8483.034107: __close_fd+0x0/0x80 <-__x64_sys_close+0x1e/0x50
            sudo-2371  [001] ....  8483.034107: <stack trace>
 => 0xffffffffc014d061
 => __close_fd+0x5/0x80
 => __x64_sys_close+0x1e/0x50
 => do_syscall_64+0x48/0x120
 => entry_SYSCALL_64_after_hwframe+0x44/0xa9
            sudo-2371  [001] ....  8483.034107: sys_exit: NR 3 = 0
            sudo-2371  [001] ....  8483.034107: sys_enter: NR 21 (7f16ff1cf41a, 0, 7f16ff1d2f20, d, 7f16ffe85c80, 7f16ff186f40)
            sudo-2371  [001] ....  8483.034107: sys_exit: NR 21 = -2
            sudo-2371  [001] ....  8483.034107: sys_enter: NR 257 (ffffff9c, 7f16ff1d2f20, 80000, 0, 7f16ffe85c80, 7f16ff186f40)
            sudo-2371  [001] ....  8483.034107: sys_exit: NR 257 = 4
            sudo-2371  [001] ....  8483.034107: sys_enter: NR 8 (4, 0, 0, 0, 7f16ffe85c80, 7f16ff186f40)
            sudo-2371  [001] ....  8483.034107: sys_exit: NR 8 = 0
   rs:main Q:Reg-592   [003] ....  8483.034107: sys_exit: NR 1 = 119
            sudo-2371  [001] ....  8483.034107: sys_enter: NR 37 (0, 56100c06ea70, 7ffcf0c97b00, 56100c05a010, 7ffcf0c97b30, 56100c06ea70)
   rs:main Q:Reg-592   [003] ....  8483.034107: sys_enter: NR 202 (561cd8d1dfd0, 80, 0, 0, 0, 1)
   rs:main Q:Reg-592   [003] d...  8483.034107: sched_switch: prev_comm=rs:main Q:Reg prev_pid=592 prev_prio=120 prev_state=S ==> next_comm=gmain next_pid=605 next_prio=120
           gmain-605   [003] d...  8483.034107: sched_switch: prev_comm=gmain prev_pid=605 prev_prio=120 prev_state=S ==> next_comm=systemd-journal next_pid=369 next_prio=119
 systemd-journal-369   [003] ....  8483.034107: sys_enter: NR 228 (1, 7fff8e43bce0, 7fff8e43bce0, 1c, 7fff8e444090, 7fff8e43bce0)
            sudo-2371  [001] ....  8483.034107: sys_exit: NR 37 = 0
            sudo-2371  [001] ....  8483.034107: sys_enter: NR 13 (e, 7ffcf0c977f0, 7ffcf0c97890, 8, 7ffcf0c97a10, 56100c06ea70)
            sudo-2371  [001] ....  8483.034107: sys_exit: NR 13 = 0
            sudo-2371  [001] ....  8483.034107: sys_enter: NR 37 (a, 7ffcf0c977f0, 7f16ff056f20, 8, 7ffcf0c97a10, 56100c06ea70)
            sudo-2371  [001] ....  8483.034107: sys_exit: NR 37 = 0
            sudo-2371  [001] ....  8483.034107: sys_enter: NR 72 (4, 7, 7ffcf0c97950, 8, 7ffcf0c97a10, 56100c06ea70)
            sudo-2371  [001] ....  8483.034107: sys_exit: NR 72 = 0
            sudo-2371  [001] ....  8483.034107: sys_enter: NR 0 (4, 7f16ff4082e0, 180, 8, 7ffcf0c97a10, 56100c06ea70)
            sudo-2371  [001] ....  8483.034107: sys_exit: NR 0 = 384
            sudo-2371  [001] ....  8483.034107: sys_enter: NR 0 (4, 7f16ff4082e0, 180, 8, 7ffcf0c97a10, 56100c06ea70)
            sudo-2371  [001] ....  8483.034107: sys_exit: NR 0 = 384
            sudo-2371  [001] ....  8483.034107: sys_enter: NR 0 (4, 7f16ff4082e0, 180, 8, 7ffcf0c97a10, 56100c06ea70)
            sudo-2371  [001] ....  8483.034107: sys_exit: NR 0 = 384
            sudo-2371  [001] ....  8483.034107: sys_enter: NR 0 (4, 7f16ff4082e0, 180, 8, 0, 2)
            sudo-2371  [001] ....  8483.034107: sys_exit: NR 0 = 384
            sudo-2371  [001] ....  8483.034107: sys_enter: NR 72 (4, 7, 7ffcf0c97950, 8, 0, 1f)
            sudo-2371  [001] ....  8483.034107: sys_exit: NR 72 = 0
            sudo-2371  [001] ....  8483.034107: sys_enter: NR 37 (0, 7, 7ffcf0c97950, 8, 0, 1f)
            sudo-2371  [001] ....  8483.034107: sys_exit: NR 37 = 10
            sudo-2371  [001] ....  8483.034107: sys_enter: NR 13 (e, 7ffcf0c977f0, 0, 8, 0, 1f)
            sudo-2371  [001] ....  8483.034107: sys_exit: NR 13 = 0
            sudo-2371  [001] ....  8483.034107: sys_enter: NR 3 (4, 1, 56100c069e20, d, fe, 7f16ff186b00)
            sudo-2371  [001] ....  8483.034107: __close_fd+0x0/0x80 <-__x64_sys_close+0x1e/0x50
            sudo-2371  [001] ....  8483.034107: <stack trace>
 => 0xffffffffc014d061
 => __close_fd+0x5/0x80
 => __x64_sys_close+0x1e/0x50
 => do_syscall_64+0x48/0x120
 => entry_SYSCALL_64_after_hwframe+0x44/0xa9
            sudo-2371  [001] ....  8483.034107: sys_exit: NR 3 = 0
            sudo-2371  [001] ....  8483.034107: sys_enter: NR 102 (4, 1, 56100c069e20, d, fe, 7f16ff186b00)
            sudo-2371  [001] ....  8483.034107: sys_exit: NR 102 = 0
            sudo-2371  [001] ....  8483.034107: sys_enter: NR 41 (1, 80002, 0, 20796220746f6f72, 7f16ff403c40, 30)
            sudo-2371  [001] ....  8483.034107: sys_exit: NR 41 = 4
            sudo-2371  [001] ....  8483.034107: sys_enter: NR 42 (4, 7f16ff4062a0, 6e, 20796220746f6f72, 7f16ff403c40, 30)
            sudo-2371  [001] ....  8483.034107: sys_exit: NR 42 = 0
            sudo-2371  [001] ....  8483.034107: sys_enter: NR 44 (4, 56100c075bc0, 62, 4000, 0, 0)
 systemd-journal-369   [003] ....  8483.034309: sys_exit: NR 228 = 0
 systemd-journal-369   [003] ....  8483.034309: sys_enter: NR 228 (1, 7fff8e43bd20, 7fff8e43bd20, 1c, 7fff8e444090, 7fff8e43bd20)
 systemd-journal-369   [003] ....  8483.035309: sys_exit: NR 228 = 0
 systemd-journal-369   [003] ....  8483.035309: sys_enter: NR 257 (ffffff9c, 5629b5304a10, 80002, 0, 0, 3732376564376136)
 systemd-journal-369   [003] ....  8483.035309: sys_exit: NR 257 = -2
 systemd-journal-369   [003] ....  8483.035309: sys_enter: NR 228 (0, 7fff8e43b8d0, 7fff8e43b8d0, 41, 7fff8e444080, 7fff8e43b8d0)
 systemd-journal-369   [003] ....  8483.035309: sys_exit: NR 228 = 0
 systemd-journal-369   [003] ....  8483.035309: sys_enter: NR 228 (1, 7fff8e43b4f0, 7fff8e43b4f0, 0, 7fff8e444090, 7fff8e43b4f0)
 systemd-journal-369   [003] ....  8483.035309: sys_exit: NR 228 = 0
            sudo-2371  [001] ....  8483.035309: sys_exit: NR 44 = 98
 systemd-journal-369   [003] ....  8483.035309: sys_enter: NR 228 (1, 7fff8e43b4f0, 7fff8e43b4f0, 0, 7fff8e444090, 7fff8e43b4f0)
            sudo-2371  [001] ....  8483.035309: sys_enter: NR 41 (10, 3, 9, 4000, 56100c06b890, 0)
            sudo-2371  [001] ....  8483.035309: sys_exit: NR 41 = 5
            sudo-2371  [001] ....  8483.035309: sys_enter: NR 72 (5, 2, 1, 4000, 56100c06b890, 0)
            sudo-2371  [001] ....  8483.035309: sys_exit: NR 72 = 0
            sudo-2371  [001] ....  8483.035309: sys_enter: NR 44 (5, 7ffcf0c911e0, 78, 0, 7ffcf0c911cc, c)
            sudo-2371  [001] ....  8483.035309: sys_exit: NR 44 = 120
            sudo-2371  [001] ....  8483.035309: sys_enter: NR 7 (7ffcf0c911d8, 1, 1f4, 0, 7ffcf0c911cc, c)
 systemd-journal-369   [003] ....  8483.035309: sys_exit: NR 228 = 0
 systemd-journal-369   [003] ....  8483.035309: sys_enter: NR 228 (1, 7fff8e43b500, 7fff8e43b500, 2454b1b2bc26cd55, 7fff8e444090, 7fff8e43b500)
            sudo-2371  [001] ....  8483.035309: sys_exit: NR 7 = 1
            sudo-2371  [001] ....  8483.035309: sys_enter: NR 45 (5, 7ffcf0c93510, 231c, 42, 7ffcf0c9115c, 7ffcf0c91158)
 systemd-journal-369   [003] ....  8483.035309: sys_exit: NR 228 = 0
            sudo-2371  [001] ....  8483.035309: sys_exit: NR 45 = 36
            sudo-2371  [001] ....  8483.035309: sys_enter: NR 45 (5, 7ffcf0c93510, 231c, 40, 7ffcf0c9115c, 7ffcf0c91158)
            sudo-2371  [001] ....  8483.035309: sys_exit: NR 45 = 36
            sudo-2371  [001] ....  8483.035309: sys_enter: NR 3 (5, 0, 0, 40, 7ffcf0c9115c, 7ffcf0c91158)
            sudo-2371  [001] ....  8483.035309: __close_fd+0x0/0x80 <-__x64_sys_close+0x1e/0x50
            sudo-2371  [001] ....  8483.035309: <stack trace>
 => 0xffffffffc014d061
 => __close_fd+0x5/0x80
 => __x64_sys_close+0x1e/0x50
 => do_syscall_64+0x48/0x120
 => entry_SYSCALL_64_after_hwframe+0x44/0xa9
            sudo-2371  [001] ....  8483.035309: sys_exit: NR 3 = 0
            sudo-2371  [001] ....  8483.035309: sys_enter: NR 293 (7ffcf0c97ec8, 80000, ffffffff, 7f16ff19dfe0, 7f16ff41975d, 7ffcf0c97d20)
 systemd-journal-369   [003] ....  8483.035309: sys_enter: NR 228 (0, 7fff8e43c610, 7fff8e43c610, 5629b52fc3d0, 7fff8e444080, 7fff8e43c610)
            sudo-2371  [001] ....  8483.035309: sys_exit: NR 293 = 0
            sudo-2371  [001] ....  8483.035309: sys_enter: NR 14 (0, 7ffcf0c97ed0, 7ffcf0c97f50, 8, 7f16ff41975d, 7ffcf0c97d20)
            sudo-2371  [001] ....  8483.035309: sys_exit: NR 14 = 0
            sudo-2371  [001] ....  8483.035309: sys_enter: NR 56 (1200011, 0, 0, 7f16ffe85f50, 7f16ffe85c80, 7ffcf0c97b50)
 systemd-journal-369   [003] ....  8483.035309: sys_exit: NR 228 = 0
 systemd-journal-369   [003] ....  8483.035309: sys_enter: NR 228 (0, 7fff8e43c610, 7fff8e43c610, 5629b52fc3d0, 7fff8e444080, 7fff8e43c610)
 systemd-journal-369   [003] ....  8483.035309: sys_exit: NR 228 = 0
 systemd-journal-369   [003] ....  8483.035309: sys_enter: NR 232 (8, 7fff8e43c380, 20, ffffffff, 0, 7fff8e43c610)
 systemd-journal-369   [003] ....  8483.035309: sys_exit: NR 232 = 1
 systemd-journal-369   [003] ....  8483.035309: sys_enter: NR 228 (0, 7fff8e43c340, 7fff8e43c340, ffffffff, 7fff8e444080, 7fff8e43c340)
 systemd-journal-369   [003] ....  8483.035309: sys_exit: NR 228 = 0
 systemd-journal-369   [003] ....  8483.035309: sys_enter: NR 228 (1, 7fff8e43c340, 7fff8e43c340, ffffffff, 7fff8e444090, 7fff8e43c340)
 systemd-journal-369   [003] ....  8483.035309: sys_exit: NR 228 = 0
 systemd-journal-369   [003] ....  8483.035309: sys_enter: NR 228 (7, 7fff8e43c340, 7fff8e43c340, ffffffff, 7fff8e4440f0, 7fff8e43c340)
 systemd-journal-369   [003] ....  8483.035309: sys_exit: NR 228 = 0
 systemd-journal-369   [003] ....  8483.035309: sys_enter: NR 16 (4, 541b, 7fff8e43c1fc, ffffffff, 1f9a0d797, 7fff8e43c340)
 systemd-journal-369   [003] ....  8483.035309: sys_exit: NR 16 = 0
 systemd-journal-369   [003] ....  8483.035309: sys_enter: NR 47 (4, 7fff8e43c220, 40000040, ffffffff, 0, 7fff8e43c340)
 systemd-journal-369   [003] ....  8483.035309: sys_exit: NR 47 = 98
 systemd-journal-369   [003] ....  8483.035309: sys_enter: NR 228 (1, 7fff8e43bfe0, 7fff8e43bfe0, 740, 7fff8e444090, 7fff8e43bfe0)
            sudo-2371  [001] ....  8483.035309: sys_exit: NR 56 = 2372
            sudo-2371  [001] ....  8483.035309: sys_enter: NR 3 (6, 56100ae67b6d, ffffffff, 7f16ffe85f50, 56100ae67baf, 7ffcf0c97d50)
            sudo-2371  [001] ....  8483.035309: __close_fd+0x0/0x80 <-__x64_sys_close+0x1e/0x50
            sudo-2371  [001] ....  8483.035309: <stack trace>
 => 0xffffffffc014d061
 => __close_fd+0x5/0x80
 => __x64_sys_close+0x1e/0x50
 => do_syscall_64+0x48/0x120
 => entry_SYSCALL_64_after_hwframe+0x44/0xa9
            sudo-2371  [001] ....  8483.035309: sys_exit: NR 3 = 0
            sudo-2371  [001] ....  8483.035309: sys_enter: NR 111 (0, 0, ffffffff, 7f16ffe85f50, 7f16ff419741, 7ffcf0c97d40)
            sudo-2371  [001] ....  8483.035309: sys_exit: NR 111 = 2371
            sudo-2371  [001] ....  8483.035309: sys_enter: NR 293 (56100c063454, 80800, ffffffff, 56100c05a010, 7f16ff41975d, 7ffcf0c97d10)
            sudo-2371  [001] ....  8483.035309: sys_exit: NR 293 = 0
            sudo-2371  [001] ....  8483.035309: sys_enter: NR 13 (2, 7ffcf0c97c00, 7ffcf0c97ca0, 8, 56100c06ec00, 0)
            sudo-2371  [001] ....  8483.035309: sys_exit: NR 13 = 0
            sudo-2371  [001] ....  8483.035309: sys_enter: NR 13 (3, 7ffcf0c97c00, 7ffcf0c97ca0, 8, 56100c0646b0, 0)
            sudo-2371  [001] ....  8483.035309: sys_exit: NR 13 = 0
            sudo-2371  [001] ....  8483.035309: sys_enter: NR 13 (14, 7ffcf0c97c00, 7ffcf0c97ca0, 8, 56100c05f680, 0)
            sudo-2371  [001] ....  8483.035309: sys_exit: NR 13 = 0
            sudo-2371  [001] ....  8483.035309: sys_enter: NR 13 (f, 7ffcf0c97c00, 7ffcf0c97ca0, 8, 56100c05f850, 0)
            sudo-2371  [001] ....  8483.035309: sys_exit: NR 13 = 0
            sudo-2371  [001] ....  8483.035309: sys_enter: NR 13 (1, 7ffcf0c97c00, 7ffcf0c97ca0, 8, 56100c0635b0, 0)
            sudo-2371  [001] ....  8483.035309: sys_exit: NR 13 = 0
            sudo-2371  [001] ....  8483.035309: sys_enter: NR 13 (e, 7ffcf0c97c00, 7ffcf0c97ca0, 8, 56100c0637f0, 0)
            sudo-2371  [001] ....  8483.035309: sys_exit: NR 13 = 0
            sudo-2371  [001] ....  8483.035309: sys_enter: NR 13 (d, 7ffcf0c97c00, 7ffcf0c97ca0, 8, 56100c06bb80, 0)
            sudo-2371  [001] ....  8483.035309: sys_exit: NR 13 = 0
            sudo-2371  [001] ....  8483.035309: sys_enter: NR 13 (a, 7ffcf0c97c00, 7ffcf0c97ca0, 8, 56100c06bd50, 0)
            sudo-2371  [001] ....  8483.035309: sys_exit: NR 13 = 0
            sudo-2371  [001] ....  8483.035309: sys_enter: NR 13 (c, 7ffcf0c97c00, 7ffcf0c97ca0, 8, 56100c06bf90, 0)
            sudo-2371  [001] ....  8483.035309: sys_exit: NR 13 = 0
            sudo-2371  [001] ....  8483.035309: sys_enter: NR 13 (11, 7ffcf0c97c00, 7ffcf0c97ca0, 8, 56100c06c1d0, 0)
            sudo-2371  [001] ....  8483.035309: sys_exit: NR 13 = 0
            sudo-2371  [001] ....  8483.035309: sys_enter: NR 13 (12, 7ffcf0c97c00, 7ffcf0c97ca0, 8, 56100c06c410, 0)
            sudo-2371  [001] ....  8483.035309: sys_exit: NR 13 = 0
            sudo-2371  [001] ....  8483.035309: sys_enter: NR 14 (2, 7ffcf0c97f50, 0, 8, 7f16ff41974f, 7ffcf0c97d40)
            sudo-2371  [001] ....  8483.035309: sys_exit: NR 14 = 0
            sudo-2371  [001] ....  8483.035309: sys_enter: NR 7 (56100c072650, 2, ffffffff, 8, 7f16ff419741, 7ffcf0c97ca0)
            sudo-2371  [001] d...  8483.035309: sched_switch: prev_comm=sudo prev_pid=2371 prev_prio=120 prev_state=S ==> next_comm=swapper/1 next_pid=0 next_prio=120
 systemd-journal-369   [003] ....  8483.035393: sys_exit: NR 228 = 0
 systemd-journal-369   [003] ....  8483.035393: sys_enter: NR 257 (ffffff9c, 7fff8e43bf50, 80000, 0, 0, 7f841170735a)
 systemd-journal-369   [003] ....  8483.035393: sys_exit: NR 257 = 16
 systemd-journal-369   [003] ....  8483.035393: sys_enter: NR 5 (10, 7fff8e43bd80, 7fff8e43bd80, 0, 5629b52efb80, 7f8411ff5940)
 systemd-journal-369   [003] ....  8483.035393: sys_exit: NR 5 = 0
 systemd-journal-369   [003] ....  8483.035393: sys_enter: NR 0 (10, 5629b52e3d30, 400, 0, 0, 7f8411ff5940)
 systemd-journal-369   [003] ....  8483.035393: sys_exit: NR 0 = 5
 systemd-journal-369   [003] ....  8483.035393: sys_enter: NR 3 (10, 0, 7f8411de1760, 0, 0, 7f8411ff5940)
 systemd-journal-369   [003] ....  8483.035393: __close_fd+0x0/0x80 <-__x64_sys_close+0x1e/0x50
          <idle>-0     [000] d...  8483.036317: sched_switch: prev_comm=swapper/0 prev_pid=0 prev_prio=120 prev_state=R ==> next_comm=sudo next_pid=2372 next_prio=120
 systemd-journal-369   [003] ....  8483.036317: <stack trace>
 => 0xffffffffc014d061
 => __close_fd+0x5/0x80
 => __x64_sys_close+0x1e/0x50
 => do_syscall_64+0x48/0x120
 => entry_SYSCALL_64_after_hwframe+0x44/0xa9
 systemd-journal-369   [003] ....  8483.036317: sys_exit: NR 3 = 0
        vfs_proc-2372  [000] ....  8483.036317: sys_exit: NR 56 = 0
 systemd-journal-369   [003] ....  8483.036317: sys_enter: NR 267 (ffffff9c, 7fff8e43bf50, 5629b5304570, 63, 0, 0)
 systemd-journal-369   [003] ....  8483.036317: sys_exit: NR 267 = 13
 systemd-journal-369   [003] ....  8483.036317: sys_enter: NR 257 (ffffff9c, 7fff8e43bef0, 80000, 0, 0, 7f841170735a)
 systemd-journal-369   [003] ....  8483.036317: sys_exit: NR 257 = 16
 systemd-journal-369   [003] ....  8483.036317: sys_enter: NR 5 (10, 7fff8e43bdb0, 7fff8e43bdb0, 0, 2c, 0)
 systemd-journal-369   [003] ....  8483.036317: sys_exit: NR 5 = 0
        vfs_proc-2372  [000] ....  8483.036317: sys_enter: NR 273 (7f16ffe85f60, 18, 1, 7f16ffe85f50, 7f16ffe85c80, 7ffcf0c97b50)
        vfs_proc-2372  [000] ....  8483.036317: sys_exit: NR 273 = 0
 systemd-journal-369   [003] ....  8483.036317: sys_enter: NR 0 (10, 5629b52e3d30, 400, 0, 0, 0)
 systemd-journal-369   [003] ....  8483.036317: sys_exit: NR 0 = 16
 systemd-journal-369   [003] ....  8483.036317: sys_enter: NR 0 (10, 5629b52e3d30, 400, 0, 0, 0)
 systemd-journal-369   [003] ....  8483.036317: sys_exit: NR 0 = 0
        vfs_proc-2372  [000] ....  8483.036317: sys_enter: NR 39 (7f16ffe85f60, 7f16fe9982b0, 7f16ffe85f40, 7f16ffe85c80, 7f16ffe85c80, 7f16fe9982b0)
        vfs_proc-2372  [000] ....  8483.036317: sys_exit: NR 39 = 2372
 systemd-journal-369   [003] ....  8483.036317: sys_enter: NR 3 (10, 0, 7f8411de1760, 0, 0, 0)
 systemd-journal-369   [003] ....  8483.036317: __close_fd+0x0/0x80 <-__x64_sys_close+0x1e/0x50
 systemd-journal-369   [003] ....  8483.036317: <stack trace>
 => 0xffffffffc014d061
 => __close_fd+0x5/0x80
 => __x64_sys_close+0x1e/0x50
 => do_syscall_64+0x48/0x120
 => entry_SYSCALL_64_after_hwframe+0x44/0xa9
 systemd-journal-369   [003] ....  8483.036317: sys_exit: NR 3 = 0
 systemd-journal-369   [003] ....  8483.036317: sys_enter: NR 257 (ffffff9c, 7fff8e43bf50, 80000, 0, 0, 7f841170735a)
 systemd-journal-369   [003] ....  8483.036317: sys_exit: NR 257 = 16
 systemd-journal-369   [003] ....  8483.036317: sys_enter: NR 5 (10, 7fff8e43bdf0, 7fff8e43bdf0, 0, 2c, 0)
 systemd-journal-369   [003] ....  8483.036317: sys_exit: NR 5 = 0
 systemd-journal-369   [003] ....  8483.036317: sys_enter: NR 5 (10, 7fff8e43bc80, 7fff8e43bc80, 5629b52d9010, b40, 5629b5304d40)
 systemd-journal-369   [003] ....  8483.036317: sys_exit: NR 5 = 0
 systemd-journal-369   [003] ....  8483.036317: sys_enter: NR 0 (10, 5629b5304d40, 800, 5629b52d9010, 0, 5629b5304d40)
 systemd-journal-369   [003] ....  8483.036317: sys_exit: NR 0 = 1031
        vfs_proc-2372  [000] ....  8483.036317: sys_enter: NR 14 (2, 7ffcf0c97f50, 0, 8, 0, 0)
        vfs_proc-2372  [000] ....  8483.036317: sys_exit: NR 14 = 0
 systemd-journal-369   [003] ....  8483.036317: sys_enter: NR 0 (10, 5629b52e3d30, 400, 5629b52d9010, 0, 5629b5304d40)
        vfs_proc-2372  [000] ....  8483.036317: sys_enter: NR 3 (5, 7ffcf0c97f50, 0, 8, 0, 0)
 systemd-journal-369   [003] ....  8483.036317: sys_exit: NR 0 = 0
        vfs_proc-2372  [000] ....  8483.036317: __close_fd+0x0/0x80 <-__x64_sys_close+0x1e/0x50
        vfs_proc-2372  [000] ....  8483.036317: <stack trace>
 => 0xffffffffc014d061
 => __close_fd+0x5/0x80
 => __x64_sys_close+0x1e/0x50
 => do_syscall_64+0x48/0x120
 => entry_SYSCALL_64_after_hwframe+0x44/0xa9
        vfs_proc-2372  [000] ....  8483.036317: sys_exit: NR 3 = 0
 systemd-journal-369   [003] ....  8483.036317: sys_enter: NR 3 (10, 0, 7f8411de1760, 5629b52d9010, 0, 5629b5304d40)
 systemd-journal-369   [003] ....  8483.036317: __close_fd+0x0/0x80 <-__x64_sys_close+0x1e/0x50
        vfs_proc-2372  [000] ....  8483.036317: sys_enter: NR 13 (d, 7ffcf0c97c80, 0, 8, 0, 7ffcf0c97cd0)
        vfs_proc-2372  [000] ....  8483.036317: sys_exit: NR 13 = 0
 systemd-journal-369   [003] ....  8483.036317: <stack trace>
 => 0xffffffffc014d061
 => __close_fd+0x5/0x80
 => __x64_sys_close+0x1e/0x50
 => do_syscall_64+0x48/0x120
 => entry_SYSCALL_64_after_hwframe+0x44/0xa9
 systemd-journal-369   [003] ....  8483.036317: sys_exit: NR 3 = 0
        vfs_proc-2372  [000] ....  8483.036317: sys_enter: NR 302 (0, 4, 56100b0710d0, 0, 7f16ff419741, 7ffcf0c97cc0)
        vfs_proc-2372  [000] ....  8483.036317: sys_exit: NR 302 = 0
        vfs_proc-2372  [000] ....  8483.036317: sys_enter: NR 157 (4, 2, 0, 0, 0, 7ffcf0c97cc0)
        vfs_proc-2372  [000] ....  8483.036317: sys_exit: NR 157 = -22
        vfs_proc-2372  [000] ....  8483.036317: sys_enter: NR 95 (12, 0, ffffffff, 0, 7f16ff41974f, 7ffcf0c97cc0)
        vfs_proc-2372  [000] ....  8483.036317: sys_exit: NR 95 = 18
 systemd-journal-369   [003] ....  8483.036317: sys_enter: NR 257 (ffffff9c, 7fff8e43bf40, 80000, 0, 0, 7f841170735a)
        vfs_proc-2372  [000] ....  8483.036317: sys_enter: NR 302 (0, 6, 0, 56100b06fea0, 7f16ff419741, 7ffcf0c97cf0)
 systemd-journal-369   [003] ....  8483.036317: sys_exit: NR 257 = 16
        vfs_proc-2372  [000] ....  8483.036317: sys_exit: NR 302 = 0
        vfs_proc-2372  [000] ....  8483.036317: sys_enter: NR 302 (0, 6, 7ffcf0c97df0, 0, 7f16ff419741, 7ffcf0c97cf0)
        vfs_proc-2372  [000] ....  8483.036317: sys_exit: NR 302 = 0
 systemd-journal-369   [003] ....  8483.036317: sys_enter: NR 5 (10, 7fff8e43bd70, 7fff8e43bd70, 0, 5629b52efb80, 7f8411ff5940)
        vfs_proc-2372  [000] ....  8483.036317: sys_enter: NR 117 (0, 0, 0, 7f16fe99c330, 7f16fe99c330, 7ffcf0c97cf0)
 systemd-journal-369   [003] ....  8483.036317: sys_exit: NR 5 = 0
        vfs_proc-2372  [000] ....  8483.036317: sys_exit: NR 117 = 0
        vfs_proc-2372  [000] ....  8483.036317: sys_enter: NR 302 (0, 6, 56100b06fea0, 0, 7f16ff419741, 7ffcf0c97cf0)
        vfs_proc-2372  [000] ....  8483.036317: sys_exit: NR 302 = 0
 systemd-journal-369   [003] ....  8483.036317: sys_enter: NR 0 (10, 5629b52e3d30, 400, 0, 0, 7f8411ff5940)
 systemd-journal-369   [003] ....  8483.036317: sys_exit: NR 0 = 1
        vfs_proc-2372  [000] ....  8483.036317: sys_enter: NR 72 (6, 1, 56100c064f60, 0, 7f16ff419741, 7ffcf0c97cc0)
        vfs_proc-2372  [000] ....  8483.036317: sys_exit: NR 72 = 1
 systemd-journal-369   [003] ....  8483.036317: sys_enter: NR 0 (10, 5629b52e3d30, 400, 0, 0, 7f8411ff5940)
 systemd-journal-369   [003] ....  8483.036317: sys_exit: NR 0 = 0
        vfs_proc-2372  [000] ....  8483.036317: sys_enter: NR 32 (6, 0, ffffffff, 0, 7f16ff419741, 7ffcf0c97ca0)
        vfs_proc-2372  [000] ....  8483.036317: sys_exit: NR 32 = 5
        vfs_proc-2372  [000] ....  8483.036317: sys_enter: NR 3 (6, 6, ffffffff, 6, 56100ae5ee11, 7ffcf0c97cb0)
        vfs_proc-2372  [000] ....  8483.036317: __close_fd+0x0/0x80 <-__x64_sys_close+0x1e/0x50
 systemd-journal-369   [003] ....  8483.036317: sys_enter: NR 3 (10, 0, 7f8411de1760, 0, 0, 7f8411ff5940)
 systemd-journal-369   [003] ....  8483.036317: __close_fd+0x0/0x80 <-__x64_sys_close+0x1e/0x50
        vfs_proc-2372  [000] ....  8483.036317: <stack trace>
 => 0xffffffffc014d061
 => __close_fd+0x5/0x80
 => __x64_sys_close+0x1e/0x50
 => do_syscall_64+0x48/0x120
 => entry_SYSCALL_64_after_hwframe+0x44/0xa9
 systemd-journal-369   [003] ....  8483.036317: <stack trace>
 => 0xffffffffc014d061
 => __close_fd+0x5/0x80
 => __x64_sys_close+0x1e/0x50
 => do_syscall_64+0x48/0x120
 => entry_SYSCALL_64_after_hwframe+0x44/0xa9
        vfs_proc-2372  [000] ....  8483.036317: sys_exit: NR 3 = 0
 systemd-journal-369   [003] ....  8483.036317: sys_exit: NR 3 = 0
 systemd-journal-369   [003] ....  8483.036317: sys_enter: NR 257 (ffffff9c, 7fff8e43bf40, 80000, 0, 0, 7f841170735a)
 systemd-journal-369   [003] ....  8483.036317: sys_exit: NR 257 = 16
 systemd-journal-369   [003] ....  8483.036317: sys_enter: NR 5 (10, 7fff8e43bd70, 7fff8e43bd70, 0, 5629b52efb80, 7f8411ff5940)
 systemd-journal-369   [003] ....  8483.036317: sys_exit: NR 5 = 0
 systemd-journal-369   [003] ....  8483.036317: sys_enter: NR 0 (10, 5629b52e3d30, 400, 0, 0, 7f8411ff5940)
 systemd-journal-369   [003] ....  8483.036317: sys_exit: NR 0 = 4
 systemd-journal-369   [003] ....  8483.036317: sys_enter: NR 0 (10, 5629b52e3d30, 400, 0, 0, 7f8411ff5940)
 systemd-journal-369   [003] ....  8483.036317: sys_exit: NR 0 = 0
 systemd-journal-369   [003] ....  8483.036317: sys_enter: NR 3 (10, 0, 7f8411de1760, 0, 0, 7f8411ff5940)
 systemd-journal-369   [003] ....  8483.036317: __close_fd+0x0/0x80 <-__x64_sys_close+0x1e/0x50
 systemd-journal-369   [003] ....  8483.036317: <stack trace>
 => 0xffffffffc014d061
 => __close_fd+0x5/0x80
 => __x64_sys_close+0x1e/0x50
 => do_syscall_64+0x48/0x120
 => entry_SYSCALL_64_after_hwframe+0x44/0xa9
 systemd-journal-369   [003] ....  8483.036317: sys_exit: NR 3 = 0
 systemd-journal-369   [003] ....  8483.036317: sys_enter: NR 257 (ffffff9c, 7fff8e43b690, 80000, 0, 0, 7f841170735a)
 systemd-journal-369   [003] ....  8483.036317: sys_exit: NR 257 = 16
 systemd-journal-369   [003] ....  8483.036317: sys_enter: NR 5 (10, 7fff8e43b4f0, 7fff8e43b4f0, 0, 1, 0)
 systemd-journal-369   [003] ....  8483.036317: sys_exit: NR 5 = 0
 systemd-journal-369   [003] ....  8483.036317: sys_enter: NR 0 (10, 5629b52e3d30, 400, 0, 0, 0)
 systemd-journal-369   [003] ....  8483.036317: sys_exit: NR 0 = 176
 systemd-journal-369   [003] ....  8483.036317: sys_enter: NR 3 (10, 0, 7f8411de1760, 6c732e303030312d, f800, 726573752f656369)
 systemd-journal-369   [003] ....  8483.036317: __close_fd+0x0/0x80 <-__x64_sys_close+0x1e/0x50
 systemd-journal-369   [003] ....  8483.036317: <stack trace>
 => 0xffffffffc014d061
 => __close_fd+0x5/0x80
 => __x64_sys_close+0x1e/0x50
 => do_syscall_64+0x48/0x120
 => entry_SYSCALL_64_after_hwframe+0x44/0xa9
 systemd-journal-369   [003] ....  8483.036317: sys_exit: NR 3 = 0
 systemd-journal-369   [003] ....  8483.036317: sys_enter: NR 267 (ffffff9c, 7fff8e43bf30, 5629b5304b30, 63, 0, 10)
 systemd-journal-369   [003] ....  8483.036317: sys_exit: NR 267 = 32
 systemd-journal-369   [003] ....  8483.036317: sys_enter: NR 267 (ffffff9c, 7fff8e43bf30, 5629b5304b30, 63, 0, 10)
 systemd-journal-369   [003] ....  8483.036317: sys_exit: NR 267 = -2
 systemd-journal-369   [003] ....  8483.036317: sys_enter: NR 257 (ffffff9c, 7fff8e43be30, 80000, 0, 0, 5629b3f067bb)
 systemd-journal-369   [003] ....  8483.036317: sys_exit: NR 257 = -2
 systemd-journal-369   [003] ....  8483.036317: sys_enter: NR 46 (4, 7fff8e43c030, 4000, 5629b3f07b80, 0, 7fff8e43c0f8)
 systemd-journal-369   [003] .N..  8483.036317: sys_exit: NR 46 = 98
 systemd-journal-369   [003] d...  8483.036317: sched_switch: prev_comm=systemd-journal prev_pid=369 prev_prio=119 prev_state=R ==> next_comm=in:imuxsock next_pid=590 next_prio=120
     in:imuxsock-590   [003] ....  8483.036317: sys_exit: NR 23 = 1
     in:imuxsock-590   [003] ....  8483.036317: sys_enter: NR 47 (3, 7f36a0b0d780, 40, 7f369c0008d0, 0, 0)
     in:imuxsock-590   [003] ....  8483.036317: sys_exit: NR 47 = 98
        vfs_proc-2372  [000] ....  8483.036317: sys_enter: NR 3 (3, 56100ae69baa, ffffffff, 56100c05a010, 56100ae67d73, 7ffcf0c97cc0)
        vfs_proc-2372  [000] ....  8483.036317: __close_fd+0x0/0x80 <-__x64_sys_close+0x1e/0x50
        vfs_proc-2372  [000] ....  8483.036317: <stack trace>
 => 0xffffffffc014d061
 => __close_fd+0x5/0x80
 => __x64_sys_close+0x1e/0x50
 => do_syscall_64+0x48/0x120
 => entry_SYSCALL_64_after_hwframe+0x44/0xa9
        vfs_proc-2372  [000] ....  8483.036317: sys_exit: NR 3 = 0
     in:imuxsock-590   [003] ....  8483.036317: sys_enter: NR 202 (561cd8d1dfd0, 81, 1, 0, 0, 561cd8d1dfa8)
        vfs_proc-2372  [000] ....  8483.036317: sys_enter: NR 3 (4, 56100ae69baa, ffffffff, 56100c05a010, 56100ae67d73, 7ffcf0c97cc0)
        vfs_proc-2372  [000] ....  8483.036317: __close_fd+0x0/0x80 <-__x64_sys_close+0x1e/0x50
        vfs_proc-2372  [000] ....  8483.036317: <stack trace>
 => 0xffffffffc014d061
 => __close_fd+0x5/0x80
 => __x64_sys_close+0x1e/0x50
 => do_syscall_64+0x48/0x120
 => entry_SYSCALL_64_after_hwframe+0x44/0xa9
        vfs_proc-2372  [000] ....  8483.036317: sys_exit: NR 3 = 0
     in:imuxsock-590   [003] ....  8483.036317: sys_exit: NR 202 = 1
        vfs_proc-2372  [000] ....  8483.036317: sys_enter: NR 257 (ffffff9c, 7f16ff419c38, 90800, 0, 56100ae69bec, 7ffcf0c97cc0)
     in:imuxsock-590   [003] ....  8483.036317: sys_enter: NR 23 (4, 7f36a0b10ca0, 0, 0, 0, 0)
     in:imuxsock-590   [003] d...  8483.036317: sched_switch: prev_comm=in:imuxsock prev_pid=590 prev_prio=120 prev_state=S ==> next_comm=rs:main Q:Reg next_pid=592 next_prio=120
   rs:main Q:Reg-592   [003] ....  8483.036317: sys_exit: NR 202 = 0
   rs:main Q:Reg-592   [003] ....  8483.036317: sys_enter: NR 202 (561cd8d1dd90, 81, 1, 0, 0, 1)
   rs:main Q:Reg-592   [003] ....  8483.036317: sys_exit: NR 202 = 0
   rs:main Q:Reg-592   [003] ....  8483.036317: sys_enter: NR 1 (9, 7f368c0173b0, 66, 796220746f6f7220, 0, 0)
   rs:main Q:Reg-592   [003] ....  8483.036317: ext4_file_write_iter+0x0/0x3b0 <-new_sync_write+0x11b/0x1b0
        vfs_proc-2372  [000] ....  8483.036317: sys_exit: NR 257 = 3
        vfs_proc-2372  [000] ....  8483.036317: sys_enter: NR 5 (3, 7ffcf0c97c90, 7ffcf0c97c90, 0, 56100ae69bec, 7ffcf0c97cc0)
        vfs_proc-2372  [000] ....  8483.036317: sys_exit: NR 5 = 0
   rs:main Q:Reg-592   [003] ....  8483.036317: <stack trace>
 => 0xffffffffc014d061
 => ext4_file_write_iter+0x5/0x3b0
 => new_sync_write+0x11b/0x1b0
 => vfs_write+0xad/0x1a0
 => ksys_write+0xa1/0xe0
 => do_syscall_64+0x48/0x120
 => entry_SYSCALL_64_after_hwframe+0x44/0xa9
        vfs_proc-2372  [000] ....  8483.036317: sys_enter: NR 12 (56100c09e000, 7f16ff403c40, 22c80, fffffffffffff000, 78, 0)
        vfs_proc-2372  [000] ....  8483.036317: sys_exit: NR 12 = 94626921439232
   rs:main Q:Reg-592   [003] ....  8483.036317: sys_exit: NR 1 = 102
   rs:main Q:Reg-592   [003] ....  8483.036317: sys_enter: NR 202 (561cd8d1dfd4, 80, 0, 0, 1, 1)
        vfs_proc-2372  [000] ....  8483.036317: sys_enter: NR 78 (3, 56100c075c60, 8000, fffffffffffff000, 78, 0)
   rs:main Q:Reg-592   [003] d...  8483.036317: sched_switch: prev_comm=rs:main Q:Reg prev_pid=592 prev_prio=120 prev_state=S ==> next_comm=systemd-journal next_pid=369 next_prio=119
        vfs_proc-2372  [000] ....  8483.036317: sys_exit: NR 78 = 168
 systemd-journal-369   [003] ....  8483.036317: sys_enter: NR 228 (1, 7fff8e43bd00, 7fff8e43bd00, 1c, 7fff8e444090, 7fff8e43bd00)
        vfs_proc-2372  [000] ....  8483.036317: sys_enter: NR 78 (3, 56100c075c60, 8000, 0, 0, 7f16ffd0382c)
        vfs_proc-2372  [000] ....  8483.036317: sys_exit: NR 78 = 0
        vfs_proc-2372  [000] ....  8483.036317: sys_enter: NR 3 (3, 0, 203a0, 0, 0, 7f16ffd0382c)
        vfs_proc-2372  [000] ....  8483.036317: __close_fd+0x0/0x80 <-__x64_sys_close+0x1e/0x50
        vfs_proc-2372  [000] ....  8483.036317: <stack trace>
 => 0xffffffffc014d061
 => __close_fd+0x5/0x80
 => __x64_sys_close+0x1e/0x50
 => do_syscall_64+0x48/0x120
 => entry_SYSCALL_64_after_hwframe+0x44/0xa9
        vfs_proc-2372  [000] ....  8483.036317: sys_exit: NR 3 = 0
        vfs_proc-2372  [000] ....  8483.036317: sys_enter: NR 33 (5, 6, 203a0, 0, 0, 7f16ffd0382c)
        vfs_proc-2372  [000] ....  8483.036317: sys_exit: NR 33 = 6
        vfs_proc-2372  [000] ....  8483.036317: sys_enter: NR 72 (6, 2, 1, 0, 56100ae69c1f, 7ffcf0c97cb0)
        vfs_proc-2372  [000] ....  8483.036317: sys_exit: NR 72 = 0
        vfs_proc-2372  [000] ....  8483.036317: sys_enter: NR 3 (5, 6, 56100ae5efd6, 0, 56100ae69c47, 7ffcf0c97cb0)
        vfs_proc-2372  [000] ....  8483.036317: __close_fd+0x0/0x80 <-__x64_sys_close+0x1e/0x50
        vfs_proc-2372  [000] ....  8483.036317: <stack trace>
 => 0xffffffffc014d061
 => __close_fd+0x5/0x80
 => __x64_sys_close+0x1e/0x50
 => do_syscall_64+0x48/0x120
 => entry_SYSCALL_64_after_hwframe+0x44/0xa9
        vfs_proc-2372  [000] ....  8483.036317: sys_exit: NR 3 = 0
        vfs_proc-2372  [000] ....  8483.036317: sys_enter: NR 59 (56100c06a338, 56100c06abf8, 56100c064190, 0, 7f16ff419741, 7ffcf0c97cc0)
        vfs_proc-2372  [000] ....  8483.036317: ext4_file_open+0x0/0x1f0 <-do_dentry_open+0x1ea/0x380
        vfs_proc-2372  [000] ....  8483.036317: <stack trace>
 => 0xffffffffc014d061
 => ext4_file_open+0x5/0x1f0
 => do_dentry_open+0x1ea/0x380
 => path_openat+0x2e9/0x1570
 => do_filp_open+0x9b/0x110
 => do_open_execat+0x83/0x1a0
 => __do_execve_file.isra.44+0x5d0/0x8b0
 => __x64_sys_execve+0x34/0x40
 => do_syscall_64+0x48/0x120
 => entry_SYSCALL_64_after_hwframe+0x44/0xa9
 systemd-journal-369   [003] ....  8483.037397: sys_exit: NR 228 = 0
 systemd-journal-369   [003] ....  8483.037397: sys_enter: NR 228 (1, 7fff8e43bd40, 7fff8e43bd40, 1c, 7fff8e444090, 7fff8e43bd40)
 systemd-journal-369   [003] ....  8483.037397: sys_exit: NR 228 = 0
 systemd-journal-369   [003] ....  8483.037397: sys_enter: NR 257 (ffffff9c, 5629b5304a60, 80002, 0, 0, 3732376564376136)
 systemd-journal-369   [003] ....  8483.037397: sys_exit: NR 257 = -2
 systemd-journal-369   [003] ....  8483.037397: sys_enter: NR 228 (0, 7fff8e43b8f0, 7fff8e43b8f0, 41, 7fff8e444080, 7fff8e43b8f0)
        vfs_proc-2372  [000] ....  8483.037421: ext4_file_read_iter+0x0/0x40 <-new_sync_read+0x114/0x1a0
        vfs_proc-2372  [000] ....  8483.037421: <stack trace>
 => 0xffffffffc014d061
 => ext4_file_read_iter+0x5/0x40
 => new_sync_read+0x114/0x1a0
 => vfs_read+0x89/0x130
 => kernel_read+0x2c/0x40
 => prepare_binprm+0xe5/0x180
 => __do_execve_file.isra.44+0x533/0x8b0
 => __x64_sys_execve+0x34/0x40
 => do_syscall_64+0x48/0x120
 => entry_SYSCALL_64_after_hwframe+0x44/0xa9
 systemd-journal-369   [003] ....  8483.037421: sys_exit: NR 228 = 0
        vfs_proc-2372  [000] ....  8483.037421: ext4_file_read_iter+0x0/0x40 <-new_sync_read+0x114/0x1a0
        vfs_proc-2372  [000] ....  8483.037421: <stack trace>
 => 0xffffffffc014d061
 => ext4_file_read_iter+0x5/0x40
 => new_sync_read+0x114/0x1a0
 => vfs_read+0x89/0x130
 => kernel_read+0x2c/0x40
 => load_elf_phdrs+0x6b/0xa0
 => load_elf_binary+0x111/0x1523
 => search_binary_handler+0x8a/0x1b0
 => __do_execve_file.isra.44+0x6e9/0x8b0
 => __x64_sys_execve+0x34/0x40
 => do_syscall_64+0x48/0x120
 => entry_SYSCALL_64_after_hwframe+0x44/0xa9
        vfs_proc-2372  [000] ....  8483.037421: ext4_file_read_iter+0x0/0x40 <-new_sync_read+0x114/0x1a0
        vfs_proc-2372  [000] ....  8483.037421: <stack trace>
 => 0xffffffffc014d061
 => ext4_file_read_iter+0x5/0x40
 => new_sync_read+0x114/0x1a0
 => vfs_read+0x89/0x130
 => kernel_read+0x2c/0x40
 => load_elf_binary+0x19b/0x1523
 => search_binary_handler+0x8a/0x1b0
 => __do_execve_file.isra.44+0x6e9/0x8b0
 => __x64_sys_execve+0x34/0x40
 => do_syscall_64+0x48/0x120
 => entry_SYSCALL_64_after_hwframe+0x44/0xa9
        vfs_proc-2372  [000] ....  8483.037421: ext4_file_open+0x0/0x1f0 <-do_dentry_open+0x1ea/0x380
 systemd-journal-369   [003] ....  8483.037421: sys_enter: NR 228 (1, 7fff8e43b510, 7fff8e43b510, 0, 7fff8e444090, 7fff8e43b510)
        vfs_proc-2372  [000] ....  8483.037421: <stack trace>
 => 0xffffffffc014d061
 => ext4_file_open+0x5/0x1f0
 => do_dentry_open+0x1ea/0x380
 => path_openat+0x2e9/0x1570
 => do_filp_open+0x9b/0x110
 => do_open_execat+0x83/0x1a0
 => open_exec+0x26/0x40
 => load_elf_binary+0x1f9/0x1523
 => search_binary_handler+0x8a/0x1b0
 => __do_execve_file.isra.44+0x6e9/0x8b0
 => __x64_sys_execve+0x34/0x40
 => do_syscall_64+0x48/0x120
 => entry_SYSCALL_64_after_hwframe+0x44/0xa9
        vfs_proc-2372  [000] ....  8483.037421: ext4_file_read_iter+0x0/0x40 <-new_sync_read+0x114/0x1a0
        vfs_proc-2372  [000] ....  8483.037421: <stack trace>
 => 0xffffffffc014d061
 => ext4_file_read_iter+0x5/0x40
 => new_sync_read+0x114/0x1a0
 => vfs_read+0x89/0x130
 => kernel_read+0x2c/0x40
 => load_elf_binary+0x23a/0x1523
 => search_binary_handler+0x8a/0x1b0
 => __do_execve_file.isra.44+0x6e9/0x8b0
 => __x64_sys_execve+0x34/0x40
 => do_syscall_64+0x48/0x120
 => entry_SYSCALL_64_after_hwframe+0x44/0xa9
        vfs_proc-2372  [000] ....  8483.037421: ext4_file_read_iter+0x0/0x40 <-new_sync_read+0x114/0x1a0
        vfs_proc-2372  [000] ....  8483.037421: <stack trace>
 => 0xffffffffc014d061
 => ext4_file_read_iter+0x5/0x40
 => new_sync_read+0x114/0x1a0
 => vfs_read+0x89/0x130
 => kernel_read+0x2c/0x40
 => load_elf_phdrs+0x6b/0xa0
 => load_elf_binary+0x31c/0x1523
 => search_binary_handler+0x8a/0x1b0
 => __do_execve_file.isra.44+0x6e9/0x8b0
 => __x64_sys_execve+0x34/0x40
 => do_syscall_64+0x48/0x120
 => entry_SYSCALL_64_after_hwframe+0x44/0xa9
 systemd-journal-369   [003] ....  8483.037421: sys_exit: NR 228 = 0
 systemd-journal-369   [003] ....  8483.037421: sys_enter: NR 228 (1, 7fff8e43b520, 7fff8e43b520, a0f5da4cf86ee6e, 7fff8e444090, 7fff8e43b520)
 systemd-journal-369   [003] ....  8483.037421: sys_exit: NR 228 = 0
 systemd-journal-369   [003] ....  8483.037421: sys_enter: NR 228 (1, 7fff8e43b4a0, 7fff8e43b4a0, 38f960, 7fff8e444090, 7fff8e43b4a0)
 systemd-journal-369   [003] ....  8483.037421: sys_exit: NR 228 = 0
 systemd-journal-369   [003] ....  8483.037421: sys_enter: NR 228 (1, 7fff8e43b4a0, 7fff8e43b4a0, 38f960, 7fff8e444090, 7fff8e43b4a0)
        vfs_proc-2372  [000] ....  8483.037421: sys_exit: NR 59 = 0
 systemd-journal-369   [003] ....  8483.037421: sys_exit: NR 228 = 0
 systemd-journal-369   [003] ....  8483.037421: sys_enter: NR 228 (0, 7fff8e43c610, 7fff8e43c610, 5629b52fc3d0, 7fff8e444080, 7fff8e43c610)
        vfs_proc-2372  [000] ....  8483.037421: sys_enter: NR 12 (0, 53, 4d, 0, 16, 7f80030aa665)
        vfs_proc-2372  [000] ....  8483.037421: sys_exit: NR 12 = 94420901638144
          <idle>-0     [001] d...  8483.037421: sched_switch: prev_comm=swapper/1 prev_pid=0 prev_prio=120 prev_state=R ==> next_comm=sudo next_pid=2371 next_prio=120
            sudo-2371  [001] ....  8483.037421: sys_exit: NR 7 = 1
            sudo-2371  [001] ....  8483.037421: sys_enter: NR 0 (5, 7ffcf0c97dc4, 4, 8, 7f16ff419741, 7ffcf0c97cc0)
            sudo-2371  [001] ....  8483.037421: sys_exit: NR 0 = 0
            sudo-2371  [001] ....  8483.037421: sys_enter: NR 3 (5, 0, ffffffff, 8, 7f16ff41975d, 7ffcf0c97c90)
            sudo-2371  [001] ....  8483.037421: __close_fd+0x0/0x80 <-__x64_sys_close+0x1e/0x50
            sudo-2371  [001] ....  8483.037421: <stack trace>
 => 0xffffffffc014d061
 => __close_fd+0x5/0x80
 => __x64_sys_close+0x1e/0x50
 => do_syscall_64+0x48/0x120
 => entry_SYSCALL_64_after_hwframe+0x44/0xa9
            sudo-2371  [001] ....  8483.037421: sys_exit: NR 3 = 0
            sudo-2371  [001] ....  8483.037421: sys_enter: NR 7 (56100c072650, 2, ffffffff, 8, 7f16ff419741, 7ffcf0c97ca0)
            sudo-2371  [001] d...  8483.037421: sched_switch: prev_comm=sudo prev_pid=2371 prev_prio=120 prev_state=S ==> next_comm=rcu_sched next_pid=10 next_prio=120
       rcu_sched-10    [001] d...  8483.037421: sched_switch: prev_comm=rcu_sched prev_pid=10 prev_prio=120 prev_state=I ==> next_comm=swapper/1 next_pid=0 next_prio=120
 systemd-journal-369   [003] ....  8483.037421: sys_exit: NR 228 = 0
 systemd-journal-369   [003] ....  8483.037421: sys_enter: NR 228 (0, 7fff8e43c610, 7fff8e43c610, 5629b52fc3d0, 7fff8e444080, 7fff8e43c610)
 systemd-journal-369   [003] ....  8483.037421: sys_exit: NR 228 = 0
 systemd-journal-369   [003] ....  8483.037421: sys_enter: NR 232 (8, 7fff8e43c380, 20, ffffffff, 0, 7fff8e43c610)
 systemd-journal-369   [003] d...  8483.037421: sched_switch: prev_comm=systemd-journal prev_pid=369 prev_prio=119 prev_state=S ==> next_comm=swapper/3 next_pid=0 next_prio=120
        vfs_proc-2372  [000] ....  8483.037423: sys_enter: NR 21 (7f80030aa082, 0, 17, 54, fffffffffffffffc, 7fffcb3f9120)
        vfs_proc-2372  [000] ....  8483.037423: sys_exit: NR 21 = -2
        vfs_proc-2372  [000] ....  8483.037423: sys_enter: NR 21 (7f80030acdd0, 4, 7f8003089190, 8, 7f80032b2c52, 1)
        vfs_proc-2372  [000] ....  8483.037423: sys_exit: NR 21 = -2
        vfs_proc-2372  [000] ....  8483.037423: sys_enter: NR 257 (ffffff9c, 7f80030aa428, 80000, 0, 0, 0)
        vfs_proc-2372  [000] ....  8483.037423: ext4_file_open+0x0/0x1f0 <-do_dentry_open+0x1ea/0x380
        vfs_proc-2372  [000] ....  8483.037423: <stack trace>
 => 0xffffffffc014d061
 => ext4_file_open+0x5/0x1f0
 => do_dentry_open+0x1ea/0x380
 => path_openat+0x2e9/0x1570
 => do_filp_open+0x9b/0x110
 => do_sys_open+0x1bd/0x250
 => do_syscall_64+0x48/0x120
 => entry_SYSCALL_64_after_hwframe+0x44/0xa9
        vfs_proc-2372  [000] ....  8483.037423: sys_exit: NR 257 = 3
        vfs_proc-2372  [000] ....  8483.037423: sys_enter: NR 5 (3, 7fffcb2a68b0, 7fffcb2a68b0, 0, 0, 0)
        vfs_proc-2372  [000] ....  8483.037423: sys_exit: NR 5 = 0
        vfs_proc-2372  [000] ....  8483.037423: sys_enter: NR 9 (0, d29f, 1, 2, 3, 0)
        vfs_proc-2372  [000] ....  8483.037423: sys_exit: NR 9 = 140187785633792
        vfs_proc-2372  [000] ....  8483.037423: sys_enter: NR 3 (3, d29f, 1, 2, 3, 0)
        vfs_proc-2372  [000] ....  8483.037423: __close_fd+0x0/0x80 <-__x64_sys_close+0x1e/0x50
        vfs_proc-2372  [000] ....  8483.037423: <stack trace>
 => 0xffffffffc014d061
 => __close_fd+0x5/0x80
 => __x64_sys_close+0x1e/0x50
 => do_syscall_64+0x48/0x120
 => entry_SYSCALL_64_after_hwframe+0x44/0xa9
        vfs_proc-2372  [000] ....  8483.037423: sys_exit: NR 3 = 0
        vfs_proc-2372  [000] ....  8483.037423: sys_enter: NR 21 (7f80030aa082, 0, 0, 2, 1, 0)
        vfs_proc-2372  [000] ....  8483.037423: sys_exit: NR 21 = -2
        vfs_proc-2372  [000] ....  8483.037423: sys_enter: NR 257 (ffffff9c, 7f80032b2dd0, 80000, 0, 0, 7fffcb2a6a5f)
        vfs_proc-2372  [000] ....  8483.037423: ext4_file_open+0x0/0x1f0 <-do_dentry_open+0x1ea/0x380
        vfs_proc-2372  [000] ....  8483.037423: <stack trace>
 => 0xffffffffc014d061
 => ext4_file_open+0x5/0x1f0
 => do_dentry_open+0x1ea/0x380
 => path_openat+0x2e9/0x1570
 => do_filp_open+0x9b/0x110
 => do_sys_open+0x1bd/0x250
 => do_syscall_64+0x48/0x120
 => entry_SYSCALL_64_after_hwframe+0x44/0xa9
        vfs_proc-2372  [000] ....  8483.037423: sys_exit: NR 257 = 3
        vfs_proc-2372  [000] ....  8483.037423: sys_enter: NR 0 (3, 7fffcb2a6a78, 340, 0, 0, 7fffcb2a6a5f)
        vfs_proc-2372  [000] ....  8483.037423: ext4_file_read_iter+0x0/0x40 <-new_sync_read+0x114/0x1a0
        vfs_proc-2372  [000] ....  8483.037423: <stack trace>
 => 0xffffffffc014d061
 => ext4_file_read_iter+0x5/0x40
 => new_sync_read+0x114/0x1a0
 => vfs_read+0x89/0x130
 => ksys_read+0xa1/0xe0
 => do_syscall_64+0x48/0x120
 => entry_SYSCALL_64_after_hwframe+0x44/0xa9
        vfs_proc-2372  [000] ....  8483.037423: sys_exit: NR 0 = 832
        vfs_proc-2372  [000] ....  8483.037423: sys_enter: NR 5 (3, 7fffcb2a6910, 7fffcb2a6910, 7f80032b2dd0, 7f80032b2dd0, 7f80032b2170)
        vfs_proc-2372  [000] ....  8483.037423: sys_exit: NR 5 = 0
        vfs_proc-2372  [000] ....  8483.037423: sys_enter: NR 9 (0, 2000, 3, 22, ffffffff, 0)
        vfs_proc-2372  [000] ....  8483.037423: sys_exit: NR 9 = 140187785625600
        vfs_proc-2372  [000] ....  8483.038423: sys_enter: NR 9 (0, 3f0ae0, 5, 802, 3, 0)
        vfs_proc-2372  [000] ....  8483.038423: sys_exit: NR 9 = 140187779301376
