            bash-981   [003] .... 12118.188017: sys_enter: NR 16 (0, 5401, 7ffe8fac8cc0, 1, 55ee529a9400, 7ffe8fac8d30)
            bash-981   [003] .... 12118.188017: sys_exit: NR 16 = 0
            bash-981   [003] .... 12118.188017: sys_enter: NR 16 (0, 5403, 7ffe8fac8c90, 10, 0, 7ffe8fac8d30)
            bash-981   [003] .... 12118.188017: sys_exit: NR 16 = 0
            bash-981   [003] .... 12118.188017: sys_enter: NR 16 (0, 5401, 7ffe8fac8c90, 10, ffffffffffffff80, 7ffe8fac8d30)
            bash-981   [003] .... 12118.188017: sys_exit: NR 16 = 0
            bash-981   [003] .... 12118.188017: sys_enter: NR 14 (0, 55ee529ae360, 55ee529ae2e0, 8, 1, 7f54c2ccd740)
            bash-981   [003] .... 12118.188017: sys_exit: NR 14 = 0
            bash-981   [003] .... 12118.188017: sys_enter: NR 13 (2, 7ffe8fac8970, 7ffe8fac8a10, 8, 7ffe8fac8ac0, 7f54c2ccd740)
            bash-981   [003] .... 12118.188017: sys_exit: NR 13 = 0
            bash-981   [003] .... 12118.188017: sys_enter: NR 13 (f, 7ffe8fac8970, 7ffe8fac8a10, 8, 7ffe8fac8ac0, 7f54c2ccd740)
            bash-981   [003] .... 12118.188017: sys_exit: NR 13 = 0
            bash-981   [003] .... 12118.188017: sys_enter: NR 13 (1, 7ffe8fac8970, 7ffe8fac8a10, 8, 7ffe8fac8ac0, 7f54c2ccd740)
            bash-981   [003] .... 12118.188017: sys_exit: NR 13 = 0
            bash-981   [003] .... 12118.188017: sys_enter: NR 13 (3, 7ffe8fac8970, 7ffe8fac8a10, 8, 7ffe8fac8ac0, 7f54c2ccd740)
            bash-981   [003] .... 12118.188017: sys_exit: NR 13 = 0
            bash-981   [003] .... 12118.188017: sys_enter: NR 13 (3, 7ffe8fac8ae0, 7ffe8fac8b80, 8, 7ffe8fac8c30, 7f54c2ccd740)
            bash-981   [003] .... 12118.188017: sys_exit: NR 13 = 0
            bash-981   [003] .... 12118.188017: sys_enter: NR 13 (e, 7ffe8fac8a40, 7ffe8fac8ae0, 8, 7ffe8fac8b90, 7f54c2ccd740)
            bash-981   [003] .... 12118.188017: sys_exit: NR 13 = 0
            bash-981   [003] .... 12118.188017: sys_enter: NR 13 (14, 7ffe8fac8970, 7ffe8fac8a10, 8, 7ffe8fac8ac0, 7f54c2ccd740)
            bash-981   [003] .... 12118.188017: sys_exit: NR 13 = 0
            bash-981   [003] .... 12118.188017: sys_enter: NR 13 (14, 7ffe8fac8ae0, 7ffe8fac8b80, 8, 7ffe8fac8c30, 7f54c2ccd740)
            bash-981   [003] .... 12118.188017: sys_exit: NR 13 = 0
            bash-981   [003] .... 12118.188017: sys_enter: NR 13 (16, 7ffe8fac8970, 7ffe8fac8a10, 8, 7ffe8fac8ac0, 7f54c2ccd740)
            bash-981   [003] .... 12118.188017: sys_exit: NR 13 = 0
            bash-981   [003] .... 12118.188017: sys_enter: NR 13 (16, 7ffe8fac8ae0, 7ffe8fac8b80, 8, 7ffe8fac8c30, 7f54c2ccd740)
            bash-981   [003] .... 12118.188017: sys_exit: NR 13 = 0
            bash-981   [003] .... 12118.188017: sys_enter: NR 13 (15, 7ffe8fac8970, 7ffe8fac8a10, 8, 7ffe8fac8ac0, 7f54c2ccd740)
            bash-981   [003] .... 12118.188017: sys_exit: NR 13 = 0
            bash-981   [003] .... 12118.188017: sys_enter: NR 13 (15, 7ffe8fac8ae0, 7ffe8fac8b80, 8, 7ffe8fac8c30, 7f54c2ccd740)
            bash-981   [003] .... 12118.188017: sys_exit: NR 13 = 0
            bash-981   [003] .... 12118.188017: sys_enter: NR 14 (2, 55ee529ae2e0, 0, 8, 7ffe8fac8c30, 7f54c2ccd740)
            bash-981   [003] .... 12118.188017: sys_exit: NR 14 = 0
            bash-981   [003] .... 12118.188017: sys_enter: NR 13 (1c, 7ffe8fac8970, 7ffe8fac8a10, 8, 7ffe8fac8ac0, 7f54c2ccd740)
            bash-981   [003] .... 12118.188017: sys_exit: NR 13 = 0
            bash-981   [003] .... 12118.188017: sys_enter: NR 1 (2, 55ee544b97c0, 60, 0, 7f54c26878b0, 7f54c2ccd740)
          <idle>-0     [002] d... 12118.188017: sched_switch: prev_comm=swapper/2 prev_pid=0 prev_prio=120 prev_state=R ==> next_comm=rcu_sched next_pid=10 next_prio=120
       rcu_sched-10    [002] d... 12118.188017: sched_switch: prev_comm=rcu_sched prev_pid=10 prev_prio=120 prev_state=I ==> next_comm=sshd next_pid=980 next_prio=120
            sshd-980   [002] .... 12118.188017: sys_exit: NR 23 = 1
            sshd-980   [002] .... 12118.188017: sys_enter: NR 14 (0, 7ffee0218580, 7ffee0218500, 8, 0, 1000)
            sshd-980   [002] .... 12118.188017: sys_exit: NR 14 = 0
            sshd-980   [002] .... 12118.188017: sys_enter: NR 14 (2, 7ffee0218500, 0, 8, 0, 1000)
            sshd-980   [002] .... 12118.188017: sys_exit: NR 14 = 0
            sshd-980   [002] .... 12118.188017: sys_enter: NR 228 (7, 7ffee02185a0, 7ffee02185a0, 8, 7ffee02e50f0, 7ffee02185a0)
            bash-981   [003] .... 12118.188017: sys_exit: NR 1 = 96
            bash-981   [003] .... 12118.188017: sys_enter: NR 270 (1, 7ffe8fac8cc0, 0, 0, 0, 7ffe8fac8bf0)
            bash-981   [003] d... 12118.188017: sched_switch: prev_comm=bash prev_pid=981 prev_prio=120 prev_state=S ==> next_comm=swapper/3 next_pid=0 next_prio=120
            sshd-980   [002] .... 12118.188539: sys_exit: NR 228 = 0
            sshd-980   [002] .... 12118.188539: sys_enter: NR 0 (b, 7ffee02144e0, 4000, 8, 7ffee02e50f0, 7ffee02185a0)
            sshd-980   [002] .... 12118.188539: sys_exit: NR 0 = 22
            sshd-980   [002] .... 12118.188539: sys_enter: NR 39 (557f11c39ec4, 8, 24, 0, 1, 100)
            sshd-980   [002] .... 12118.188539: sys_exit: NR 39 = 980
            sshd-980   [002] .... 12118.188539: sys_enter: NR 228 (7, 7ffee02184f0, 7ffee02184f0, 0, 7ffee02e50f0, 7ffee02184f0)
          <idle>-0     [001] d... 12118.188640: sched_switch: prev_comm=swapper/1 prev_pid=0 prev_prio=120 prev_state=R ==> next_comm=kworker/u8:1 next_pid=2527 next_prio=120
    kworker/u8:1-2527  [001] d... 12118.188640: sched_switch: prev_comm=kworker/u8:1 prev_pid=2527 prev_prio=120 prev_state=I ==> next_comm=swapper/1 next_pid=0 next_prio=120
            sshd-980   [002] .... 12118.188640: sys_exit: NR 228 = 0
            sshd-980   [002] .... 12118.188640: sys_enter: NR 23 (c, 557f11c3c8a0, 557f11c52f90, 0, 0, 1000)
            sshd-980   [002] .... 12118.188640: sys_exit: NR 23 = 2
            sshd-980   [002] .... 12118.188640: sys_enter: NR 14 (0, 7ffee0218580, 7ffee0218500, 8, 0, 1000)
            sshd-980   [002] .... 12118.188640: sys_exit: NR 14 = 0
            sshd-980   [002] .... 12118.188640: sys_enter: NR 14 (2, 7ffee0218500, 0, 8, 0, 1000)
            sshd-980   [002] .... 12118.188641: sys_exit: NR 14 = 0
            sshd-980   [002] .... 12118.188641: sys_enter: NR 228 (7, 7ffee02185a0, 7ffee02185a0, 8, 7ffee02e50f0, 7ffee02185a0)
            sshd-980   [002] .... 12118.188641: sys_exit: NR 228 = 0
            sshd-980   [002] .... 12118.188641: sys_enter: NR 0 (b, 7ffee02144e0, 4000, 8, 7ffee02e50f0, 7ffee02185a0)
            sshd-980   [002] .... 12118.188641: sys_exit: NR 0 = 96
            sshd-980   [002] .... 12118.188641: sys_enter: NR 1 (3, 557f11c57b30, 3c, 8, 557f11c56b70, 0)
            sshd-980   [002] .... 12118.189396: sys_exit: NR 1 = 60
            sshd-980   [002] .... 12118.189396: sys_enter: NR 39 (557f11c39f0e, 6, 6e, 0, 1, 100)
            sshd-980   [002] .... 12118.189396: sys_exit: NR 39 = 980
            sshd-980   [002] .... 12118.189396: sys_enter: NR 228 (7, 7ffee02184f0, 7ffee02184f0, 0, 7ffee02e50f0, 7ffee02184f0)
            sshd-980   [002] .... 12118.189396: sys_exit: NR 228 = 0
            sshd-980   [002] .... 12118.189396: sys_enter: NR 23 (c, 557f11c3c8a0, 557f11c52f90, 0, 0, 1000)
            sshd-980   [002] .... 12118.189396: sys_exit: NR 23 = 1
            sshd-980   [002] .... 12118.189396: sys_enter: NR 14 (0, 7ffee0218580, 7ffee0218500, 8, 0, 1000)
            sshd-980   [002] .... 12118.189396: sys_exit: NR 14 = 0
            sshd-980   [002] .... 12118.189396: sys_enter: NR 14 (2, 7ffee0218500, 0, 8, 0, 1000)
            sshd-980   [002] .... 12118.189396: sys_exit: NR 14 = 0
            sshd-980   [002] .... 12118.189396: sys_enter: NR 228 (7, 7ffee02185a0, 7ffee02185a0, 8, 7ffee02e50f0, 7ffee02185a0)
            sshd-980   [002] .... 12118.189396: sys_exit: NR 228 = 0
            sshd-980   [002] .... 12118.189396: sys_enter: NR 1 (3, 557f11c57b30, 84, 8, 7ffee02e50f0, 7ffee02185a0)
            sshd-980   [002] .... 12118.189396: sys_exit: NR 1 = 132
            sshd-980   [002] .... 12118.189396: sys_enter: NR 228 (7, 7ffee02184f0, 7ffee02184f0, 0, 7ffee02e50f0, 7ffee02184f0)
            sshd-980   [002] .... 12118.189396: sys_exit: NR 228 = 0
            sshd-980   [002] .... 12118.189396: sys_enter: NR 23 (c, 557f11c3c8a0, 557f11c52f90, 0, 0, 1000)
            sshd-980   [002] d... 12118.189396: sched_switch: prev_comm=sshd prev_pid=980 prev_prio=120 prev_state=S ==> next_comm=swapper/2 next_pid=0 next_prio=120
          <idle>-0     [002] d... 12118.191069: sched_switch: prev_comm=swapper/2 prev_pid=0 prev_prio=120 prev_state=R ==> next_comm=rcu_sched next_pid=10 next_prio=120
       rcu_sched-10    [002] d... 12118.191069: sched_switch: prev_comm=rcu_sched prev_pid=10 prev_prio=120 prev_state=I ==> next_comm=swapper/2 next_pid=0 next_prio=120
          <idle>-0     [000] d... 12118.191726: sched_switch: prev_comm=swapper/0 prev_pid=0 prev_prio=120 prev_state=R ==> next_comm=ksoftirqd/0 next_pid=9 next_prio=120
     ksoftirqd/0-9     [000] d... 12118.191726: sched_switch: prev_comm=ksoftirqd/0 prev_pid=9 prev_prio=120 prev_state=S ==> next_comm=swapper/0 next_pid=0 next_prio=120
          <idle>-0     [002] d... 12118.193986: sched_switch: prev_comm=swapper/2 prev_pid=0 prev_prio=120 prev_state=R ==> next_comm=rcu_sched next_pid=10 next_prio=120
       rcu_sched-10    [002] d... 12118.193986: sched_switch: prev_comm=rcu_sched prev_pid=10 prev_prio=120 prev_state=I ==> next_comm=swapper/2 next_pid=0 next_prio=120
          <idle>-0     [002] d... 12118.199068: sched_switch: prev_comm=swapper/2 prev_pid=0 prev_prio=120 prev_state=R ==> next_comm=rcu_sched next_pid=10 next_prio=120
       rcu_sched-10    [002] d... 12118.199068: sched_switch: prev_comm=rcu_sched prev_pid=10 prev_prio=120 prev_state=I ==> next_comm=swapper/2 next_pid=0 next_prio=120
          <idle>-0     [002] d... 12118.202595: sched_switch: prev_comm=swapper/2 prev_pid=0 prev_prio=120 prev_state=R ==> next_comm=rcu_sched next_pid=10 next_prio=120
       rcu_sched-10    [002] d... 12118.202595: sched_switch: prev_comm=rcu_sched prev_pid=10 prev_prio=120 prev_state=I ==> next_comm=swapper/2 next_pid=0 next_prio=120
          <idle>-0     [002] d... 12118.208032: sched_switch: prev_comm=swapper/2 prev_pid=0 prev_prio=120 prev_state=R ==> next_comm=rcu_sched next_pid=10 next_prio=120
       rcu_sched-10    [002] d... 12118.208032: sched_switch: prev_comm=rcu_sched prev_pid=10 prev_prio=120 prev_state=I ==> next_comm=swapper/2 next_pid=0 next_prio=120
          <idle>-0     [002] d... 12118.213029: sched_switch: prev_comm=swapper/2 prev_pid=0 prev_prio=120 prev_state=R ==> next_comm=rcu_sched next_pid=10 next_prio=120
       rcu_sched-10    [002] d... 12118.213029: sched_switch: prev_comm=rcu_sched prev_pid=10 prev_prio=120 prev_state=I ==> next_comm=swapper/2 next_pid=0 next_prio=120
          <idle>-0     [002] d... 12118.217900: sched_switch: prev_comm=swapper/2 prev_pid=0 prev_prio=120 prev_state=R ==> next_comm=rcu_sched next_pid=10 next_prio=120
       rcu_sched-10    [002] d... 12118.217900: sched_switch: prev_comm=rcu_sched prev_pid=10 prev_prio=120 prev_state=I ==> next_comm=swapper/2 next_pid=0 next_prio=120
          <idle>-0     [002] d... 12118.304368: sched_switch: prev_comm=swapper/2 prev_pid=0 prev_prio=120 prev_state=R ==> next_comm=kworker/2:3 next_pid=2522 next_prio=120
          <idle>-0     [000] d... 12118.304412: sched_switch: prev_comm=swapper/0 prev_pid=0 prev_prio=120 prev_state=R ==> next_comm=kworker/0:1 next_pid=1645 next_prio=120
     kworker/2:3-2522  [002] d... 12118.304412: sched_switch: prev_comm=kworker/2:3 prev_pid=2522 prev_prio=120 prev_state=D ==> next_comm=kworker/2:1 next_pid=90 next_prio=120
     kworker/2:1-90    [002] d... 12118.306311: sched_switch: prev_comm=kworker/2:1 prev_pid=90 prev_prio=120 prev_state=D ==> next_comm=kworker/2:2 next_pid=2589 next_prio=120
     kworker/2:2-2589  [002] d... 12118.306311: sched_switch: prev_comm=kworker/2:2 prev_pid=2589 prev_prio=120 prev_state=I ==> next_comm=swapper/2 next_pid=0 next_prio=120
     kworker/0:1-1645  [000] d... 12118.309150: sched_switch: prev_comm=kworker/0:1 prev_pid=1645 prev_prio=120 prev_state=R+ ==> next_comm=ksoftirqd/0 next_pid=9 next_prio=120
          <idle>-0     [002] d... 12118.310699: sched_switch: prev_comm=swapper/2 prev_pid=0 prev_prio=120 prev_state=R ==> next_comm=kworker/2:3 next_pid=2522 next_prio=120
     ksoftirqd/0-9     [000] d... 12118.313327: sched_switch: prev_comm=ksoftirqd/0 prev_pid=9 prev_prio=120 prev_state=S ==> next_comm=kworker/0:1 next_pid=1645 next_prio=120
     kworker/0:1-1645  [000] d... 12118.313327: sched_switch: prev_comm=kworker/0:1 prev_pid=1645 prev_prio=120 prev_state=I ==> next_comm=swapper/0 next_pid=0 next_prio=120
     kworker/2:3-2522  [002] d... 12118.314271: sched_switch: prev_comm=kworker/2:3 prev_pid=2522 prev_prio=120 prev_state=I ==> next_comm=kworker/2:1 next_pid=90 next_prio=120
     kworker/2:1-90    [002] d... 12118.314271: sched_switch: prev_comm=kworker/2:1 prev_pid=90 prev_prio=120 prev_state=I ==> next_comm=swapper/2 next_pid=0 next_prio=120
          <idle>-0     [000] d... 12119.013445: sched_switch: prev_comm=swapper/0 prev_pid=0 prev_prio=120 prev_state=R ==> next_comm=kworker/0:1 next_pid=1645 next_prio=120
     kworker/0:1-1645  [000] d... 12119.013445: sched_switch: prev_comm=kworker/0:1 prev_pid=1645 prev_prio=120 prev_state=I ==> next_comm=ksoftirqd/0 next_pid=9 next_prio=120
     ksoftirqd/0-9     [000] d... 12119.013445: sched_switch: prev_comm=ksoftirqd/0 prev_pid=9 prev_prio=120 prev_state=S ==> next_comm=swapper/0 next_pid=0 next_prio=120
          <idle>-0     [002] d... 12119.015335: sched_switch: prev_comm=swapper/2 prev_pid=0 prev_prio=120 prev_state=R ==> next_comm=kworker/2:1 next_pid=90 next_prio=120
     kworker/2:1-90    [002] d... 12119.015335: sched_switch: prev_comm=kworker/2:1 prev_pid=90 prev_prio=120 prev_state=I ==> next_comm=swapper/2 next_pid=0 next_prio=120
          <idle>-0     [003] d... 12119.015335: sched_switch: prev_comm=swapper/3 prev_pid=0 prev_prio=120 prev_state=R ==> next_comm=kworker/3:5 next_pid=994 next_prio=120
     kworker/3:5-994   [003] d... 12119.015335: sched_switch: prev_comm=kworker/3:5 prev_pid=994 prev_prio=120 prev_state=I ==> next_comm=swapper/3 next_pid=0 next_prio=120
          <idle>-0     [002] d... 12119.540929: sched_switch: prev_comm=swapper/2 prev_pid=0 prev_prio=120 prev_state=R ==> next_comm=sshd next_pid=980 next_prio=120
            sshd-980   [002] .... 12119.540929: sys_exit: NR 23 = 1
            sshd-980   [002] .... 12119.540929: sys_enter: NR 14 (0, 7ffee0218580, 7ffee0218500, 8, 0, 1000)
            sshd-980   [002] .... 12119.540929: sys_exit: NR 14 = 0
            sshd-980   [002] .... 12119.540929: sys_enter: NR 14 (2, 7ffee0218500, 0, 8, 0, 1000)
            sshd-980   [002] .... 12119.540929: sys_exit: NR 14 = 0
            sshd-980   [002] .... 12119.540929: sys_enter: NR 228 (7, 7ffee02185a0, 7ffee02185a0, 8, 7ffee02e50f0, 7ffee02185a0)
            sshd-980   [002] .... 12119.540929: sys_exit: NR 228 = 0
            sshd-980   [002] .... 12119.540929: sys_enter: NR 0 (3, 7ffee0214610, 4000, 8, 7ffee02e50f0, 7ffee02185a0)
            sshd-980   [002] .... 12119.540929: sys_exit: NR 0 = 36
            sshd-980   [002] .... 12119.540929: sys_enter: NR 228 (7, 7ffee02184f0, 7ffee02184f0, 0, 7ffee02e50f0, 7ffee02184f0)
            sshd-980   [002] .N.. 12119.543573: sys_exit: NR 228 = 0
            sshd-980   [002] d... 12119.543573: sched_switch: prev_comm=sshd prev_pid=980 prev_prio=120 prev_state=R ==> next_comm=kworker/2:1 next_pid=90 next_prio=120
     kworker/2:1-90    [002] d... 12119.543573: sched_switch: prev_comm=kworker/2:1 prev_pid=90 prev_prio=120 prev_state=I ==> next_comm=sshd next_pid=980 next_prio=120
            sshd-980   [002] .... 12119.543573: sys_enter: NR 23 (c, 557f11c3c8a0, 557f11c52f90, 0, 0, 1000)
            sshd-980   [002] .... 12119.543573: sys_exit: NR 23 = 1
            sshd-980   [002] .... 12119.543573: sys_enter: NR 14 (0, 7ffee0218580, 7ffee0218500, 8, 0, 1000)
            sshd-980   [002] .... 12119.543573: sys_exit: NR 14 = 0
            sshd-980   [002] .... 12119.543573: sys_enter: NR 14 (2, 7ffee0218500, 0, 8, 0, 1000)
            sshd-980   [002] .... 12119.543573: sys_exit: NR 14 = 0
            sshd-980   [002] .... 12119.543573: sys_enter: NR 228 (7, 7ffee02185a0, 7ffee02185a0, 8, 7ffee02e50f0, 7ffee02185a0)
            sshd-980   [002] .... 12119.544716: sys_exit: NR 228 = 0
            sshd-980   [002] .... 12119.544716: sys_enter: NR 1 (9, 557f11c548c0, 1, 8, 0, 0)
            sshd-980   [002] .... 12119.545239: sys_exit: NR 1 = 1
            sshd-980   [002] .... 12119.545239: sys_enter: NR 16 (9, 5401, 7ffee02184e0, 8, 7ffee0218540, 0)
            sshd-980   [002] .... 12119.545239: sys_exit: NR 16 = 0
            sshd-980   [002] .... 12119.545239: sys_enter: NR 228 (7, 7ffee02184f0, 7ffee02184f0, 0, 7ffee02e50f0, 7ffee02184f0)
          <idle>-0     [001] d... 12119.546524: sched_switch: prev_comm=swapper/1 prev_pid=0 prev_prio=120 prev_state=R ==> next_comm=kworker/u8:1 next_pid=2527 next_prio=120
            sshd-980   [002] .... 12119.546524: sys_exit: NR 228 = 0
            sshd-980   [002] .... 12119.546524: sys_enter: NR 23 (c, 557f11c3c8a0, 557f11c52f90, 0, 0, 1000)
            sshd-980   [002] d... 12119.546524: sched_switch: prev_comm=sshd prev_pid=980 prev_prio=120 prev_state=S ==> next_comm=swapper/2 next_pid=0 next_prio=120
    kworker/u8:1-2527  [001] d... 12119.546524: sched_switch: prev_comm=kworker/u8:1 prev_pid=2527 prev_prio=120 prev_state=I ==> next_comm=swapper/1 next_pid=0 next_prio=120
          <idle>-0     [003] d... 12119.547722: sched_switch: prev_comm=swapper/3 prev_pid=0 prev_prio=120 prev_state=R ==> next_comm=bash next_pid=981 next_prio=120
            bash-981   [003] .... 12119.547722: sys_exit: NR 270 = 1
            bash-981   [003] .... 12119.547722: sys_enter: NR 0 (0, 7ffe8fac8c3f, 1, 0, 0, 7ffe8fac8bf0)
            bash-981   [003] .... 12119.547722: sys_exit: NR 0 = 1
            bash-981   [003] .... 12119.547722: sys_enter: NR 23 (1, 7ffe8fac8be0, 0, 7ffe8fac8c60, 7ffe8fac8bd0, 7f54c24083a0)
            bash-981   [003] .... 12119.547722: sys_exit: NR 23 = 0
            bash-981   [003] .... 12119.547722: sys_enter: NR 1 (2, 55ee544b97c0, 1, 0, 7f54c26878b0, 7f54c2ccd740)
            bash-981   [003] .... 12119.547722: sys_exit: NR 1 = 1
            bash-981   [003] .... 12119.547722: sys_enter: NR 270 (1, 7ffe8fac8cc0, 0, 0, 0, 7ffe8fac8bf0)
            bash-981   [003] d... 12119.547722: sched_switch: prev_comm=bash prev_pid=981 prev_prio=120 prev_state=S ==> next_comm=swapper/3 next_pid=0 next_prio=120
          <idle>-0     [001] d... 12119.548133: sched_switch: prev_comm=swapper/1 prev_pid=0 prev_prio=120 prev_state=R ==> next_comm=kworker/u8:1 next_pid=2527 next_prio=120
    kworker/u8:1-2527  [001] d... 12119.548133: sched_switch: prev_comm=kworker/u8:1 prev_pid=2527 prev_prio=120 prev_state=I ==> next_comm=swapper/1 next_pid=0 next_prio=120
          <idle>-0     [002] d... 12119.550563: sched_switch: prev_comm=swapper/2 prev_pid=0 prev_prio=120 prev_state=R ==> next_comm=sshd next_pid=980 next_prio=120
            sshd-980   [002] .... 12119.550563: sys_exit: NR 23 = 1
            sshd-980   [002] .... 12119.550563: sys_enter: NR 14 (0, 7ffee0218580, 7ffee0218500, 8, 0, 1000)
            sshd-980   [002] .... 12119.550563: sys_exit: NR 14 = 0
            sshd-980   [002] .... 12119.550563: sys_enter: NR 14 (2, 7ffee0218500, 0, 8, 0, 1000)
            sshd-980   [002] .... 12119.550563: sys_exit: NR 14 = 0
            sshd-980   [002] .... 12119.550563: sys_enter: NR 228 (7, 7ffee02185a0, 7ffee02185a0, 8, 7ffee02e50f0, 7ffee02185a0)
            sshd-980   [002] .... 12119.551254: sys_exit: NR 228 = 0
            sshd-980   [002] .... 12119.551254: sys_enter: NR 0 (b, 7ffee02144e0, 4000, 8, 7ffee02e50f0, 7ffee02185a0)
            sshd-980   [002] .... 12119.551254: sys_exit: NR 0 = 1
            sshd-980   [002] .... 12119.551254: sys_enter: NR 39 (557f11c39eaf, 5, f, 0, 1, 100)
            sshd-980   [002] .... 12119.551254: sys_exit: NR 39 = 980
            sshd-980   [002] .... 12119.551254: sys_enter: NR 228 (7, 7ffee02184f0, 7ffee02184f0, 0, 7ffee02e50f0, 7ffee02184f0)
            sshd-980   [002] .... 12119.551254: sys_exit: NR 228 = 0
            sshd-980   [002] .... 12119.551254: sys_enter: NR 23 (c, 557f11c3c8a0, 557f11c52f90, 0, 0, 1000)
            sshd-980   [002] .... 12119.551254: sys_exit: NR 23 = 1
            sshd-980   [002] .... 12119.551254: sys_enter: NR 14 (0, 7ffee0218580, 7ffee0218500, 8, 0, 1000)
            sshd-980   [002] .... 12119.551254: sys_exit: NR 14 = 0
            sshd-980   [002] .... 12119.551254: sys_enter: NR 14 (2, 7ffee0218500, 0, 8, 0, 1000)
            sshd-980   [002] .... 12119.551254: sys_exit: NR 14 = 0
            sshd-980   [002] .... 12119.551254: sys_enter: NR 228 (7, 7ffee02185a0, 7ffee02185a0, 8, 7ffee02e50f0, 7ffee02185a0)
            sshd-980   [002] .... 12119.551254: sys_exit: NR 228 = 0
            sshd-980   [002] .... 12119.551254: sys_enter: NR 1 (3, 557f11c57b30, 24, 8, 7ffee02e50f0, 7ffee02185a0)
            sshd-980   [002] .... 12119.551254: sys_exit: NR 1 = 36
            sshd-980   [002] .... 12119.551254: sys_enter: NR 228 (7, 7ffee02184f0, 7ffee02184f0, 0, 7ffee02e50f0, 7ffee02184f0)
            sshd-980   [002] .... 12119.551254: sys_exit: NR 228 = 0
            sshd-980   [002] .... 12119.551254: sys_enter: NR 23 (c, 557f11c3c8a0, 557f11c52f90, 0, 0, 1000)
            sshd-980   [002] d... 12119.551254: sched_switch: prev_comm=sshd prev_pid=980 prev_prio=120 prev_state=S ==> next_comm=swapper/2 next_pid=0 next_prio=120
          <idle>-0     [002] d... 12119.716197: sched_switch: prev_comm=swapper/2 prev_pid=0 prev_prio=120 prev_state=R ==> next_comm=sshd next_pid=980 next_prio=120
            sshd-980   [002] .... 12119.716197: sys_exit: NR 23 = 1
            sshd-980   [002] .... 12119.716197: sys_enter: NR 14 (0, 7ffee0218580, 7ffee0218500, 8, 0, 1000)
            sshd-980   [002] .... 12119.716197: sys_exit: NR 14 = 0
            sshd-980   [002] .... 12119.716197: sys_enter: NR 14 (2, 7ffee0218500, 0, 8, 0, 1000)
            sshd-980   [002] .... 12119.716197: sys_exit: NR 14 = 0
            sshd-980   [002] .... 12119.716197: sys_enter: NR 228 (7, 7ffee02185a0, 7ffee02185a0, 8, 7ffee02e50f0, 7ffee02185a0)
            sshd-980   [002] .... 12119.716197: sys_exit: NR 228 = 0
            sshd-980   [002] .... 12119.716197: sys_enter: NR 0 (3, 7ffee0214610, 4000, 8, 7ffee02e50f0, 7ffee02185a0)
            sshd-980   [002] .... 12119.716197: sys_exit: NR 0 = 36
            sshd-980   [002] .... 12119.716197: sys_enter: NR 228 (7, 7ffee02184f0, 7ffee02184f0, 0, 7ffee02e50f0, 7ffee02184f0)
            sshd-980   [002] .... 12119.716197: sys_exit: NR 228 = 0
            sshd-980   [002] .... 12119.716197: sys_enter: NR 23 (c, 557f11c3c8a0, 557f11c52f90, 0, 0, 1000)
            sshd-980   [002] .... 12119.716197: sys_exit: NR 23 = 1
            sshd-980   [002] .... 12119.716197: sys_enter: NR 14 (0, 7ffee0218580, 7ffee0218500, 8, 0, 1000)
            sshd-980   [002] .... 12119.716197: sys_exit: NR 14 = 0
            sshd-980   [002] .... 12119.716197: sys_enter: NR 14 (2, 7ffee0218500, 0, 8, 0, 1000)
            sshd-980   [002] .... 12119.716197: sys_exit: NR 14 = 0
            sshd-980   [002] .... 12119.716197: sys_enter: NR 228 (7, 7ffee02185a0, 7ffee02185a0, 8, 7ffee02e50f0, 7ffee02185a0)
            sshd-980   [002] .... 12119.716197: sys_exit: NR 228 = 0
            sshd-980   [002] .... 12119.716197: sys_enter: NR 1 (9, 557f11c548c0, 1, 8, 0, 0)
            sshd-980   [002] .... 12119.716197: sys_exit: NR 1 = 1
            sshd-980   [002] .... 12119.716197: sys_enter: NR 16 (9, 5401, 7ffee02184e0, 8, 7ffee0218540, 0)
            sshd-980   [002] .... 12119.716197: sys_exit: NR 16 = 0
            sshd-980   [002] .... 12119.716197: sys_enter: NR 228 (7, 7ffee02184f0, 7ffee02184f0, 0, 7ffee02e50f0, 7ffee02184f0)
          <idle>-0     [001] d... 12119.717419: sched_switch: prev_comm=swapper/1 prev_pid=0 prev_prio=120 prev_state=R ==> next_comm=kworker/u8:1 next_pid=2527 next_prio=120
    kworker/u8:1-2527  [001] d... 12119.717419: sched_switch: prev_comm=kworker/u8:1 prev_pid=2527 prev_prio=120 prev_state=I ==> next_comm=swapper/1 next_pid=0 next_prio=120
          <idle>-0     [003] d... 12119.717471: sched_switch: prev_comm=swapper/3 prev_pid=0 prev_prio=120 prev_state=R ==> next_comm=bash next_pid=981 next_prio=120
            bash-981   [003] .... 12119.717471: sys_exit: NR 270 = 1
            bash-981   [003] .... 12119.717471: sys_enter: NR 0 (0, 7ffe8fac8c3f, 1, 0, 0, 7ffe8fac8bf0)
            bash-981   [003] .... 12119.717471: sys_exit: NR 0 = 1
            bash-981   [003] .... 12119.717471: sys_enter: NR 23 (1, 7ffe8fac8be0, 0, 7ffe8fac8c60, 7ffe8fac8bd0, 7f54c24083a0)
            bash-981   [003] .... 12119.717471: sys_exit: NR 23 = 0
            bash-981   [003] .... 12119.717471: sys_enter: NR 1 (2, 55ee544b97c0, 1, 0, 7f54c26878b0, 7f54c2ccd740)
            sshd-980   [002] .N.. 12119.718473: sys_exit: NR 228 = 0
            sshd-980   [002] d... 12119.718473: sched_switch: prev_comm=sshd prev_pid=980 prev_prio=120 prev_state=R ==> next_comm=kworker/2:1 next_pid=90 next_prio=120
     kworker/2:1-90    [002] d... 12119.718473: sched_switch: prev_comm=kworker/2:1 prev_pid=90 prev_prio=120 prev_state=I ==> next_comm=sshd next_pid=980 next_prio=120
            sshd-980   [002] .... 12119.718473: sys_enter: NR 23 (c, 557f11c3c8a0, 557f11c52f90, 0, 0, 1000)
            bash-981   [003] .... 12119.718473: sys_exit: NR 1 = 1
            bash-981   [003] .... 12119.718473: sys_enter: NR 270 (1, 7ffe8fac8cc0, 0, 0, 0, 7ffe8fac8bf0)
            bash-981   [003] d... 12119.718473: sched_switch: prev_comm=bash prev_pid=981 prev_prio=120 prev_state=S ==> next_comm=swapper/3 next_pid=0 next_prio=120
            sshd-980   [002] d... 12119.718529: sched_switch: prev_comm=sshd prev_pid=980 prev_prio=120 prev_state=D ==> next_comm=swapper/2 next_pid=0 next_prio=120
          <idle>-0     [001] d... 12119.718928: sched_switch: prev_comm=swapper/1 prev_pid=0 prev_prio=120 prev_state=R ==> next_comm=kworker/u8:1 next_pid=2527 next_prio=120
    kworker/u8:1-2527  [001] d... 12119.718928: sched_switch: prev_comm=kworker/u8:1 prev_pid=2527 prev_prio=120 prev_state=I ==> next_comm=swapper/1 next_pid=0 next_prio=120
          <idle>-0     [002] d... 12119.720276: sched_switch: prev_comm=swapper/2 prev_pid=0 prev_prio=120 prev_state=R ==> next_comm=sshd next_pid=980 next_prio=120
            sshd-980   [002] .... 12119.720276: sys_exit: NR 23 = 1
            sshd-980   [002] .... 12119.720276: sys_enter: NR 14 (0, 7ffee0218580, 7ffee0218500, 8, 0, 1000)
            sshd-980   [002] .... 12119.720276: sys_exit: NR 14 = 0
            sshd-980   [002] .... 12119.720276: sys_enter: NR 14 (2, 7ffee0218500, 0, 8, 0, 1000)
            sshd-980   [002] .... 12119.720276: sys_exit: NR 14 = 0
            sshd-980   [002] .... 12119.720276: sys_enter: NR 228 (7, 7ffee02185a0, 7ffee02185a0, 8, 7ffee02e50f0, 7ffee02185a0)
            sshd-980   [002] .... 12119.720276: sys_exit: NR 228 = 0
            sshd-980   [002] .... 12119.720276: sys_enter: NR 0 (b, 7ffee02144e0, 4000, 8, 7ffee02e50f0, 7ffee02185a0)
            sshd-980   [002] .... 12119.720276: sys_exit: NR 0 = 1
            sshd-980   [002] .... 12119.720276: sys_enter: NR 39 (557f11c39eaf, 5, f, 0, 1, 100)
            sshd-980   [002] .... 12119.720276: sys_exit: NR 39 = 980
            sshd-980   [002] .... 12119.720276: sys_enter: NR 228 (7, 7ffee02184f0, 7ffee02184f0, 0, 7ffee02e50f0, 7ffee02184f0)
            sshd-980   [002] .... 12119.720276: sys_exit: NR 228 = 0
            sshd-980   [002] .... 12119.720276: sys_enter: NR 23 (c, 557f11c3c8a0, 557f11c52f90, 0, 0, 1000)
            sshd-980   [002] .... 12119.720276: sys_exit: NR 23 = 1
            sshd-980   [002] .... 12119.720276: sys_enter: NR 14 (0, 7ffee0218580, 7ffee0218500, 8, 0, 1000)
            sshd-980   [002] .... 12119.720276: sys_exit: NR 14 = 0
            sshd-980   [002] .... 12119.720276: sys_enter: NR 14 (2, 7ffee0218500, 0, 8, 0, 1000)
            sshd-980   [002] .... 12119.720276: sys_exit: NR 14 = 0
            sshd-980   [002] .... 12119.720276: sys_enter: NR 228 (7, 7ffee02185a0, 7ffee02185a0, 8, 7ffee02e50f0, 7ffee02185a0)
            sshd-980   [002] .... 12119.720276: sys_exit: NR 228 = 0
            sshd-980   [002] .... 12119.720276: sys_enter: NR 1 (3, 557f11c57b30, 24, 8, 7ffee02e50f0, 7ffee02185a0)
            sshd-980   [002] .... 12119.720546: sys_exit: NR 1 = 36
            sshd-980   [002] .... 12119.720546: sys_enter: NR 228 (7, 7ffee02184f0, 7ffee02184f0, 0, 7ffee02e50f0, 7ffee02184f0)
            sshd-980   [002] .... 12119.720546: sys_exit: NR 228 = 0
            sshd-980   [002] .... 12119.720546: sys_enter: NR 23 (c, 557f11c3c8a0, 557f11c52f90, 0, 0, 1000)
            sshd-980   [002] d... 12119.720546: sched_switch: prev_comm=sshd prev_pid=980 prev_prio=120 prev_state=S ==> next_comm=swapper/2 next_pid=0 next_prio=120
          <idle>-0     [002] d... 12119.929321: sched_switch: prev_comm=swapper/2 prev_pid=0 prev_prio=120 prev_state=R ==> next_comm=kworker/2:1 next_pid=90 next_prio=120
     kworker/2:1-90    [002] d... 12119.929321: sched_switch: prev_comm=kworker/2:1 prev_pid=90 prev_prio=120 prev_state=I ==> next_comm=swapper/2 next_pid=0 next_prio=120
          <idle>-0     [001] d... 12120.008899: sched_switch: prev_comm=swapper/1 prev_pid=0 prev_prio=120 prev_state=R ==> next_comm=gmain next_pid=605 next_prio=120
           gmain-605   [001] .... 12120.008899: sys_exit: NR 7 = 0
           gmain-605   [001] .... 12120.008899: sys_enter: NR 228 (1, 7f52c7632bf0, 7f52c7632bf0, 7f52c0002880, 7ffccd3cb090, 7f52c7632bf0)
           gmain-605   [001] .... 12120.008899: sys_exit: NR 228 = 0
           gmain-605   [001] .... 12120.008899: sys_enter: NR 254 (7, 55692c9ec3a0, 1002fce, 7f52c0002880, 56cd36aa, 7f52c7632bf0)
           gmain-605   [001] .... 12120.008899: sys_exit: NR 254 = -2
           gmain-605   [001] .... 12120.008899: sys_enter: NR 254 (7, 55692c9eb980, 1002fce, 7f52c0002880, b10563a8, 7f52c7632bf0)
           gmain-605   [001] .... 12120.008899: sys_exit: NR 254 = -2
           gmain-605   [001] .... 12120.008899: sys_enter: NR 254 (7, 55692c9eb450, 1002fce, 7f52c0002880, b10563a8, 7f52c7632bf0)
           gmain-605   [001] .... 12120.008899: sys_exit: NR 254 = -2
           gmain-605   [001] .... 12120.008899: sys_enter: NR 254 (7, 55692c9eb100, 1002fce, 7f52c0002880, b10563a8, 7f52c7632bf0)
           gmain-605   [001] .... 12120.008899: sys_exit: NR 254 = -2
           gmain-605   [001] .... 12120.008899: sys_enter: NR 228 (1, 7f52c7632be0, 7f52c7632be0, 7f52c0002880, 7ffccd3cb090, 7f52c7632be0)
           gmain-605   [001] .... 12120.009554: sys_exit: NR 228 = 0
           gmain-605   [001] .... 12120.009554: sys_enter: NR 7 (55692c9cb410, 2, f97, 7f52c0002880, 0, 55692c9e82a0)
           gmain-605   [001] d... 12120.010617: sched_switch: prev_comm=gmain prev_pid=605 prev_prio=120 prev_state=S ==> next_comm=swapper/1 next_pid=0 next_prio=120
          <idle>-0     [002] d... 12120.356172: sched_switch: prev_comm=swapper/2 prev_pid=0 prev_prio=120 prev_state=R ==> next_comm=kworker/2:1 next_pid=90 next_prio=120
          <idle>-0     [000] d... 12120.356644: sched_switch: prev_comm=swapper/0 prev_pid=0 prev_prio=120 prev_state=R ==> next_comm=kworker/0:1 next_pid=1645 next_prio=120
     kworker/2:1-90    [002] d... 12120.356644: sched_switch: prev_comm=kworker/2:1 prev_pid=90 prev_prio=120 prev_state=D ==> next_comm=kworker/2:3 next_pid=2522 next_prio=120
     kworker/2:3-2522  [002] d... 12120.357376: sched_switch: prev_comm=kworker/2:3 prev_pid=2522 prev_prio=120 prev_state=D ==> next_comm=kworker/2:2 next_pid=2589 next_prio=120
     kworker/2:2-2589  [002] d... 12120.357376: sched_switch: prev_comm=kworker/2:2 prev_pid=2589 prev_prio=120 prev_state=I ==> next_comm=swapper/2 next_pid=0 next_prio=120
     kworker/0:1-1645  [000] d... 12120.359877: sched_switch: prev_comm=kworker/0:1 prev_pid=1645 prev_prio=120 prev_state=R+ ==> next_comm=ksoftirqd/0 next_pid=9 next_prio=120
          <idle>-0     [002] d... 12120.360680: sched_switch: prev_comm=swapper/2 prev_pid=0 prev_prio=120 prev_state=R ==> next_comm=kworker/2:1 next_pid=90 next_prio=120
     ksoftirqd/0-9     [000] d... 12120.361557: sched_switch: prev_comm=ksoftirqd/0 prev_pid=9 prev_prio=120 prev_state=S ==> next_comm=kworker/0:1 next_pid=1645 next_prio=120
     kworker/0:1-1645  [000] d... 12120.361557: sched_switch: prev_comm=kworker/0:1 prev_pid=1645 prev_prio=120 prev_state=I ==> next_comm=swapper/0 next_pid=0 next_prio=120
     kworker/2:1-90    [002] d... 12120.361939: sched_switch: prev_comm=kworker/2:1 prev_pid=90 prev_prio=120 prev_state=I ==> next_comm=kworker/2:3 next_pid=2522 next_prio=120
     kworker/2:3-2522  [002] d... 12120.362309: sched_switch: prev_comm=kworker/2:3 prev_pid=2522 prev_prio=120 prev_state=I ==> next_comm=swapper/2 next_pid=0 next_prio=120
          <idle>-0     [002] d... 12120.675026: sched_switch: prev_comm=swapper/2 prev_pid=0 prev_prio=120 prev_state=R ==> next_comm=sshd next_pid=980 next_prio=120
            sshd-980   [002] .... 12120.675026: sys_exit: NR 23 = 1
            sshd-980   [002] .... 12120.675026: sys_enter: NR 14 (0, 7ffee0218580, 7ffee0218500, 8, 0, 1000)
            sshd-980   [002] .... 12120.675026: sys_exit: NR 14 = 0
            sshd-980   [002] .... 12120.675026: sys_enter: NR 14 (2, 7ffee0218500, 0, 8, 0, 1000)
            sshd-980   [002] .... 12120.675026: sys_exit: NR 14 = 0
            sshd-980   [002] .... 12120.675026: sys_enter: NR 228 (7, 7ffee02185a0, 7ffee02185a0, 8, 7ffee02e50f0, 7ffee02185a0)
            sshd-980   [002] .... 12120.675026: sys_exit: NR 228 = 0
            sshd-980   [002] .... 12120.675026: sys_enter: NR 0 (3, 7ffee0214610, 4000, 8, 7ffee02e50f0, 7ffee02185a0)
            sshd-980   [002] .N.. 12120.677512: sys_exit: NR 0 = 36
            sshd-980   [002] d... 12120.677512: sched_switch: prev_comm=sshd prev_pid=980 prev_prio=120 prev_state=R ==> next_comm=kworker/2:3 next_pid=2522 next_prio=120
     kworker/2:3-2522  [002] d... 12120.677512: sched_switch: prev_comm=kworker/2:3 prev_pid=2522 prev_prio=120 prev_state=I ==> next_comm=sshd next_pid=980 next_prio=120
            sshd-980   [002] .... 12120.677512: sys_enter: NR 228 (7, 7ffee02184f0, 7ffee02184f0, 0, 7ffee02e50f0, 7ffee02184f0)
            sshd-980   [002] .... 12120.678719: sys_exit: NR 228 = 0
            sshd-980   [002] .... 12120.678719: sys_enter: NR 23 (c, 557f11c3c8a0, 557f11c52f90, 0, 0, 1000)
            sshd-980   [002] .... 12120.678719: sys_exit: NR 23 = 1
            sshd-980   [002] .... 12120.678719: sys_enter: NR 14 (0, 7ffee0218580, 7ffee0218500, 8, 0, 1000)
            sshd-980   [002] .... 12120.678719: sys_exit: NR 14 = 0
            sshd-980   [002] .... 12120.678719: sys_enter: NR 14 (2, 7ffee0218500, 0, 8, 0, 1000)
            sshd-980   [002] .... 12120.678719: sys_exit: NR 14 = 0
            sshd-980   [002] .... 12120.678719: sys_enter: NR 228 (7, 7ffee02185a0, 7ffee02185a0, 8, 7ffee02e50f0, 7ffee02185a0)
            sshd-980   [002] .... 12120.678719: sys_exit: NR 228 = 0
            sshd-980   [002] .... 12120.678719: sys_enter: NR 1 (9, 557f11c548c0, 1, 8, 0, 0)
            sshd-980   [002] .... 12120.679221: sys_exit: NR 1 = 1
            sshd-980   [002] .... 12120.679221: sys_enter: NR 16 (9, 5401, 7ffee02184e0, 8, 7ffee0218540, 0)
            sshd-980   [002] .... 12120.679221: sys_exit: NR 16 = 0
            sshd-980   [002] .... 12120.679221: sys_enter: NR 228 (7, 7ffee02184f0, 7ffee02184f0, 0, 7ffee02e50f0, 7ffee02184f0)
          <idle>-0     [001] d... 12120.680465: sched_switch: prev_comm=swapper/1 prev_pid=0 prev_prio=120 prev_state=R ==> next_comm=kworker/u8:1 next_pid=2527 next_prio=120
            sshd-980   [002] .... 12120.680465: sys_exit: NR 228 = 0
            sshd-980   [002] .... 12120.680465: sys_enter: NR 23 (c, 557f11c3c8a0, 557f11c52f90, 0, 0, 1000)
            sshd-980   [002] d... 12120.680465: sched_switch: prev_comm=sshd prev_pid=980 prev_prio=120 prev_state=S ==> next_comm=swapper/2 next_pid=0 next_prio=120
    kworker/u8:1-2527  [001] d... 12120.680465: sched_switch: prev_comm=kworker/u8:1 prev_pid=2527 prev_prio=120 prev_state=I ==> next_comm=swapper/1 next_pid=0 next_prio=120
          <idle>-0     [003] d... 12120.681581: sched_switch: prev_comm=swapper/3 prev_pid=0 prev_prio=120 prev_state=R ==> next_comm=bash next_pid=981 next_prio=120
            bash-981   [003] .... 12120.681581: sys_exit: NR 270 = 1
            bash-981   [003] .... 12120.681581: sys_enter: NR 0 (0, 7ffe8fac8c3f, 1, 0, 0, 7ffe8fac8bf0)
            bash-981   [003] .... 12120.681581: sys_exit: NR 0 = 1
            bash-981   [003] .... 12120.681581: sys_enter: NR 1 (2, 55ee544b97c0, 4, 0, 7f54c26878b0, 7f54c2ccd740)
            bash-981   [003] .... 12120.682656: sys_exit: NR 1 = 4
            bash-981   [003] .... 12120.682656: sys_enter: NR 270 (1, 7ffe8fac8cc0, 0, 0, 0, 7ffe8fac8bf0)
            bash-981   [003] d... 12120.682656: sched_switch: prev_comm=bash prev_pid=981 prev_prio=120 prev_state=S ==> next_comm=swapper/3 next_pid=0 next_prio=120
          <idle>-0     [001] d... 12120.684602: sched_switch: prev_comm=swapper/1 prev_pid=0 prev_prio=120 prev_state=R ==> next_comm=kworker/u8:1 next_pid=2527 next_prio=120
    kworker/u8:1-2527  [001] d... 12120.684602: sched_switch: prev_comm=kworker/u8:1 prev_pid=2527 prev_prio=120 prev_state=I ==> next_comm=swapper/1 next_pid=0 next_prio=120
          <idle>-0     [002] d... 12120.685629: sched_switch: prev_comm=swapper/2 prev_pid=0 prev_prio=120 prev_state=R ==> next_comm=sshd next_pid=980 next_prio=120
            sshd-980   [002] .... 12120.685629: sys_exit: NR 23 = 1
            sshd-980   [002] .... 12120.685629: sys_enter: NR 14 (0, 7ffee0218580, 7ffee0218500, 8, 0, 1000)
            sshd-980   [002] .... 12120.685629: sys_exit: NR 14 = 0
            sshd-980   [002] .... 12120.685629: sys_enter: NR 14 (2, 7ffee0218500, 0, 8, 0, 1000)
            sshd-980   [002] .... 12120.685629: sys_exit: NR 14 = 0
            sshd-980   [002] .... 12120.685629: sys_enter: NR 228 (7, 7ffee02185a0, 7ffee02185a0, 8, 7ffee02e50f0, 7ffee02185a0)
            sshd-980   [002] .... 12120.686389: sys_exit: NR 228 = 0
            sshd-980   [002] .... 12120.686389: sys_enter: NR 0 (b, 7ffee02144e0, 4000, 8, 7ffee02e50f0, 7ffee02185a0)
            sshd-980   [002] .... 12120.686389: sys_exit: NR 0 = 4
            sshd-980   [002] .... 12120.686389: sys_enter: NR 39 (557f11c39eb2, a, 12, 0, 1, 100)
            sshd-980   [002] .... 12120.686389: sys_exit: NR 39 = 980
            sshd-980   [002] .... 12120.686389: sys_enter: NR 228 (7, 7ffee02184f0, 7ffee02184f0, 0, 7ffee02e50f0, 7ffee02184f0)
            sshd-980   [002] .... 12120.686389: sys_exit: NR 228 = 0
            sshd-980   [002] .... 12120.686389: sys_enter: NR 23 (c, 557f11c3c8a0, 557f11c52f90, 0, 0, 1000)
            sshd-980   [002] .... 12120.686389: sys_exit: NR 23 = 1
            sshd-980   [002] .... 12120.686389: sys_enter: NR 14 (0, 7ffee0218580, 7ffee0218500, 8, 0, 1000)
            sshd-980   [002] .... 12120.686389: sys_exit: NR 14 = 0
            sshd-980   [002] .... 12120.686389: sys_enter: NR 14 (2, 7ffee0218500, 0, 8, 0, 1000)
            sshd-980   [002] .... 12120.686389: sys_exit: NR 14 = 0
            sshd-980   [002] .... 12120.686389: sys_enter: NR 228 (7, 7ffee02185a0, 7ffee02185a0, 8, 7ffee02e50f0, 7ffee02185a0)
            sshd-980   [002] .... 12120.686389: sys_exit: NR 228 = 0
            sshd-980   [002] .... 12120.686389: sys_enter: NR 1 (3, 557f11c57b30, 2c, 8, 7ffee02e50f0, 7ffee02185a0)
            sshd-980   [002] .... 12120.686389: sys_exit: NR 1 = 44
            sshd-980   [002] .... 12120.686389: sys_enter: NR 228 (7, 7ffee02184f0, 7ffee02184f0, 0, 7ffee02e50f0, 7ffee02184f0)
            sshd-980   [002] .... 12120.688333: sys_exit: NR 228 = 0
            sshd-980   [002] .... 12120.688333: sys_enter: NR 23 (c, 557f11c3c8a0, 557f11c52f90, 0, 0, 1000)
            sshd-980   [002] d... 12120.688333: sched_switch: prev_comm=sshd prev_pid=980 prev_prio=120 prev_state=S ==> next_comm=swapper/2 next_pid=0 next_prio=120
          <idle>-0     [002] d... 12120.818750: sched_switch: prev_comm=swapper/2 prev_pid=0 prev_prio=120 prev_state=R ==> next_comm=sshd next_pid=980 next_prio=120
            sshd-980   [002] .... 12120.818750: sys_exit: NR 23 = 1
            sshd-980   [002] .... 12120.818750: sys_enter: NR 14 (0, 7ffee0218580, 7ffee0218500, 8, 0, 1000)
            sshd-980   [002] .... 12120.818750: sys_exit: NR 14 = 0
            sshd-980   [002] .... 12120.818750: sys_enter: NR 14 (2, 7ffee0218500, 0, 8, 0, 1000)
            sshd-980   [002] .... 12120.818750: sys_exit: NR 14 = 0
            sshd-980   [002] .... 12120.818750: sys_enter: NR 228 (7, 7ffee02185a0, 7ffee02185a0, 8, 7ffee02e50f0, 7ffee02185a0)
            sshd-980   [002] .N.. 12120.819462: sys_exit: NR 228 = 0
            sshd-980   [002] d... 12120.819462: sched_switch: prev_comm=sshd prev_pid=980 prev_prio=120 prev_state=R ==> next_comm=kworker/2:3 next_pid=2522 next_prio=120
     kworker/2:3-2522  [002] d... 12120.819462: sched_switch: prev_comm=kworker/2:3 prev_pid=2522 prev_prio=120 prev_state=I ==> next_comm=sshd next_pid=980 next_prio=120
            sshd-980   [002] .... 12120.819462: sys_enter: NR 0 (3, 7ffee0214610, 4000, 8, 7ffee02e50f0, 7ffee02185a0)
            sshd-980   [002] .... 12120.819462: sys_exit: NR 0 = 36
            sshd-980   [002] .... 12120.819462: sys_enter: NR 228 (7, 7ffee02184f0, 7ffee02184f0, 0, 7ffee02e50f0, 7ffee02184f0)
            sshd-980   [002] .... 12120.819462: sys_exit: NR 228 = 0
            sshd-980   [002] .... 12120.819462: sys_enter: NR 23 (c, 557f11c3c8a0, 557f11c52f90, 0, 0, 1000)
            sshd-980   [002] .... 12120.819462: sys_exit: NR 23 = 1
            sshd-980   [002] .... 12120.819462: sys_enter: NR 14 (0, 7ffee0218580, 7ffee0218500, 8, 0, 1000)
            sshd-980   [002] .... 12120.819462: sys_exit: NR 14 = 0
            sshd-980   [002] .... 12120.819462: sys_enter: NR 14 (2, 7ffee0218500, 0, 8, 0, 1000)
            sshd-980   [002] .... 12120.819462: sys_exit: NR 14 = 0
            sshd-980   [002] .... 12120.819462: sys_enter: NR 228 (7, 7ffee02185a0, 7ffee02185a0, 8, 7ffee02e50f0, 7ffee02185a0)
            sshd-980   [002] .... 12120.820591: sys_exit: NR 228 = 0
            sshd-980   [002] .... 12120.820591: sys_enter: NR 1 (9, 557f11c548c0, 1, 8, 0, 0)
            sshd-980   [002] .... 12120.820591: sys_exit: NR 1 = 1
            sshd-980   [002] .... 12120.820591: sys_enter: NR 16 (9, 5401, 7ffee02184e0, 8, 7ffee0218540, 0)
            sshd-980   [002] .... 12120.820591: sys_exit: NR 16 = 0
            sshd-980   [002] .... 12120.820591: sys_enter: NR 228 (7, 7ffee02184f0, 7ffee02184f0, 0, 7ffee02e50f0, 7ffee02184f0)
            sshd-980   [002] .... 12120.820591: sys_exit: NR 228 = 0
            sshd-980   [002] .... 12120.820591: sys_enter: NR 23 (c, 557f11c3c8a0, 557f11c52f90, 0, 0, 1000)
            sshd-980   [002] d... 12120.820591: sched_switch: prev_comm=sshd prev_pid=980 prev_prio=120 prev_state=S ==> next_comm=swapper/2 next_pid=0 next_prio=120
          <idle>-0     [001] d... 12120.822350: sched_switch: prev_comm=swapper/1 prev_pid=0 prev_prio=120 prev_state=R ==> next_comm=kworker/u8:1 next_pid=2527 next_prio=120
    kworker/u8:1-2527  [001] d... 12120.822350: sched_switch: prev_comm=kworker/u8:1 prev_pid=2527 prev_prio=120 prev_state=I ==> next_comm=swapper/1 next_pid=0 next_prio=120
          <idle>-0     [003] d... 12120.823249: sched_switch: prev_comm=swapper/3 prev_pid=0 prev_prio=120 prev_state=R ==> next_comm=bash next_pid=981 next_prio=120
            bash-981   [003] .... 12120.823249: sys_exit: NR 270 = 1
            bash-981   [003] .... 12120.823249: sys_enter: NR 0 (0, 7ffe8fac8c3f, 1, 0, 0, 7ffe8fac8bf0)
            bash-981   [003] .... 12120.823249: sys_exit: NR 0 = 1
            bash-981   [003] .... 12120.823249: sys_enter: NR 1 (2, 55ee544b97c0, 4, 0, 7f54c26878b0, 7f54c2ccd740)
            bash-981   [003] .... 12120.823249: sys_exit: NR 1 = 4
            bash-981   [003] .... 12120.823249: sys_enter: NR 270 (1, 7ffe8fac8cc0, 0, 0, 0, 7ffe8fac8bf0)
            bash-981   [003] d... 12120.823249: sched_switch: prev_comm=bash prev_pid=981 prev_prio=120 prev_state=S ==> next_comm=swapper/3 next_pid=0 next_prio=120
          <idle>-0     [001] d... 12120.824222: sched_switch: prev_comm=swapper/1 prev_pid=0 prev_prio=120 prev_state=R ==> next_comm=kworker/u8:1 next_pid=2527 next_prio=120
    kworker/u8:1-2527  [001] d... 12120.824222: sched_switch: prev_comm=kworker/u8:1 prev_pid=2527 prev_prio=120 prev_state=I ==> next_comm=swapper/1 next_pid=0 next_prio=120
          <idle>-0     [002] d... 12120.825599: sched_switch: prev_comm=swapper/2 prev_pid=0 prev_prio=120 prev_state=R ==> next_comm=sshd next_pid=980 next_prio=120
            sshd-980   [002] .... 12120.825599: sys_exit: NR 23 = 1
            sshd-980   [002] .... 12120.825599: sys_enter: NR 14 (0, 7ffee0218580, 7ffee0218500, 8, 0, 1000)
            sshd-980   [002] .... 12120.825599: sys_exit: NR 14 = 0
            sshd-980   [002] .... 12120.825599: sys_enter: NR 14 (2, 7ffee0218500, 0, 8, 0, 1000)
            sshd-980   [002] .... 12120.825599: sys_exit: NR 14 = 0
            sshd-980   [002] .... 12120.825599: sys_enter: NR 228 (7, 7ffee02185a0, 7ffee02185a0, 8, 7ffee02e50f0, 7ffee02185a0)
            sshd-980   [002] .... 12120.825599: sys_exit: NR 228 = 0
            sshd-980   [002] .... 12120.825599: sys_enter: NR 0 (b, 7ffee02144e0, 4000, 8, 7ffee02e50f0, 7ffee02185a0)
            sshd-980   [002] .... 12120.825599: sys_exit: NR 0 = 4
            sshd-980   [002] .... 12120.825599: sys_enter: NR 39 (557f11c39eb2, a, 12, 0, 1, 100)
            sshd-980   [002] .... 12120.825599: sys_exit: NR 39 = 980
            sshd-980   [002] .... 12120.825599: sys_enter: NR 228 (7, 7ffee02184f0, 7ffee02184f0, 0, 7ffee02e50f0, 7ffee02184f0)
            sshd-980   [002] .... 12120.825599: sys_exit: NR 228 = 0
            sshd-980   [002] .... 12120.825599: sys_enter: NR 23 (c, 557f11c3c8a0, 557f11c52f90, 0, 0, 1000)
            sshd-980   [002] .... 12120.825599: sys_exit: NR 23 = 1
            sshd-980   [002] .... 12120.825599: sys_enter: NR 14 (0, 7ffee0218580, 7ffee0218500, 8, 0, 1000)
            sshd-980   [002] .... 12120.825599: sys_exit: NR 14 = 0
            sshd-980   [002] .... 12120.825599: sys_enter: NR 14 (2, 7ffee0218500, 0, 8, 0, 1000)
            sshd-980   [002] .... 12120.825599: sys_exit: NR 14 = 0
            sshd-980   [002] .... 12120.825599: sys_enter: NR 228 (7, 7ffee02185a0, 7ffee02185a0, 8, 7ffee02e50f0, 7ffee02185a0)
            sshd-980   [002] .... 12120.825599: sys_exit: NR 228 = 0
            sshd-980   [002] .... 12120.825599: sys_enter: NR 1 (3, 557f11c57b30, 2c, 8, 7ffee02e50f0, 7ffee02185a0)
            sshd-980   [002] .... 12120.825599: sys_exit: NR 1 = 44
            sshd-980   [002] .... 12120.825599: sys_enter: NR 228 (7, 7ffee02184f0, 7ffee02184f0, 0, 7ffee02e50f0, 7ffee02184f0)
            sshd-980   [002] .... 12120.826750: sys_exit: NR 228 = 0
            sshd-980   [002] .... 12120.826750: sys_enter: NR 23 (c, 557f11c3c8a0, 557f11c52f90, 0, 0, 1000)
            sshd-980   [002] d... 12120.826750: sched_switch: prev_comm=sshd prev_pid=980 prev_prio=120 prev_state=S ==> next_comm=swapper/2 next_pid=0 next_prio=120
          <idle>-0     [000] d... 12120.858149: sched_switch: prev_comm=swapper/0 prev_pid=0 prev_prio=120 prev_state=R ==> next_comm=kworker/0:1 next_pid=1645 next_prio=120
     kworker/0:1-1645  [000] d... 12120.858149: sched_switch: prev_comm=kworker/0:1 prev_pid=1645 prev_prio=120 prev_state=I ==> next_comm=swapper/0 next_pid=0 next_prio=120
          <idle>-0     [002] d... 12120.968682: sched_switch: prev_comm=swapper/2 prev_pid=0 prev_prio=120 prev_state=R ==> next_comm=sshd next_pid=980 next_prio=120
            sshd-980   [002] .... 12120.968682: sys_exit: NR 23 = 1
            sshd-980   [002] .... 12120.968682: sys_enter: NR 14 (0, 7ffee0218580, 7ffee0218500, 8, 0, 1000)
            sshd-980   [002] .... 12120.968682: sys_exit: NR 14 = 0
            sshd-980   [002] .... 12120.968682: sys_enter: NR 14 (2, 7ffee0218500, 0, 8, 0, 1000)
            sshd-980   [002] .... 12120.968682: sys_exit: NR 14 = 0
            sshd-980   [002] .... 12120.968682: sys_enter: NR 228 (7, 7ffee02185a0, 7ffee02185a0, 8, 7ffee02e50f0, 7ffee02185a0)
            sshd-980   [002] .N.. 12120.968682: sys_exit: NR 228 = 0
            sshd-980   [002] d... 12120.968682: sched_switch: prev_comm=sshd prev_pid=980 prev_prio=120 prev_state=R ==> next_comm=kworker/2:3 next_pid=2522 next_prio=120
     kworker/2:3-2522  [002] d... 12120.968682: sched_switch: prev_comm=kworker/2:3 prev_pid=2522 prev_prio=120 prev_state=I ==> next_comm=sshd next_pid=980 next_prio=120
            sshd-980   [002] .... 12120.968682: sys_enter: NR 0 (3, 7ffee0214610, 4000, 8, 7ffee02e50f0, 7ffee02185a0)
            sshd-980   [002] .... 12120.969447: sys_exit: NR 0 = 36
            sshd-980   [002] .... 12120.969447: sys_enter: NR 228 (7, 7ffee02184f0, 7ffee02184f0, 0, 7ffee02e50f0, 7ffee02184f0)
            sshd-980   [002] .... 12120.969447: sys_exit: NR 228 = 0
