        vfs_proc-2372  [000] ....  8483.038423: sys_enter: NR 10 (7f8002e7f000, 200000, 0, 1, 3, 0)
        vfs_proc-2372  [000] ....  8483.038423: sys_exit: NR 10 = 0
        vfs_proc-2372  [000] ....  8483.038423: sys_enter: NR 9 (7f800307f000, 6000, 3, 812, 3, 1e7000)
        vfs_proc-2372  [000] ....  8483.038423: sys_exit: NR 9 = 140187783393280
        vfs_proc-2372  [000] ....  8483.038423: sys_enter: NR 9 (7f8003085000, 3ae0, 3, 32, ffffffff, 0)
        vfs_proc-2372  [000] ....  8483.038423: sys_exit: NR 9 = 140187783417856
        vfs_proc-2372  [000] ....  8483.038423: sys_enter: NR 3 (3, 28, 0, 31, 6fffffff, 70000021)
        vfs_proc-2372  [000] ....  8483.038423: __close_fd+0x0/0x80 <-__x64_sys_close+0x1e/0x50
        vfs_proc-2372  [000] ....  8483.038423: <stack trace>
 => 0xffffffffc014d061
 => __close_fd+0x5/0x80
 => __x64_sys_close+0x1e/0x50
 => do_syscall_64+0x48/0x120
 => entry_SYSCALL_64_after_hwframe+0x44/0xa9
        vfs_proc-2372  [000] ....  8483.038423: sys_exit: NR 3 = 0
        vfs_proc-2372  [000] ....  8483.038423: sys_enter: NR 158 (1002, 7f80032a14c0, 7f80032a1e10, 7f80032a0998, 90, 40)
        vfs_proc-2372  [000] ....  8483.038423: sys_exit: NR 158 = 0
        vfs_proc-2372  [000] ....  8483.038423: sys_enter: NR 10 (7f800307f000, 4000, 1, 7f80032a0000, 7fffcb3f91b8, 2)
        vfs_proc-2372  [000] ....  8483.038423: sys_exit: NR 10 = 0
        vfs_proc-2372  [000] ....  8483.038423: sys_enter: NR 10 (55e014211000, 1000, 1, 7f80032b2170, 0, 84)
        vfs_proc-2372  [000] ....  8483.038423: sys_exit: NR 10 = 0
        vfs_proc-2372  [000] ....  8483.038423: sys_enter: NR 10 (7f80032b0000, 1000, 1, 7f80032b19f0, 0, c0)
        vfs_proc-2372  [000] ....  8483.038423: sys_exit: NR 10 = 0
        vfs_proc-2372  [000] ....  8483.038423: sys_enter: NR 11 (7f80032a2000, d29f, 12f200000000, 7f80032b19f0, 0, c0)
        vfs_proc-2372  [000] ....  8483.038423: sys_exit: NR 11 = 0
        vfs_proc-2372  [000] ....  8483.038423: sys_enter: NR 257 (ffffff9c, 55e014011b54, 2, 0, 7f8003084d80, 7f8003084d80)
        vfs_proc-2372  [000] ....  8483.038423: ext4_file_open+0x0/0x1f0 <-do_dentry_open+0x1ea/0x380
        vfs_proc-2372  [000] ....  8483.038423: <stack trace>
 => 0xffffffffc014d061
 => ext4_file_open+0x5/0x1f0
 => do_dentry_open+0x1ea/0x380
 => path_openat+0x2e9/0x1570
 => do_filp_open+0x9b/0x110
 => do_sys_open+0x1bd/0x250
 => do_syscall_64+0x48/0x120
 => entry_SYSCALL_64_after_hwframe+0x44/0xa9
        vfs_proc-2372  [000] ....  8483.038423: sys_exit: NR 257 = 3
        vfs_proc-2372  [000] ....  8483.038423: sys_enter: NR 1 (3, 7fffcb2a7174, b, 0, 7fffcb2a7180, 0)
        vfs_proc-2372  [000] ....  8483.038423: ext4_file_write_iter+0x0/0x3b0 <-new_sync_write+0x11b/0x1b0
        vfs_proc-2372  [000] ....  8483.038423: <stack trace>
 => 0xffffffffc014d061
 => ext4_file_write_iter+0x5/0x3b0
 => new_sync_write+0x11b/0x1b0
 => vfs_write+0xad/0x1a0
 => ksys_write+0xa1/0xe0
 => do_syscall_64+0x48/0x120
 => entry_SYSCALL_64_after_hwframe+0x44/0xa9
        vfs_proc-2372  [000] ....  8483.044292: sys_exit: NR 1 = 11
        vfs_proc-2372  [000] ....  8483.044292: sys_enter: NR 8 (3, 0, 0, 0, 7fffcb2a7180, 0)
        vfs_proc-2372  [000] ....  8483.044292: ext4_llseek+0x0/0x100 <-ksys_lseek+0x80/0xa0
        vfs_proc-2372  [000] ....  8483.044292: <stack trace>
 => 0xffffffffc014d061
 => ext4_llseek+0x5/0x100
 => ksys_lseek+0x80/0xa0
 => do_syscall_64+0x48/0x120
 => entry_SYSCALL_64_after_hwframe+0x44/0xa9
        vfs_proc-2372  [000] ....  8483.044292: sys_exit: NR 8 = 0
        vfs_proc-2372  [000] ....  8483.044292: sys_enter: NR 0 (3, 7fffcb2a7180, 100, 0, 7fffcb2a7180, 0)
        vfs_proc-2372  [000] ....  8483.044292: ext4_file_read_iter+0x0/0x40 <-new_sync_read+0x114/0x1a0
        vfs_proc-2372  [000] ....  8483.044292: <stack trace>
 => 0xffffffffc014d061
 => ext4_file_read_iter+0x5/0x40
 => new_sync_read+0x114/0x1a0
 => vfs_read+0x89/0x130
 => ksys_read+0xa1/0xe0
 => do_syscall_64+0x48/0x120
 => entry_SYSCALL_64_after_hwframe+0x44/0xa9
        vfs_proc-2372  [000] ....  8483.044292: sys_exit: NR 0 = 58
        vfs_proc-2372  [000] ....  8483.044292: sys_enter: NR 5 (1, 7fffcb2a69a0, 7fffcb2a69a0, 0, 7f80032a14c0, 0)
        vfs_proc-2372  [000] ....  8483.044292: sys_exit: NR 5 = 0
        vfs_proc-2372  [000] ....  8483.044292: sys_enter: NR 12 (0, 7f8003083c40, 20270, fffffffffffff000, 2, 0)
        vfs_proc-2372  [000] ....  8483.044292: sys_exit: NR 12 = 94420901638144
        vfs_proc-2372  [000] ....  8483.044292: sys_enter: NR 12 (55e0144f4000, 7f8003083c40, 55e0144d3000, fffffffffffff000, 2, 0)
        vfs_proc-2372  [000] ....  8483.044292: sys_exit: NR 12 = 94420901773312
        vfs_proc-2372  [000] ....  8483.044292: sys_enter: NR 1 (1, 55e0144d3260, 1f, ffffffc6, 7fffcb2a7180, 7f8002e06d20)
        vfs_proc-2372  [000] ....  8483.045292: sys_exit: NR 1 = 31
        vfs_proc-2372  [000] ....  8483.045292: sys_enter: NR 1 (3, 7fffcb2a7174, b, ffffffc6, 0, 3a)
        vfs_proc-2372  [000] ....  8483.045292: ext4_file_write_iter+0x0/0x3b0 <-new_sync_write+0x11b/0x1b0
        vfs_proc-2372  [000] ....  8483.045292: <stack trace>
 => 0xffffffffc014d061
 => ext4_file_write_iter+0x5/0x3b0
 => new_sync_write+0x11b/0x1b0
 => vfs_write+0xad/0x1a0
 => ksys_write+0xa1/0xe0
 => do_syscall_64+0x48/0x120
 => entry_SYSCALL_64_after_hwframe+0x44/0xa9
        vfs_proc-2372  [000] ....  8483.045292: sys_exit: NR 1 = 11
        vfs_proc-2372  [000] ....  8483.045292: sys_enter: NR 74 (3, 7fffcb2a7174, b, ffffffc6, 0, 3a)
        vfs_proc-2372  [000] ....  8483.045292: ext4_sync_file+0x0/0x3d0 <-do_fsync+0x38/0x60
        vfs_proc-2372  [000] ....  8483.045292: <stack trace>
 => 0xffffffffc014d061
 => ext4_sync_file+0x5/0x3d0
 => do_fsync+0x38/0x60
 => __x64_sys_fsync+0x10/0x20
 => do_syscall_64+0x48/0x120
 => entry_SYSCALL_64_after_hwframe+0x44/0xa9
        vfs_proc-2372  [000] d...  8483.046371: sched_switch: prev_comm=vfs_proc prev_pid=2372 prev_prio=120 prev_state=D ==> next_comm=swapper/0 next_pid=0 next_prio=120
          <idle>-0     [001] d...  8483.046371: sched_switch: prev_comm=swapper/1 prev_pid=0 prev_prio=120 prev_state=R ==> next_comm=kworker/u8:0 next_pid=2232 next_prio=120
    kworker/u8:0-2232  [001] d...  8483.046371: sched_switch: prev_comm=kworker/u8:0 prev_pid=2232 prev_prio=120 prev_state=I ==> next_comm=rcu_sched next_pid=10 next_prio=120
       rcu_sched-10    [001] d...  8483.046371: sched_switch: prev_comm=rcu_sched prev_pid=10 prev_prio=120 prev_state=I ==> next_comm=swapper/1 next_pid=0 next_prio=120
          <idle>-0     [000] d...  8483.047042: sched_switch: prev_comm=swapper/0 prev_pid=0 prev_prio=120 prev_state=R ==> next_comm=ksoftirqd/0 next_pid=9 next_prio=120
           <...>-9     [000] d...  8483.048042: sched_switch: prev_comm=ksoftirqd/0 prev_pid=9 prev_prio=120 prev_state=S ==> next_comm=sshd next_pid=980 next_prio=120
            sshd-980   [000] ....  8483.048042: sys_exit: NR 23 = 1
            sshd-980   [000] ....  8483.048042: sys_enter: NR 14 (0, 7ffee0218580, 7ffee0218500, 8, 0, 1000)
            sshd-980   [000] ....  8483.048042: sys_exit: NR 14 = 0
            sshd-980   [000] ....  8483.048042: sys_enter: NR 14 (2, 7ffee0218500, 0, 8, 0, 1000)
            sshd-980   [000] ....  8483.048042: sys_exit: NR 14 = 0
            sshd-980   [000] ....  8483.048042: sys_enter: NR 228 (7, 7ffee02185a0, 7ffee02185a0, 8, 7ffee02e50f0, 7ffee02185a0)
            sshd-980   [000] ....  8483.048042: sys_exit: NR 228 = 0
            sshd-980   [000] ....  8483.048042: sys_enter: NR 0 (b, 7ffee02144e0, 4000, 8, 7ffee02e50f0, 7ffee02185a0)
            sshd-980   [000] ....  8483.048042: sys_exit: NR 0 = 34
            sshd-980   [000] ....  8483.048042: sys_enter: NR 39 (557f11c39ed0, 4, 30, 0, 1, 100)
            sshd-980   [000] ....  8483.048042: sys_exit: NR 39 = 980
            sshd-980   [000] ....  8483.048042: sys_enter: NR 228 (7, 7ffee02184f0, 7ffee02184f0, 0, 7ffee02e50f0, 7ffee02184f0)
            sshd-980   [000] ....  8483.048042: sys_exit: NR 228 = 0
            sshd-980   [000] ....  8483.048042: sys_enter: NR 23 (c, 557f11c3c8a0, 557f11c52f90, 0, 0, 1000)
            sshd-980   [000] ....  8483.048042: sys_exit: NR 23 = 1
            sshd-980   [000] ....  8483.048042: sys_enter: NR 14 (0, 7ffee0218580, 7ffee0218500, 8, 0, 1000)
            sshd-980   [000] ....  8483.048042: sys_exit: NR 14 = 0
            sshd-980   [000] ....  8483.048042: sys_enter: NR 14 (2, 7ffee0218500, 0, 8, 0, 1000)
            sshd-980   [000] ....  8483.048042: sys_exit: NR 14 = 0
            sshd-980   [000] ....  8483.048042: sys_enter: NR 228 (7, 7ffee02185a0, 7ffee02185a0, 8, 7ffee02e50f0, 7ffee02185a0)
            sshd-980   [000] ....  8483.048042: sys_exit: NR 228 = 0
            sshd-980   [000] ....  8483.048042: sys_enter: NR 1 (3, 557f11c57b30, 44, 8, 7ffee02e50f0, 7ffee02185a0)
          <idle>-0     [001] d...  8483.048180: sched_switch: prev_comm=swapper/1 prev_pid=0 prev_prio=120 prev_state=R ==> next_comm=rcu_sched next_pid=10 next_prio=120
       rcu_sched-10    [001] d...  8483.048672: sched_switch: prev_comm=rcu_sched prev_pid=10 prev_prio=120 prev_state=I ==> next_comm=vfs_proc next_pid=2372 next_prio=120
        vfs_proc-2372  [001] d...  8483.048672: sched_switch: prev_comm=vfs_proc prev_pid=2372 prev_prio=120 prev_state=D ==> next_comm=swapper/1 next_pid=0 next_prio=120
          <idle>-0     [002] d...  8483.048928: sched_switch: prev_comm=swapper/2 prev_pid=0 prev_prio=120 prev_state=R ==> next_comm=jbd2/sda2-8 next_pid=287 next_prio=120
            sshd-980   [000] ....  8483.051441: sys_exit: NR 1 = 68
            sshd-980   [000] ....  8483.051441: sys_enter: NR 228 (7, 7ffee02184f0, 7ffee02184f0, 0, 7ffee02e50f0, 7ffee02184f0)
            sshd-980   [000] ....  8483.051441: sys_exit: NR 228 = 0
            sshd-980   [000] ....  8483.051441: sys_enter: NR 23 (c, 557f11c3c8a0, 557f11c52f90, 0, 0, 1000)
            sshd-980   [000] d...  8483.051441: sched_switch: prev_comm=sshd prev_pid=980 prev_prio=120 prev_state=S ==> next_comm=swapper/0 next_pid=0 next_prio=120
     jbd2/sda2-8-287   [002] d...  8483.051641: sched_switch: prev_comm=jbd2/sda2-8 prev_pid=287 prev_prio=120 prev_state=D ==> next_comm=kworker/2:1 next_pid=90 next_prio=120
     kworker/2:1-90    [002] d...  8483.051641: sched_switch: prev_comm=kworker/2:1 prev_pid=90 prev_prio=120 prev_state=I ==> next_comm=swapper/2 next_pid=0 next_prio=120
          <idle>-0     [001] d...  8483.052489: sched_switch: prev_comm=swapper/1 prev_pid=0 prev_prio=120 prev_state=R ==> next_comm=rcu_sched next_pid=10 next_prio=120
       rcu_sched-10    [001] d...  8483.052489: sched_switch: prev_comm=rcu_sched prev_pid=10 prev_prio=120 prev_state=I ==> next_comm=swapper/1 next_pid=0 next_prio=120
          <idle>-0     [001] d...  8483.053255: sched_switch: prev_comm=swapper/1 prev_pid=0 prev_prio=120 prev_state=R ==> next_comm=rcu_sched next_pid=10 next_prio=120
       rcu_sched-10    [001] d...  8483.053255: sched_switch: prev_comm=rcu_sched prev_pid=10 prev_prio=120 prev_state=I ==> next_comm=swapper/1 next_pid=0 next_prio=120
          <idle>-0     [002] d...  8483.053875: sched_switch: prev_comm=swapper/2 prev_pid=0 prev_prio=120 prev_state=R ==> next_comm=jbd2/sda2-8 next_pid=287 next_prio=120
     jbd2/sda2-8-287   [002] d...  8483.053875: sched_switch: prev_comm=jbd2/sda2-8 prev_pid=287 prev_prio=120 prev_state=R+ ==> next_comm=kworker/2:1H next_pid=175 next_prio=100
    kworker/2:1H-175   [002] d...  8483.053875: sched_switch: prev_comm=kworker/2:1H prev_pid=175 prev_prio=100 prev_state=I ==> next_comm=jbd2/sda2-8 next_pid=287 next_prio=120
     jbd2/sda2-8-287   [002] d...  8483.053875: sched_switch: prev_comm=jbd2/sda2-8 prev_pid=287 prev_prio=120 prev_state=D ==> next_comm=swapper/2 next_pid=0 next_prio=120
          <idle>-0     [002] d...  8483.058082: sched_switch: prev_comm=swapper/2 prev_pid=0 prev_prio=120 prev_state=R ==> next_comm=kworker/2:1H next_pid=175 next_prio=100
          <idle>-0     [001] d...  8483.058082: sched_switch: prev_comm=swapper/1 prev_pid=0 prev_prio=120 prev_state=R ==> next_comm=rcu_sched next_pid=10 next_prio=120
       rcu_sched-10    [001] d...  8483.058082: sched_switch: prev_comm=rcu_sched prev_pid=10 prev_prio=120 prev_state=I ==> next_comm=swapper/1 next_pid=0 next_prio=120
    kworker/2:1H-175   [002] d...  8483.058082: sched_switch: prev_comm=kworker/2:1H prev_pid=175 prev_prio=100 prev_state=I ==> next_comm=swapper/2 next_pid=0 next_prio=120
          <idle>-0     [002] d...  8483.060000: sched_switch: prev_comm=swapper/2 prev_pid=0 prev_prio=120 prev_state=R ==> next_comm=kworker/2:1H next_pid=175 next_prio=100
    kworker/2:1H-175   [002] d...  8483.060000: sched_switch: prev_comm=kworker/2:1H prev_pid=175 prev_prio=100 prev_state=I ==> next_comm=swapper/2 next_pid=0 next_prio=120
          <idle>-0     [001] d...  8483.061269: sched_switch: prev_comm=swapper/1 prev_pid=0 prev_prio=120 prev_state=R ==> next_comm=rcu_sched next_pid=10 next_prio=120
       rcu_sched-10    [001] d...  8483.061269: sched_switch: prev_comm=rcu_sched prev_pid=10 prev_prio=120 prev_state=I ==> next_comm=swapper/1 next_pid=0 next_prio=120
          <idle>-0     [002] d...  8483.065043: sched_switch: prev_comm=swapper/2 prev_pid=0 prev_prio=120 prev_state=R ==> next_comm=jbd2/sda2-8 next_pid=287 next_prio=120
     jbd2/sda2-8-287   [002] d...  8483.065043: sched_switch: prev_comm=jbd2/sda2-8 prev_pid=287 prev_prio=120 prev_state=S ==> next_comm=swapper/2 next_pid=0 next_prio=120
          <idle>-0     [000] d...  8483.066202: sched_switch: prev_comm=swapper/0 prev_pid=0 prev_prio=120 prev_state=R ==> next_comm=sshd next_pid=980 next_prio=120
            sshd-980   [000] ....  8483.066202: sys_exit: NR 23 = 1
            sshd-980   [000] ....  8483.066202: sys_enter: NR 14 (0, 7ffee0218580, 7ffee0218500, 8, 0, 1000)
            sshd-980   [000] ....  8483.066202: sys_exit: NR 14 = 0
            sshd-980   [000] ....  8483.066202: sys_enter: NR 14 (2, 7ffee0218500, 0, 8, 0, 1000)
            sshd-980   [000] ....  8483.066202: sys_exit: NR 14 = 0
            sshd-980   [000] ....  8483.066202: sys_enter: NR 228 (7, 7ffee02185a0, 7ffee02185a0, 8, 7ffee02e50f0, 7ffee02185a0)
          <idle>-0     [001] d...  8483.066202: sched_switch: prev_comm=swapper/1 prev_pid=0 prev_prio=120 prev_state=R ==> next_comm=vfs_proc next_pid=2372 next_prio=120
        vfs_proc-2372  [001] ....  8483.066202: sys_exit: NR 74 = 0
        vfs_proc-2372  [001] ....  8483.066202: sys_enter: NR 3 (3, 7fffcb2a7174, b, ffffffc6, 0, 3a)
        vfs_proc-2372  [001] ....  8483.066202: __close_fd+0x0/0x80 <-__x64_sys_close+0x1e/0x50
        vfs_proc-2372  [001] ....  8483.066202: <stack trace>
 => 0xffffffffc014d061
 => __close_fd+0x5/0x80
 => __x64_sys_close+0x1e/0x50
 => do_syscall_64+0x48/0x120
 => entry_SYSCALL_64_after_hwframe+0x44/0xa9
        vfs_proc-2372  [001] ....  8483.066202: sys_exit: NR 3 = 0
        vfs_proc-2372  [001] ....  8483.066202: sys_enter: NR 1 (1, 55e0144d3260, 2c, 2, 0, 0)
        vfs_proc-2372  [001] .N..  8483.066202: sys_exit: NR 1 = 44
        vfs_proc-2372  [001] d...  8483.066202: sched_switch: prev_comm=vfs_proc prev_pid=2372 prev_prio=120 prev_state=R ==> next_comm=kworker/u8:0 next_pid=2232 next_prio=120
    kworker/u8:0-2232  [001] d...  8483.066202: sched_switch: prev_comm=kworker/u8:0 prev_pid=2232 prev_prio=120 prev_state=I ==> next_comm=vfs_proc next_pid=2372 next_prio=120
        vfs_proc-2372  [001] ....  8483.066202: sys_enter: NR 231 (0, 3c, 0, 2, e7, ffffffffffffff80)
        vfs_proc-2372  [001] d...  8483.066202: sched_switch: prev_comm=vfs_proc prev_pid=2372 prev_prio=120 prev_state=Z ==> next_comm=sudo next_pid=2371 next_prio=120
            sudo-2371  [001] ....  8483.066202: sys_exit: NR 7 = -516
            sudo-2371  [001] ....  8483.066202: sys_enter: NR 1 (7, 7ffcf0c97927, 1, 8, 56100c062a90, 11)
            sudo-2371  [001] ....  8483.066202: sys_exit: NR 1 = 1
            sudo-2371  [001] ....  8483.066202: sys_enter: NR 15 (7, 7ffcf0c97927, 1, 8, 56100c062a90, 11)
            sudo-2371  [001] ....  8483.066202: sys_exit: NR -1 = -4
            sudo-2371  [001] ....  8483.066202: sys_enter: NR 0 (6, 7ffcf0c97db7, 1, 8, 7f16ff419741, 7ffcf0c97cb0)
            sudo-2371  [001] ....  8483.066202: sys_exit: NR 0 = 1
            sudo-2371  [001] ....  8483.066202: sys_enter: NR 0 (6, 7ffcf0c97db7, 1, 8, 7f16ff4187ba, 7ffcf0c97cc0)
            sudo-2371  [001] ....  8483.066202: sys_exit: NR 0 = -11
            sudo-2371  [001] ....  8483.066202: sys_enter: NR 14 (0, 7ffcf0c97c80, 7ffcf0c97d00, 8, 7f16ff419741, 7ffcf0c97b80)
            sudo-2371  [001] ....  8483.066202: sys_exit: NR 14 = 0
            sudo-2371  [001] ....  8483.066202: sys_enter: NR 14 (2, 7ffcf0c97d00, 0, 8, 11, 0)
            sudo-2371  [001] ....  8483.066202: sys_exit: NR 14 = 0
            sudo-2371  [001] ....  8483.066202: sys_enter: NR 61 (944, 7ffcf0c97bdc, 3, 0, 7f16ff419741, 7ffcf0c97ad0)
            sudo-2371  [001] ....  8483.066202: sys_exit: NR 61 = 2372
            sudo-2371  [001] ....  8483.066202: sys_enter: NR 13 (1, 7ffcf0c97cb0, 0, 8, 0, 7ffcf0c97d00)
            sudo-2371  [001] ....  8483.066202: sys_exit: NR 13 = 0
            sudo-2371  [001] ....  8483.066202: sys_enter: NR 13 (2, 7ffcf0c97cb0, 0, 8, 0, 7ffcf0c97d00)
            sudo-2371  [001] ....  8483.066202: sys_exit: NR 13 = 0
            sudo-2371  [001] ....  8483.066202: sys_enter: NR 13 (3, 7ffcf0c97cb0, 0, 8, 0, 7ffcf0c97d00)
            sudo-2371  [001] ....  8483.066202: sys_exit: NR 13 = 0
            sudo-2371  [001] ....  8483.066202: sys_enter: NR 13 (a, 7ffcf0c97cb0, 0, 8, 0, 7ffcf0c97d00)
            sudo-2371  [001] ....  8483.066202: sys_exit: NR 13 = 0
            sudo-2371  [001] ....  8483.066202: sys_enter: NR 13 (c, 7ffcf0c97cb0, 0, 8, 0, 7ffcf0c97d00)
            sudo-2371  [001] ....  8483.066202: sys_exit: NR 13 = 0
            sudo-2371  [001] ....  8483.066202: sys_enter: NR 13 (d, 7ffcf0c97cb0, 0, 8, 0, 7ffcf0c97d00)
            sudo-2371  [001] ....  8483.066202: sys_exit: NR 13 = 0
            sudo-2371  [001] ....  8483.066202: sys_enter: NR 13 (e, 7ffcf0c97cb0, 0, 8, 0, 7ffcf0c97d00)
            sudo-2371  [001] ....  8483.066202: sys_exit: NR 13 = 0
            sudo-2371  [001] ....  8483.066202: sys_enter: NR 13 (f, 7ffcf0c97cb0, 0, 8, 0, 7ffcf0c97d00)
            sudo-2371  [001] ....  8483.066202: sys_exit: NR 13 = 0
            sudo-2371  [001] ....  8483.066202: sys_enter: NR 13 (11, 7ffcf0c97cb0, 0, 8, 0, 7ffcf0c97d00)
            sudo-2371  [001] ....  8483.066202: sys_exit: NR 13 = 0
            sudo-2371  [001] ....  8483.066202: sys_enter: NR 13 (12, 7ffcf0c97cb0, 0, 8, 0, 7ffcf0c97d00)
            sudo-2371  [001] ....  8483.066202: sys_exit: NR 13 = 0
            sudo-2371  [001] ....  8483.066202: sys_enter: NR 13 (14, 7ffcf0c97cb0, 0, 8, 0, 7ffcf0c97d00)
            sudo-2371  [001] ....  8483.066202: sys_exit: NR 13 = 0
            sudo-2371  [001] ....  8483.066202: sys_enter: NR 3 (6, 0, ffffffff, 8, 7f16ff41974f, 7ffcf0c97d20)
            sudo-2371  [001] ....  8483.066202: __close_fd+0x0/0x80 <-__x64_sys_close+0x1e/0x50
            sudo-2371  [001] ....  8483.066202: <stack trace>
 => 0xffffffffc014d061
 => __close_fd+0x5/0x80
 => __x64_sys_close+0x1e/0x50
 => do_syscall_64+0x48/0x120
 => entry_SYSCALL_64_after_hwframe+0x44/0xa9
            sudo-2371  [001] ....  8483.066202: sys_exit: NR 3 = 0
            sudo-2371  [001] ....  8483.066202: sys_enter: NR 3 (7, 0, ffffffff, 8, 7f16ff41974f, 7ffcf0c97d20)
            sudo-2371  [001] ....  8483.066202: __close_fd+0x0/0x80 <-__x64_sys_close+0x1e/0x50
            sudo-2371  [001] ....  8483.066202: <stack trace>
 => 0xffffffffc014d061
 => __close_fd+0x5/0x80
 => __x64_sys_close+0x1e/0x50
 => do_syscall_64+0x48/0x120
 => entry_SYSCALL_64_after_hwframe+0x44/0xa9
            sudo-2371  [001] ....  8483.066202: sys_exit: NR 3 = 0
            sudo-2371  [001] ....  8483.066202: sys_enter: NR 102 (56100c06b890, 8000, 0, 0, 0, 0)
            sudo-2371  [001] ....  8483.066202: sys_exit: NR 102 = 0
            sudo-2371  [001] ....  8483.066202: sys_enter: NR 257 (ffffff9c, 7f16fd17a5ba, 0, 0, 0, 0)
            sudo-2371  [001] ....  8483.066202: ext4_file_open+0x0/0x1f0 <-do_dentry_open+0x1ea/0x380
            sudo-2371  [001] ....  8483.066202: <stack trace>
 => 0xffffffffc014d061
 => ext4_file_open+0x5/0x1f0
 => do_dentry_open+0x1ea/0x380
 => path_openat+0x2e9/0x1570
 => do_filp_open+0x9b/0x110
 => do_sys_open+0x1bd/0x250
 => do_syscall_64+0x48/0x120
 => entry_SYSCALL_64_after_hwframe+0x44/0xa9
            sudo-2371  [001] ....  8483.066202: sys_exit: NR 257 = 5
            sudo-2371  [001] ....  8483.066202: sys_enter: NR 5 (5, 7ffcf0c97ca0, 7ffcf0c97ca0, 0, 7f16ffe85c80, 0)
            sudo-2371  [001] ....  8483.066202: sys_exit: NR 5 = 0
            sudo-2371  [001] ....  8483.066202: sys_enter: NR 0 (5, 56100c075c30, 1000, 56100c05a010, 7f16ff403da0, 0)
            sudo-2371  [001] ....  8483.066202: ext4_file_read_iter+0x0/0x40 <-new_sync_read+0x114/0x1a0
            sudo-2371  [001] ....  8483.066202: <stack trace>
 => 0xffffffffc014d061
 => ext4_file_read_iter+0x5/0x40
 => new_sync_read+0x114/0x1a0
 => vfs_read+0x89/0x130
 => ksys_read+0xa1/0xe0
 => do_syscall_64+0x48/0x120
 => entry_SYSCALL_64_after_hwframe+0x44/0xa9
            sudo-2371  [001] ....  8483.066202: sys_exit: NR 0 = 4096
            sudo-2371  [001] ....  8483.066202: sys_enter: NR 0 (5, 56100c075c30, 1000, 657020726568746f, 6c697473206e6163, 20776f6c6c61206c)
            sudo-2371  [001] ....  8483.066202: ext4_file_read_iter+0x0/0x40 <-new_sync_read+0x114/0x1a0
            sudo-2371  [001] ....  8483.066202: <stack trace>
 => 0xffffffffc014d061
 => ext4_file_read_iter+0x5/0x40
 => new_sync_read+0x114/0x1a0
 => vfs_read+0x89/0x130
 => ksys_read+0xa1/0xe0
 => do_syscall_64+0x48/0x120
 => entry_SYSCALL_64_after_hwframe+0x44/0xa9
            sudo-2371  [001] ....  8483.066202: sys_exit: NR 0 = 4096
            sudo-2371  [001] ....  8483.066202: sys_enter: NR 0 (5, 56100c075c30, 1000, 56100c076c2e, 7f16ffe85c80, 7f16ff186580)
            sudo-2371  [001] ....  8483.066202: ext4_file_read_iter+0x0/0x40 <-new_sync_read+0x114/0x1a0
            sudo-2371  [001] ....  8483.066202: <stack trace>
 => 0xffffffffc014d061
 => ext4_file_read_iter+0x5/0x40
 => new_sync_read+0x114/0x1a0
 => vfs_read+0x89/0x130
 => ksys_read+0xa1/0xe0
 => do_syscall_64+0x48/0x120
 => entry_SYSCALL_64_after_hwframe+0x44/0xa9
            sudo-2371  [001] ....  8483.066202: sys_exit: NR 0 = 2358
            sudo-2371  [001] ....  8483.066202: sys_enter: NR 3 (5, 1, 7f16ff3ff760, 56100c075f5b, 7f16ffe85c80, 7f16ff186f40)
            sudo-2371  [001] ....  8483.066202: __close_fd+0x0/0x80 <-__x64_sys_close+0x1e/0x50
            sudo-2371  [001] ....  8483.066202: <stack trace>
 => 0xffffffffc014d061
 => __close_fd+0x5/0x80
 => __x64_sys_close+0x1e/0x50
 => do_syscall_64+0x48/0x120
 => entry_SYSCALL_64_after_hwframe+0x44/0xa9
            sudo-2371  [001] ....  8483.066202: sys_exit: NR 3 = 0
            sudo-2371  [001] ....  8483.066202: sys_enter: NR 44 (4, 56100c075c30, 4e, 4000, 0, 0)
            sudo-2371  [001] ....  8483.066418: sys_exit: NR 44 = 78
            sudo-2371  [001] ....  8483.066418: sys_enter: NR 41 (10, 3, 9, 4000, 56100c06b890, 0)
            sudo-2371  [001] ....  8483.066418: sys_exit: NR 41 = 5
            sudo-2371  [001] ....  8483.066418: sys_enter: NR 72 (5, 2, 1, 4000, 56100c06b890, 0)
            sudo-2371  [001] ....  8483.066418: sys_exit: NR 72 = 0
            sudo-2371  [001] ....  8483.066418: sys_enter: NR 44 (5, 7ffcf0c913f0, 78, 0, 7ffcf0c913dc, c)
            sudo-2371  [001] ....  8483.066418: sys_exit: NR 44 = 120
            sudo-2371  [001] ....  8483.066418: sys_enter: NR 7 (7ffcf0c913e8, 1, 1f4, 0, 7ffcf0c913dc, c)
            sshd-980   [000] ....  8483.066593: sys_exit: NR 228 = 0
            sshd-980   [000] ....  8483.066593: sys_enter: NR 0 (b, 7ffee02144e0, 4000, 8, 7ffee02e50f0, 7ffee02185a0)
            sshd-980   [000] ....  8483.066593: sys_exit: NR 0 = 44
            sshd-980   [000] ....  8483.066593: sys_enter: NR 39 (557f11c39eda, a, 3a, 0, 1, 100)
            sshd-980   [000] ....  8483.066593: sys_exit: NR 39 = 980
            sshd-980   [000] ....  8483.066593: sys_enter: NR 228 (7, 7ffee02184f0, 7ffee02184f0, 0, 7ffee02e50f0, 7ffee02184f0)
            sudo-2371  [001] ....  8483.066593: sys_exit: NR 7 = 1
            sudo-2371  [001] ....  8483.066593: sys_enter: NR 45 (5, 7ffcf0c93720, 231c, 42, 7ffcf0c9136c, 7ffcf0c91368)
            sudo-2371  [001] ....  8483.066593: sys_exit: NR 45 = 36
            sudo-2371  [001] ....  8483.066593: sys_enter: NR 45 (5, 7ffcf0c93720, 231c, 40, 7ffcf0c9136c, 7ffcf0c91368)
            sudo-2371  [001] ....  8483.066593: sys_exit: NR 45 = 36
            sshd-980   [000] ....  8483.066593: sys_exit: NR 228 = 0
            sudo-2371  [001] ....  8483.066593: sys_enter: NR 3 (5, 0, 0, 40, 7ffcf0c9136c, 7ffcf0c91368)
            sudo-2371  [001] ....  8483.066593: __close_fd+0x0/0x80 <-__x64_sys_close+0x1e/0x50
            sshd-980   [000] ....  8483.066593: sys_enter: NR 23 (c, 557f11c3c8a0, 557f11c52f90, 0, 0, 1000)
            sudo-2371  [001] ....  8483.066593: <stack trace>
 => 0xffffffffc014d061
 => __close_fd+0x5/0x80
 => __x64_sys_close+0x1e/0x50
 => do_syscall_64+0x48/0x120
 => entry_SYSCALL_64_after_hwframe+0x44/0xa9
            sudo-2371  [001] ....  8483.066593: sys_exit: NR 3 = 0
            sshd-980   [000] ....  8483.066593: sys_exit: NR 23 = 1
            sshd-980   [000] ....  8483.066593: sys_enter: NR 14 (0, 7ffee0218580, 7ffee0218500, 8, 0, 1000)
            sshd-980   [000] ....  8483.066593: sys_exit: NR 14 = 0
            sshd-980   [000] ....  8483.066593: sys_enter: NR 14 (2, 7ffee0218500, 0, 8, 0, 1000)
            sshd-980   [000] ....  8483.066593: sys_exit: NR 14 = 0
            sshd-980   [000] ....  8483.066593: sys_enter: NR 228 (7, 7ffee02185a0, 7ffee02185a0, 8, 7ffee02e50f0, 7ffee02185a0)
            sudo-2371  [001] ....  8483.066593: sys_enter: NR 41 (10, 3, 9, 0, 56100c06b890, 7ffcf0c91368)
            sudo-2371  [001] ....  8483.066593: sys_exit: NR 41 = 5
            sudo-2371  [001] ....  8483.066593: sys_enter: NR 72 (5, 2, 1, 0, 56100c06b890, 7ffcf0c91368)
            sudo-2371  [001] ....  8483.066593: sys_exit: NR 72 = 0
            sudo-2371  [001] ....  8483.066593: sys_enter: NR 44 (5, 7ffcf0c913f0, 74, 0, 7ffcf0c913dc, c)
            sudo-2371  [001] ....  8483.066593: sys_exit: NR 44 = 116
            sudo-2371  [001] ....  8483.066593: sys_enter: NR 7 (7ffcf0c913e8, 1, 1f4, 0, 7ffcf0c913dc, c)
            sshd-980   [000] ....  8483.066593: sys_exit: NR 228 = 0
            sshd-980   [000] ....  8483.066593: sys_enter: NR 1 (3, 557f11c57b30, 54, 8, 7ffee02e50f0, 7ffee02185a0)
            sudo-2371  [001] ....  8483.066593: sys_exit: NR 7 = 1
            sudo-2371  [001] ....  8483.066593: sys_enter: NR 45 (5, 7ffcf0c93720, 231c, 42, 7ffcf0c9136c, 7ffcf0c91368)
            sudo-2371  [001] ....  8483.066593: sys_exit: NR 45 = 36
            sudo-2371  [001] ....  8483.066593: sys_enter: NR 45 (5, 7ffcf0c93720, 231c, 40, 7ffcf0c9136c, 7ffcf0c91368)
            sudo-2371  [001] ....  8483.066593: sys_exit: NR 45 = 36
            sudo-2371  [001] ....  8483.066593: sys_enter: NR 3 (5, 0, 0, 40, 7ffcf0c9136c, 7ffcf0c91368)
            sudo-2371  [001] ....  8483.066593: __close_fd+0x0/0x80 <-__x64_sys_close+0x1e/0x50
            sudo-2371  [001] ....  8483.066593: <stack trace>
 => 0xffffffffc014d061
 => __close_fd+0x5/0x80
 => __x64_sys_close+0x1e/0x50
 => do_syscall_64+0x48/0x120
 => entry_SYSCALL_64_after_hwframe+0x44/0xa9
            sudo-2371  [001] ....  8483.066593: sys_exit: NR 3 = 0
            sudo-2371  [001] ....  8483.066593: sys_enter: NR 11 (7f16fd38a000, 2030e8, 2, 7f16fd58d0d8, 7f16ffe9a990, 0)
            sudo-2371  [001] ....  8483.066593: sys_exit: NR 11 = 0
          <idle>-0     [003] d...  8483.066912: sched_switch: prev_comm=swapper/3 prev_pid=0 prev_prio=120 prev_state=R ==> next_comm=systemd-journal next_pid=369 next_prio=119
 systemd-journal-369   [003] ....  8483.066912: sys_exit: NR 232 = 1
 systemd-journal-369   [003] ....  8483.066912: sys_enter: NR 228 (0, 7fff8e43c340, 7fff8e43c340, ffffffff, 7fff8e444080, 7fff8e43c340)
 systemd-journal-369   [003] ....  8483.067580: sys_exit: NR 228 = 0
 systemd-journal-369   [003] ....  8483.067580: sys_enter: NR 228 (1, 7fff8e43c340, 7fff8e43c340, ffffffff, 7fff8e444090, 7fff8e43c340)
            sudo-2371  [001] ....  8483.067580: sys_enter: NR 11 (7f16fd16f000, 21a400, 2, 7f16fd1400c0, 7f16ffe9a990, 0)
 systemd-journal-369   [003] ....  8483.067580: sys_exit: NR 228 = 0
 systemd-journal-369   [003] ....  8483.067580: sys_enter: NR 228 (7, 7fff8e43c340, 7fff8e43c340, ffffffff, 7fff8e4440f0, 7fff8e43c340)
            sudo-2371  [001] ....  8483.067580: sys_exit: NR 11 = 0
            sudo-2371  [001] ....  8483.067580: sys_enter: NR 11 (7f16fcf37000, 237220, 2, 7f16fd1400c0, 7f16ffe9a990, 0)
            sudo-2371  [001] ....  8483.067580: sys_exit: NR 11 = 0
            sudo-2371  [001] ....  8483.067580: sys_enter: NR 11 (7f16fcd35000, 201028, 2, 7f16fcf36018, 7f16ffe9a990, 0)
 systemd-journal-369   [003] ....  8483.067580: sys_exit: NR 228 = 0
            sudo-2371  [001] ....  8483.067580: sys_exit: NR 11 = 0
 systemd-journal-369   [003] ....  8483.067580: sys_enter: NR 16 (4, 541b, 7fff8e43c1fc, ffffffff, 1f9a157f3, 7fff8e43c340)
            sudo-2371  [001] ....  8483.067580: sys_enter: NR 11 (7f16fcb33000, 201040, 2, 7f16fcd34030, 7f16ffe9a990, 0)
 systemd-journal-369   [003] ....  8483.067580: sys_exit: NR 16 = 0
            sudo-2371  [001] ....  8483.067580: sys_exit: NR 11 = 0
 systemd-journal-369   [003] ....  8483.067580: sys_enter: NR 47 (4, 7fff8e43c220, 40000040, ffffffff, 0, 7fff8e43c340)
 systemd-journal-369   [003] ....  8483.067580: sys_exit: NR 47 = 78
            sudo-2371  [001] ....  8483.067580: sys_enter: NR 11 (7f16fc930000, 202010, 2, 7f16fc92f000, 7f16ffe9a990, 0)
            sudo-2371  [001] ....  8483.067580: sys_exit: NR 11 = 0
            sudo-2371  [001] ....  8483.067580: sys_enter: NR 11 (7f16fc72a000, 205158, 2, 7f16fc92f000, 7f16ffe9a990, 0)
 systemd-journal-369   [003] ....  8483.067580: sys_enter: NR 228 (1, 7fff8e43bfe0, 7fff8e43bfe0, 740, 7fff8e444090, 7fff8e43bfe0)
            sudo-2371  [001] ....  8483.067580: sys_exit: NR 11 = 0
            sudo-2371  [001] ....  8483.067580: sys_enter: NR 11 (7f16fc527000, 2020f0, 2, 7f16fc7290e0, 7f16ffe9a990, 0)
            sudo-2371  [001] ....  8483.067580: sys_exit: NR 11 = 0
            sudo-2371  [001] ....  8483.067580: sys_enter: NR 11 (7f16fc2e8000, 23eff8, 1, 7f16fc2e70e0, 7f16ffe9a990, 7f16ff406968)
 systemd-journal-369   [003] ....  8483.067580: sys_exit: NR 228 = 0
            sudo-2371  [001] ....  8483.067580: sys_exit: NR 11 = 0
            sudo-2371  [001] ....  8483.067580: sys_enter: NR 11 (7f16fc0e4000, 203130, 2, 7f16fc2e70e0, 7f16ffe9a990, 7f16ff406968)
 systemd-journal-369   [003] ....  8483.067580: sys_enter: NR 46 (4, 7fff8e43c030, 4000, 5629b3f07b80, 0, 7fff8e43c0f8)
            sudo-2371  [001] ....  8483.067580: sys_exit: NR 11 = 0
 systemd-journal-369   [003] .N..  8483.067580: sys_exit: NR 46 = 78
 systemd-journal-369   [003] d...  8483.067580: sched_switch: prev_comm=systemd-journal prev_pid=369 prev_prio=119 prev_state=R ==> next_comm=in:imuxsock next_pid=590 next_prio=120
     in:imuxsock-590   [003] ....  8483.067580: sys_exit: NR 23 = 1
     in:imuxsock-590   [003] ....  8483.067580: sys_enter: NR 47 (3, 7f36a0b0d780, 40, 7f369c0008d0, 0, 0)
     in:imuxsock-590   [003] ....  8483.067580: sys_exit: NR 47 = 78
            sudo-2371  [001] ....  8483.067580: sys_enter: NR 231 (0, 3c, 0, 7f16fe9982a0, e7, fffffffffffffe98)
     in:imuxsock-590   [003] ....  8483.067580: sys_enter: NR 202 (561cd8d1dfd4, 81, 1, 0, 1, 561cd8d1dfa8)
     in:imuxsock-590   [003] ....  8483.067580: sys_exit: NR 202 = 1
     in:imuxsock-590   [003] ....  8483.067580: sys_enter: NR 23 (4, 7f36a0b10ca0, 0, 0, 0, 0)
     in:imuxsock-590   [003] d...  8483.067580: sched_switch: prev_comm=in:imuxsock prev_pid=590 prev_prio=120 prev_state=S ==> next_comm=rs:main Q:Reg next_pid=592 next_prio=120
   rs:main Q:Reg-592   [003] ....  8483.067580: sys_exit: NR 202 = 0
   rs:main Q:Reg-592   [003] ....  8483.067580: sys_enter: NR 202 (561cd8d1dd90, 81, 1, 0, 0, 1)
   rs:main Q:Reg-592   [003] ....  8483.067580: sys_exit: NR 202 = 0
   rs:main Q:Reg-592   [003] ....  8483.067580: sys_enter: NR 1 (9, 7f368c0173b0, 52, 6f6c63206e6f6973, 0, 736573203a296e6f)
   rs:main Q:Reg-592   [003] ....  8483.067580: ext4_file_write_iter+0x0/0x3b0 <-new_sync_write+0x11b/0x1b0
   rs:main Q:Reg-592   [003] ....  8483.067580: <stack trace>
 => 0xffffffffc014d061
 => ext4_file_write_iter+0x5/0x3b0
 => new_sync_write+0x11b/0x1b0
 => vfs_write+0xad/0x1a0
 => ksys_write+0xa1/0xe0
 => do_syscall_64+0x48/0x120
 => entry_SYSCALL_64_after_hwframe+0x44/0xa9
   rs:main Q:Reg-592   [003] ....  8483.068417: sys_exit: NR 1 = 82
   rs:main Q:Reg-592   [003] ....  8483.068417: sys_enter: NR 202 (561cd8d1dfd0, 80, 0, 0, 0, 1)
   rs:main Q:Reg-592   [003] d...  8483.068417: sched_switch: prev_comm=rs:main Q:Reg prev_pid=592 prev_prio=120 prev_state=S ==> next_comm=systemd-journal next_pid=369 next_prio=119
 systemd-journal-369   [003] ....  8483.068417: sys_enter: NR 228 (1, 7fff8e43bd10, 7fff8e43bd10, 1c, 7fff8e444090, 7fff8e43bd10)
 systemd-journal-369   [003] ....  8483.068417: sys_exit: NR 228 = 0
 systemd-journal-369   [003] ....  8483.068417: sys_enter: NR 228 (1, 7fff8e43bd50, 7fff8e43bd50, 1c, 7fff8e444090, 7fff8e43bd50)
            sudo-2371  [001] d...  8483.068669: sched_switch: prev_comm=sudo prev_pid=2371 prev_prio=120 prev_state=Z ==> next_comm=rcu_sched next_pid=10 next_prio=120
       rcu_sched-10    [001] d...  8483.068669: sched_switch: prev_comm=rcu_sched prev_pid=10 prev_prio=120 prev_state=R ==> next_comm=kworker/1:0 next_pid=1102 next_prio=120
 systemd-journal-369   [003] ....  8483.068669: sys_exit: NR 228 = 0
     kworker/1:0-1102  [001] d...  8483.068669: sched_switch: prev_comm=kworker/1:0 prev_pid=1102 prev_prio=120 prev_state=I ==> next_comm=rcu_sched next_pid=10 next_prio=120
       rcu_sched-10    [001] d...  8483.068669: sched_switch: prev_comm=rcu_sched prev_pid=10 prev_prio=120 prev_state=I ==> next_comm=swapper/1 next_pid=0 next_prio=120
 systemd-journal-369   [003] ....  8483.068669: sys_enter: NR 257 (ffffff9c, 5629b5304a60, 80002, 0, 0, 3732376564376136)
 systemd-journal-369   [003] ....  8483.068669: sys_exit: NR 257 = -2
 systemd-journal-369   [003] ....  8483.068669: sys_enter: NR 228 (0, 7fff8e43b900, 7fff8e43b900, 41, 7fff8e444080, 7fff8e43b900)
 systemd-journal-369   [003] ....  8483.068669: sys_exit: NR 228 = 0
 systemd-journal-369   [003] ....  8483.068669: sys_enter: NR 228 (1, 7fff8e43b520, 7fff8e43b520, 0, 7fff8e444090, 7fff8e43b520)
 systemd-journal-369   [003] ....  8483.070440: sys_exit: NR 228 = 0
 systemd-journal-369   [003] ....  8483.070440: sys_enter: NR 228 (1, 7fff8e43b530, 7fff8e43b530, a0f5da4cf86ee6e, 7fff8e444090, 7fff8e43b530)
 systemd-journal-369   [003] ....  8483.070440: sys_exit: NR 228 = 0
 systemd-journal-369   [003] ....  8483.070440: sys_enter: NR 228 (0, 7fff8e43c610, 7fff8e43c610, 5629b52fc3d0, 7fff8e444080, 7fff8e43c610)
 systemd-journal-369   [003] ....  8483.070440: sys_exit: NR 228 = 0
 systemd-journal-369   [003] ....  8483.070440: sys_enter: NR 228 (0, 7fff8e43c610, 7fff8e43c610, 5629b52fc3d0, 7fff8e444080, 7fff8e43c610)
 systemd-journal-369   [003] ....  8483.070440: sys_exit: NR 228 = 0
 systemd-journal-369   [003] ....  8483.070440: sys_enter: NR 232 (8, 7fff8e43c380, 20, ffffffff, 0, 7fff8e43c610)
            sshd-980   [000] d...  8483.070440: sched_switch: prev_comm=sshd prev_pid=980 prev_prio=120 prev_state=R+ ==> next_comm=ksoftirqd/0 next_pid=9 next_prio=120
           <...>-9     [000] d...  8483.070440: sched_switch: prev_comm=ksoftirqd/0 prev_pid=9 prev_prio=120 prev_state=S ==> next_comm=bash next_pid=981 next_prio=120
 systemd-journal-369   [003] d...  8483.070440: sched_switch: prev_comm=systemd-journal prev_pid=369 prev_prio=119 prev_state=S ==> next_comm=swapper/3 next_pid=0 next_prio=120
            bash-981   [000] ....  8483.070440: sys_exit: NR 61 = 2371
            bash-981   [000] ....  8483.070440: sys_enter: NR 14 (0, 7ffe8fac9870, 7ffe8fac98f0, 8, 55ee543a0d60, 55ee545130b0)
            bash-981   [000] ....  8483.070440: sys_exit: NR 14 = 0
            bash-981   [000] ....  8483.070440: sys_enter: NR 16 (ff, 5410, 7ffe8fac985c, 8, 55ee543a0d60, 55ee545130b0)
            bash-981   [000] ....  8483.070440: sys_exit: NR 16 = 0
            bash-981   [000] ....  8483.070440: sys_enter: NR 14 (2, 7ffe8fac98f0, 0, 8, 55ee543a0d60, 55ee545130b0)
            bash-981   [000] ....  8483.070440: sys_exit: NR 14 = 0
            bash-981   [000] ....  8483.070440: sys_enter: NR 16 (ff, 5401, 7ffe8fac9950, 8, 55ee529acf20, 55ee545130b0)
            bash-981   [000] ....  8483.070440: sys_exit: NR 16 = 0
            bash-981   [000] ....  8483.070440: sys_enter: NR 16 (ff, 5413, 7ffe8fac9960, 8, 55ee529acf20, 55ee545130b0)
            bash-981   [000] ....  8483.070440: sys_exit: NR 16 = 0
            bash-981   [000] ....  8483.070440: sys_enter: NR 14 (2, 7ffe8fac9a30, 0, 8, 55ee543a0d60, 7)
            bash-981   [000] ....  8483.070440: sys_exit: NR 14 = 0
            bash-981   [000] ....  8483.070440: sys_enter: NR 61 (ffffffff, 7ffe8fac94d0, b, 0, 55ee543a0d60, 7)
            bash-981   [000] ....  8483.070440: sys_exit: NR 61 = -10
            bash-981   [000] ....  8483.070440: sys_enter: NR 15 (ffffffff, 7ffe8fac94d0, ffffffffffffff80, 0, 55ee543a0d60, 7)
            bash-981   [000] ....  8483.070440: sys_exit: NR -1 = 0
            bash-981   [000] ....  8483.071364: sys_enter: NR 14 (0, 7ffe8fac9a10, 7ffe8fac9a90, 8, ffff, 732e676f6c5f7465)
            bash-981   [000] ....  8483.071364: sys_exit: NR 14 = 0
            bash-981   [000] ....  8483.071364: sys_enter: NR 22 (55ee529a2738, 7ffe8fac9a10, 7ffe8fac9a90, 8, ffff, 732e676f6c5f7465)
            bash-981   [000] ....  8483.071364: sys_exit: NR 22 = 0
            bash-981   [000] ....  8483.071364: sys_enter: NR 56 (1200011, 0, 0, 7f54c2ccda10, 7f54c2ccd740, 732e676f6c5f7465)
          <idle>-0     [001] d...  8483.071364: sched_switch: prev_comm=swapper/1 prev_pid=0 prev_prio=120 prev_state=R ==> next_comm=rcu_sched next_pid=10 next_prio=120
       rcu_sched-10    [001] d...  8483.071364: sched_switch: prev_comm=rcu_sched prev_pid=10 prev_prio=120 prev_state=I ==> next_comm=sshd next_pid=980 next_prio=120
            sshd-980   [001] ....  8483.071364: sys_exit: NR 1 = 84
            sshd-980   [001] ....  8483.071364: sys_enter: NR 228 (7, 7ffee02184f0, 7ffee02184f0, 0, 7ffee02e50f0, 7ffee02184f0)
            sshd-980   [001] ....  8483.071364: sys_exit: NR 228 = 0
            sshd-980   [001] ....  8483.071364: sys_enter: NR 23 (c, 557f11c3c8a0, 557f11c52f90, 0, 0, 1000)
            sshd-980   [001] d...  8483.071364: sched_switch: prev_comm=sshd prev_pid=980 prev_prio=120 prev_state=S ==> next_comm=swapper/1 next_pid=0 next_prio=120
            bash-981   [000] ....  8483.072288: sys_exit: NR 56 = 2373
            bash-981   [000] ....  8483.072288: sys_enter: NR 109 (945, 945, 0, 7f54c2ccda10, 7f54c2ccd740, 732e676f6c5f7465)
            bash-981   [000] ....  8483.072288: sys_exit: NR 109 = 0
            bash-981   [000] ....  8483.072288: sys_enter: NR 14 (2, 7ffe8fac9a90, 0, 8, 8, 55ee543a0d60)
            bash-981   [000] ....  8483.072288: sys_exit: NR 14 = 0
            bash-981   [000] ....  8483.072288: sys_enter: NR 14 (0, 7ffe8fac99b0, 7ffe8fac9a30, 8, 0, 1)
            bash-981   [000] ....  8483.072288: sys_exit: NR 14 = 0
            bash-981   [000] ....  8483.072288: sys_enter: NR 3 (3, 7ffe8fac99b0, 7ffe8fac9a30, 8, 0, 1)
            bash-981   [000] ....  8483.072288: __close_fd+0x0/0x80 <-__x64_sys_close+0x1e/0x50
            bash-981   [000] ....  8483.072288: <stack trace>
 => 0xffffffffc014d061
 => __close_fd+0x5/0x80
 => __x64_sys_close+0x1e/0x50
 => do_syscall_64+0x48/0x120
 => entry_SYSCALL_64_after_hwframe+0x44/0xa9
            bash-981   [000] ....  8483.072288: sys_exit: NR 3 = 0
            bash-981   [000] ....  8483.072288: sys_enter: NR 3 (4, 7ffe8fac99b0, 7ffe8fac9a30, 8, 0, 1)
            bash-981   [000] ....  8483.072288: __close_fd+0x0/0x80 <-__x64_sys_close+0x1e/0x50
            bash-981   [000] ....  8483.072288: <stack trace>
 => 0xffffffffc014d061
 => __close_fd+0x5/0x80
 => __x64_sys_close+0x1e/0x50
 => do_syscall_64+0x48/0x120
 => entry_SYSCALL_64_after_hwframe+0x44/0xa9
            bash-981   [000] ....  8483.072288: sys_exit: NR 3 = 0
            bash-981   [000] ....  8483.072288: sys_enter: NR 16 (ff, 540f, 7ffe8fac9974, 1, 0, 2f78756e696c6c61)
            bash-981   [000] ....  8483.072288: sys_exit: NR 16 = 0
            bash-981   [000] ....  8483.072288: sys_enter: NR 14 (0, 7ffe8fac9860, 7ffe8fac98e0, 8, 0, 2f78756e696c6c61)
            bash-981   [000] ....  8483.072288: sys_exit: NR 14 = 0
            bash-981   [000] ....  8483.072288: sys_enter: NR 16 (ff, 5410, 7ffe8fac984c, 8, 0, 2f78756e696c6c61)
            bash-981   [000] ....  8483.072288: sys_exit: NR 16 = 0
            bash-981   [000] ....  8483.072288: sys_enter: NR 14 (2, 7ffe8fac98e0, 0, 8, 0, 2f78756e696c6c61)
            bash-981   [000] ....  8483.072288: sys_exit: NR 14 = 0
            bash-981   [000] ....  8483.072288: sys_enter: NR 14 (2, 7ffe8fac9a30, 0, 8, 0, 2f78756e696c6c61)
            bash-981   [000] ....  8483.072288: sys_exit: NR 14 = 0
            bash-981   [000] ....  8483.072288: sys_enter: NR 14 (0, 7ffe8fac9ab0, 7ffe8fac9b30, 8, 0, 2f78756e696c6c61)
            bash-981   [000] ....  8483.072288: sys_exit: NR 14 = 0
            bash-981   [000] ....  8483.072288: sys_enter: NR 61 (ffffffff, 7ffe8fac9a50, a, 0, 55ee543a0d60, 8)
            bash-981   [000] d...  8483.072288: sched_switch: prev_comm=bash prev_pid=981 prev_prio=120 prev_state=S ==> next_comm=bash next_pid=2373 next_prio=120
            sudo-2373  [000] ....  8483.072288: sys_exit: NR 56 = 0
            sudo-2373  [000] ....  8483.072288: sys_enter: NR 39 (1200011, 0, 0, 7f54c2ccda10, 7f54c2ccd740, 732e676f6c5f7465)
            sudo-2373  [000] ....  8483.072288: sys_exit: NR 39 = 2373
            sudo-2373  [000] ....  8483.072288: sys_enter: NR 14 (2, 55ee529b3b00, 0, 8, 7f54c2ccd740, 732e676f6c5f7465)
            sudo-2373  [000] ....  8483.072288: sys_exit: NR 14 = 0
            sudo-2373  [000] ....  8483.072288: sys_enter: NR 13 (14, 7ffe8fac9730, 7ffe8fac97d0, 8, 7ffe8fac9920, 732e676f6c5f7465)
            sudo-2373  [000] ....  8483.072288: sys_exit: NR 13 = 0
            sudo-2373  [000] ....  8483.072288: sys_enter: NR 13 (15, 7ffe8fac9730, 7ffe8fac97d0, 8, 7ffe8fac9920, 732e676f6c5f7465)
            sudo-2373  [000] ....  8483.072288: sys_exit: NR 13 = 0
            sudo-2373  [000] ....  8483.072288: sys_enter: NR 13 (16, 7ffe8fac9740, 7ffe8fac97e0, 8, 7ffe8fac9930, 732e676f6c5f7465)
            sudo-2373  [000] ....  8483.072288: sys_exit: NR 13 = 0
            sudo-2373  [000] ....  8483.072288: sys_enter: NR 109 (945, 945, 7f54c22d8f20, 8, 7ffe8fac9930, 732e676f6c5f7465)
            sudo-2373  [000] ....  8483.072288: sys_exit: NR 109 = 0
            sudo-2373  [000] ....  8483.072288: sys_enter: NR 14 (0, 7ffe8fac98c0, 7ffe8fac9940, 8, 0, 0)
            sudo-2373  [000] ....  8483.072288: sys_exit: NR 14 = 0
            sudo-2373  [000] ....  8483.072288: sys_enter: NR 16 (ff, 5410, 7ffe8fac98ac, 8, 0, 0)
            sudo-2373  [000] ....  8483.072288: sys_exit: NR 16 = 0
            sudo-2373  [000] ....  8483.072288: sys_enter: NR 14 (2, 7ffe8fac9940, 0, 8, 0, 0)
            sudo-2373  [000] ....  8483.072288: sys_exit: NR 14 = 0
            sudo-2373  [000] ....  8483.072288: sys_enter: NR 3 (4, 7ffe8fac9940, 0, 8, 0, 0)
            sudo-2373  [000] ....  8483.072288: __close_fd+0x0/0x80 <-__x64_sys_close+0x1e/0x50
            sudo-2373  [000] ....  8483.072288: <stack trace>
 => 0xffffffffc014d061
 => __close_fd+0x5/0x80
 => __x64_sys_close+0x1e/0x50
 => do_syscall_64+0x48/0x120
 => entry_SYSCALL_64_after_hwframe+0x44/0xa9
            sudo-2373  [000] ....  8483.072288: sys_exit: NR 3 = 0
            sudo-2373  [000] ....  8483.072288: sys_enter: NR 0 (3, 7ffe8fac9a0f, 1, 8, 0, 0)
            sudo-2373  [000] ....  8483.072288: sys_exit: NR 0 = 0
            sudo-2373  [000] ....  8483.072288: sys_enter: NR 3 (3, 7ffe8fac9a0f, 1, 8, 0, 0)
            sudo-2373  [000] ....  8483.072288: __close_fd+0x0/0x80 <-__x64_sys_close+0x1e/0x50
            sudo-2373  [000] ....  8483.072288: <stack trace>
 => 0xffffffffc014d061
 => __close_fd+0x5/0x80
 => __x64_sys_close+0x1e/0x50
 => do_syscall_64+0x48/0x120
 => entry_SYSCALL_64_after_hwframe+0x44/0xa9
            sudo-2373  [000] ....  8483.072288: sys_exit: NR 3 = 0
            sudo-2373  [000] ....  8483.072288: sys_enter: NR 13 (1, 7ffe8fac9950, 0, 8, 0, 0)
            sudo-2373  [000] ....  8483.072288: sys_exit: NR 13 = 0
            sudo-2373  [000] ....  8483.072288: sys_enter: NR 13 (4, 7ffe8fac9950, 0, 8, 0, 0)
            sudo-2373  [000] ....  8483.072288: sys_exit: NR 13 = 0
            sudo-2373  [000] ....  8483.072288: sys_enter: NR 13 (5, 7ffe8fac9950, 0, 8, 0, 0)
            sudo-2373  [000] ....  8483.072288: sys_exit: NR 13 = 0
            sudo-2373  [000] ....  8483.072288: sys_enter: NR 13 (6, 7ffe8fac9950, 0, 8, 0, 0)
            sudo-2373  [000] ....  8483.072288: sys_exit: NR 13 = 0
            sudo-2373  [000] ....  8483.072288: sys_enter: NR 13 (8, 7ffe8fac9950, 0, 8, 0, 0)
            sudo-2373  [000] ....  8483.072288: sys_exit: NR 13 = 0
            sudo-2373  [000] ....  8483.072288: sys_enter: NR 13 (7, 7ffe8fac9950, 0, 8, 0, 0)
            sudo-2373  [000] ....  8483.072288: sys_exit: NR 13 = 0
            sudo-2373  [000] ....  8483.072288: sys_enter: NR 13 (b, 7ffe8fac9950, 0, 8, 0, 0)
            sudo-2373  [000] ....  8483.072288: sys_exit: NR 13 = 0
            sudo-2373  [000] ....  8483.072288: sys_enter: NR 13 (1f, 7ffe8fac9950, 0, 8, 0, 0)
            sudo-2373  [000] ....  8483.072288: sys_exit: NR 13 = 0
            sudo-2373  [000] ....  8483.072288: sys_enter: NR 13 (d, 7ffe8fac9950, 0, 8, 0, 0)
            sudo-2373  [000] ....  8483.072288: sys_exit: NR 13 = 0
            sudo-2373  [000] ....  8483.072288: sys_enter: NR 13 (e, 7ffe8fac9950, 0, 8, 0, 0)
            sudo-2373  [000] ....  8483.072288: sys_exit: NR 13 = 0
            sudo-2373  [000] ....  8483.072288: sys_enter: NR 13 (18, 7ffe8fac9950, 0, 8, 0, 0)
            sudo-2373  [000] ....  8483.072288: sys_exit: NR 13 = 0
            sudo-2373  [000] ....  8483.072288: sys_enter: NR 13 (19, 7ffe8fac9950, 0, 8, 0, 0)
            sudo-2373  [000] ....  8483.072288: sys_exit: NR 13 = 0
            sudo-2373  [000] ....  8483.072288: sys_enter: NR 13 (1a, 7ffe8fac9950, 0, 8, 0, 0)
            sudo-2373  [000] ....  8483.072288: sys_exit: NR 13 = 0
            sudo-2373  [000] ....  8483.072288: sys_enter: NR 13 (a, 7ffe8fac9950, 0, 8, 0, 0)
            sudo-2373  [000] ....  8483.072288: sys_exit: NR 13 = 0
            sudo-2373  [000] ....  8483.072288: sys_enter: NR 13 (c, 7ffe8fac9950, 0, 8, 0, 0)
            sudo-2373  [000] ....  8483.072288: sys_exit: NR 13 = 0
            sudo-2373  [000] ....  8483.072288: sys_enter: NR 13 (2, 7ffe8fac9850, 7ffe8fac98f0, 8, 7ffe8fac9a40, 0)
            sudo-2373  [000] ....  8483.072288: sys_exit: NR 13 = 0
            sudo-2373  [000] ....  8483.072288: sys_enter: NR 13 (3, 7ffe8fac9850, 7ffe8fac98f0, 8, 7ffe8fac9a40, 0)
            sudo-2373  [000] ....  8483.072288: sys_exit: NR 13 = 0
            sudo-2373  [000] ....  8483.072288: sys_enter: NR 13 (f, 7ffe8fac9850, 7ffe8fac98f0, 8, 7ffe8fac9a40, 0)
            sudo-2373  [000] ....  8483.072288: sys_exit: NR 13 = 0
            sudo-2373  [000] ....  8483.072288: sys_enter: NR 13 (11, 7ffe8fac9850, 7ffe8fac98f0, 8, 7ffe8fac9a40, 0)
            sudo-2373  [000] ....  8483.072288: sys_exit: NR 13 = 0
            sudo-2373  [000] ....  8483.072288: sys_enter: NR 59 (55ee545f4c50, 55ee54512920, 55ee545ed3f0, 8, 7ffe8fac9a40, 0)
            sudo-2373  [000] ....  8483.072288: ext4_file_open+0x0/0x1f0 <-do_dentry_open+0x1ea/0x380
            sudo-2373  [000] ....  8483.072288: <stack trace>
 => 0xffffffffc014d061
 => ext4_file_open+0x5/0x1f0
 => do_dentry_open+0x1ea/0x380
 => path_openat+0x2e9/0x1570
 => do_filp_open+0x9b/0x110
 => do_open_execat+0x83/0x1a0
 => __do_execve_file.isra.44+0x5d0/0x8b0
 => __x64_sys_execve+0x34/0x40
 => do_syscall_64+0x48/0x120
 => entry_SYSCALL_64_after_hwframe+0x44/0xa9
            sudo-2373  [000] ....  8483.072288: ext4_file_read_iter+0x0/0x40 <-new_sync_read+0x114/0x1a0
            sudo-2373  [000] ....  8483.072288: <stack trace>
 => 0xffffffffc014d061
 => ext4_file_read_iter+0x5/0x40
 => new_sync_read+0x114/0x1a0
 => vfs_read+0x89/0x130
 => kernel_read+0x2c/0x40
 => prepare_binprm+0xe5/0x180
 => __do_execve_file.isra.44+0x533/0x8b0
 => __x64_sys_execve+0x34/0x40
 => do_syscall_64+0x48/0x120
 => entry_SYSCALL_64_after_hwframe+0x44/0xa9
            sudo-2373  [000] ....  8483.072288: ext4_file_read_iter+0x0/0x40 <-new_sync_read+0x114/0x1a0
            sudo-2373  [000] ....  8483.072288: <stack trace>
 => 0xffffffffc014d061
 => ext4_file_read_iter+0x5/0x40
 => new_sync_read+0x114/0x1a0
 => vfs_read+0x89/0x130
 => kernel_read+0x2c/0x40
 => load_elf_phdrs+0x6b/0xa0
 => load_elf_binary+0x111/0x1523
 => search_binary_handler+0x8a/0x1b0
 => __do_execve_file.isra.44+0x6e9/0x8b0
