# tracer: function
#
# entries-in-buffer/entries-written: 6092/6092   #P:4
#
#                              _-----=> irqs-off
#                             / _----=> need-resched
#                            | / _---=> hardirq/softirq
#                            || / _--=> preempt-depth
#                            ||| /     delay
#           TASK-PID   CPU#  ||||    TIMESTAMP  FUNCTION
#              | |       |   ||||       |         |
        trace.sh-2465  [003] ....  9527.344600: sys_exit: NR 1 = 2
        trace.sh-2465  [003] ....  9527.344600: sys_enter: NR 33 (a, 1, 7, a, a, 10)
        trace.sh-2465  [003] ....  9527.344600: sys_exit: NR 33 = 1
        trace.sh-2465  [003] ....  9527.344600: sys_enter: NR 72 (a, 1, 0, a, a, 10)
        trace.sh-2465  [003] ....  9527.344600: sys_exit: NR 72 = 1
        trace.sh-2465  [003] ....  9527.344600: sys_enter: NR 3 (a, a, a, a, 0, 10)
        trace.sh-2465  [003] ....  9527.344600: __close_fd+0x0/0x80 <-__x64_sys_close+0x1e/0x50
        trace.sh-2465  [003] ....  9527.344600: <stack trace>
 => 0xffffffffc014d061
 => __close_fd+0x5/0x80
 => __x64_sys_close+0x1e/0x50
 => do_syscall_64+0x48/0x120
 => entry_SYSCALL_64_after_hwframe+0x44/0xa9
        trace.sh-2465  [003] ....  9527.344600: sys_exit: NR 3 = 0
        trace.sh-2465  [003] ....  9527.344600: sys_enter: NR 1 (1, 562ed9412bf0, e, a, a, d)
        trace.sh-2465  [003] ....  9527.344600: sys_exit: NR 1 = 14
        trace.sh-2465  [003] ....  9527.344600: sys_enter: NR 0 (ff, 562ed94114f0, 422, 1, 562ed9414030, 0)
        trace.sh-2465  [003] ....  9527.344600: ext4_file_read_iter+0x0/0x40 <-new_sync_read+0x114/0x1a0
        trace.sh-2465  [003] ....  9527.344600: <stack trace>
 => 0xffffffffc014d061
 => ext4_file_read_iter+0x5/0x40
 => new_sync_read+0x114/0x1a0
 => vfs_read+0x89/0x130
 => ksys_read+0xa1/0xe0
 => do_syscall_64+0x48/0x120
 => entry_SYSCALL_64_after_hwframe+0x44/0xa9
        trace.sh-2465  [003] ....  9527.344600: sys_exit: NR 0 = 0
        trace.sh-2465  [003] ....  9527.344600: sys_enter: NR 14 (0, 7ffee65ad010, 7ffee65ad090, 8, 7f2b861438b0, 7f2b86789740)
        trace.sh-2465  [003] ....  9527.344600: sys_exit: NR 14 = 0
        trace.sh-2465  [003] ....  9527.344600: sys_enter: NR 14 (2, 7ffee65ad090, 0, 8, 7f2b861438b0, 7f2b86789740)
        trace.sh-2465  [003] ....  9527.344600: sys_exit: NR 14 = 0
        trace.sh-2465  [003] ....  9527.344600: sys_enter: NR 231 (0, 3c, 0, 4, e7, ffffffffffffff80)
        trace.sh-2465  [003] d...  9527.345600: sched_switch: prev_comm=trace.sh prev_pid=2465 prev_prio=120 prev_state=Z ==> next_comm=sudo next_pid=2464 next_prio=120
            sudo-2464  [003] ....  9527.345600: sys_exit: NR 7 = -516
            sudo-2464  [003] ....  9527.345600: sys_enter: NR 1 (7, 7fff75ea4d67, 1, 8, 557aa2944c20, 11)
            sudo-2464  [003] ....  9527.345600: sys_exit: NR 1 = 1
            sudo-2464  [003] ....  9527.345600: sys_enter: NR 15 (7, 7fff75ea4d67, 1, 8, 557aa2944c20, 11)
            sudo-2464  [003] ....  9527.345600: sys_exit: NR -1 = -4
            sudo-2464  [003] ....  9527.345600: sys_enter: NR 0 (6, 7fff75ea5217, 1, 8, 7f16017cf741, 7fff75ea5110)
            sudo-2464  [003] ....  9527.345600: sys_exit: NR 0 = 1
            sudo-2464  [003] ....  9527.345600: sys_enter: NR 0 (6, 7fff75ea5217, 1, 8, 7f16017ce7ba, 7fff75ea5120)
            sudo-2464  [003] ....  9527.345600: sys_exit: NR 0 = -11
            sudo-2464  [003] ....  9527.345600: sys_enter: NR 14 (0, 7fff75ea50e0, 7fff75ea5160, 8, 7f16017cf741, 7fff75ea4fe0)
            sudo-2464  [003] ....  9527.345600: sys_exit: NR 14 = 0
            sudo-2464  [003] ....  9527.345600: sys_enter: NR 14 (2, 7fff75ea5160, 0, 8, 11, 0)
            sudo-2464  [003] ....  9527.345600: sys_exit: NR 14 = 0
            sudo-2464  [003] ....  9527.345600: sys_enter: NR 61 (9a1, 7fff75ea503c, 3, 0, 7f16017cf741, 7fff75ea4f30)
            sudo-2464  [003] ....  9527.345600: sys_exit: NR 61 = 2465
            sudo-2464  [003] ....  9527.345600: sys_enter: NR 13 (1, 7fff75ea5110, 0, 8, 0, 7fff75ea5160)
            sudo-2464  [003] ....  9527.345600: sys_exit: NR 13 = 0
            sudo-2464  [003] ....  9527.345600: sys_enter: NR 13 (2, 7fff75ea5110, 0, 8, 0, 7fff75ea5160)
            sudo-2464  [003] ....  9527.345600: sys_exit: NR 13 = 0
            sudo-2464  [003] ....  9527.345600: sys_enter: NR 13 (3, 7fff75ea5110, 0, 8, 0, 7fff75ea5160)
            sudo-2464  [003] ....  9527.345600: sys_exit: NR 13 = 0
            sudo-2464  [003] ....  9527.345600: sys_enter: NR 13 (a, 7fff75ea5110, 0, 8, 0, 7fff75ea5160)
            sudo-2464  [003] ....  9527.345600: sys_exit: NR 13 = 0
            sudo-2464  [003] ....  9527.345600: sys_enter: NR 13 (c, 7fff75ea5110, 0, 8, 0, 7fff75ea5160)
            sudo-2464  [003] ....  9527.345600: sys_exit: NR 13 = 0
            sudo-2464  [003] ....  9527.345600: sys_enter: NR 13 (d, 7fff75ea5110, 0, 8, 0, 7fff75ea5160)
            sudo-2464  [003] ....  9527.345600: sys_exit: NR 13 = 0
            sudo-2464  [003] ....  9527.345600: sys_enter: NR 13 (e, 7fff75ea5110, 0, 8, 0, 7fff75ea5160)
            sudo-2464  [003] ....  9527.345600: sys_exit: NR 13 = 0
            sudo-2464  [003] ....  9527.345600: sys_enter: NR 13 (f, 7fff75ea5110, 0, 8, 0, 7fff75ea5160)
            sudo-2464  [003] ....  9527.345600: sys_exit: NR 13 = 0
            sudo-2464  [003] ....  9527.345600: sys_enter: NR 13 (11, 7fff75ea5110, 0, 8, 0, 7fff75ea5160)
            sudo-2464  [003] ....  9527.345600: sys_exit: NR 13 = 0
            sudo-2464  [003] ....  9527.345600: sys_enter: NR 13 (12, 7fff75ea5110, 0, 8, 0, 7fff75ea5160)
            sudo-2464  [003] ....  9527.345600: sys_exit: NR 13 = 0
            sudo-2464  [003] ....  9527.345600: sys_enter: NR 13 (14, 7fff75ea5110, 0, 8, 0, 7fff75ea5160)
            sudo-2464  [003] ....  9527.345600: sys_exit: NR 13 = 0
            sudo-2464  [003] ....  9527.345600: sys_enter: NR 3 (6, 0, ffffffff, 8, 7f16017cf74f, 7fff75ea5180)
            sudo-2464  [003] ....  9527.345600: __close_fd+0x0/0x80 <-__x64_sys_close+0x1e/0x50
            sudo-2464  [003] ....  9527.345600: <stack trace>
 => 0xffffffffc014d061
 => __close_fd+0x5/0x80
 => __x64_sys_close+0x1e/0x50
 => do_syscall_64+0x48/0x120
 => entry_SYSCALL_64_after_hwframe+0x44/0xa9
            sudo-2464  [003] ....  9527.345600: sys_exit: NR 3 = 0
            sudo-2464  [003] ....  9527.345600: sys_enter: NR 3 (7, 0, ffffffff, 8, 7f16017cf74f, 7fff75ea5180)
            sudo-2464  [003] ....  9527.345600: __close_fd+0x0/0x80 <-__x64_sys_close+0x1e/0x50
            sudo-2464  [003] ....  9527.345600: <stack trace>
 => 0xffffffffc014d061
 => __close_fd+0x5/0x80
 => __x64_sys_close+0x1e/0x50
 => do_syscall_64+0x48/0x120
 => entry_SYSCALL_64_after_hwframe+0x44/0xa9
            sudo-2464  [003] ....  9527.345600: sys_exit: NR 3 = 0
            sudo-2464  [003] ....  9527.345600: sys_enter: NR 102 (557aa294d890, 8000, 0, 0, 0, 0)
            sudo-2464  [003] ....  9527.345600: sys_exit: NR 102 = 0
            sudo-2464  [003] ....  9527.345600: sys_enter: NR 257 (ffffff9c, 7f15ff5305ba, 0, 0, 0, 0)
            sudo-2464  [003] ....  9527.345600: ext4_file_open+0x0/0x1f0 <-do_dentry_open+0x1ea/0x380
            sudo-2464  [003] ....  9527.345600: <stack trace>
 => 0xffffffffc014d061
 => ext4_file_open+0x5/0x1f0
 => do_dentry_open+0x1ea/0x380
 => path_openat+0x2e9/0x1570
 => do_filp_open+0x9b/0x110
 => do_sys_open+0x1bd/0x250
 => do_syscall_64+0x48/0x120
 => entry_SYSCALL_64_after_hwframe+0x44/0xa9
            sudo-2464  [003] ....  9527.345600: sys_exit: NR 257 = 5
            sudo-2464  [003] ....  9527.345600: sys_enter: NR 5 (5, 7fff75ea5100, 7fff75ea5100, 0, 7f160223bc80, 0)
            sudo-2464  [003] ....  9527.345600: sys_exit: NR 5 = 0
            sudo-2464  [003] ....  9527.345600: sys_enter: NR 0 (5, 557aa2959030, 1000, 557aa293c010, 7f16017b9d10, 0)
            sudo-2464  [003] ....  9527.345600: ext4_file_read_iter+0x0/0x40 <-new_sync_read+0x114/0x1a0
            sudo-2464  [003] ....  9527.345600: <stack trace>
 => 0xffffffffc014d061
 => ext4_file_read_iter+0x5/0x40
 => new_sync_read+0x114/0x1a0
 => vfs_read+0x89/0x130
 => ksys_read+0xa1/0xe0
 => do_syscall_64+0x48/0x120
 => entry_SYSCALL_64_after_hwframe+0x44/0xa9
            sudo-2464  [003] ....  9527.345600: sys_exit: NR 0 = 4096
            sudo-2464  [003] ....  9527.345600: sys_enter: NR 0 (5, 557aa2959030, 1000, 657020726568746f, 6c697473206e6163, 20776f6c6c61206c)
            sudo-2464  [003] ....  9527.345600: ext4_file_read_iter+0x0/0x40 <-new_sync_read+0x114/0x1a0
            sudo-2464  [003] ....  9527.345600: <stack trace>
 => 0xffffffffc014d061
 => ext4_file_read_iter+0x5/0x40
 => new_sync_read+0x114/0x1a0
 => vfs_read+0x89/0x130
 => ksys_read+0xa1/0xe0
 => do_syscall_64+0x48/0x120
 => entry_SYSCALL_64_after_hwframe+0x44/0xa9
            sudo-2464  [003] ....  9527.345600: sys_exit: NR 0 = 4096
            sudo-2464  [003] ....  9527.345600: sys_enter: NR 0 (5, 557aa2959030, 1000, 557aa295a02e, 7f160223bc80, 7f160153c580)
            sudo-2464  [003] ....  9527.345600: ext4_file_read_iter+0x0/0x40 <-new_sync_read+0x114/0x1a0
            sudo-2464  [003] ....  9527.345600: <stack trace>
 => 0xffffffffc014d061
 => ext4_file_read_iter+0x5/0x40
 => new_sync_read+0x114/0x1a0
 => vfs_read+0x89/0x130
 => ksys_read+0xa1/0xe0
 => do_syscall_64+0x48/0x120
 => entry_SYSCALL_64_after_hwframe+0x44/0xa9
            sudo-2464  [003] ....  9527.345600: sys_exit: NR 0 = 2358
            sudo-2464  [003] ....  9527.345600: sys_enter: NR 3 (5, 1, 7f16017b5760, 557aa295935b, 7f160223bc80, 7f160153cf40)
            sudo-2464  [003] ....  9527.345600: __close_fd+0x0/0x80 <-__x64_sys_close+0x1e/0x50
            sudo-2464  [003] ....  9527.345600: <stack trace>
 => 0xffffffffc014d061
 => __close_fd+0x5/0x80
 => __x64_sys_close+0x1e/0x50
 => do_syscall_64+0x48/0x120
 => entry_SYSCALL_64_after_hwframe+0x44/0xa9
            sudo-2464  [003] ....  9527.345600: sys_exit: NR 3 = 0
            sudo-2464  [003] ....  9527.345600: sys_enter: NR 44 (4, 557aa2959030, 4e, 4000, 0, 0)
          <idle>-0     [001] d...  9527.346123: sched_switch: prev_comm=swapper/1 prev_pid=0 prev_prio=120 prev_state=R ==> next_comm=kworker/u8:2 next_pid=2357 next_prio=120
    kworker/u8:2-2357  [001] d...  9527.346123: sched_switch: prev_comm=kworker/u8:2 prev_pid=2357 prev_prio=120 prev_state=I ==> next_comm=sshd next_pid=980 next_prio=120
            sshd-980   [001] ....  9527.346123: sys_exit: NR 23 = 1
            sshd-980   [001] ....  9527.346123: sys_enter: NR 14 (0, 7ffee0218580, 7ffee0218500, 8, 0, 1000)
            sshd-980   [001] ....  9527.346123: sys_exit: NR 14 = 0
            sshd-980   [001] ....  9527.346123: sys_enter: NR 14 (2, 7ffee0218500, 0, 8, 0, 1000)
            sshd-980   [001] ....  9527.346123: sys_exit: NR 14 = 0
            sshd-980   [001] ....  9527.346123: sys_enter: NR 228 (7, 7ffee02185a0, 7ffee02185a0, 8, 7ffee02e50f0, 7ffee02185a0)
            sshd-980   [001] ....  9527.346123: sys_exit: NR 228 = 0
            sshd-980   [001] ....  9527.346123: sys_enter: NR 0 (b, 7ffee02144e0, 4000, 8, 7ffee02e50f0, 7ffee02185a0)
            sshd-980   [001] ....  9527.346123: sys_exit: NR 0 = 15
            sshd-980   [001] ....  9527.346123: sys_enter: NR 39 (557f11c39ebd, 7, 1d, 0, 1, 100)
            sshd-980   [001] ....  9527.346123: sys_exit: NR 39 = 980
            sshd-980   [001] ....  9527.346123: sys_enter: NR 228 (7, 7ffee02184f0, 7ffee02184f0, 0, 7ffee02e50f0, 7ffee02184f0)
            sshd-980   [001] ....  9527.346123: sys_exit: NR 228 = 0
            sshd-980   [001] ....  9527.346123: sys_enter: NR 23 (c, 557f11c3c8a0, 557f11c52f90, 0, 0, 1000)
            sshd-980   [001] ....  9527.346123: sys_exit: NR 23 = 1
            sshd-980   [001] ....  9527.346123: sys_enter: NR 14 (0, 7ffee0218580, 7ffee0218500, 8, 0, 1000)
            sshd-980   [001] ....  9527.346123: sys_exit: NR 14 = 0
            sshd-980   [001] ....  9527.346123: sys_enter: NR 14 (2, 7ffee0218500, 0, 8, 0, 1000)
            sshd-980   [001] ....  9527.346123: sys_exit: NR 14 = 0
            sshd-980   [001] ....  9527.346123: sys_enter: NR 228 (7, 7ffee02185a0, 7ffee02185a0, 8, 7ffee02e50f0, 7ffee02185a0)
            sshd-980   [001] ....  9527.346123: sys_exit: NR 228 = 0
            sshd-980   [001] ....  9527.346123: sys_enter: NR 1 (3, 557f11c57b30, 34, 8, 7ffee02e50f0, 7ffee02185a0)
            sshd-980   [001] .N..  9527.346123: sys_exit: NR 1 = 52
            sshd-980   [001] d...  9527.346123: sched_switch: prev_comm=sshd prev_pid=980 prev_prio=120 prev_state=R ==> next_comm=systemd-journal next_pid=369 next_prio=119
 systemd-journal-369   [001] ....  9527.346123: sys_exit: NR 232 = 1
 systemd-journal-369   [001] ....  9527.346123: sys_enter: NR 228 (0, 7fff8e43c340, 7fff8e43c340, ffffffff, 7fff8e444080, 7fff8e43c340)
            sudo-2464  [003] ....  9527.346123: sys_exit: NR 44 = 78
            sudo-2464  [003] ....  9527.346123: sys_enter: NR 41 (10, 3, 9, 4000, 557aa294d890, 0)
            sudo-2464  [003] ....  9527.346123: sys_exit: NR 41 = 5
            sudo-2464  [003] ....  9527.346123: sys_enter: NR 72 (5, 2, 1, 4000, 557aa294d890, 0)
            sudo-2464  [003] ....  9527.346123: sys_exit: NR 72 = 0
            sudo-2464  [003] ....  9527.346123: sys_enter: NR 44 (5, 7fff75e9e850, 78, 0, 7fff75e9e83c, c)
            sudo-2464  [003] ....  9527.346123: sys_exit: NR 44 = 120
            sudo-2464  [003] ....  9527.346123: sys_enter: NR 7 (7fff75e9e848, 1, 1f4, 0, 7fff75e9e83c, c)
            sudo-2464  [003] ....  9527.346543: sys_exit: NR 7 = 1
            sudo-2464  [003] ....  9527.346543: sys_enter: NR 45 (5, 7fff75ea0b80, 231c, 42, 7fff75e9e7cc, 7fff75e9e7c8)
            sudo-2464  [003] ....  9527.346543: sys_exit: NR 45 = 36
            sudo-2464  [003] ....  9527.346543: sys_enter: NR 45 (5, 7fff75ea0b80, 231c, 40, 7fff75e9e7cc, 7fff75e9e7c8)
            sudo-2464  [003] ....  9527.346543: sys_exit: NR 45 = 36
            sudo-2464  [003] ....  9527.346543: sys_enter: NR 3 (5, 0, 0, 40, 7fff75e9e7cc, 7fff75e9e7c8)
            sudo-2464  [003] ....  9527.346543: __close_fd+0x0/0x80 <-__x64_sys_close+0x1e/0x50
            sudo-2464  [003] ....  9527.346543: <stack trace>
 => 0xffffffffc014d061
 => __close_fd+0x5/0x80
 => __x64_sys_close+0x1e/0x50
 => do_syscall_64+0x48/0x120
 => entry_SYSCALL_64_after_hwframe+0x44/0xa9
            sudo-2464  [003] ....  9527.346543: sys_exit: NR 3 = 0
            sudo-2464  [003] ....  9527.346543: sys_enter: NR 41 (10, 3, 9, 0, 557aa294d890, 7fff75e9e7c8)
            sudo-2464  [003] ....  9527.346543: sys_exit: NR 41 = 5
            sudo-2464  [003] ....  9527.346543: sys_enter: NR 72 (5, 2, 1, 0, 557aa294d890, 7fff75e9e7c8)
            sudo-2464  [003] ....  9527.346543: sys_exit: NR 72 = 0
            sudo-2464  [003] ....  9527.346543: sys_enter: NR 44 (5, 7fff75e9e850, 74, 0, 7fff75e9e83c, c)
            sudo-2464  [003] ....  9527.346543: sys_exit: NR 44 = 116
            sudo-2464  [003] ....  9527.346543: sys_enter: NR 7 (7fff75e9e848, 1, 1f4, 0, 7fff75e9e83c, c)
 systemd-journal-369   [001] ....  9527.346620: sys_exit: NR 228 = 0
            sudo-2464  [003] ....  9527.346620: sys_exit: NR 7 = 1
            sudo-2464  [003] ....  9527.346620: sys_enter: NR 45 (5, 7fff75ea0b80, 231c, 42, 7fff75e9e7cc, 7fff75e9e7c8)
            sudo-2464  [003] ....  9527.346620: sys_exit: NR 45 = 36
            sudo-2464  [003] ....  9527.346620: sys_enter: NR 45 (5, 7fff75ea0b80, 231c, 40, 7fff75e9e7cc, 7fff75e9e7c8)
            sudo-2464  [003] ....  9527.346620: sys_exit: NR 45 = 36
            sudo-2464  [003] ....  9527.346620: sys_enter: NR 3 (5, 0, 0, 40, 7fff75e9e7cc, 7fff75e9e7c8)
            sudo-2464  [003] ....  9527.346620: __close_fd+0x0/0x80 <-__x64_sys_close+0x1e/0x50
 systemd-journal-369   [001] ....  9527.346620: sys_enter: NR 228 (1, 7fff8e43c340, 7fff8e43c340, ffffffff, 7fff8e444090, 7fff8e43c340)
            sudo-2464  [003] ....  9527.346620: <stack trace>
 => 0xffffffffc014d061
 => __close_fd+0x5/0x80
 => __x64_sys_close+0x1e/0x50
 => do_syscall_64+0x48/0x120
 => entry_SYSCALL_64_after_hwframe+0x44/0xa9
            sudo-2464  [003] ....  9527.346620: sys_exit: NR 3 = 0
 systemd-journal-369   [001] ....  9527.346620: sys_exit: NR 228 = 0
 systemd-journal-369   [001] ....  9527.346620: sys_enter: NR 228 (7, 7fff8e43c340, 7fff8e43c340, ffffffff, 7fff8e4440f0, 7fff8e43c340)
            sudo-2464  [003] ....  9527.346620: sys_enter: NR 11 (7f15ff740000, 2030e8, 2, 7f15ff9430d8, 7f1602250990, 0)
            sudo-2464  [003] ....  9527.346620: sys_exit: NR 11 = 0
 systemd-journal-369   [001] ....  9527.346620: sys_exit: NR 228 = 0
            sudo-2464  [003] ....  9527.346620: sys_enter: NR 11 (7f15ff525000, 21a400, 2, 7f15ff4f60c0, 7f1602250990, 0)
 systemd-journal-369   [001] ....  9527.346620: sys_enter: NR 16 (4, 541b, 7fff8e43c1fc, ffffffff, 237dfc757, 7fff8e43c340)
 systemd-journal-369   [001] ....  9527.346620: sys_exit: NR 16 = 0
            sudo-2464  [003] ....  9527.346620: sys_exit: NR 11 = 0
            sudo-2464  [003] ....  9527.346620: sys_enter: NR 11 (7f15ff2ed000, 237220, 2, 7f15ff4f60c0, 7f1602250990, 0)
 systemd-journal-369   [001] ....  9527.346620: sys_enter: NR 47 (4, 7fff8e43c220, 40000040, ffffffff, 0, 7fff8e43c340)
            sudo-2464  [003] ....  9527.346620: sys_exit: NR 11 = 0
 systemd-journal-369   [001] ....  9527.346620: sys_exit: NR 47 = 78
            sudo-2464  [003] ....  9527.346620: sys_enter: NR 11 (7f15ff0eb000, 201028, 2, 7f15ff2ec018, 7f1602250990, 0)
 systemd-journal-369   [001] ....  9527.346620: sys_enter: NR 228 (1, 7fff8e43bfe0, 7fff8e43bfe0, bb0, 7fff8e444090, 7fff8e43bfe0)
            sudo-2464  [003] ....  9527.346620: sys_exit: NR 11 = 0
            sudo-2464  [003] ....  9527.346620: sys_enter: NR 11 (7f15feee9000, 201040, 2, 7f15ff0ea030, 7f1602250990, 0)
            sudo-2464  [003] ....  9527.346620: sys_exit: NR 11 = 0
            sudo-2464  [003] ....  9527.346620: sys_enter: NR 11 (7f15fece6000, 202010, 2, 7f15fece5000, 7f1602250990, 0)
 systemd-journal-369   [001] ....  9527.347440: sys_exit: NR 228 = 0
 systemd-journal-369   [001] ....  9527.347440: sys_enter: NR 257 (ffffff9c, 7fff8e43bf50, 80000, 0, 0, 7f841170735a)
 systemd-journal-369   [001] ....  9527.347440: sys_exit: NR 257 = 16
 systemd-journal-369   [001] ....  9527.347440: sys_enter: NR 5 (10, 7fff8e43bd80, 7fff8e43bd80, 0, 5629b52efb80, 7f8411ff5940)
 systemd-journal-369   [001] ....  9527.347440: sys_exit: NR 5 = 0
 systemd-journal-369   [001] ....  9527.347440: sys_enter: NR 0 (10, 5629b52e3d30, 400, 0, 0, 7f8411ff5940)
 systemd-journal-369   [001] ....  9527.347440: sys_exit: NR 0 = 5
 systemd-journal-369   [001] ....  9527.347440: sys_enter: NR 3 (10, 0, 7f8411de1760, 0, 0, 7f8411ff5940)
 systemd-journal-369   [001] ....  9527.347440: __close_fd+0x0/0x80 <-__x64_sys_close+0x1e/0x50
 systemd-journal-369   [001] ....  9527.347440: <stack trace>
 => 0xffffffffc014d061
 => __close_fd+0x5/0x80
 => __x64_sys_close+0x1e/0x50
 => do_syscall_64+0x48/0x120
 => entry_SYSCALL_64_after_hwframe+0x44/0xa9
 systemd-journal-369   [001] ....  9527.347440: sys_exit: NR 3 = 0
 systemd-journal-369   [001] ....  9527.347440: sys_enter: NR 267 (ffffff9c, 7fff8e43bf50, 5629b5306370, 63, 0, 0)
            sudo-2464  [003] ....  9527.347566: sys_exit: NR 11 = 0
 systemd-journal-369   [001] ....  9527.347566: sys_exit: NR 267 = 13
            sudo-2464  [003] ....  9527.347566: sys_enter: NR 11 (7f15feae0000, 205158, 2, 7f15fece5000, 7f1602250990, 0)
 systemd-journal-369   [001] ....  9527.347566: sys_enter: NR 257 (ffffff9c, 7fff8e43bef0, 80000, 0, 0, 7f841170735a)
 systemd-journal-369   [001] ....  9527.347566: sys_exit: NR 257 = 16
            sudo-2464  [003] ....  9527.347566: sys_exit: NR 11 = 0
 systemd-journal-369   [001] ....  9527.347566: sys_enter: NR 5 (10, 7fff8e43bdb0, 7fff8e43bdb0, 0, 2c, 0)
 systemd-journal-369   [001] ....  9527.347566: sys_exit: NR 5 = 0
 systemd-journal-369   [001] ....  9527.347566: sys_enter: NR 0 (10, 5629b52e3d30, 400, 0, 0, 0)
            sudo-2464  [003] ....  9527.347566: sys_enter: NR 11 (7f15fe8dd000, 2020f0, 2, 7f15feadf0e0, 7f1602250990, 0)
 systemd-journal-369   [001] ....  9527.347566: sys_exit: NR 0 = 16
            sudo-2464  [003] ....  9527.347566: sys_exit: NR 11 = 0
 systemd-journal-369   [001] ....  9527.347566: sys_enter: NR 0 (10, 5629b52e3d30, 400, 0, 0, 0)
 systemd-journal-369   [001] ....  9527.347566: sys_exit: NR 0 = 0
 systemd-journal-369   [001] ....  9527.347566: sys_enter: NR 3 (10, 0, 7f8411de1760, 0, 0, 0)
 systemd-journal-369   [001] ....  9527.347566: __close_fd+0x0/0x80 <-__x64_sys_close+0x1e/0x50
 systemd-journal-369   [001] ....  9527.347566: <stack trace>
 => 0xffffffffc014d061
 => __close_fd+0x5/0x80
 => __x64_sys_close+0x1e/0x50
 => do_syscall_64+0x48/0x120
 => entry_SYSCALL_64_after_hwframe+0x44/0xa9
 systemd-journal-369   [001] ....  9527.347566: sys_exit: NR 3 = 0
            sudo-2464  [003] ....  9527.347566: sys_enter: NR 11 (7f15fe69e000, 23eff8, 1, 7f15fe69d0e0, 7f1602250990, 7f16017bc968)
 systemd-journal-369   [001] ....  9527.347566: sys_enter: NR 257 (ffffff9c, 7fff8e43bf50, 80000, 0, 0, 7f841170735a)
 systemd-journal-369   [001] ....  9527.347566: sys_exit: NR 257 = 16
            sudo-2464  [003] ....  9527.347566: sys_exit: NR 11 = 0
 systemd-journal-369   [001] ....  9527.347566: sys_enter: NR 5 (10, 7fff8e43bdf0, 7fff8e43bdf0, 0, 2c, 0)
 systemd-journal-369   [001] ....  9527.347566: sys_exit: NR 5 = 0
            sudo-2464  [003] ....  9527.347566: sys_enter: NR 11 (7f15fe49a000, 203130, 2, 7f15fe69d0e0, 7f1602250990, 7f16017bc968)
 systemd-journal-369   [001] ....  9527.347566: sys_enter: NR 5 (10, 7fff8e43bc80, 7fff8e43bc80, 5629b52d9010, b40, 5629b53064b0)
 systemd-journal-369   [001] ....  9527.347566: sys_exit: NR 5 = 0
            sudo-2464  [003] ....  9527.347566: sys_exit: NR 11 = 0
 systemd-journal-369   [001] ....  9527.347566: sys_enter: NR 0 (10, 5629b53064b0, 800, 5629b52d9010, 0, 5629b53064b0)
 systemd-journal-369   [001] ....  9527.347566: sys_exit: NR 0 = 1030
 systemd-journal-369   [001] ....  9527.347566: sys_enter: NR 0 (10, 5629b52e3d30, 400, 5629b52d9010, 0, 5629b53064b0)
 systemd-journal-369   [001] ....  9527.347566: sys_exit: NR 0 = 0
 systemd-journal-369   [001] ....  9527.347566: sys_enter: NR 3 (10, 0, 7f8411de1760, 5629b52d9010, 0, 5629b53064b0)
 systemd-journal-369   [001] ....  9527.347566: __close_fd+0x0/0x80 <-__x64_sys_close+0x1e/0x50
 systemd-journal-369   [001] ....  9527.347566: <stack trace>
 => 0xffffffffc014d061
 => __close_fd+0x5/0x80
 => __x64_sys_close+0x1e/0x50
 => do_syscall_64+0x48/0x120
 => entry_SYSCALL_64_after_hwframe+0x44/0xa9
 systemd-journal-369   [001] ....  9527.347566: sys_exit: NR 3 = 0
 systemd-journal-369   [001] ....  9527.347566: sys_enter: NR 257 (ffffff9c, 7fff8e43bf40, 80000, 0, 0, 7f841170735a)
 systemd-journal-369   [001] ....  9527.347566: sys_exit: NR 257 = 16
 systemd-journal-369   [001] ....  9527.347566: sys_enter: NR 5 (10, 7fff8e43bd70, 7fff8e43bd70, 0, 5629b52efb80, 7f8411ff5940)
 systemd-journal-369   [001] ....  9527.347566: sys_exit: NR 5 = 0
 systemd-journal-369   [001] ....  9527.347566: sys_enter: NR 0 (10, 5629b52e3d30, 400, 0, 0, 7f8411ff5940)
 systemd-journal-369   [001] ....  9527.347566: sys_exit: NR 0 = 1
 systemd-journal-369   [001] ....  9527.347566: sys_enter: NR 0 (10, 5629b52e3d30, 400, 0, 0, 7f8411ff5940)
 systemd-journal-369   [001] ....  9527.347566: sys_exit: NR 0 = 0
 systemd-journal-369   [001] ....  9527.347566: sys_enter: NR 3 (10, 0, 7f8411de1760, 0, 0, 7f8411ff5940)
 systemd-journal-369   [001] ....  9527.347566: __close_fd+0x0/0x80 <-__x64_sys_close+0x1e/0x50
 systemd-journal-369   [001] ....  9527.347566: <stack trace>
 => 0xffffffffc014d061
 => __close_fd+0x5/0x80
 => __x64_sys_close+0x1e/0x50
 => do_syscall_64+0x48/0x120
 => entry_SYSCALL_64_after_hwframe+0x44/0xa9
 systemd-journal-369   [001] ....  9527.347566: sys_exit: NR 3 = 0
 systemd-journal-369   [001] ....  9527.347566: sys_enter: NR 257 (ffffff9c, 7fff8e43bf40, 80000, 0, 0, 7f841170735a)
            sudo-2464  [003] ....  9527.347566: sys_enter: NR 231 (0, 3c, 0, 7f1600d4e2a0, e7, fffffffffffffe98)
 systemd-journal-369   [001] ....  9527.347566: sys_exit: NR 257 = 16
 systemd-journal-369   [001] ....  9527.347566: sys_enter: NR 5 (10, 7fff8e43bd70, 7fff8e43bd70, 0, 5629b52efb80, 7f8411ff5940)
 systemd-journal-369   [001] ....  9527.347566: sys_exit: NR 5 = 0
 systemd-journal-369   [001] ....  9527.347566: sys_enter: NR 0 (10, 5629b52e3d30, 400, 0, 0, 7f8411ff5940)
 systemd-journal-369   [001] ....  9527.347566: sys_exit: NR 0 = 4
 systemd-journal-369   [001] ....  9527.347566: sys_enter: NR 0 (10, 5629b52e3d30, 400, 0, 0, 7f8411ff5940)
 systemd-journal-369   [001] ....  9527.347566: sys_exit: NR 0 = 0
 systemd-journal-369   [001] ....  9527.347566: sys_enter: NR 3 (10, 0, 7f8411de1760, 0, 0, 7f8411ff5940)
 systemd-journal-369   [001] ....  9527.347566: __close_fd+0x0/0x80 <-__x64_sys_close+0x1e/0x50
 systemd-journal-369   [001] ....  9527.347566: <stack trace>
 => 0xffffffffc014d061
 => __close_fd+0x5/0x80
 => __x64_sys_close+0x1e/0x50
 => do_syscall_64+0x48/0x120
 => entry_SYSCALL_64_after_hwframe+0x44/0xa9
 systemd-journal-369   [001] ....  9527.347566: sys_exit: NR 3 = 0
 systemd-journal-369   [001] ....  9527.347566: sys_enter: NR 257 (ffffff9c, 7fff8e43b690, 80000, 0, 0, 7f841170735a)
 systemd-journal-369   [001] ....  9527.347566: sys_exit: NR 257 = 16
 systemd-journal-369   [001] ....  9527.347566: sys_enter: NR 5 (10, 7fff8e43b4f0, 7fff8e43b4f0, 0, 1, 0)
 systemd-journal-369   [001] ....  9527.347566: sys_exit: NR 5 = 0
 systemd-journal-369   [001] ....  9527.347566: sys_enter: NR 0 (10, 5629b52e3d30, 400, 0, 0, 0)
 systemd-journal-369   [001] ....  9527.347566: sys_exit: NR 0 = 114
 systemd-journal-369   [001] ....  9527.347566: sys_enter: NR 3 (10, 0, 7f8411de1760, 6c732e303030312d, 800, 726573752f656369)
 systemd-journal-369   [001] ....  9527.347566: __close_fd+0x0/0x80 <-__x64_sys_close+0x1e/0x50
 systemd-journal-369   [001] ....  9527.347566: <stack trace>
 => 0xffffffffc014d061
 => __close_fd+0x5/0x80
 => __x64_sys_close+0x1e/0x50
 => do_syscall_64+0x48/0x120
 => entry_SYSCALL_64_after_hwframe+0x44/0xa9
 systemd-journal-369   [001] ....  9527.347566: sys_exit: NR 3 = 0
          <idle>-0     [002] d...  9527.347633: sched_switch: prev_comm=swapper/2 prev_pid=0 prev_prio=120 prev_state=R ==> next_comm=rcu_sched next_pid=10 next_prio=120
 systemd-journal-369   [001] ....  9527.347633: sys_enter: NR 267 (ffffff9c, 7fff8e43bf30, 5629b52fe570, 63, b, 7f8411b681d0)
 systemd-journal-369   [001] ....  9527.347633: sys_exit: NR 267 = 32
       rcu_sched-10    [002] d...  9527.347633: sched_switch: prev_comm=rcu_sched prev_pid=10 prev_prio=120 prev_state=I ==> next_comm=swapper/2 next_pid=0 next_prio=120
 systemd-journal-369   [001] ....  9527.347633: sys_enter: NR 267 (ffffff9c, 7fff8e43bf30, 5629b52fe570, 63, b, 7f8411b681d0)
 systemd-journal-369   [001] ....  9527.347633: sys_exit: NR 267 = -2
 systemd-journal-369   [001] ....  9527.347633: sys_enter: NR 257 (ffffff9c, 7fff8e43be30, 80000, 0, 0, 5629b3f067bb)
 systemd-journal-369   [001] ....  9527.347633: sys_exit: NR 257 = -2
 systemd-journal-369   [001] ....  9527.347633: sys_enter: NR 46 (4, 7fff8e43c030, 4000, 5629b3f07b80, 0, 7fff8e43c0f8)
 systemd-journal-369   [001] .N..  9527.350353: sys_exit: NR 46 = 78
 systemd-journal-369   [001] d...  9527.350353: sched_switch: prev_comm=systemd-journal prev_pid=369 prev_prio=119 prev_state=R ==> next_comm=in:imuxsock next_pid=590 next_prio=120
     in:imuxsock-590   [001] ....  9527.350353: sys_exit: NR 23 = 1
     in:imuxsock-590   [001] ....  9527.350353: sys_enter: NR 47 (3, 7f36a0b0d780, 40, 7f369c0008d0, 0, 0)
     in:imuxsock-590   [001] ....  9527.350353: sys_exit: NR 47 = 78
     in:imuxsock-590   [001] ....  9527.350353: sys_enter: NR 202 (561cd8d1dfd4, 81, 1, 0, 1, 561cd8d1dfa8)
     in:imuxsock-590   [001] ....  9527.351353: sys_exit: NR 202 = 1
     in:imuxsock-590   [001] ....  9527.351353: sys_enter: NR 23 (4, 7f36a0b10ca0, 0, 0, 0, 0)
     in:imuxsock-590   [001] d...  9527.351353: sched_switch: prev_comm=in:imuxsock prev_pid=590 prev_prio=120 prev_state=S ==> next_comm=systemd-journal next_pid=369 next_prio=119
 systemd-journal-369   [001] ....  9527.351353: sys_enter: NR 228 (1, 7fff8e43bd10, 7fff8e43bd10, 1c, 7fff8e444090, 7fff8e43bd10)
 systemd-journal-369   [001] ....  9527.351353: sys_exit: NR 228 = 0
 systemd-journal-369   [001] ....  9527.351353: sys_enter: NR 228 (1, 7fff8e43bd50, 7fff8e43bd50, 1c, 7fff8e444090, 7fff8e43bd50)
 systemd-journal-369   [001] ....  9527.351353: sys_exit: NR 228 = 0
 systemd-journal-369   [001] ....  9527.351353: sys_enter: NR 257 (ffffff9c, 5629b5306230, 80002, 0, 0, 3732376564376136)
 systemd-journal-369   [001] ....  9527.351353: sys_exit: NR 257 = -2
 systemd-journal-369   [001] ....  9527.351353: sys_enter: NR 228 (0, 7fff8e43b900, 7fff8e43b900, 41, 7fff8e444080, 7fff8e43b900)
            sudo-2464  [003] d...  9527.351353: sched_switch: prev_comm=sudo prev_pid=2464 prev_prio=120 prev_state=Z ==> next_comm=bash next_pid=981 next_prio=120
 systemd-journal-369   [001] ....  9527.351353: sys_exit: NR 228 = 0
            bash-981   [003] ....  9527.351353: sys_exit: NR 61 = 2464
            bash-981   [003] ....  9527.351353: sys_enter: NR 14 (0, 7ffe8fac9a50, 7ffe8fac9ad0, 8, 55ee543a0d60, 55ee545f4020)
            bash-981   [003] ....  9527.351353: sys_exit: NR 14 = 0
            bash-981   [003] ....  9527.351353: sys_enter: NR 16 (ff, 5410, 7ffe8fac9a3c, 8, 55ee543a0d60, 55ee545f4020)
 systemd-journal-369   [001] ....  9527.351353: sys_enter: NR 228 (1, 7fff8e43b520, 7fff8e43b520, 0, 7fff8e444090, 7fff8e43b520)
            bash-981   [003] ....  9527.351353: sys_exit: NR 16 = 0
            bash-981   [003] ....  9527.351353: sys_enter: NR 14 (2, 7ffe8fac9ad0, 0, 8, 55ee543a0d60, 55ee545f4020)
            bash-981   [003] ....  9527.351353: sys_exit: NR 14 = 0
            bash-981   [003] ....  9527.351353: sys_enter: NR 16 (ff, 5401, 7ffe8fac9b30, 8, 55ee529acf20, 55ee545f4020)
            bash-981   [003] ....  9527.351353: sys_exit: NR 16 = 0
            bash-981   [003] ....  9527.351353: sys_enter: NR 16 (ff, 5413, 7ffe8fac9b40, 8, 55ee529acf20, 55ee545f4020)
            bash-981   [003] ....  9527.351353: sys_exit: NR 16 = 0
            bash-981   [003] ....  9527.351353: sys_enter: NR 14 (2, 7ffe8fac9c10, 0, 8, 55ee543a0d60, 7)
            bash-981   [003] ....  9527.351353: sys_exit: NR 14 = 0
            bash-981   [003] ....  9527.351353: sys_enter: NR 61 (ffffffff, 7ffe8fac9690, b, 0, 55ee543a0d60, 7)
            bash-981   [003] ....  9527.351353: sys_exit: NR 61 = -10
            bash-981   [003] ....  9527.351353: sys_enter: NR 15 (ffffffff, 7ffe8fac9690, ffffffffffffff80, 0, 55ee543a0d60, 7)
            bash-981   [003] ....  9527.351353: sys_exit: NR -1 = 0
            bash-981   [003] ....  9527.351353: sys_enter: NR 13 (2, 7ffe8fac9b30, 7ffe8fac9bd0, 8, 7ffe8fac9d20, 7)
            bash-981   [003] ....  9527.351353: sys_exit: NR 13 = 0
            bash-981   [003] ....  9527.351353: sys_enter: NR 14 (0, 7ffe8fac8c90, 7ffe8fac8d10, 8, 55ee543a0d60, 754078756e696c6c)
            bash-981   [003] ....  9527.351353: sys_exit: NR 14 = 0
            bash-981   [003] ....  9527.351353: sys_enter: NR 16 (ff, 5410, 7ffe8fac8c7c, 8, 55ee543a0d60, 754078756e696c6c)
            bash-981   [003] ....  9527.351353: sys_exit: NR 16 = 0
            bash-981   [003] ....  9527.351353: sys_enter: NR 14 (2, 7ffe8fac8d10, 0, 8, 55ee543a0d60, 754078756e696c6c)
            bash-981   [003] ....  9527.351353: sys_exit: NR 14 = 0
            bash-981   [003] ....  9527.351353: sys_enter: NR 13 (2, 7ffe8fac8b10, 7ffe8fac8bb0, 8, 7ffe8fac8d00, 754078756e696c6c)
            bash-981   [003] ....  9527.351353: sys_exit: NR 13 = 0
            bash-981   [003] ....  9527.351353: sys_enter: NR 16 (0, 5413, 7ffe8fac8d00, 0, c401, 1)
            bash-981   [003] ....  9527.351353: sys_exit: NR 16 = 0
            bash-981   [003] ....  9527.351353: sys_enter: NR 16 (0, 5414, 7ffe8fac8d00, 0, c401, 1)
            bash-981   [003] ....  9527.351353: sys_exit: NR 16 = 0
            bash-981   [003] ....  9527.351353: sys_enter: NR 16 (0, 5401, 7ffe8fac8cd0, 0, 7ffe8fac8d30, 1)
            bash-981   [003] ....  9527.351353: sys_exit: NR 16 = 0
            bash-981   [003] ....  9527.351353: sys_enter: NR 16 (0, 5401, 7ffe8fac8cc0, 1, 55ee529a9400, 7ffe8fac8d30)
            bash-981   [003] ....  9527.351353: sys_exit: NR 16 = 0
            bash-981   [003] ....  9527.351353: sys_enter: NR 16 (0, 5403, 7ffe8fac8c90, 10, 0, 7ffe8fac8d30)
            bash-981   [003] ....  9527.351353: sys_exit: NR 16 = 0
            bash-981   [003] ....  9527.351353: sys_enter: NR 16 (0, 5401, 7ffe8fac8c90, 10, ffffffffffffff80, 7ffe8fac8d30)
            bash-981   [003] ....  9527.351353: sys_exit: NR 16 = 0
            bash-981   [003] ....  9527.351353: sys_enter: NR 14 (0, 55ee529ae360, 55ee529ae2e0, 8, 1, 7f54c2ccd740)
            bash-981   [003] ....  9527.351353: sys_exit: NR 14 = 0
            bash-981   [003] ....  9527.351353: sys_enter: NR 13 (2, 7ffe8fac8970, 7ffe8fac8a10, 8, 7ffe8fac8ac0, 7f54c2ccd740)
            bash-981   [003] ....  9527.351353: sys_exit: NR 13 = 0
            bash-981   [003] ....  9527.351353: sys_enter: NR 13 (f, 7ffe8fac8970, 7ffe8fac8a10, 8, 7ffe8fac8ac0, 7f54c2ccd740)
            bash-981   [003] ....  9527.351353: sys_exit: NR 13 = 0
            bash-981   [003] ....  9527.351353: sys_enter: NR 13 (1, 7ffe8fac8970, 7ffe8fac8a10, 8, 7ffe8fac8ac0, 7f54c2ccd740)
            bash-981   [003] ....  9527.351353: sys_exit: NR 13 = 0
            bash-981   [003] ....  9527.351353: sys_enter: NR 13 (3, 7ffe8fac8970, 7ffe8fac8a10, 8, 7ffe8fac8ac0, 7f54c2ccd740)
            bash-981   [003] ....  9527.351353: sys_exit: NR 13 = 0
            bash-981   [003] ....  9527.351353: sys_enter: NR 13 (3, 7ffe8fac8ae0, 7ffe8fac8b80, 8, 7ffe8fac8c30, 7f54c2ccd740)
            bash-981   [003] ....  9527.351353: sys_exit: NR 13 = 0
            bash-981   [003] ....  9527.351353: sys_enter: NR 13 (e, 7ffe8fac8a40, 7ffe8fac8ae0, 8, 7ffe8fac8b90, 7f54c2ccd740)
            bash-981   [003] ....  9527.351353: sys_exit: NR 13 = 0
            bash-981   [003] ....  9527.351353: sys_enter: NR 13 (14, 7ffe8fac8970, 7ffe8fac8a10, 8, 7ffe8fac8ac0, 7f54c2ccd740)
            bash-981   [003] ....  9527.351353: sys_exit: NR 13 = 0
            bash-981   [003] ....  9527.351353: sys_enter: NR 13 (14, 7ffe8fac8ae0, 7ffe8fac8b80, 8, 7ffe8fac8c30, 7f54c2ccd740)
            bash-981   [003] ....  9527.351353: sys_exit: NR 13 = 0
            bash-981   [003] ....  9527.351353: sys_enter: NR 13 (16, 7ffe8fac8970, 7ffe8fac8a10, 8, 7ffe8fac8ac0, 7f54c2ccd740)
            bash-981   [003] ....  9527.351353: sys_exit: NR 13 = 0
            bash-981   [003] ....  9527.351353: sys_enter: NR 13 (16, 7ffe8fac8ae0, 7ffe8fac8b80, 8, 7ffe8fac8c30, 7f54c2ccd740)
            bash-981   [003] ....  9527.351353: sys_exit: NR 13 = 0
            bash-981   [003] ....  9527.351353: sys_enter: NR 13 (15, 7ffe8fac8970, 7ffe8fac8a10, 8, 7ffe8fac8ac0, 7f54c2ccd740)
            bash-981   [003] ....  9527.351353: sys_exit: NR 13 = 0
            bash-981   [003] ....  9527.351353: sys_enter: NR 13 (15, 7ffe8fac8ae0, 7ffe8fac8b80, 8, 7ffe8fac8c30, 7f54c2ccd740)
            bash-981   [003] ....  9527.351353: sys_exit: NR 13 = 0
            bash-981   [003] ....  9527.351353: sys_enter: NR 14 (2, 55ee529ae2e0, 0, 8, 7ffe8fac8c30, 7f54c2ccd740)
            bash-981   [003] ....  9527.351353: sys_exit: NR 14 = 0
            bash-981   [003] ....  9527.351353: sys_enter: NR 13 (1c, 7ffe8fac8970, 7ffe8fac8a10, 8, 7ffe8fac8ac0, 7f54c2ccd740)
            bash-981   [003] ....  9527.351353: sys_exit: NR 13 = 0
            bash-981   [003] ....  9527.351353: sys_enter: NR 1 (2, 55ee544b97c0, 60, 0, 7f54c26878b0, 7f54c2ccd740)
            bash-981   [003] .N..  9527.351353: sys_exit: NR 1 = 96
 systemd-journal-369   [001] ....  9527.351364: sys_exit: NR 228 = 0
            bash-981   [003] d...  9527.351364: sched_switch: prev_comm=bash prev_pid=981 prev_prio=120 prev_state=R ==> next_comm=kworker/u8:2 next_pid=2357 next_prio=120
    kworker/u8:2-2357  [003] d...  9527.351364: sched_switch: prev_comm=kworker/u8:2 prev_pid=2357 prev_prio=120 prev_state=I ==> next_comm=bash next_pid=981 next_prio=120
            bash-981   [003] ....  9527.351364: sys_enter: NR 270 (1, 7ffe8fac8cc0, 0, 0, 0, 7ffe8fac8bf0)
 systemd-journal-369   [001] ....  9527.351364: sys_enter: NR 5 (16, 5629b52fc408, 5629b52fc408, 0, 237dfd723, 7fff8e43b520)
 systemd-journal-369   [001] ....  9527.351364: sys_exit: NR 5 = 0
            bash-981   [003] d...  9527.351364: sched_switch: prev_comm=bash prev_pid=981 prev_prio=120 prev_state=S ==> next_comm=sshd next_pid=980 next_prio=120
 systemd-journal-369   [001] ....  9527.351364: sys_enter: NR 228 (1, 7fff8e43b510, 7fff8e43b510, 0, 7fff8e444090, 7fff8e43b510)
            sshd-980   [003] ....  9527.351364: sys_enter: NR 228 (7, 7ffee02184f0, 7ffee02184f0, 0, 7ffee02e50f0, 7ffee02184f0)
 systemd-journal-369   [001] ....  9527.352364: sys_exit: NR 228 = 0
 systemd-journal-369   [001] ....  9527.352364: sys_enter: NR 228 (1, 7fff8e43b530, 7fff8e43b530, a0f5da4cf86ee6e, 7fff8e444090, 7fff8e43b530)
 systemd-journal-369   [001] ....  9527.352364: sys_exit: NR 228 = 0
 systemd-journal-369   [001] ....  9527.352364: sys_enter: NR 228 (1, 7fff8e43b4b0, 7fff8e43b4b0, 38f960, 7fff8e444090, 7fff8e43b4b0)
          <idle>-0     [002] d...  9527.352364: sched_switch: prev_comm=swapper/2 prev_pid=0 prev_prio=120 prev_state=R ==> next_comm=rs:main Q:Reg next_pid=592 next_prio=120
   rs:main Q:Reg-592   [002] ....  9527.352364: sys_exit: NR 202 = 0
   rs:main Q:Reg-592   [002] ....  9527.352364: sys_enter: NR 202 (561cd8d1dd90, 81, 1, 0, 0, 1)
   rs:main Q:Reg-592   [002] ....  9527.352364: sys_exit: NR 202 = 0
   rs:main Q:Reg-592   [002] ....  9527.352364: sys_enter: NR 1 (9, 7f368c0173b0, 52, 6f6c63206e6f6973, 0, 736573203a296e6f)
   rs:main Q:Reg-592   [002] ....  9527.352364: ext4_file_write_iter+0x0/0x3b0 <-new_sync_write+0x11b/0x1b0
   rs:main Q:Reg-592   [002] ....  9527.352364: <stack trace>
 => 0xffffffffc014d061
 => ext4_file_write_iter+0x5/0x3b0
 => new_sync_write+0x11b/0x1b0
 => vfs_write+0xad/0x1a0
 => ksys_write+0xa1/0xe0
 => do_syscall_64+0x48/0x120
 => entry_SYSCALL_64_after_hwframe+0x44/0xa9
   rs:main Q:Reg-592   [002] ....  9527.352364: sys_exit: NR 1 = 82
   rs:main Q:Reg-592   [002] ....  9527.352364: sys_enter: NR 202 (561cd8d1dfd0, 80, 0, 0, 0, 1)
   rs:main Q:Reg-592   [002] d...  9527.352364: sched_switch: prev_comm=rs:main Q:Reg prev_pid=592 prev_prio=120 prev_state=S ==> next_comm=gmain next_pid=605 next_prio=120
           gmain-605   [002] ....  9527.352364: sys_exit: NR 7 = 1
           gmain-605   [002] ....  9527.352364: sys_enter: NR 228 (1, 7f52c7632bf0, 7f52c7632bf0, 7f52c0002880, 7ffccd3cb090, 7f52c7632bf0)
            sshd-980   [003] ....  9527.352604: sys_exit: NR 228 = 0
            sshd-980   [003] ....  9527.352604: sys_enter: NR 23 (c, 557f11c3c8a0, 557f11c52f90, 0, 0, 1000)
            sshd-980   [003] ....  9527.352604: sys_exit: NR 23 = 1
            sshd-980   [003] ....  9527.352604: sys_enter: NR 14 (0, 7ffee0218580, 7ffee0218500, 8, 0, 1000)
            sshd-980   [003] ....  9527.352604: sys_exit: NR 14 = 0
            sshd-980   [003] ....  9527.352604: sys_enter: NR 14 (2, 7ffee0218500, 0, 8, 0, 1000)
            sshd-980   [003] ....  9527.352604: sys_exit: NR 14 = 0
            sshd-980   [003] ....  9527.352604: sys_enter: NR 228 (7, 7ffee02185a0, 7ffee02185a0, 8, 7ffee02e50f0, 7ffee02185a0)
            sshd-980   [003] ....  9527.352604: sys_exit: NR 228 = 0
            sshd-980   [003] ....  9527.352604: sys_enter: NR 0 (b, 7ffee02144e0, 4000, 8, 7ffee02e50f0, 7ffee02185a0)
            sshd-980   [003] ....  9527.352604: sys_exit: NR 0 = 96
            sshd-980   [003] ....  9527.352604: sys_enter: NR 39 (557f11c39f0e, 6, 6e, 0, 1, 100)
            sshd-980   [003] ....  9527.352604: sys_exit: NR 39 = 980
            sshd-980   [003] ....  9527.352604: sys_enter: NR 228 (7, 7ffee02184f0, 7ffee02184f0, 0, 7ffee02e50f0, 7ffee02184f0)
            sshd-980   [003] ....  9527.352604: sys_exit: NR 228 = 0
 systemd-journal-369   [001] ....  9527.352767: sys_exit: NR 228 = 0
            sshd-980   [003] ....  9527.352767: sys_enter: NR 23 (c, 557f11c3c8a0, 557f11c52f90, 0, 0, 1000)
            sshd-980   [003] ....  9527.352767: sys_exit: NR 23 = 1
            sshd-980   [003] ....  9527.352767: sys_enter: NR 14 (0, 7ffee0218580, 7ffee0218500, 8, 0, 1000)
            sshd-980   [003] ....  9527.352767: sys_exit: NR 14 = 0
            sshd-980   [003] ....  9527.352767: sys_enter: NR 14 (2, 7ffee0218500, 0, 8, 0, 1000)
            sshd-980   [003] ....  9527.352767: sys_exit: NR 14 = 0
            sshd-980   [003] ....  9527.352767: sys_enter: NR 228 (7, 7ffee02185a0, 7ffee02185a0, 8, 7ffee02e50f0, 7ffee02185a0)
 systemd-journal-369   [001] ....  9527.352767: sys_enter: NR 228 (0, 7fff8e43c610, 7fff8e43c610, 5629b52fc3d0, 7fff8e444080, 7fff8e43c610)
            sshd-980   [003] ....  9527.352767: sys_exit: NR 228 = 0
            sshd-980   [003] ....  9527.352767: sys_enter: NR 1 (3, 557f11c57b30, 84, 8, 7ffee02e50f0, 7ffee02185a0)
 systemd-journal-369   [001] ....  9527.352767: sys_exit: NR 228 = 0
 systemd-journal-369   [001] ....  9527.352767: sys_enter: NR 228 (0, 7fff8e43c610, 7fff8e43c610, 5629b52fc3d0, 7fff8e444080, 7fff8e43c610)
           gmain-605   [002] ....  9527.352767: sys_exit: NR 228 = 0
           gmain-605   [002] ....  9527.352767: sys_enter: NR 1 (4, 7f52c7632bc0, 8, 20, 0, 8)
           gmain-605   [002] ....  9527.352767: sys_exit: NR 1 = 8
           gmain-605   [002] ....  9527.352767: sys_enter: NR 0 (7, 7f52c7631bc0, 1000, 20, 0, 8)
           gmain-605   [002] ....  9527.352767: sys_exit: NR 0 = 32
           gmain-605   [002] ....  9527.352767: sys_enter: NR 1 (4, 7f52c7631b50, 8, 20, 0, 9)
           gmain-605   [002] ....  9527.352767: sys_exit: NR 1 = 8
           gmain-605   [002] ....  9527.352767: sys_enter: NR 1 (4, 7f52c7632bc0, 8, 20, 0, 9)
           gmain-605   [002] ....  9527.352767: sys_exit: NR 1 = 8
           gmain-605   [002] ....  9527.352767: sys_enter: NR 228 (1, 7f52c7632be0, 7f52c7632be0, 20, 7ffccd3cb090, 7f52c7632be0)
 systemd-journal-369   [001] ....  9527.352767: sys_exit: NR 228 = 0
 systemd-journal-369   [001] ....  9527.352767: sys_enter: NR 286 (f, 1, 7fff8e43c580, 0, 431bde82d7b634db, 7fff8e43c610)
 systemd-journal-369   [001] ....  9527.352767: sys_exit: NR 286 = 0
 systemd-journal-369   [001] ....  9527.352767: sys_enter: NR 232 (8, 7fff8e43c380, 20, ffffffff, 0, 7fff8e43c610)
 systemd-journal-369   [001] d...  9527.353077: sched_switch: prev_comm=systemd-journal prev_pid=369 prev_prio=119 prev_state=S ==> next_comm=swapper/1 next_pid=0 next_prio=120
            sshd-980   [003] ....  9527.353503: sys_exit: NR 1 = 132
            sshd-980   [003] ....  9527.353503: sys_enter: NR 228 (7, 7ffee02184f0, 7ffee02184f0, 0, 7ffee02e50f0, 7ffee02184f0)
           gmain-605   [002] ....  9527.353503: sys_exit: NR 228 = 0
           gmain-605   [002] ....  9527.353503: sys_enter: NR 7 (55692c9cb410, 2, 64, 7f52c00028c0, 0, 55692c9e82a0)
            sshd-980   [003] ....  9527.353503: sys_exit: NR 228 = 0
            sshd-980   [003] ....  9527.353503: sys_enter: NR 23 (c, 557f11c3c8a0, 557f11c52f90, 0, 0, 1000)
            sshd-980   [003] d...  9527.353503: sched_switch: prev_comm=sshd prev_pid=980 prev_prio=120 prev_state=S ==> next_comm=rcu_sched next_pid=10 next_prio=120
       rcu_sched-10    [003] d...  9527.353503: sched_switch: prev_comm=rcu_sched prev_pid=10 prev_prio=120 prev_state=I ==> next_comm=swapper/3 next_pid=0 next_prio=120
           gmain-605   [002] ....  9527.353503: sys_exit: NR 7 = 1
           gmain-605   [002] ....  9527.353503: sys_enter: NR 0 (4, 7f52c7632be0, 10, 7f52c00028c0, 0, 55692c9e82a0)
           gmain-605   [002] ....  9527.353503: sys_exit: NR 0 = 8
           gmain-605   [002] ....  9527.353503: sys_enter: NR 228 (1, 7f52c7632bf0, 7f52c7632bf0, 7f52c00028c0, 7ffccd3cb090, 7f52c7632bf0)
           gmain-605   [002] ....  9527.353503: sys_exit: NR 228 = 0
           gmain-605   [002] ....  9527.353503: sys_enter: NR 228 (1, 7f52c7632be0, 7f52c7632be0, 7f52c00028c0, 7ffccd3cb090, 7f52c7632be0)
           gmain-605   [002] ....  9527.353503: sys_exit: NR 228 = 0
           gmain-605   [002] ....  9527.353503: sys_enter: NR 7 (55692c9cb410, 2, 63, 7f52c00028c0, 0, 55692c9e82a0)
           gmain-605   [002] d...  9527.353503: sched_switch: prev_comm=gmain prev_pid=605 prev_prio=120 prev_state=S ==> next_comm=swapper/2 next_pid=0 next_prio=120
          <idle>-0     [003] d...  9527.360614: sched_switch: prev_comm=swapper/3 prev_pid=0 prev_prio=120 prev_state=R ==> next_comm=rcu_sched next_pid=10 next_prio=120
       rcu_sched-10    [003] d...  9527.360614: sched_switch: prev_comm=rcu_sched prev_pid=10 prev_prio=120 prev_state=I ==> next_comm=swapper/3 next_pid=0 next_prio=120
          <idle>-0     [003] d...  9527.364336: sched_switch: prev_comm=swapper/3 prev_pid=0 prev_prio=120 prev_state=R ==> next_comm=rcu_sched next_pid=10 next_prio=120
       rcu_sched-10    [003] d...  9527.364336: sched_switch: prev_comm=rcu_sched prev_pid=10 prev_prio=120 prev_state=I ==> next_comm=swapper/3 next_pid=0 next_prio=120
          <idle>-0     [003] d...  9527.368448: sched_switch: prev_comm=swapper/3 prev_pid=0 prev_prio=120 prev_state=R ==> next_comm=rcu_sched next_pid=10 next_prio=120
       rcu_sched-10    [003] d...  9527.368448: sched_switch: prev_comm=rcu_sched prev_pid=10 prev_prio=120 prev_state=I ==> next_comm=swapper/3 next_pid=0 next_prio=120
          <idle>-0     [003] d...  9527.372639: sched_switch: prev_comm=swapper/3 prev_pid=0 prev_prio=120 prev_state=R ==> next_comm=rcu_sched next_pid=10 next_prio=120
       rcu_sched-10    [003] d...  9527.372639: sched_switch: prev_comm=rcu_sched prev_pid=10 prev_prio=120 prev_state=I ==> next_comm=swapper/3 next_pid=0 next_prio=120
          <idle>-0     [002] d...  9527.455354: sched_switch: prev_comm=swapper/2 prev_pid=0 prev_prio=120 prev_state=R ==> next_comm=gmain next_pid=605 next_prio=120
           gmain-605   [002] ....  9527.455354: sys_exit: NR 7 = 0
           gmain-605   [002] ....  9527.455354: sys_enter: NR 228 (1, 7f52c7632bf0, 7f52c7632bf0, 7f52c00028c0, 7ffccd3cb090, 7f52c7632bf0)
           gmain-605   [002] ....  9527.455354: sys_exit: NR 228 = 0
           gmain-605   [002] ....  9527.455354: sys_enter: NR 1 (4, 7f52c7632bc0, 8, 20, 0, a)
           gmain-605   [002] ....  9527.455354: sys_exit: NR 1 = 8
           gmain-605   [002] ....  9527.455354: sys_enter: NR 0 (7, 7f52c7631bc0, 1000, 20, 0, a)
           gmain-605   [002] ....  9527.455354: sys_exit: NR 0 = -11
           gmain-605   [002] ....  9527.455354: sys_enter: NR 1 (4, 7f52c7631b50, 8, 20, 0, a)
           gmain-605   [002] ....  9527.455354: sys_exit: NR 1 = 8
           gmain-605   [002] ....  9527.455354: sys_enter: NR 1 (4, 7f52c7632bc0, 8, 20, 0, a)
           gmain-605   [002] ....  9527.455354: sys_exit: NR 1 = 8
           gmain-605   [002] ....  9527.455354: sys_enter: NR 228 (1, 7f52c7632be0, 7f52c7632be0, 20, 7ffccd3cb090, 7f52c7632be0)
           gmain-605   [002] ....  9527.455354: sys_exit: NR 228 = 0
           gmain-605   [002] ....  9527.455354: sys_enter: NR 7 (55692c9cb410, 2, 222, 7f52c00028e0, 0, 55692c9e82a0)
           gmain-605   [002] ....  9527.455354: sys_exit: NR 7 = 1
           gmain-605   [002] ....  9527.455354: sys_enter: NR 0 (4, 7f52c7632be0, 10, 7f52c00028e0, 0, 55692c9e82a0)
           gmain-605   [002] ....  9527.455354: sys_exit: NR 0 = 8
           gmain-605   [002] ....  9527.455354: sys_enter: NR 228 (1, 7f52c7632bf0, 7f52c7632bf0, 7f52c00028e0, 7ffccd3cb090, 7f52c7632bf0)
           gmain-605   [002] ....  9527.455354: sys_exit: NR 228 = 0
           gmain-605   [002] ....  9527.455354: sys_enter: NR 228 (1, 7f52c7632be0, 7f52c7632be0, 7f52c00028e0, 7ffccd3cb090, 7f52c7632be0)
           gmain-605   [002] ....  9527.455354: sys_exit: NR 228 = 0
           gmain-605   [002] ....  9527.455354: sys_enter: NR 7 (55692c9cb410, 2, 222, 7f52c00028e0, 0, 55692c9e82a0)
           gmain-605   [002] d...  9527.456533: sched_switch: prev_comm=gmain prev_pid=605 prev_prio=120 prev_state=S ==> next_comm=kworker/2:0 next_pid=2421 next_prio=120
     kworker/2:0-2421  [002] d...  9527.456533: sched_switch: prev_comm=kworker/2:0 prev_pid=2421 prev_prio=120 prev_state=I ==> next_comm=swapper/2 next_pid=0 next_prio=120
          <idle>-0     [002] d...  9527.714908: sched_switch: prev_comm=swapper/2 prev_pid=0 prev_prio=120 prev_state=R ==> next_comm=kworker/2:0 next_pid=2421 next_prio=120
     kworker/2:0-2421  [002] d...  9527.714908: sched_switch: prev_comm=kworker/2:0 prev_pid=2421 prev_prio=120 prev_state=I ==> next_comm=swapper/2 next_pid=0 next_prio=120
          <idle>-0     [001] d...  9527.754730: sched_switch: prev_comm=swapper/1 prev_pid=0 prev_prio=120 prev_state=R ==> next_comm=systemd-journal next_pid=369 next_prio=119
 systemd-journal-369   [001] ....  9527.754730: sys_exit: NR 232 = 1
 systemd-journal-369   [001] ....  9527.754730: sys_enter: NR 228 (0, 7fff8e43c340, 7fff8e43c340, ffffffff, 7fff8e444080, 7fff8e43c340)
 systemd-journal-369   [001] ....  9527.754730: sys_exit: NR 228 = 0
 systemd-journal-369   [001] ....  9527.754730: sys_enter: NR 228 (1, 7fff8e43c340, 7fff8e43c340, ffffffff, 7fff8e444090, 7fff8e43c340)
