            bash-981   [003] ....  9532.776018: sys_enter: NR 270 (1, 7ffe8fac8cc0, 0, 0, 0, 7ffe8fac8bf0)
            bash-981   [003] d...  9532.776018: sched_switch: prev_comm=bash prev_pid=981 prev_prio=120 prev_state=S ==> next_comm=swapper/3 next_pid=0 next_prio=120
          <idle>-0     [000] d...  9532.777018: sched_switch: prev_comm=swapper/0 prev_pid=0 prev_prio=120 prev_state=R ==> next_comm=sshd next_pid=980 next_prio=120
            sshd-980   [000] ....  9532.777018: sys_exit: NR 23 = 1
            sshd-980   [000] ....  9532.777018: sys_enter: NR 14 (0, 7ffee0218580, 7ffee0218500, 8, 0, 1000)
            sshd-980   [000] ....  9532.777018: sys_exit: NR 14 = 0
            sshd-980   [000] ....  9532.777018: sys_enter: NR 14 (2, 7ffee0218500, 0, 8, 0, 1000)
            sshd-980   [000] ....  9532.777018: sys_exit: NR 14 = 0
            sshd-980   [000] ....  9532.777018: sys_enter: NR 228 (7, 7ffee02185a0, 7ffee02185a0, 8, 7ffee02e50f0, 7ffee02185a0)
            sshd-980   [000] ....  9532.777018: sys_exit: NR 228 = 0
            sshd-980   [000] ....  9532.777018: sys_enter: NR 0 (b, 7ffee02144e0, 4000, 8, 7ffee02e50f0, 7ffee02185a0)
            sshd-980   [000] ....  9532.777018: sys_exit: NR 0 = 1
            sshd-980   [000] ....  9532.777018: sys_enter: NR 39 (557f11c39eaf, 5, f, 0, 1, 100)
            sshd-980   [000] ....  9532.777018: sys_exit: NR 39 = 980
            sshd-980   [000] ....  9532.777018: sys_enter: NR 228 (7, 7ffee02184f0, 7ffee02184f0, 0, 7ffee02e50f0, 7ffee02184f0)
            sshd-980   [000] ....  9532.777018: sys_exit: NR 228 = 0
            sshd-980   [000] ....  9532.777018: sys_enter: NR 23 (c, 557f11c3c8a0, 557f11c52f90, 0, 0, 1000)
            sshd-980   [000] ....  9532.777018: sys_exit: NR 23 = 1
            sshd-980   [000] ....  9532.777018: sys_enter: NR 14 (0, 7ffee0218580, 7ffee0218500, 8, 0, 1000)
            sshd-980   [000] ....  9532.777018: sys_exit: NR 14 = 0
            sshd-980   [000] ....  9532.777018: sys_enter: NR 14 (2, 7ffee0218500, 0, 8, 0, 1000)
            sshd-980   [000] ....  9532.777018: sys_exit: NR 14 = 0
            sshd-980   [000] ....  9532.777018: sys_enter: NR 228 (7, 7ffee02185a0, 7ffee02185a0, 8, 7ffee02e50f0, 7ffee02185a0)
            sshd-980   [000] ....  9532.777018: sys_exit: NR 228 = 0
            sshd-980   [000] ....  9532.777018: sys_enter: NR 1 (3, 557f11c57b30, 24, 8, 7ffee02e50f0, 7ffee02185a0)
            sshd-980   [000] d...  9532.781150: sched_switch: prev_comm=sshd prev_pid=980 prev_prio=120 prev_state=R+ ==> next_comm=ksoftirqd/0 next_pid=9 next_prio=120
     ksoftirqd/0-9     [000] d...  9532.781150: sched_switch: prev_comm=ksoftirqd/0 prev_pid=9 prev_prio=120 prev_state=S ==> next_comm=sshd next_pid=980 next_prio=120
            sshd-980   [000] ....  9532.781150: sys_exit: NR 1 = 36
            sshd-980   [000] ....  9532.781150: sys_enter: NR 228 (7, 7ffee02184f0, 7ffee02184f0, 0, 7ffee02e50f0, 7ffee02184f0)
            sshd-980   [000] ....  9532.781150: sys_exit: NR 228 = 0
            sshd-980   [000] ....  9532.781150: sys_enter: NR 23 (c, 557f11c3c8a0, 557f11c52f90, 0, 0, 1000)
            sshd-980   [000] d...  9532.781150: sched_switch: prev_comm=sshd prev_pid=980 prev_prio=120 prev_state=S ==> next_comm=swapper/0 next_pid=0 next_prio=120
          <idle>-0     [000] d...  9532.823275: sched_switch: prev_comm=swapper/0 prev_pid=0 prev_prio=120 prev_state=R ==> next_comm=sshd next_pid=980 next_prio=120
            sshd-980   [000] ....  9532.823275: sys_exit: NR 23 = 1
            sshd-980   [000] ....  9532.823275: sys_enter: NR 14 (0, 7ffee0218580, 7ffee0218500, 8, 0, 1000)
            sshd-980   [000] ....  9532.823275: sys_exit: NR 14 = 0
            sshd-980   [000] ....  9532.823275: sys_enter: NR 14 (2, 7ffee0218500, 0, 8, 0, 1000)
            sshd-980   [000] ....  9532.823275: sys_exit: NR 14 = 0
            sshd-980   [000] ....  9532.823275: sys_enter: NR 228 (7, 7ffee02185a0, 7ffee02185a0, 8, 7ffee02e50f0, 7ffee02185a0)
            sshd-980   [000] ....  9532.823275: sys_exit: NR 228 = 0
            sshd-980   [000] ....  9532.823275: sys_enter: NR 0 (3, 7ffee0214610, 4000, 8, 7ffee02e50f0, 7ffee02185a0)
            sshd-980   [000] ....  9532.823275: sys_exit: NR 0 = 36
            sshd-980   [000] ....  9532.823275: sys_enter: NR 228 (7, 7ffee02184f0, 7ffee02184f0, 0, 7ffee02e50f0, 7ffee02184f0)
            sshd-980   [000] ....  9532.823275: sys_exit: NR 228 = 0
            sshd-980   [000] ....  9532.823275: sys_enter: NR 23 (c, 557f11c3c8a0, 557f11c52f90, 0, 0, 1000)
            sshd-980   [000] ....  9532.823275: sys_exit: NR 23 = 1
            sshd-980   [000] ....  9532.823275: sys_enter: NR 14 (0, 7ffee0218580, 7ffee0218500, 8, 0, 1000)
            sshd-980   [000] ....  9532.823275: sys_exit: NR 14 = 0
            sshd-980   [000] ....  9532.823275: sys_enter: NR 14 (2, 7ffee0218500, 0, 8, 0, 1000)
            sshd-980   [000] ....  9532.823275: sys_exit: NR 14 = 0
            sshd-980   [000] ....  9532.823275: sys_enter: NR 228 (7, 7ffee02185a0, 7ffee02185a0, 8, 7ffee02e50f0, 7ffee02185a0)
            sshd-980   [000] ....  9532.824458: sys_exit: NR 228 = 0
            sshd-980   [000] ....  9532.824458: sys_enter: NR 1 (9, 557f11c548c0, 1, 8, 0, 0)
            sshd-980   [000] ....  9532.824458: sys_exit: NR 1 = 1
            sshd-980   [000] ....  9532.825470: sys_enter: NR 16 (9, 5401, 7ffee02184e0, 8, 7ffee0218540, 0)
            sshd-980   [000] ....  9532.825470: sys_exit: NR 16 = 0
            sshd-980   [000] ....  9532.825470: sys_enter: NR 228 (7, 7ffee02184f0, 7ffee02184f0, 0, 7ffee02e50f0, 7ffee02184f0)
            sshd-980   [000] ....  9532.825470: sys_exit: NR 228 = 0
            sshd-980   [000] ....  9532.825470: sys_enter: NR 23 (c, 557f11c3c8a0, 557f11c52f90, 0, 0, 1000)
            sshd-980   [000] d...  9532.825470: sched_switch: prev_comm=sshd prev_pid=980 prev_prio=120 prev_state=S ==> next_comm=swapper/0 next_pid=0 next_prio=120
          <idle>-0     [003] d...  9532.825470: sched_switch: prev_comm=swapper/3 prev_pid=0 prev_prio=120 prev_state=R ==> next_comm=kworker/u8:2 next_pid=2357 next_prio=120
    kworker/u8:2-2357  [003] d...  9532.825470: sched_switch: prev_comm=kworker/u8:2 prev_pid=2357 prev_prio=120 prev_state=I ==> next_comm=bash next_pid=981 next_prio=120
            bash-981   [003] ....  9532.825470: sys_exit: NR 270 = 1
            bash-981   [003] ....  9532.825470: sys_enter: NR 0 (0, 7ffe8fac8c3f, 1, 0, 0, 7ffe8fac8bf0)
            bash-981   [003] ....  9532.825470: sys_exit: NR 0 = 1
            bash-981   [003] ....  9532.825470: sys_enter: NR 23 (1, 7ffe8fac8be0, 0, 7ffe8fac8c60, 7ffe8fac8bd0, 7f54c24083a0)
            bash-981   [003] ....  9532.825470: sys_exit: NR 23 = 0
            bash-981   [003] ....  9532.825470: sys_enter: NR 1 (2, 55ee544b97c0, 1, 0, 7f54c26878b0, 7f54c2ccd740)
            bash-981   [003] .N..  9532.825470: sys_exit: NR 1 = 1
            bash-981   [003] d...  9532.825470: sched_switch: prev_comm=bash prev_pid=981 prev_prio=120 prev_state=R ==> next_comm=kworker/u8:2 next_pid=2357 next_prio=120
    kworker/u8:2-2357  [003] d...  9532.825470: sched_switch: prev_comm=kworker/u8:2 prev_pid=2357 prev_prio=120 prev_state=I ==> next_comm=bash next_pid=981 next_prio=120
            bash-981   [003] ....  9532.825470: sys_enter: NR 270 (1, 7ffe8fac8cc0, 0, 0, 0, 7ffe8fac8bf0)
            bash-981   [003] d...  9532.825470: sched_switch: prev_comm=bash prev_pid=981 prev_prio=120 prev_state=S ==> next_comm=swapper/3 next_pid=0 next_prio=120
          <idle>-0     [000] d...  9532.825981: sched_switch: prev_comm=swapper/0 prev_pid=0 prev_prio=120 prev_state=R ==> next_comm=sshd next_pid=980 next_prio=120
            sshd-980   [000] ....  9532.825981: sys_exit: NR 23 = 1
            sshd-980   [000] ....  9532.825981: sys_enter: NR 14 (0, 7ffee0218580, 7ffee0218500, 8, 0, 1000)
            sshd-980   [000] ....  9532.825981: sys_exit: NR 14 = 0
            sshd-980   [000] ....  9532.825981: sys_enter: NR 14 (2, 7ffee0218500, 0, 8, 0, 1000)
            sshd-980   [000] ....  9532.825981: sys_exit: NR 14 = 0
            sshd-980   [000] ....  9532.825981: sys_enter: NR 228 (7, 7ffee02185a0, 7ffee02185a0, 8, 7ffee02e50f0, 7ffee02185a0)
            sshd-980   [000] ....  9532.828172: sys_exit: NR 228 = 0
            sshd-980   [000] ....  9532.828172: sys_enter: NR 0 (b, 7ffee02144e0, 4000, 8, 7ffee02e50f0, 7ffee02185a0)
            sshd-980   [000] ....  9532.828172: sys_exit: NR 0 = 1
            sshd-980   [000] ....  9532.828172: sys_enter: NR 39 (557f11c39eaf, 5, f, 0, 1, 100)
            sshd-980   [000] ....  9532.828172: sys_exit: NR 39 = 980
            sshd-980   [000] ....  9532.828172: sys_enter: NR 228 (7, 7ffee02184f0, 7ffee02184f0, 0, 7ffee02e50f0, 7ffee02184f0)
            sshd-980   [000] ....  9532.828172: sys_exit: NR 228 = 0
            sshd-980   [000] ....  9532.828172: sys_enter: NR 23 (c, 557f11c3c8a0, 557f11c52f90, 0, 0, 1000)
            sshd-980   [000] ....  9532.828172: sys_exit: NR 23 = 1
            sshd-980   [000] ....  9532.828172: sys_enter: NR 14 (0, 7ffee0218580, 7ffee0218500, 8, 0, 1000)
            sshd-980   [000] ....  9532.828172: sys_exit: NR 14 = 0
            sshd-980   [000] ....  9532.828172: sys_enter: NR 14 (2, 7ffee0218500, 0, 8, 0, 1000)
            sshd-980   [000] ....  9532.828172: sys_exit: NR 14 = 0
            sshd-980   [000] ....  9532.828172: sys_enter: NR 228 (7, 7ffee02185a0, 7ffee02185a0, 8, 7ffee02e50f0, 7ffee02185a0)
            sshd-980   [000] ....  9532.828172: sys_exit: NR 228 = 0
            sshd-980   [000] ....  9532.828172: sys_enter: NR 1 (3, 557f11c57b30, 24, 8, 7ffee02e50f0, 7ffee02185a0)
            sshd-980   [000] d...  9532.830348: sched_switch: prev_comm=sshd prev_pid=980 prev_prio=120 prev_state=R+ ==> next_comm=ksoftirqd/0 next_pid=9 next_prio=120
     ksoftirqd/0-9     [000] d...  9532.830348: sched_switch: prev_comm=ksoftirqd/0 prev_pid=9 prev_prio=120 prev_state=S ==> next_comm=sshd next_pid=980 next_prio=120
            sshd-980   [000] ....  9532.830348: sys_exit: NR 1 = 36
            sshd-980   [000] ....  9532.830348: sys_enter: NR 228 (7, 7ffee02184f0, 7ffee02184f0, 0, 7ffee02e50f0, 7ffee02184f0)
            sshd-980   [000] ....  9532.830348: sys_exit: NR 228 = 0
            sshd-980   [000] ....  9532.830348: sys_enter: NR 23 (c, 557f11c3c8a0, 557f11c52f90, 0, 0, 1000)
            sshd-980   [000] d...  9532.830348: sched_switch: prev_comm=sshd prev_pid=980 prev_prio=120 prev_state=S ==> next_comm=swapper/0 next_pid=0 next_prio=120
          <idle>-0     [002] d...  9532.896743: sched_switch: prev_comm=swapper/2 prev_pid=0 prev_prio=120 prev_state=R ==> next_comm=kworker/2:1H next_pid=175 next_prio=100
    kworker/2:1H-175   [002] d...  9532.896743: sched_switch: prev_comm=kworker/2:1H prev_pid=175 prev_prio=100 prev_state=I ==> next_comm=kworker/2:0 next_pid=2421 next_prio=120
     kworker/2:0-2421  [002] d...  9532.896743: sched_switch: prev_comm=kworker/2:0 prev_pid=2421 prev_prio=120 prev_state=I ==> next_comm=swapper/2 next_pid=0 next_prio=120
          <idle>-0     [000] d...  9532.995093: sched_switch: prev_comm=swapper/0 prev_pid=0 prev_prio=120 prev_state=R ==> next_comm=sshd next_pid=980 next_prio=120
            sshd-980   [000] ....  9532.995093: sys_exit: NR 23 = 1
            sshd-980   [000] ....  9532.995093: sys_enter: NR 14 (0, 7ffee0218580, 7ffee0218500, 8, 0, 1000)
            sshd-980   [000] ....  9532.995093: sys_exit: NR 14 = 0
            sshd-980   [000] ....  9532.995093: sys_enter: NR 14 (2, 7ffee0218500, 0, 8, 0, 1000)
            sshd-980   [000] ....  9532.995093: sys_exit: NR 14 = 0
            sshd-980   [000] ....  9532.995093: sys_enter: NR 228 (7, 7ffee02185a0, 7ffee02185a0, 8, 7ffee02e50f0, 7ffee02185a0)
            sshd-980   [000] ....  9532.995093: sys_exit: NR 228 = 0
            sshd-980   [000] ....  9532.995093: sys_enter: NR 0 (3, 7ffee0214610, 4000, 8, 7ffee02e50f0, 7ffee02185a0)
            sshd-980   [000] ....  9532.996401: sys_exit: NR 0 = 36
            sshd-980   [000] ....  9532.996401: sys_enter: NR 228 (7, 7ffee02184f0, 7ffee02184f0, 0, 7ffee02e50f0, 7ffee02184f0)
            sshd-980   [000] ....  9532.996401: sys_exit: NR 228 = 0
            sshd-980   [000] ....  9532.996401: sys_enter: NR 23 (c, 557f11c3c8a0, 557f11c52f90, 0, 0, 1000)
            sshd-980   [000] ....  9532.996401: sys_exit: NR 23 = 1
            sshd-980   [000] ....  9532.996401: sys_enter: NR 14 (0, 7ffee0218580, 7ffee0218500, 8, 0, 1000)
            sshd-980   [000] ....  9532.996401: sys_exit: NR 14 = 0
            sshd-980   [000] ....  9532.996401: sys_enter: NR 14 (2, 7ffee0218500, 0, 8, 0, 1000)
            sshd-980   [000] ....  9532.996401: sys_exit: NR 14 = 0
            sshd-980   [000] ....  9532.996401: sys_enter: NR 228 (7, 7ffee02185a0, 7ffee02185a0, 8, 7ffee02e50f0, 7ffee02185a0)
            sshd-980   [000] ....  9532.996401: sys_exit: NR 228 = 0
            sshd-980   [000] ....  9532.996401: sys_enter: NR 1 (9, 557f11c548c0, 1, 8, 0, 0)
            sshd-980   [000] ....  9532.996850: sys_exit: NR 1 = 1
            sshd-980   [000] ....  9532.996850: sys_enter: NR 16 (9, 5401, 7ffee02184e0, 8, 7ffee0218540, 0)
            sshd-980   [000] ....  9532.996850: sys_exit: NR 16 = 0
            sshd-980   [000] ....  9532.997490: sys_enter: NR 228 (7, 7ffee02184f0, 7ffee02184f0, 0, 7ffee02e50f0, 7ffee02184f0)
            sshd-980   [000] ....  9532.997490: sys_exit: NR 228 = 0
            sshd-980   [000] ....  9532.997490: sys_enter: NR 23 (c, 557f11c3c8a0, 557f11c52f90, 0, 0, 1000)
            sshd-980   [000] d...  9532.997490: sched_switch: prev_comm=sshd prev_pid=980 prev_prio=120 prev_state=S ==> next_comm=swapper/0 next_pid=0 next_prio=120
          <idle>-0     [003] d...  9532.997490: sched_switch: prev_comm=swapper/3 prev_pid=0 prev_prio=120 prev_state=R ==> next_comm=kworker/u8:2 next_pid=2357 next_prio=120
    kworker/u8:2-2357  [003] d...  9532.997490: sched_switch: prev_comm=kworker/u8:2 prev_pid=2357 prev_prio=120 prev_state=I ==> next_comm=bash next_pid=981 next_prio=120
            bash-981   [003] ....  9532.997490: sys_exit: NR 270 = 1
            bash-981   [003] ....  9532.997490: sys_enter: NR 0 (0, 7ffe8fac8c3f, 1, 0, 0, 7ffe8fac8bf0)
            bash-981   [003] ....  9532.997490: sys_exit: NR 0 = 1
            bash-981   [003] ....  9532.997490: sys_enter: NR 23 (1, 7ffe8fac8be0, 0, 7ffe8fac8c60, 7ffe8fac8bd0, 7f54c24083a0)
            bash-981   [003] ....  9532.997490: sys_exit: NR 23 = 0
            bash-981   [003] ....  9532.997490: sys_enter: NR 1 (2, 55ee544b97c0, 1, 0, 7f54c26878b0, 7f54c2ccd740)
            bash-981   [003] .N..  9532.997490: sys_exit: NR 1 = 1
            bash-981   [003] d...  9532.997490: sched_switch: prev_comm=bash prev_pid=981 prev_prio=120 prev_state=R ==> next_comm=kworker/u8:2 next_pid=2357 next_prio=120
    kworker/u8:2-2357  [003] d...  9532.997490: sched_switch: prev_comm=kworker/u8:2 prev_pid=2357 prev_prio=120 prev_state=I ==> next_comm=bash next_pid=981 next_prio=120
            bash-981   [003] ....  9532.997490: sys_enter: NR 270 (1, 7ffe8fac8cc0, 0, 0, 0, 7ffe8fac8bf0)
            bash-981   [003] d...  9532.997490: sched_switch: prev_comm=bash prev_pid=981 prev_prio=120 prev_state=S ==> next_comm=swapper/3 next_pid=0 next_prio=120
          <idle>-0     [000] d...  9532.999120: sched_switch: prev_comm=swapper/0 prev_pid=0 prev_prio=120 prev_state=R ==> next_comm=sshd next_pid=980 next_prio=120
            sshd-980   [000] ....  9532.999120: sys_exit: NR 23 = 1
            sshd-980   [000] ....  9532.999120: sys_enter: NR 14 (0, 7ffee0218580, 7ffee0218500, 8, 0, 1000)
            sshd-980   [000] ....  9532.999120: sys_exit: NR 14 = 0
            sshd-980   [000] ....  9532.999120: sys_enter: NR 14 (2, 7ffee0218500, 0, 8, 0, 1000)
            sshd-980   [000] ....  9532.999120: sys_exit: NR 14 = 0
            sshd-980   [000] ....  9532.999120: sys_enter: NR 228 (7, 7ffee02185a0, 7ffee02185a0, 8, 7ffee02e50f0, 7ffee02185a0)
            sshd-980   [000] ....  9532.999120: sys_exit: NR 228 = 0
            sshd-980   [000] ....  9532.999120: sys_enter: NR 0 (b, 7ffee02144e0, 4000, 8, 7ffee02e50f0, 7ffee02185a0)
            sshd-980   [000] ....  9532.999120: sys_exit: NR 0 = 1
            sshd-980   [000] ....  9532.999120: sys_enter: NR 39 (557f11c39eaf, 5, f, 0, 1, 100)
            sshd-980   [000] ....  9532.999120: sys_exit: NR 39 = 980
            sshd-980   [000] ....  9532.999120: sys_enter: NR 228 (7, 7ffee02184f0, 7ffee02184f0, 0, 7ffee02e50f0, 7ffee02184f0)
            sshd-980   [000] ....  9532.999120: sys_exit: NR 228 = 0
            sshd-980   [000] ....  9532.999120: sys_enter: NR 23 (c, 557f11c3c8a0, 557f11c52f90, 0, 0, 1000)
            sshd-980   [000] ....  9532.999120: sys_exit: NR 23 = 1
            sshd-980   [000] ....  9532.999120: sys_enter: NR 14 (0, 7ffee0218580, 7ffee0218500, 8, 0, 1000)
            sshd-980   [000] ....  9532.999120: sys_exit: NR 14 = 0
            sshd-980   [000] ....  9532.999120: sys_enter: NR 14 (2, 7ffee0218500, 0, 8, 0, 1000)
            sshd-980   [000] ....  9532.999120: sys_exit: NR 14 = 0
            sshd-980   [000] ....  9532.999120: sys_enter: NR 228 (7, 7ffee02185a0, 7ffee02185a0, 8, 7ffee02e50f0, 7ffee02185a0)
            sshd-980   [000] ....  9532.999120: sys_exit: NR 228 = 0
            sshd-980   [000] ....  9532.999120: sys_enter: NR 1 (3, 557f11c57b30, 24, 8, 7ffee02e50f0, 7ffee02185a0)
            sshd-980   [000] d...  9533.001206: sched_switch: prev_comm=sshd prev_pid=980 prev_prio=120 prev_state=R+ ==> next_comm=ksoftirqd/0 next_pid=9 next_prio=120
     ksoftirqd/0-9     [000] d...  9533.001206: sched_switch: prev_comm=ksoftirqd/0 prev_pid=9 prev_prio=120 prev_state=S ==> next_comm=sshd next_pid=980 next_prio=120
            sshd-980   [000] ....  9533.001206: sys_exit: NR 1 = 36
            sshd-980   [000] ....  9533.001206: sys_enter: NR 228 (7, 7ffee02184f0, 7ffee02184f0, 0, 7ffee02e50f0, 7ffee02184f0)
            sshd-980   [000] ....  9533.001206: sys_exit: NR 228 = 0
            sshd-980   [000] ....  9533.001206: sys_enter: NR 23 (c, 557f11c3c8a0, 557f11c52f90, 0, 0, 1000)
            sshd-980   [000] d...  9533.001206: sched_switch: prev_comm=sshd prev_pid=980 prev_prio=120 prev_state=S ==> next_comm=swapper/0 next_pid=0 next_prio=120
          <idle>-0     [000] d...  9533.055193: sched_switch: prev_comm=swapper/0 prev_pid=0 prev_prio=120 prev_state=R ==> next_comm=sshd next_pid=980 next_prio=120
            sshd-980   [000] ....  9533.055193: sys_exit: NR 23 = 1
            sshd-980   [000] ....  9533.055193: sys_enter: NR 14 (0, 7ffee0218580, 7ffee0218500, 8, 0, 1000)
            sshd-980   [000] ....  9533.055193: sys_exit: NR 14 = 0
            sshd-980   [000] ....  9533.055193: sys_enter: NR 14 (2, 7ffee0218500, 0, 8, 0, 1000)
            sshd-980   [000] ....  9533.055193: sys_exit: NR 14 = 0
            sshd-980   [000] ....  9533.055193: sys_enter: NR 228 (7, 7ffee02185a0, 7ffee02185a0, 8, 7ffee02e50f0, 7ffee02185a0)
            sshd-980   [000] ....  9533.056611: sys_exit: NR 228 = 0
            sshd-980   [000] ....  9533.056611: sys_enter: NR 0 (3, 7ffee0214610, 4000, 8, 7ffee02e50f0, 7ffee02185a0)
            sshd-980   [000] ....  9533.056611: sys_exit: NR 0 = 36
            sshd-980   [000] ....  9533.056611: sys_enter: NR 228 (7, 7ffee02184f0, 7ffee02184f0, 0, 7ffee02e50f0, 7ffee02184f0)
            sshd-980   [000] ....  9533.057611: sys_exit: NR 228 = 0
            sshd-980   [000] ....  9533.057611: sys_enter: NR 23 (c, 557f11c3c8a0, 557f11c52f90, 0, 0, 1000)
            sshd-980   [000] ....  9533.057611: sys_exit: NR 23 = 1
            sshd-980   [000] ....  9533.057611: sys_enter: NR 14 (0, 7ffee0218580, 7ffee0218500, 8, 0, 1000)
            sshd-980   [000] ....  9533.057611: sys_exit: NR 14 = 0
            sshd-980   [000] ....  9533.057611: sys_enter: NR 14 (2, 7ffee0218500, 0, 8, 0, 1000)
            sshd-980   [000] ....  9533.057611: sys_exit: NR 14 = 0
            sshd-980   [000] ....  9533.057611: sys_enter: NR 228 (7, 7ffee02185a0, 7ffee02185a0, 8, 7ffee02e50f0, 7ffee02185a0)
            sshd-980   [000] ....  9533.057611: sys_exit: NR 228 = 0
            sshd-980   [000] ....  9533.057611: sys_enter: NR 1 (9, 557f11c548c0, 1, 8, 0, 0)
            sshd-980   [000] ....  9533.058057: sys_exit: NR 1 = 1
            sshd-980   [000] ....  9533.058057: sys_enter: NR 16 (9, 5401, 7ffee02184e0, 8, 7ffee0218540, 0)
            sshd-980   [000] ....  9533.058057: sys_exit: NR 16 = 0
            sshd-980   [000] ....  9533.058057: sys_enter: NR 228 (7, 7ffee02184f0, 7ffee02184f0, 0, 7ffee02e50f0, 7ffee02184f0)
            sshd-980   [000] ....  9533.058057: sys_exit: NR 228 = 0
            sshd-980   [000] ....  9533.058057: sys_enter: NR 23 (c, 557f11c3c8a0, 557f11c52f90, 0, 0, 1000)
            sshd-980   [000] d...  9533.058057: sched_switch: prev_comm=sshd prev_pid=980 prev_prio=120 prev_state=S ==> next_comm=swapper/0 next_pid=0 next_prio=120
          <idle>-0     [003] d...  9533.059320: sched_switch: prev_comm=swapper/3 prev_pid=0 prev_prio=120 prev_state=R ==> next_comm=kworker/u8:2 next_pid=2357 next_prio=120
    kworker/u8:2-2357  [003] d...  9533.059320: sched_switch: prev_comm=kworker/u8:2 prev_pid=2357 prev_prio=120 prev_state=I ==> next_comm=bash next_pid=981 next_prio=120
            bash-981   [003] ....  9533.059320: sys_exit: NR 270 = 1
            bash-981   [003] ....  9533.059320: sys_enter: NR 0 (0, 7ffe8fac8c3f, 1, 0, 0, 7ffe8fac8bf0)
            bash-981   [003] ....  9533.059320: sys_exit: NR 0 = 1
            bash-981   [003] ....  9533.059320: sys_enter: NR 23 (1, 7ffe8fac8be0, 0, 7ffe8fac8c60, 7ffe8fac8bd0, 7f54c24083a0)
            bash-981   [003] ....  9533.059320: sys_exit: NR 23 = 0
            bash-981   [003] ....  9533.059320: sys_enter: NR 1 (2, 55ee544b97c0, 1, 0, 7f54c26878b0, 7f54c2ccd740)
            bash-981   [003] .N..  9533.059320: sys_exit: NR 1 = 1
            bash-981   [003] d...  9533.059320: sched_switch: prev_comm=bash prev_pid=981 prev_prio=120 prev_state=R ==> next_comm=kworker/u8:2 next_pid=2357 next_prio=120
    kworker/u8:2-2357  [003] d...  9533.059320: sched_switch: prev_comm=kworker/u8:2 prev_pid=2357 prev_prio=120 prev_state=I ==> next_comm=bash next_pid=981 next_prio=120
            bash-981   [003] ....  9533.059320: sys_enter: NR 270 (1, 7ffe8fac8cc0, 0, 0, 0, 7ffe8fac8bf0)
            bash-981   [003] d...  9533.059320: sched_switch: prev_comm=bash prev_pid=981 prev_prio=120 prev_state=S ==> next_comm=swapper/3 next_pid=0 next_prio=120
          <idle>-0     [000] d...  9533.059889: sched_switch: prev_comm=swapper/0 prev_pid=0 prev_prio=120 prev_state=R ==> next_comm=sshd next_pid=980 next_prio=120
            sshd-980   [000] ....  9533.059889: sys_exit: NR 23 = 1
            sshd-980   [000] ....  9533.059889: sys_enter: NR 14 (0, 7ffee0218580, 7ffee0218500, 8, 0, 1000)
            sshd-980   [000] ....  9533.059889: sys_exit: NR 14 = 0
            sshd-980   [000] ....  9533.059889: sys_enter: NR 14 (2, 7ffee0218500, 0, 8, 0, 1000)
            sshd-980   [000] ....  9533.059889: sys_exit: NR 14 = 0
            sshd-980   [000] ....  9533.059889: sys_enter: NR 228 (7, 7ffee02185a0, 7ffee02185a0, 8, 7ffee02e50f0, 7ffee02185a0)
            sshd-980   [000] ....  9533.060870: sys_exit: NR 228 = 0
            sshd-980   [000] ....  9533.060870: sys_enter: NR 0 (b, 7ffee02144e0, 4000, 8, 7ffee02e50f0, 7ffee02185a0)
            sshd-980   [000] ....  9533.060870: sys_exit: NR 0 = 1
            sshd-980   [000] ....  9533.060870: sys_enter: NR 39 (557f11c39eaf, 5, f, 0, 1, 100)
            sshd-980   [000] ....  9533.060870: sys_exit: NR 39 = 980
            sshd-980   [000] ....  9533.060870: sys_enter: NR 228 (7, 7ffee02184f0, 7ffee02184f0, 0, 7ffee02e50f0, 7ffee02184f0)
            sshd-980   [000] ....  9533.061387: sys_exit: NR 228 = 0
            sshd-980   [000] ....  9533.061387: sys_enter: NR 23 (c, 557f11c3c8a0, 557f11c52f90, 0, 0, 1000)
            sshd-980   [000] ....  9533.061387: sys_exit: NR 23 = 1
            sshd-980   [000] ....  9533.061387: sys_enter: NR 14 (0, 7ffee0218580, 7ffee0218500, 8, 0, 1000)
            sshd-980   [000] ....  9533.061387: sys_exit: NR 14 = 0
            sshd-980   [000] ....  9533.061387: sys_enter: NR 14 (2, 7ffee0218500, 0, 8, 0, 1000)
            sshd-980   [000] ....  9533.061387: sys_exit: NR 14 = 0
            sshd-980   [000] ....  9533.061387: sys_enter: NR 228 (7, 7ffee02185a0, 7ffee02185a0, 8, 7ffee02e50f0, 7ffee02185a0)
            sshd-980   [000] ....  9533.061387: sys_exit: NR 228 = 0
            sshd-980   [000] ....  9533.061387: sys_enter: NR 1 (3, 557f11c57b30, 24, 8, 7ffee02e50f0, 7ffee02185a0)
            sshd-980   [000] d...  9533.064415: sched_switch: prev_comm=sshd prev_pid=980 prev_prio=120 prev_state=R+ ==> next_comm=ksoftirqd/0 next_pid=9 next_prio=120
     ksoftirqd/0-9     [000] d...  9533.064415: sched_switch: prev_comm=ksoftirqd/0 prev_pid=9 prev_prio=120 prev_state=S ==> next_comm=sshd next_pid=980 next_prio=120
            sshd-980   [000] ....  9533.064415: sys_exit: NR 1 = 36
            sshd-980   [000] ....  9533.064415: sys_enter: NR 228 (7, 7ffee02184f0, 7ffee02184f0, 0, 7ffee02e50f0, 7ffee02184f0)
            sshd-980   [000] ....  9533.064415: sys_exit: NR 228 = 0
            sshd-980   [000] ....  9533.064415: sys_enter: NR 23 (c, 557f11c3c8a0, 557f11c52f90, 0, 0, 1000)
            sshd-980   [000] d...  9533.064415: sched_switch: prev_comm=sshd prev_pid=980 prev_prio=120 prev_state=S ==> next_comm=swapper/0 next_pid=0 next_prio=120
          <idle>-0     [000] d...  9533.192785: sched_switch: prev_comm=swapper/0 prev_pid=0 prev_prio=120 prev_state=R ==> next_comm=sshd next_pid=980 next_prio=120
            sshd-980   [000] ....  9533.192785: sys_exit: NR 23 = 1
            sshd-980   [000] ....  9533.192785: sys_enter: NR 14 (0, 7ffee0218580, 7ffee0218500, 8, 0, 1000)
            sshd-980   [000] ....  9533.192785: sys_exit: NR 14 = 0
            sshd-980   [000] ....  9533.192785: sys_enter: NR 14 (2, 7ffee0218500, 0, 8, 0, 1000)
            sshd-980   [000] ....  9533.192785: sys_exit: NR 14 = 0
            sshd-980   [000] ....  9533.192785: sys_enter: NR 228 (7, 7ffee02185a0, 7ffee02185a0, 8, 7ffee02e50f0, 7ffee02185a0)
            sshd-980   [000] ....  9533.196468: sys_exit: NR 228 = 0
            sshd-980   [000] ....  9533.196468: sys_enter: NR 0 (3, 7ffee0214610, 4000, 8, 7ffee02e50f0, 7ffee02185a0)
            sshd-980   [000] ....  9533.196468: sys_exit: NR 0 = 36
            sshd-980   [000] ....  9533.196468: sys_enter: NR 228 (7, 7ffee02184f0, 7ffee02184f0, 0, 7ffee02e50f0, 7ffee02184f0)
            sshd-980   [000] ....  9533.196468: sys_exit: NR 228 = 0
            sshd-980   [000] ....  9533.196468: sys_enter: NR 23 (c, 557f11c3c8a0, 557f11c52f90, 0, 0, 1000)
            sshd-980   [000] ....  9533.196468: sys_exit: NR 23 = 1
            sshd-980   [000] ....  9533.196468: sys_enter: NR 14 (0, 7ffee0218580, 7ffee0218500, 8, 0, 1000)
            sshd-980   [000] ....  9533.196468: sys_exit: NR 14 = 0
            sshd-980   [000] ....  9533.196468: sys_enter: NR 14 (2, 7ffee0218500, 0, 8, 0, 1000)
            sshd-980   [000] ....  9533.196468: sys_exit: NR 14 = 0
            sshd-980   [000] ....  9533.196468: sys_enter: NR 228 (7, 7ffee02185a0, 7ffee02185a0, 8, 7ffee02e50f0, 7ffee02185a0)
            sshd-980   [000] ....  9533.196468: sys_exit: NR 228 = 0
            sshd-980   [000] ....  9533.196468: sys_enter: NR 1 (9, 557f11c548c0, 1, 8, 0, 0)
            sshd-980   [000] ....  9533.196543: sys_exit: NR 1 = 1
            sshd-980   [000] ....  9533.196543: sys_enter: NR 16 (9, 5401, 7ffee02184e0, 8, 7ffee0218540, 0)
            sshd-980   [000] ....  9533.196543: sys_exit: NR 16 = 0
            sshd-980   [000] ....  9533.196543: sys_enter: NR 228 (7, 7ffee02184f0, 7ffee02184f0, 0, 7ffee02e50f0, 7ffee02184f0)
            sshd-980   [000] ....  9533.197563: sys_exit: NR 228 = 0
            sshd-980   [000] ....  9533.197563: sys_enter: NR 23 (c, 557f11c3c8a0, 557f11c52f90, 0, 0, 1000)
            sshd-980   [000] d...  9533.197563: sched_switch: prev_comm=sshd prev_pid=980 prev_prio=120 prev_state=S ==> next_comm=swapper/0 next_pid=0 next_prio=120
          <idle>-0     [003] d...  9533.198420: sched_switch: prev_comm=swapper/3 prev_pid=0 prev_prio=120 prev_state=R ==> next_comm=kworker/u8:2 next_pid=2357 next_prio=120
    kworker/u8:2-2357  [003] d...  9533.198420: sched_switch: prev_comm=kworker/u8:2 prev_pid=2357 prev_prio=120 prev_state=I ==> next_comm=bash next_pid=981 next_prio=120
            bash-981   [003] ....  9533.198420: sys_exit: NR 270 = 1
            bash-981   [003] ....  9533.198420: sys_enter: NR 0 (0, 7ffe8fac8c3f, 1, 0, 0, 7ffe8fac8bf0)
            bash-981   [003] ....  9533.198420: sys_exit: NR 0 = 1
            bash-981   [003] ....  9533.198420: sys_enter: NR 23 (1, 7ffe8fac8be0, 0, 7ffe8fac8c60, 7ffe8fac8bd0, 7f54c24083a0)
            bash-981   [003] ....  9533.198420: sys_exit: NR 23 = 0
            bash-981   [003] ....  9533.198420: sys_enter: NR 1 (2, 55ee544b97c0, 1, 0, 7f54c26878b0, 7f54c2ccd740)
            bash-981   [003] .N..  9533.198420: sys_exit: NR 1 = 1
            bash-981   [003] d...  9533.198420: sched_switch: prev_comm=bash prev_pid=981 prev_prio=120 prev_state=R ==> next_comm=kworker/u8:2 next_pid=2357 next_prio=120
    kworker/u8:2-2357  [003] d...  9533.198420: sched_switch: prev_comm=kworker/u8:2 prev_pid=2357 prev_prio=120 prev_state=I ==> next_comm=bash next_pid=981 next_prio=120
            bash-981   [003] ....  9533.198420: sys_enter: NR 270 (1, 7ffe8fac8cc0, 0, 0, 0, 7ffe8fac8bf0)
            bash-981   [003] d...  9533.198420: sched_switch: prev_comm=bash prev_pid=981 prev_prio=120 prev_state=S ==> next_comm=swapper/3 next_pid=0 next_prio=120
          <idle>-0     [000] d...  9533.199257: sched_switch: prev_comm=swapper/0 prev_pid=0 prev_prio=120 prev_state=R ==> next_comm=sshd next_pid=980 next_prio=120
            sshd-980   [000] ....  9533.199257: sys_exit: NR 23 = 1
            sshd-980   [000] ....  9533.199257: sys_enter: NR 14 (0, 7ffee0218580, 7ffee0218500, 8, 0, 1000)
            sshd-980   [000] ....  9533.199257: sys_exit: NR 14 = 0
            sshd-980   [000] ....  9533.199257: sys_enter: NR 14 (2, 7ffee0218500, 0, 8, 0, 1000)
            sshd-980   [000] ....  9533.199257: sys_exit: NR 14 = 0
            sshd-980   [000] ....  9533.199257: sys_enter: NR 228 (7, 7ffee02185a0, 7ffee02185a0, 8, 7ffee02e50f0, 7ffee02185a0)
            sshd-980   [000] ....  9533.199257: sys_exit: NR 228 = 0
            sshd-980   [000] ....  9533.199257: sys_enter: NR 0 (b, 7ffee02144e0, 4000, 8, 7ffee02e50f0, 7ffee02185a0)
            sshd-980   [000] ....  9533.199257: sys_exit: NR 0 = 1
            sshd-980   [000] ....  9533.199257: sys_enter: NR 39 (557f11c39eaf, 5, f, 0, 1, 100)
            sshd-980   [000] ....  9533.199257: sys_exit: NR 39 = 980
            sshd-980   [000] ....  9533.199257: sys_enter: NR 228 (7, 7ffee02184f0, 7ffee02184f0, 0, 7ffee02e50f0, 7ffee02184f0)
            sshd-980   [000] ....  9533.199257: sys_exit: NR 228 = 0
            sshd-980   [000] ....  9533.199257: sys_enter: NR 23 (c, 557f11c3c8a0, 557f11c52f90, 0, 0, 1000)
            sshd-980   [000] ....  9533.199257: sys_exit: NR 23 = 1
            sshd-980   [000] ....  9533.199257: sys_enter: NR 14 (0, 7ffee0218580, 7ffee0218500, 8, 0, 1000)
            sshd-980   [000] ....  9533.199257: sys_exit: NR 14 = 0
            sshd-980   [000] ....  9533.199257: sys_enter: NR 14 (2, 7ffee0218500, 0, 8, 0, 1000)
            sshd-980   [000] ....  9533.199257: sys_exit: NR 14 = 0
            sshd-980   [000] ....  9533.199257: sys_enter: NR 228 (7, 7ffee02185a0, 7ffee02185a0, 8, 7ffee02e50f0, 7ffee02185a0)
            sshd-980   [000] ....  9533.199257: sys_exit: NR 228 = 0
            sshd-980   [000] ....  9533.199257: sys_enter: NR 1 (3, 557f11c57b30, 24, 8, 7ffee02e50f0, 7ffee02185a0)
            sshd-980   [000] d...  9533.201483: sched_switch: prev_comm=sshd prev_pid=980 prev_prio=120 prev_state=R+ ==> next_comm=ksoftirqd/0 next_pid=9 next_prio=120
     ksoftirqd/0-9     [000] d...  9533.201483: sched_switch: prev_comm=ksoftirqd/0 prev_pid=9 prev_prio=120 prev_state=S ==> next_comm=sshd next_pid=980 next_prio=120
            sshd-980   [000] ....  9533.201483: sys_exit: NR 1 = 36
            sshd-980   [000] ....  9533.201483: sys_enter: NR 228 (7, 7ffee02184f0, 7ffee02184f0, 0, 7ffee02e50f0, 7ffee02184f0)
            sshd-980   [000] ....  9533.201483: sys_exit: NR 228 = 0
            sshd-980   [000] ....  9533.201483: sys_enter: NR 23 (c, 557f11c3c8a0, 557f11c52f90, 0, 0, 1000)
            sshd-980   [000] d...  9533.201483: sched_switch: prev_comm=sshd prev_pid=980 prev_prio=120 prev_state=S ==> next_comm=swapper/0 next_pid=0 next_prio=120
          <idle>-0     [000] d...  9533.399975: sched_switch: prev_comm=swapper/0 prev_pid=0 prev_prio=120 prev_state=R ==> next_comm=sshd next_pid=980 next_prio=120
            sshd-980   [000] ....  9533.399975: sys_exit: NR 23 = 1
            sshd-980   [000] ....  9533.399975: sys_enter: NR 14 (0, 7ffee0218580, 7ffee0218500, 8, 0, 1000)
            sshd-980   [000] ....  9533.399975: sys_exit: NR 14 = 0
            sshd-980   [000] ....  9533.399975: sys_enter: NR 14 (2, 7ffee0218500, 0, 8, 0, 1000)
            sshd-980   [000] ....  9533.399975: sys_exit: NR 14 = 0
            sshd-980   [000] ....  9533.399975: sys_enter: NR 228 (7, 7ffee02185a0, 7ffee02185a0, 8, 7ffee02e50f0, 7ffee02185a0)
            sshd-980   [000] ....  9533.399975: sys_exit: NR 228 = 0
            sshd-980   [000] ....  9533.399975: sys_enter: NR 0 (3, 7ffee0214610, 4000, 8, 7ffee02e50f0, 7ffee02185a0)
            sshd-980   [000] ....  9533.399975: sys_exit: NR 0 = 36
            sshd-980   [000] ....  9533.399975: sys_enter: NR 228 (7, 7ffee02184f0, 7ffee02184f0, 0, 7ffee02e50f0, 7ffee02184f0)
            sshd-980   [000] ....  9533.399975: sys_exit: NR 228 = 0
            sshd-980   [000] ....  9533.399975: sys_enter: NR 23 (c, 557f11c3c8a0, 557f11c52f90, 0, 0, 1000)
            sshd-980   [000] ....  9533.399975: sys_exit: NR 23 = 1
            sshd-980   [000] ....  9533.399975: sys_enter: NR 14 (0, 7ffee0218580, 7ffee0218500, 8, 0, 1000)
            sshd-980   [000] ....  9533.399975: sys_exit: NR 14 = 0
            sshd-980   [000] ....  9533.399975: sys_enter: NR 14 (2, 7ffee0218500, 0, 8, 0, 1000)
            sshd-980   [000] ....  9533.399975: sys_exit: NR 14 = 0
            sshd-980   [000] ....  9533.399975: sys_enter: NR 228 (7, 7ffee02185a0, 7ffee02185a0, 8, 7ffee02e50f0, 7ffee02185a0)
            sshd-980   [000] ....  9533.399975: sys_exit: NR 228 = 0
            sshd-980   [000] ....  9533.399975: sys_enter: NR 1 (9, 557f11c548c0, 1, 8, 0, 0)
            sshd-980   [000] ....  9533.399975: sys_exit: NR 1 = 1
            sshd-980   [000] ....  9533.399975: sys_enter: NR 16 (9, 5401, 7ffee02184e0, 8, 7ffee0218540, 0)
            sshd-980   [000] ....  9533.399975: sys_exit: NR 16 = 0
            sshd-980   [000] ....  9533.399975: sys_enter: NR 228 (7, 7ffee02184f0, 7ffee02184f0, 0, 7ffee02e50f0, 7ffee02184f0)
          <idle>-0     [003] d...  9533.403510: sched_switch: prev_comm=swapper/3 prev_pid=0 prev_prio=120 prev_state=R ==> next_comm=kworker/u8:2 next_pid=2357 next_prio=120
    kworker/u8:2-2357  [003] d...  9533.403510: sched_switch: prev_comm=kworker/u8:2 prev_pid=2357 prev_prio=120 prev_state=I ==> next_comm=bash next_pid=981 next_prio=120
            bash-981   [003] ....  9533.403510: sys_exit: NR 270 = 1
            bash-981   [003] ....  9533.403510: sys_enter: NR 0 (0, 7ffe8fac8c3f, 1, 0, 0, 7ffe8fac8bf0)
            bash-981   [003] ....  9533.403510: sys_exit: NR 0 = 1
            bash-981   [003] ....  9533.403510: sys_enter: NR 23 (1, 7ffe8fac8be0, 0, 7ffe8fac8c60, 7ffe8fac8bd0, 7f54c24083a0)
            bash-981   [003] ....  9533.403510: sys_exit: NR 23 = 0
            sshd-980   [000] ....  9533.403510: sys_exit: NR 228 = 0
            sshd-980   [000] ....  9533.403510: sys_enter: NR 23 (c, 557f11c3c8a0, 557f11c52f90, 0, 0, 1000)
            sshd-980   [000] d...  9533.403510: sched_switch: prev_comm=sshd prev_pid=980 prev_prio=120 prev_state=S ==> next_comm=swapper/0 next_pid=0 next_prio=120
            bash-981   [003] ....  9533.403510: sys_enter: NR 1 (2, 55ee544b97c0, 1, 0, 7f54c26878b0, 7f54c2ccd740)
            bash-981   [003] .N..  9533.403510: sys_exit: NR 1 = 1
            bash-981   [003] d...  9533.403510: sched_switch: prev_comm=bash prev_pid=981 prev_prio=120 prev_state=R ==> next_comm=kworker/u8:2 next_pid=2357 next_prio=120
    kworker/u8:2-2357  [003] d...  9533.403510: sched_switch: prev_comm=kworker/u8:2 prev_pid=2357 prev_prio=120 prev_state=I ==> next_comm=bash next_pid=981 next_prio=120
            bash-981   [003] ....  9533.403510: sys_enter: NR 270 (1, 7ffe8fac8cc0, 0, 0, 0, 7ffe8fac8bf0)
            bash-981   [003] d...  9533.403510: sched_switch: prev_comm=bash prev_pid=981 prev_prio=120 prev_state=S ==> next_comm=swapper/3 next_pid=0 next_prio=120
          <idle>-0     [000] d...  9533.403510: sched_switch: prev_comm=swapper/0 prev_pid=0 prev_prio=120 prev_state=R ==> next_comm=sshd next_pid=980 next_prio=120
            sshd-980   [000] ....  9533.403510: sys_exit: NR 23 = 1
            sshd-980   [000] ....  9533.403510: sys_enter: NR 14 (0, 7ffee0218580, 7ffee0218500, 8, 0, 1000)
            sshd-980   [000] ....  9533.403510: sys_exit: NR 14 = 0
            sshd-980   [000] ....  9533.403510: sys_enter: NR 14 (2, 7ffee0218500, 0, 8, 0, 1000)
            sshd-980   [000] ....  9533.403510: sys_exit: NR 14 = 0
            sshd-980   [000] ....  9533.403510: sys_enter: NR 228 (7, 7ffee02185a0, 7ffee02185a0, 8, 7ffee02e50f0, 7ffee02185a0)
            sshd-980   [000] ....  9533.403510: sys_exit: NR 228 = 0
            sshd-980   [000] ....  9533.403510: sys_enter: NR 0 (b, 7ffee02144e0, 4000, 8, 7ffee02e50f0, 7ffee02185a0)
            sshd-980   [000] ....  9533.403510: sys_exit: NR 0 = 1
            sshd-980   [000] ....  9533.403510: sys_enter: NR 39 (557f11c39eaf, 5, f, 0, 1, 100)
            sshd-980   [000] ....  9533.403510: sys_exit: NR 39 = 980
            sshd-980   [000] ....  9533.403510: sys_enter: NR 228 (7, 7ffee02184f0, 7ffee02184f0, 0, 7ffee02e50f0, 7ffee02184f0)
            sshd-980   [000] ....  9533.403510: sys_exit: NR 228 = 0
            sshd-980   [000] ....  9533.403510: sys_enter: NR 23 (c, 557f11c3c8a0, 557f11c52f90, 0, 0, 1000)
            sshd-980   [000] ....  9533.403510: sys_exit: NR 23 = 1
            sshd-980   [000] ....  9533.403510: sys_enter: NR 14 (0, 7ffee0218580, 7ffee0218500, 8, 0, 1000)
            sshd-980   [000] ....  9533.403510: sys_exit: NR 14 = 0
            sshd-980   [000] ....  9533.403510: sys_enter: NR 14 (2, 7ffee0218500, 0, 8, 0, 1000)
            sshd-980   [000] ....  9533.403510: sys_exit: NR 14 = 0
            sshd-980   [000] ....  9533.403510: sys_enter: NR 228 (7, 7ffee02185a0, 7ffee02185a0, 8, 7ffee02e50f0, 7ffee02185a0)
            sshd-980   [000] ....  9533.403510: sys_exit: NR 228 = 0
            sshd-980   [000] ....  9533.403510: sys_enter: NR 1 (3, 557f11c57b30, 24, 8, 7ffee02e50f0, 7ffee02185a0)
            sshd-980   [000] d...  9533.405584: sched_switch: prev_comm=sshd prev_pid=980 prev_prio=120 prev_state=R+ ==> next_comm=ksoftirqd/0 next_pid=9 next_prio=120
     ksoftirqd/0-9     [000] d...  9533.405584: sched_switch: prev_comm=ksoftirqd/0 prev_pid=9 prev_prio=120 prev_state=S ==> next_comm=sshd next_pid=980 next_prio=120
            sshd-980   [000] ....  9533.405584: sys_exit: NR 1 = 36
            sshd-980   [000] ....  9533.405584: sys_enter: NR 228 (7, 7ffee02184f0, 7ffee02184f0, 0, 7ffee02e50f0, 7ffee02184f0)
            sshd-980   [000] ....  9533.405584: sys_exit: NR 228 = 0
            sshd-980   [000] ....  9533.405584: sys_enter: NR 23 (c, 557f11c3c8a0, 557f11c52f90, 0, 0, 1000)
            sshd-980   [000] d...  9533.405584: sched_switch: prev_comm=sshd prev_pid=980 prev_prio=120 prev_state=S ==> next_comm=swapper/0 next_pid=0 next_prio=120
          <idle>-0     [000] d...  9533.598841: sched_switch: prev_comm=swapper/0 prev_pid=0 prev_prio=120 prev_state=R ==> next_comm=sshd next_pid=980 next_prio=120
            sshd-980   [000] ....  9533.598841: sys_exit: NR 23 = 1
            sshd-980   [000] ....  9533.598841: sys_enter: NR 14 (0, 7ffee0218580, 7ffee0218500, 8, 0, 1000)
            sshd-980   [000] ....  9533.598841: sys_exit: NR 14 = 0
            sshd-980   [000] ....  9533.598841: sys_enter: NR 14 (2, 7ffee0218500, 0, 8, 0, 1000)
            sshd-980   [000] ....  9533.598841: sys_exit: NR 14 = 0
            sshd-980   [000] ....  9533.598841: sys_enter: NR 228 (7, 7ffee02185a0, 7ffee02185a0, 8, 7ffee02e50f0, 7ffee02185a0)
            sshd-980   [000] ....  9533.600431: sys_exit: NR 228 = 0
            sshd-980   [000] ....  9533.600431: sys_enter: NR 0 (3, 7ffee0214610, 4000, 8, 7ffee02e50f0, 7ffee02185a0)
            sshd-980   [000] ....  9533.600431: sys_exit: NR 0 = 36
            sshd-980   [000] ....  9533.600431: sys_enter: NR 228 (7, 7ffee02184f0, 7ffee02184f0, 0, 7ffee02e50f0, 7ffee02184f0)
            sshd-980   [000] ....  9533.600431: sys_exit: NR 228 = 0
            sshd-980   [000] ....  9533.600431: sys_enter: NR 23 (c, 557f11c3c8a0, 557f11c52f90, 0, 0, 1000)
            sshd-980   [000] ....  9533.600431: sys_exit: NR 23 = 1
            sshd-980   [000] ....  9533.600431: sys_enter: NR 14 (0, 7ffee0218580, 7ffee0218500, 8, 0, 1000)
            sshd-980   [000] ....  9533.600431: sys_exit: NR 14 = 0
            sshd-980   [000] ....  9533.600431: sys_enter: NR 14 (2, 7ffee0218500, 0, 8, 0, 1000)
            sshd-980   [000] ....  9533.600431: sys_exit: NR 14 = 0
            sshd-980   [000] ....  9533.600431: sys_enter: NR 228 (7, 7ffee02185a0, 7ffee02185a0, 8, 7ffee02e50f0, 7ffee02185a0)
            sshd-980   [000] ....  9533.600431: sys_exit: NR 228 = 0
            sshd-980   [000] ....  9533.600431: sys_enter: NR 1 (9, 557f11c548c0, 1, 8, 0, 0)
            sshd-980   [000] ....  9533.600926: sys_exit: NR 1 = 1
            sshd-980   [000] ....  9533.600926: sys_enter: NR 16 (9, 5401, 7ffee02184e0, 8, 7ffee0218540, 0)
            sshd-980   [000] ....  9533.600926: sys_exit: NR 16 = 0
            sshd-980   [000] ....  9533.600926: sys_enter: NR 228 (7, 7ffee02184f0, 7ffee02184f0, 0, 7ffee02e50f0, 7ffee02184f0)
          <idle>-0     [003] d...  9533.602397: sched_switch: prev_comm=swapper/3 prev_pid=0 prev_prio=120 prev_state=R ==> next_comm=kworker/u8:2 next_pid=2357 next_prio=120
    kworker/u8:2-2357  [003] d...  9533.602397: sched_switch: prev_comm=kworker/u8:2 prev_pid=2357 prev_prio=120 prev_state=I ==> next_comm=bash next_pid=981 next_prio=120
            sshd-980   [000] ....  9533.602397: sys_exit: NR 228 = 0
            bash-981   [003] ....  9533.602397: sys_exit: NR 270 = 1
            sshd-980   [000] ....  9533.602397: sys_enter: NR 23 (c, 557f11c3c8a0, 557f11c52f90, 0, 0, 1000)
            bash-981   [003] ....  9533.602397: sys_enter: NR 0 (0, 7ffe8fac8c3f, 1, 0, 0, 7ffe8fac8bf0)
            bash-981   [003] ....  9533.602397: sys_exit: NR 0 = 1
            sshd-980   [000] d...  9533.602397: sched_switch: prev_comm=sshd prev_pid=980 prev_prio=120 prev_state=S ==> next_comm=swapper/0 next_pid=0 next_prio=120
            bash-981   [003] ....  9533.602397: sys_enter: NR 23 (1, 7ffe8fac8be0, 0, 7ffe8fac8c60, 7ffe8fac8bd0, 7f54c24083a0)
            bash-981   [003] ....  9533.602397: sys_exit: NR 23 = 0
            bash-981   [003] ....  9533.602397: sys_enter: NR 1 (2, 55ee544b97c0, 1, 0, 7f54c26878b0, 7f54c2ccd740)
            bash-981   [003] .N..  9533.602397: sys_exit: NR 1 = 1
            bash-981   [003] d...  9533.602397: sched_switch: prev_comm=bash prev_pid=981 prev_prio=120 prev_state=R ==> next_comm=kworker/u8:2 next_pid=2357 next_prio=120
    kworker/u8:2-2357  [003] d...  9533.602397: sched_switch: prev_comm=kworker/u8:2 prev_pid=2357 prev_prio=120 prev_state=I ==> next_comm=bash next_pid=981 next_prio=120
            bash-981   [003] ....  9533.602397: sys_enter: NR 270 (1, 7ffe8fac8cc0, 0, 0, 0, 7ffe8fac8bf0)
            bash-981   [003] d...  9533.602397: sched_switch: prev_comm=bash prev_pid=981 prev_prio=120 prev_state=S ==> next_comm=swapper/3 next_pid=0 next_prio=120
          <idle>-0     [000] d...  9533.604027: sched_switch: prev_comm=swapper/0 prev_pid=0 prev_prio=120 prev_state=R ==> next_comm=sshd next_pid=980 next_prio=120
            sshd-980   [000] ....  9533.604027: sys_exit: NR 23 = 1
            sshd-980   [000] ....  9533.604027: sys_enter: NR 14 (0, 7ffee0218580, 7ffee0218500, 8, 0, 1000)
            sshd-980   [000] ....  9533.604027: sys_exit: NR 14 = 0
            sshd-980   [000] ....  9533.604027: sys_enter: NR 14 (2, 7ffee0218500, 0, 8, 0, 1000)
            sshd-980   [000] ....  9533.604027: sys_exit: NR 14 = 0
            sshd-980   [000] ....  9533.604027: sys_enter: NR 228 (7, 7ffee02185a0, 7ffee02185a0, 8, 7ffee02e50f0, 7ffee02185a0)
            sshd-980   [000] ....  9533.604027: sys_exit: NR 228 = 0
            sshd-980   [000] ....  9533.604027: sys_enter: NR 0 (b, 7ffee02144e0, 4000, 8, 7ffee02e50f0, 7ffee02185a0)
            sshd-980   [000] ....  9533.604027: sys_exit: NR 0 = 1
            sshd-980   [000] ....  9533.604027: sys_enter: NR 39 (557f11c39eaf, 5, f, 0, 1, 100)
            sshd-980   [000] ....  9533.604027: sys_exit: NR 39 = 980
            sshd-980   [000] ....  9533.604027: sys_enter: NR 228 (7, 7ffee02184f0, 7ffee02184f0, 0, 7ffee02e50f0, 7ffee02184f0)
            sshd-980   [000] ....  9533.604027: sys_exit: NR 228 = 0
            sshd-980   [000] ....  9533.604027: sys_enter: NR 23 (c, 557f11c3c8a0, 557f11c52f90, 0, 0, 1000)
            sshd-980   [000] ....  9533.604027: sys_exit: NR 23 = 1
            sshd-980   [000] ....  9533.604027: sys_enter: NR 14 (0, 7ffee0218580, 7ffee0218500, 8, 0, 1000)
            sshd-980   [000] ....  9533.604027: sys_exit: NR 14 = 0
            sshd-980   [000] ....  9533.604027: sys_enter: NR 14 (2, 7ffee0218500, 0, 8, 0, 1000)
            sshd-980   [000] ....  9533.604027: sys_exit: NR 14 = 0
            sshd-980   [000] ....  9533.604027: sys_enter: NR 228 (7, 7ffee02185a0, 7ffee02185a0, 8, 7ffee02e50f0, 7ffee02185a0)
            sshd-980   [000] ....  9533.604424: sys_exit: NR 228 = 0
            sshd-980   [000] ....  9533.604424: sys_enter: NR 1 (3, 557f11c57b30, 24, 8, 7ffee02e50f0, 7ffee02185a0)
            sshd-980   [000] d...  9533.608577: sched_switch: prev_comm=sshd prev_pid=980 prev_prio=120 prev_state=R+ ==> next_comm=ksoftirqd/0 next_pid=9 next_prio=120
     ksoftirqd/0-9     [000] d...  9533.608577: sched_switch: prev_comm=ksoftirqd/0 prev_pid=9 prev_prio=120 prev_state=S ==> next_comm=sshd next_pid=980 next_prio=120
            sshd-980   [000] ....  9533.608577: sys_exit: NR 1 = 36
            sshd-980   [000] ....  9533.608577: sys_enter: NR 228 (7, 7ffee02184f0, 7ffee02184f0, 0, 7ffee02e50f0, 7ffee02184f0)
            sshd-980   [000] ....  9533.609560: sys_exit: NR 228 = 0
            sshd-980   [000] ....  9533.609560: sys_enter: NR 23 (c, 557f11c3c8a0, 557f11c52f90, 0, 0, 1000)
            sshd-980   [000] d...  9533.609560: sched_switch: prev_comm=sshd prev_pid=980 prev_prio=120 prev_state=S ==> next_comm=swapper/0 next_pid=0 next_prio=120
          <idle>-0     [002] d...  9533.734552: sched_switch: prev_comm=swapper/2 prev_pid=0 prev_prio=120 prev_state=R ==> next_comm=kworker/2:0 next_pid=2421 next_prio=120
     kworker/2:0-2421  [002] d...  9533.735570: sched_switch: prev_comm=kworker/2:0 prev_pid=2421 prev_prio=120 prev_state=I ==> next_comm=swapper/2 next_pid=0 next_prio=120
          <idle>-0     [000] d...  9533.739022: sched_switch: prev_comm=swapper/0 prev_pid=0 prev_prio=120 prev_state=R ==> next_comm=sshd next_pid=980 next_prio=120
            sshd-980   [000] ....  9533.739022: sys_exit: NR 23 = 1
            sshd-980   [000] ....  9533.739022: sys_enter: NR 14 (0, 7ffee0218580, 7ffee0218500, 8, 0, 1000)
            sshd-980   [000] ....  9533.739022: sys_exit: NR 14 = 0
            sshd-980   [000] ....  9533.739022: sys_enter: NR 14 (2, 7ffee0218500, 0, 8, 0, 1000)
            sshd-980   [000] ....  9533.739022: sys_exit: NR 14 = 0
            sshd-980   [000] ....  9533.739022: sys_enter: NR 228 (7, 7ffee02185a0, 7ffee02185a0, 8, 7ffee02e50f0, 7ffee02185a0)
            sshd-980   [000] ....  9533.739022: sys_exit: NR 228 = 0
            sshd-980   [000] ....  9533.739022: sys_enter: NR 0 (3, 7ffee0214610, 4000, 8, 7ffee02e50f0, 7ffee02185a0)
            sshd-980   [000] ....  9533.739022: sys_exit: NR 0 = 36
            sshd-980   [000] ....  9533.739022: sys_enter: NR 228 (7, 7ffee02184f0, 7ffee02184f0, 0, 7ffee02e50f0, 7ffee02184f0)
            sshd-980   [000] ....  9533.739022: sys_exit: NR 228 = 0
            sshd-980   [000] ....  9533.739022: sys_enter: NR 23 (c, 557f11c3c8a0, 557f11c52f90, 0, 0, 1000)
            sshd-980   [000] ....  9533.739022: sys_exit: NR 23 = 1
            sshd-980   [000] ....  9533.739022: sys_enter: NR 14 (0, 7ffee0218580, 7ffee0218500, 8, 0, 1000)
            sshd-980   [000] ....  9533.739022: sys_exit: NR 14 = 0
            sshd-980   [000] ....  9533.739022: sys_enter: NR 14 (2, 7ffee0218500, 0, 8, 0, 1000)
            sshd-980   [000] ....  9533.739022: sys_exit: NR 14 = 0
            sshd-980   [000] ....  9533.739022: sys_enter: NR 228 (7, 7ffee02185a0, 7ffee02185a0, 8, 7ffee02e50f0, 7ffee02185a0)
            sshd-980   [000] ....  9533.739022: sys_exit: NR 228 = 0
