            sshd-980   [000] .... 12122.867654: sys_enter: NR 14 (0, 7ffee0218580, 7ffee0218500, 8, 0, 1000)
            sshd-980   [000] .... 12122.867654: sys_exit: NR 14 = 0
            sshd-980   [000] .... 12122.867654: sys_enter: NR 14 (2, 7ffee0218500, 0, 8, 0, 1000)
            sshd-980   [000] .... 12122.867654: sys_exit: NR 14 = 0
            sshd-980   [000] .... 12122.867654: sys_enter: NR 228 (7, 7ffee02185a0, 7ffee02185a0, 8, 7ffee02e50f0, 7ffee02185a0)
            sshd-980   [000] .... 12122.867654: sys_exit: NR 228 = 0
            sshd-980   [000] .... 12122.867654: sys_enter: NR 1 (3, 557f11c57b30, 2c, 8, 7ffee02e50f0, 7ffee02185a0)
          <idle>-0     [001] d... 12122.867654: sched_switch: prev_comm=swapper/1 prev_pid=0 prev_prio=120 prev_state=R ==> next_comm=kworker/u8:1 next_pid=2527 next_prio=120
    kworker/u8:1-2527  [001] d... 12122.867654: sched_switch: prev_comm=kworker/u8:1 prev_pid=2527 prev_prio=120 prev_state=I ==> next_comm=swapper/1 next_pid=0 next_prio=120
            sshd-980   [000] d... 12122.869321: sched_switch: prev_comm=sshd prev_pid=980 prev_prio=120 prev_state=R+ ==> next_comm=ksoftirqd/0 next_pid=9 next_prio=120
     ksoftirqd/0-9     [000] d... 12122.869321: sched_switch: prev_comm=ksoftirqd/0 prev_pid=9 prev_prio=120 prev_state=S ==> next_comm=sshd next_pid=980 next_prio=120
            sshd-980   [000] .... 12122.869321: sys_exit: NR 1 = 44
            sshd-980   [000] .... 12122.869321: sys_enter: NR 228 (7, 7ffee02184f0, 7ffee02184f0, 0, 7ffee02e50f0, 7ffee02184f0)
            sshd-980   [000] .... 12122.870480: sys_exit: NR 228 = 0
            sshd-980   [000] .... 12122.870480: sys_enter: NR 23 (c, 557f11c3c8a0, 557f11c52f90, 0, 0, 1000)
            sshd-980   [000] d... 12122.870480: sched_switch: prev_comm=sshd prev_pid=980 prev_prio=120 prev_state=S ==> next_comm=swapper/0 next_pid=0 next_prio=120
          <idle>-0     [000] d... 12123.345312: sched_switch: prev_comm=swapper/0 prev_pid=0 prev_prio=120 prev_state=R ==> next_comm=sshd next_pid=980 next_prio=120
            sshd-980   [000] .... 12123.345312: sys_exit: NR 23 = 1
            sshd-980   [000] .... 12123.345312: sys_enter: NR 14 (0, 7ffee0218580, 7ffee0218500, 8, 0, 1000)
            sshd-980   [000] .... 12123.345312: sys_exit: NR 14 = 0
            sshd-980   [000] .... 12123.345312: sys_enter: NR 14 (2, 7ffee0218500, 0, 8, 0, 1000)
            sshd-980   [000] .... 12123.345312: sys_exit: NR 14 = 0
            sshd-980   [000] .... 12123.345312: sys_enter: NR 228 (7, 7ffee02185a0, 7ffee02185a0, 8, 7ffee02e50f0, 7ffee02185a0)
            sshd-980   [000] .... 12123.345312: sys_exit: NR 228 = 0
            sshd-980   [000] .... 12123.345312: sys_enter: NR 0 (3, 7ffee0214610, 4000, 8, 7ffee02e50f0, 7ffee02185a0)
            sshd-980   [000] .... 12123.345312: sys_exit: NR 0 = 36
            sshd-980   [000] .... 12123.345312: sys_enter: NR 228 (7, 7ffee02184f0, 7ffee02184f0, 0, 7ffee02e50f0, 7ffee02184f0)
            sshd-980   [000] .... 12123.345312: sys_exit: NR 228 = 0
            sshd-980   [000] .... 12123.345312: sys_enter: NR 23 (c, 557f11c3c8a0, 557f11c52f90, 0, 0, 1000)
            sshd-980   [000] .... 12123.345312: sys_exit: NR 23 = 1
            sshd-980   [000] .... 12123.345312: sys_enter: NR 14 (0, 7ffee0218580, 7ffee0218500, 8, 0, 1000)
            sshd-980   [000] .... 12123.345312: sys_exit: NR 14 = 0
            sshd-980   [000] .... 12123.345312: sys_enter: NR 14 (2, 7ffee0218500, 0, 8, 0, 1000)
            sshd-980   [000] .... 12123.345312: sys_exit: NR 14 = 0
            sshd-980   [000] .... 12123.345312: sys_enter: NR 228 (7, 7ffee02185a0, 7ffee02185a0, 8, 7ffee02e50f0, 7ffee02185a0)
            sshd-980   [000] .... 12123.348297: sys_exit: NR 228 = 0
            sshd-980   [000] .... 12123.348297: sys_enter: NR 1 (9, 557f11c548c0, 1, 8, 0, 0)
            sshd-980   [000] .... 12123.348297: sys_exit: NR 1 = 1
            sshd-980   [000] .... 12123.348297: sys_enter: NR 16 (9, 5401, 7ffee02184e0, 8, 7ffee0218540, 0)
            sshd-980   [000] .... 12123.348297: sys_exit: NR 16 = 0
            sshd-980   [000] .... 12123.348297: sys_enter: NR 228 (7, 7ffee02184f0, 7ffee02184f0, 0, 7ffee02e50f0, 7ffee02184f0)
            sshd-980   [000] .... 12123.348297: sys_exit: NR 228 = 0
            sshd-980   [000] .... 12123.348297: sys_enter: NR 23 (c, 557f11c3c8a0, 557f11c52f90, 0, 0, 1000)
            sshd-980   [000] d... 12123.348297: sched_switch: prev_comm=sshd prev_pid=980 prev_prio=120 prev_state=S ==> next_comm=swapper/0 next_pid=0 next_prio=120
          <idle>-0     [001] d... 12123.349904: sched_switch: prev_comm=swapper/1 prev_pid=0 prev_prio=120 prev_state=R ==> next_comm=kworker/u8:1 next_pid=2527 next_prio=120
    kworker/u8:1-2527  [001] d... 12123.349904: sched_switch: prev_comm=kworker/u8:1 prev_pid=2527 prev_prio=120 prev_state=I ==> next_comm=swapper/1 next_pid=0 next_prio=120
          <idle>-0     [003] d... 12123.350961: sched_switch: prev_comm=swapper/3 prev_pid=0 prev_prio=120 prev_state=R ==> next_comm=bash next_pid=981 next_prio=120
            bash-981   [003] .... 12123.350961: sys_exit: NR 270 = 1
            bash-981   [003] .... 12123.350961: sys_enter: NR 0 (0, 7ffe8fac8c3f, 1, 0, 0, 7ffe8fac8bf0)
            bash-981   [003] .... 12123.350961: sys_exit: NR 0 = 1
            bash-981   [003] .... 12123.350961: sys_enter: NR 1 (2, 55ee544b97c0, 4, 0, 7f54c26878b0, 7f54c2ccd740)
            bash-981   [003] .... 12123.350961: sys_exit: NR 1 = 4
            bash-981   [003] .... 12123.350961: sys_enter: NR 270 (1, 7ffe8fac8cc0, 0, 0, 0, 7ffe8fac8bf0)
            bash-981   [003] d... 12123.350961: sched_switch: prev_comm=bash prev_pid=981 prev_prio=120 prev_state=S ==> next_comm=swapper/3 next_pid=0 next_prio=120
          <idle>-0     [001] d... 12123.352215: sched_switch: prev_comm=swapper/1 prev_pid=0 prev_prio=120 prev_state=R ==> next_comm=kworker/u8:1 next_pid=2527 next_prio=120
    kworker/u8:1-2527  [001] d... 12123.352215: sched_switch: prev_comm=kworker/u8:1 prev_pid=2527 prev_prio=120 prev_state=I ==> next_comm=swapper/1 next_pid=0 next_prio=120
          <idle>-0     [000] d... 12123.353076: sched_switch: prev_comm=swapper/0 prev_pid=0 prev_prio=120 prev_state=R ==> next_comm=sshd next_pid=980 next_prio=120
            sshd-980   [000] .... 12123.353076: sys_exit: NR 23 = 1
            sshd-980   [000] .... 12123.353076: sys_enter: NR 14 (0, 7ffee0218580, 7ffee0218500, 8, 0, 1000)
            sshd-980   [000] .... 12123.353076: sys_exit: NR 14 = 0
            sshd-980   [000] .... 12123.353076: sys_enter: NR 14 (2, 7ffee0218500, 0, 8, 0, 1000)
            sshd-980   [000] .... 12123.353076: sys_exit: NR 14 = 0
            sshd-980   [000] .... 12123.353076: sys_enter: NR 228 (7, 7ffee02185a0, 7ffee02185a0, 8, 7ffee02e50f0, 7ffee02185a0)
            sshd-980   [000] .... 12123.353076: sys_exit: NR 228 = 0
            sshd-980   [000] .... 12123.353076: sys_enter: NR 0 (b, 7ffee02144e0, 4000, 8, 7ffee02e50f0, 7ffee02185a0)
            sshd-980   [000] .... 12123.353076: sys_exit: NR 0 = 4
            sshd-980   [000] .... 12123.353076: sys_enter: NR 39 (557f11c39eb2, a, 12, 0, 1, 100)
            sshd-980   [000] .... 12123.353076: sys_exit: NR 39 = 980
            sshd-980   [000] .... 12123.353076: sys_enter: NR 228 (7, 7ffee02184f0, 7ffee02184f0, 0, 7ffee02e50f0, 7ffee02184f0)
            sshd-980   [000] .... 12123.353076: sys_exit: NR 228 = 0
            sshd-980   [000] .... 12123.353076: sys_enter: NR 23 (c, 557f11c3c8a0, 557f11c52f90, 0, 0, 1000)
            sshd-980   [000] .... 12123.353076: sys_exit: NR 23 = 1
            sshd-980   [000] .... 12123.353076: sys_enter: NR 14 (0, 7ffee0218580, 7ffee0218500, 8, 0, 1000)
            sshd-980   [000] .... 12123.353076: sys_exit: NR 14 = 0
            sshd-980   [000] .... 12123.353076: sys_enter: NR 14 (2, 7ffee0218500, 0, 8, 0, 1000)
            sshd-980   [000] .... 12123.353076: sys_exit: NR 14 = 0
            sshd-980   [000] .... 12123.353076: sys_enter: NR 228 (7, 7ffee02185a0, 7ffee02185a0, 8, 7ffee02e50f0, 7ffee02185a0)
            sshd-980   [000] .... 12123.353076: sys_exit: NR 228 = 0
            sshd-980   [000] .... 12123.353076: sys_enter: NR 1 (3, 557f11c57b30, 2c, 8, 7ffee02e50f0, 7ffee02185a0)
            sshd-980   [000] d... 12123.356486: sched_switch: prev_comm=sshd prev_pid=980 prev_prio=120 prev_state=R+ ==> next_comm=ksoftirqd/0 next_pid=9 next_prio=120
     ksoftirqd/0-9     [000] d... 12123.356486: sched_switch: prev_comm=ksoftirqd/0 prev_pid=9 prev_prio=120 prev_state=S ==> next_comm=sshd next_pid=980 next_prio=120
            sshd-980   [000] .... 12123.356486: sys_exit: NR 1 = 44
            sshd-980   [000] .... 12123.356486: sys_enter: NR 228 (7, 7ffee02184f0, 7ffee02184f0, 0, 7ffee02e50f0, 7ffee02184f0)
            sshd-980   [000] .... 12123.356486: sys_exit: NR 228 = 0
            sshd-980   [000] .... 12123.356486: sys_enter: NR 23 (c, 557f11c3c8a0, 557f11c52f90, 0, 0, 1000)
            sshd-980   [000] d... 12123.356486: sched_switch: prev_comm=sshd prev_pid=980 prev_prio=120 prev_state=S ==> next_comm=swapper/0 next_pid=0 next_prio=120
          <idle>-0     [000] d... 12123.373509: sched_switch: prev_comm=swapper/0 prev_pid=0 prev_prio=120 prev_state=R ==> next_comm=sshd next_pid=980 next_prio=120
            sshd-980   [000] .... 12123.373509: sys_exit: NR 23 = 1
            sshd-980   [000] .... 12123.373509: sys_enter: NR 14 (0, 7ffee0218580, 7ffee0218500, 8, 0, 1000)
            sshd-980   [000] .... 12123.373509: sys_exit: NR 14 = 0
            sshd-980   [000] .... 12123.373509: sys_enter: NR 14 (2, 7ffee0218500, 0, 8, 0, 1000)
            sshd-980   [000] .... 12123.373509: sys_exit: NR 14 = 0
            sshd-980   [000] .... 12123.373509: sys_enter: NR 228 (7, 7ffee02185a0, 7ffee02185a0, 8, 7ffee02e50f0, 7ffee02185a0)
            sshd-980   [000] .... 12123.374504: sys_exit: NR 228 = 0
            sshd-980   [000] .... 12123.374504: sys_enter: NR 0 (3, 7ffee0214610, 4000, 8, 7ffee02e50f0, 7ffee02185a0)
            sshd-980   [000] .... 12123.374504: sys_exit: NR 0 = 36
            sshd-980   [000] .... 12123.374504: sys_enter: NR 228 (7, 7ffee02184f0, 7ffee02184f0, 0, 7ffee02e50f0, 7ffee02184f0)
            sshd-980   [000] .... 12123.374504: sys_exit: NR 228 = 0
            sshd-980   [000] .... 12123.374504: sys_enter: NR 23 (c, 557f11c3c8a0, 557f11c52f90, 0, 0, 1000)
            sshd-980   [000] .... 12123.374504: sys_exit: NR 23 = 1
            sshd-980   [000] .... 12123.374504: sys_enter: NR 14 (0, 7ffee0218580, 7ffee0218500, 8, 0, 1000)
            sshd-980   [000] .... 12123.374504: sys_exit: NR 14 = 0
            sshd-980   [000] .... 12123.374504: sys_enter: NR 14 (2, 7ffee0218500, 0, 8, 0, 1000)
            sshd-980   [000] .... 12123.374504: sys_exit: NR 14 = 0
            sshd-980   [000] .... 12123.374504: sys_enter: NR 228 (7, 7ffee02185a0, 7ffee02185a0, 8, 7ffee02e50f0, 7ffee02185a0)
            sshd-980   [000] .... 12123.374504: sys_exit: NR 228 = 0
            sshd-980   [000] .... 12123.374504: sys_enter: NR 1 (9, 557f11c548c0, 1, 8, 0, 0)
            sshd-980   [000] .... 12123.374504: sys_exit: NR 1 = 1
            sshd-980   [000] .... 12123.374504: sys_enter: NR 16 (9, 5401, 7ffee02184e0, 8, 7ffee0218540, 0)
            sshd-980   [000] .... 12123.374504: sys_exit: NR 16 = 0
            sshd-980   [000] .... 12123.374504: sys_enter: NR 228 (7, 7ffee02184f0, 7ffee02184f0, 0, 7ffee02e50f0, 7ffee02184f0)
            sshd-980   [000] .... 12123.374504: sys_exit: NR 228 = 0
            sshd-980   [000] .... 12123.374504: sys_enter: NR 23 (c, 557f11c3c8a0, 557f11c52f90, 0, 0, 1000)
            sshd-980   [000] d... 12123.374504: sched_switch: prev_comm=sshd prev_pid=980 prev_prio=120 prev_state=S ==> next_comm=swapper/0 next_pid=0 next_prio=120
          <idle>-0     [001] d... 12123.376265: sched_switch: prev_comm=swapper/1 prev_pid=0 prev_prio=120 prev_state=R ==> next_comm=kworker/u8:1 next_pid=2527 next_prio=120
    kworker/u8:1-2527  [001] d... 12123.376265: sched_switch: prev_comm=kworker/u8:1 prev_pid=2527 prev_prio=120 prev_state=I ==> next_comm=swapper/1 next_pid=0 next_prio=120
          <idle>-0     [003] d... 12123.376265: sched_switch: prev_comm=swapper/3 prev_pid=0 prev_prio=120 prev_state=R ==> next_comm=bash next_pid=981 next_prio=120
            bash-981   [003] .... 12123.376265: sys_exit: NR 270 = 1
            bash-981   [003] .... 12123.376265: sys_enter: NR 0 (0, 7ffe8fac8c3f, 1, 0, 0, 7ffe8fac8bf0)
            bash-981   [003] .... 12123.376265: sys_exit: NR 0 = 1
            bash-981   [003] .... 12123.376265: sys_enter: NR 1 (2, 55ee544b97c0, 4, 0, 7f54c26878b0, 7f54c2ccd740)
            bash-981   [003] .... 12123.376265: sys_exit: NR 1 = 4
            bash-981   [003] .... 12123.376265: sys_enter: NR 270 (1, 7ffe8fac8cc0, 0, 0, 0, 7ffe8fac8bf0)
            bash-981   [003] d... 12123.376265: sched_switch: prev_comm=bash prev_pid=981 prev_prio=120 prev_state=S ==> next_comm=swapper/3 next_pid=0 next_prio=120
          <idle>-0     [000] d... 12123.377846: sched_switch: prev_comm=swapper/0 prev_pid=0 prev_prio=120 prev_state=R ==> next_comm=sshd next_pid=980 next_prio=120
            sshd-980   [000] .... 12123.377846: sys_exit: NR 23 = 1
            sshd-980   [000] .... 12123.377846: sys_enter: NR 14 (0, 7ffee0218580, 7ffee0218500, 8, 0, 1000)
            sshd-980   [000] .... 12123.377846: sys_exit: NR 14 = 0
            sshd-980   [000] .... 12123.377846: sys_enter: NR 14 (2, 7ffee0218500, 0, 8, 0, 1000)
            sshd-980   [000] .... 12123.377846: sys_exit: NR 14 = 0
            sshd-980   [000] .... 12123.377846: sys_enter: NR 228 (7, 7ffee02185a0, 7ffee02185a0, 8, 7ffee02e50f0, 7ffee02185a0)
          <idle>-0     [001] d... 12123.377846: sched_switch: prev_comm=swapper/1 prev_pid=0 prev_prio=120 prev_state=R ==> next_comm=kworker/u8:1 next_pid=2527 next_prio=120
    kworker/u8:1-2527  [001] d... 12123.377846: sched_switch: prev_comm=kworker/u8:1 prev_pid=2527 prev_prio=120 prev_state=I ==> next_comm=swapper/1 next_pid=0 next_prio=120
            sshd-980   [000] .... 12123.378499: sys_exit: NR 228 = 0
            sshd-980   [000] .... 12123.378499: sys_enter: NR 0 (b, 7ffee02144e0, 4000, 8, 7ffee02e50f0, 7ffee02185a0)
            sshd-980   [000] .... 12123.378499: sys_exit: NR 0 = 4
            sshd-980   [000] .... 12123.378499: sys_enter: NR 39 (557f11c39eb2, a, 12, 0, 1, 100)
            sshd-980   [000] .... 12123.378499: sys_exit: NR 39 = 980
            sshd-980   [000] .... 12123.378499: sys_enter: NR 228 (7, 7ffee02184f0, 7ffee02184f0, 0, 7ffee02e50f0, 7ffee02184f0)
            sshd-980   [000] .... 12123.378499: sys_exit: NR 228 = 0
            sshd-980   [000] .... 12123.378499: sys_enter: NR 23 (c, 557f11c3c8a0, 557f11c52f90, 0, 0, 1000)
            sshd-980   [000] .... 12123.378499: sys_exit: NR 23 = 1
            sshd-980   [000] .... 12123.378499: sys_enter: NR 14 (0, 7ffee0218580, 7ffee0218500, 8, 0, 1000)
            sshd-980   [000] .... 12123.378499: sys_exit: NR 14 = 0
            sshd-980   [000] .... 12123.378499: sys_enter: NR 14 (2, 7ffee0218500, 0, 8, 0, 1000)
            sshd-980   [000] .... 12123.378499: sys_exit: NR 14 = 0
            sshd-980   [000] .... 12123.378499: sys_enter: NR 228 (7, 7ffee02185a0, 7ffee02185a0, 8, 7ffee02e50f0, 7ffee02185a0)
            sshd-980   [000] .... 12123.378499: sys_exit: NR 228 = 0
            sshd-980   [000] .... 12123.378499: sys_enter: NR 1 (3, 557f11c57b30, 2c, 8, 7ffee02e50f0, 7ffee02185a0)
            sshd-980   [000] d... 12123.382105: sched_switch: prev_comm=sshd prev_pid=980 prev_prio=120 prev_state=R+ ==> next_comm=ksoftirqd/0 next_pid=9 next_prio=120
     ksoftirqd/0-9     [000] d... 12123.382105: sched_switch: prev_comm=ksoftirqd/0 prev_pid=9 prev_prio=120 prev_state=S ==> next_comm=sshd next_pid=980 next_prio=120
            sshd-980   [000] .... 12123.382105: sys_exit: NR 1 = 44
            sshd-980   [000] .... 12123.382105: sys_enter: NR 228 (7, 7ffee02184f0, 7ffee02184f0, 0, 7ffee02e50f0, 7ffee02184f0)
            sshd-980   [000] .... 12123.382105: sys_exit: NR 228 = 0
            sshd-980   [000] .... 12123.382105: sys_enter: NR 23 (c, 557f11c3c8a0, 557f11c52f90, 0, 0, 1000)
            sshd-980   [000] d... 12123.382105: sched_switch: prev_comm=sshd prev_pid=980 prev_prio=120 prev_state=S ==> next_comm=swapper/0 next_pid=0 next_prio=120
          <idle>-0     [000] d... 12123.403186: sched_switch: prev_comm=swapper/0 prev_pid=0 prev_prio=120 prev_state=R ==> next_comm=sshd next_pid=980 next_prio=120
            sshd-980   [000] .... 12123.403186: sys_exit: NR 23 = 1
            sshd-980   [000] .... 12123.403186: sys_enter: NR 14 (0, 7ffee0218580, 7ffee0218500, 8, 0, 1000)
            sshd-980   [000] .... 12123.403186: sys_exit: NR 14 = 0
            sshd-980   [000] .... 12123.403186: sys_enter: NR 14 (2, 7ffee0218500, 0, 8, 0, 1000)
            sshd-980   [000] .... 12123.403186: sys_exit: NR 14 = 0
            sshd-980   [000] .... 12123.403186: sys_enter: NR 228 (7, 7ffee02185a0, 7ffee02185a0, 8, 7ffee02e50f0, 7ffee02185a0)
            sshd-980   [000] .... 12123.404536: sys_exit: NR 228 = 0
            sshd-980   [000] .... 12123.404536: sys_enter: NR 0 (3, 7ffee0214610, 4000, 8, 7ffee02e50f0, 7ffee02185a0)
            sshd-980   [000] .... 12123.404536: sys_exit: NR 0 = 36
            sshd-980   [000] .... 12123.404536: sys_enter: NR 228 (7, 7ffee02184f0, 7ffee02184f0, 0, 7ffee02e50f0, 7ffee02184f0)
            sshd-980   [000] .... 12123.404536: sys_exit: NR 228 = 0
            sshd-980   [000] .... 12123.404536: sys_enter: NR 23 (c, 557f11c3c8a0, 557f11c52f90, 0, 0, 1000)
            sshd-980   [000] .... 12123.404536: sys_exit: NR 23 = 1
            sshd-980   [000] .... 12123.404536: sys_enter: NR 14 (0, 7ffee0218580, 7ffee0218500, 8, 0, 1000)
            sshd-980   [000] .... 12123.404536: sys_exit: NR 14 = 0
            sshd-980   [000] .... 12123.404536: sys_enter: NR 14 (2, 7ffee0218500, 0, 8, 0, 1000)
            sshd-980   [000] .... 12123.404536: sys_exit: NR 14 = 0
            sshd-980   [000] .... 12123.404536: sys_enter: NR 228 (7, 7ffee02185a0, 7ffee02185a0, 8, 7ffee02e50f0, 7ffee02185a0)
            sshd-980   [000] .... 12123.404536: sys_exit: NR 228 = 0
            sshd-980   [000] .... 12123.404536: sys_enter: NR 1 (9, 557f11c548c0, 1, 8, 0, 0)
            sshd-980   [000] .... 12123.404536: sys_exit: NR 1 = 1
            sshd-980   [000] .... 12123.404536: sys_enter: NR 16 (9, 5401, 7ffee02184e0, 8, 7ffee0218540, 0)
            sshd-980   [000] .... 12123.404536: sys_exit: NR 16 = 0
            sshd-980   [000] .... 12123.404536: sys_enter: NR 228 (7, 7ffee02184f0, 7ffee02184f0, 0, 7ffee02e50f0, 7ffee02184f0)
          <idle>-0     [001] d... 12123.406290: sched_switch: prev_comm=swapper/1 prev_pid=0 prev_prio=120 prev_state=R ==> next_comm=kworker/u8:1 next_pid=2527 next_prio=120
            sshd-980   [000] .... 12123.406290: sys_exit: NR 228 = 0
            sshd-980   [000] .... 12123.406290: sys_enter: NR 23 (c, 557f11c3c8a0, 557f11c52f90, 0, 0, 1000)
            sshd-980   [000] d... 12123.406290: sched_switch: prev_comm=sshd prev_pid=980 prev_prio=120 prev_state=S ==> next_comm=swapper/0 next_pid=0 next_prio=120
    kworker/u8:1-2527  [001] d... 12123.406290: sched_switch: prev_comm=kworker/u8:1 prev_pid=2527 prev_prio=120 prev_state=I ==> next_comm=swapper/1 next_pid=0 next_prio=120
          <idle>-0     [001] d... 12123.406999: sched_switch: prev_comm=swapper/1 prev_pid=0 prev_prio=120 prev_state=R ==> next_comm=kworker/u8:1 next_pid=2527 next_prio=120
    kworker/u8:1-2527  [001] d... 12123.406999: sched_switch: prev_comm=kworker/u8:1 prev_pid=2527 prev_prio=120 prev_state=I ==> next_comm=swapper/1 next_pid=0 next_prio=120
          <idle>-0     [003] d... 12123.406999: sched_switch: prev_comm=swapper/3 prev_pid=0 prev_prio=120 prev_state=R ==> next_comm=bash next_pid=981 next_prio=120
            bash-981   [003] .... 12123.406999: sys_exit: NR 270 = 1
            bash-981   [003] .... 12123.406999: sys_enter: NR 0 (0, 7ffe8fac8c3f, 1, 0, 0, 7ffe8fac8bf0)
            bash-981   [003] .... 12123.406999: sys_exit: NR 0 = 1
            bash-981   [003] .... 12123.406999: sys_enter: NR 1 (2, 55ee544b97c0, 4, 0, 7f54c26878b0, 7f54c2ccd740)
            bash-981   [003] .... 12123.406999: sys_exit: NR 1 = 4
            bash-981   [003] .... 12123.406999: sys_enter: NR 270 (1, 7ffe8fac8cc0, 0, 0, 0, 7ffe8fac8bf0)
            bash-981   [003] d... 12123.406999: sched_switch: prev_comm=bash prev_pid=981 prev_prio=120 prev_state=S ==> next_comm=swapper/3 next_pid=0 next_prio=120
          <idle>-0     [000] d... 12123.408374: sched_switch: prev_comm=swapper/0 prev_pid=0 prev_prio=120 prev_state=R ==> next_comm=sshd next_pid=980 next_prio=120
            sshd-980   [000] .... 12123.408374: sys_exit: NR 23 = 1
            sshd-980   [000] .... 12123.408374: sys_enter: NR 14 (0, 7ffee0218580, 7ffee0218500, 8, 0, 1000)
            sshd-980   [000] .... 12123.408374: sys_exit: NR 14 = 0
            sshd-980   [000] .... 12123.408374: sys_enter: NR 14 (2, 7ffee0218500, 0, 8, 0, 1000)
            sshd-980   [000] .... 12123.408374: sys_exit: NR 14 = 0
            sshd-980   [000] .... 12123.408374: sys_enter: NR 228 (7, 7ffee02185a0, 7ffee02185a0, 8, 7ffee02e50f0, 7ffee02185a0)
            sshd-980   [000] .... 12123.408374: sys_exit: NR 228 = 0
            sshd-980   [000] .... 12123.408374: sys_enter: NR 0 (b, 7ffee02144e0, 4000, 8, 7ffee02e50f0, 7ffee02185a0)
            sshd-980   [000] .... 12123.408374: sys_exit: NR 0 = 4
            sshd-980   [000] .... 12123.408374: sys_enter: NR 39 (557f11c39eb2, a, 12, 0, 1, 100)
            sshd-980   [000] .... 12123.408374: sys_exit: NR 39 = 980
            sshd-980   [000] .... 12123.408374: sys_enter: NR 228 (7, 7ffee02184f0, 7ffee02184f0, 0, 7ffee02e50f0, 7ffee02184f0)
            sshd-980   [000] .... 12123.408374: sys_exit: NR 228 = 0
            sshd-980   [000] .... 12123.408374: sys_enter: NR 23 (c, 557f11c3c8a0, 557f11c52f90, 0, 0, 1000)
            sshd-980   [000] .... 12123.408374: sys_exit: NR 23 = 1
            sshd-980   [000] .... 12123.408374: sys_enter: NR 14 (0, 7ffee0218580, 7ffee0218500, 8, 0, 1000)
            sshd-980   [000] .... 12123.408374: sys_exit: NR 14 = 0
            sshd-980   [000] .... 12123.408374: sys_enter: NR 14 (2, 7ffee0218500, 0, 8, 0, 1000)
            sshd-980   [000] .... 12123.408374: sys_exit: NR 14 = 0
            sshd-980   [000] .... 12123.408374: sys_enter: NR 228 (7, 7ffee02185a0, 7ffee02185a0, 8, 7ffee02e50f0, 7ffee02185a0)
            sshd-980   [000] .... 12123.408374: sys_exit: NR 228 = 0
            sshd-980   [000] .... 12123.408374: sys_enter: NR 1 (3, 557f11c57b30, 2c, 8, 7ffee02e50f0, 7ffee02185a0)
            sshd-980   [000] d... 12123.412576: sched_switch: prev_comm=sshd prev_pid=980 prev_prio=120 prev_state=R+ ==> next_comm=ksoftirqd/0 next_pid=9 next_prio=120
     ksoftirqd/0-9     [000] d... 12123.412576: sched_switch: prev_comm=ksoftirqd/0 prev_pid=9 prev_prio=120 prev_state=S ==> next_comm=sshd next_pid=980 next_prio=120
            sshd-980   [000] .... 12123.412576: sys_exit: NR 1 = 44
            sshd-980   [000] .... 12123.412576: sys_enter: NR 228 (7, 7ffee02184f0, 7ffee02184f0, 0, 7ffee02e50f0, 7ffee02184f0)
            sshd-980   [000] .... 12123.412576: sys_exit: NR 228 = 0
            sshd-980   [000] .... 12123.412576: sys_enter: NR 23 (c, 557f11c3c8a0, 557f11c52f90, 0, 0, 1000)
            sshd-980   [000] d... 12123.412576: sched_switch: prev_comm=sshd prev_pid=980 prev_prio=120 prev_state=S ==> next_comm=swapper/0 next_pid=0 next_prio=120
          <idle>-0     [000] d... 12123.432747: sched_switch: prev_comm=swapper/0 prev_pid=0 prev_prio=120 prev_state=R ==> next_comm=sshd next_pid=980 next_prio=120
            sshd-980   [000] .... 12123.432747: sys_exit: NR 23 = 1
            sshd-980   [000] .... 12123.432747: sys_enter: NR 14 (0, 7ffee0218580, 7ffee0218500, 8, 0, 1000)
            sshd-980   [000] .... 12123.432747: sys_exit: NR 14 = 0
            sshd-980   [000] .... 12123.432747: sys_enter: NR 14 (2, 7ffee0218500, 0, 8, 0, 1000)
            sshd-980   [000] .... 12123.432747: sys_exit: NR 14 = 0
            sshd-980   [000] .... 12123.432747: sys_enter: NR 228 (7, 7ffee02185a0, 7ffee02185a0, 8, 7ffee02e50f0, 7ffee02185a0)
            sshd-980   [000] .... 12123.432747: sys_exit: NR 228 = 0
            sshd-980   [000] .... 12123.432747: sys_enter: NR 0 (3, 7ffee0214610, 4000, 8, 7ffee02e50f0, 7ffee02185a0)
            sshd-980   [000] .... 12123.432747: sys_exit: NR 0 = 36
            sshd-980   [000] .... 12123.432747: sys_enter: NR 228 (7, 7ffee02184f0, 7ffee02184f0, 0, 7ffee02e50f0, 7ffee02184f0)
            sshd-980   [000] .... 12123.432747: sys_exit: NR 228 = 0
            sshd-980   [000] .... 12123.432747: sys_enter: NR 23 (c, 557f11c3c8a0, 557f11c52f90, 0, 0, 1000)
            sshd-980   [000] .... 12123.432747: sys_exit: NR 23 = 1
            sshd-980   [000] .... 12123.432747: sys_enter: NR 14 (0, 7ffee0218580, 7ffee0218500, 8, 0, 1000)
            sshd-980   [000] .... 12123.432747: sys_exit: NR 14 = 0
            sshd-980   [000] .... 12123.432747: sys_enter: NR 14 (2, 7ffee0218500, 0, 8, 0, 1000)
            sshd-980   [000] .... 12123.432747: sys_exit: NR 14 = 0
            sshd-980   [000] .... 12123.432747: sys_enter: NR 228 (7, 7ffee02185a0, 7ffee02185a0, 8, 7ffee02e50f0, 7ffee02185a0)
            sshd-980   [000] .... 12123.432747: sys_exit: NR 228 = 0
            sshd-980   [000] .... 12123.432747: sys_enter: NR 1 (9, 557f11c548c0, 1, 8, 0, 0)
            sshd-980   [000] .... 12123.432747: sys_exit: NR 1 = 1
            sshd-980   [000] .... 12123.432747: sys_enter: NR 16 (9, 5401, 7ffee02184e0, 8, 7ffee0218540, 0)
            sshd-980   [000] .... 12123.432747: sys_exit: NR 16 = 0
            sshd-980   [000] .... 12123.432747: sys_enter: NR 228 (7, 7ffee02184f0, 7ffee02184f0, 0, 7ffee02e50f0, 7ffee02184f0)
          <idle>-0     [001] d... 12123.436360: sched_switch: prev_comm=swapper/1 prev_pid=0 prev_prio=120 prev_state=R ==> next_comm=kworker/u8:1 next_pid=2527 next_prio=120
            sshd-980   [000] .... 12123.436360: sys_exit: NR 228 = 0
            sshd-980   [000] .... 12123.436360: sys_enter: NR 23 (c, 557f11c3c8a0, 557f11c52f90, 0, 0, 1000)
            sshd-980   [000] d... 12123.436360: sched_switch: prev_comm=sshd prev_pid=980 prev_prio=120 prev_state=S ==> next_comm=swapper/0 next_pid=0 next_prio=120
    kworker/u8:1-2527  [001] d... 12123.436360: sched_switch: prev_comm=kworker/u8:1 prev_pid=2527 prev_prio=120 prev_state=I ==> next_comm=swapper/1 next_pid=0 next_prio=120
          <idle>-0     [003] d... 12123.437161: sched_switch: prev_comm=swapper/3 prev_pid=0 prev_prio=120 prev_state=R ==> next_comm=bash next_pid=981 next_prio=120
            bash-981   [003] .... 12123.437161: sys_exit: NR 270 = 1
            bash-981   [003] .... 12123.437161: sys_enter: NR 0 (0, 7ffe8fac8c3f, 1, 0, 0, 7ffe8fac8bf0)
            bash-981   [003] .... 12123.437161: sys_exit: NR 0 = 1
            bash-981   [003] .... 12123.437161: sys_enter: NR 1 (2, 55ee544b97c0, 4, 0, 7f54c26878b0, 7f54c2ccd740)
            bash-981   [003] .... 12123.437161: sys_exit: NR 1 = 4
            bash-981   [003] .... 12123.437161: sys_enter: NR 270 (1, 7ffe8fac8cc0, 0, 0, 0, 7ffe8fac8bf0)
            bash-981   [003] d... 12123.437161: sched_switch: prev_comm=bash prev_pid=981 prev_prio=120 prev_state=S ==> next_comm=swapper/3 next_pid=0 next_prio=120
          <idle>-0     [001] d... 12123.438232: sched_switch: prev_comm=swapper/1 prev_pid=0 prev_prio=120 prev_state=R ==> next_comm=kworker/u8:1 next_pid=2527 next_prio=120
    kworker/u8:1-2527  [001] d... 12123.438232: sched_switch: prev_comm=kworker/u8:1 prev_pid=2527 prev_prio=120 prev_state=I ==> next_comm=swapper/1 next_pid=0 next_prio=120
          <idle>-0     [000] d... 12123.439035: sched_switch: prev_comm=swapper/0 prev_pid=0 prev_prio=120 prev_state=R ==> next_comm=sshd next_pid=980 next_prio=120
            sshd-980   [000] .... 12123.439035: sys_exit: NR 23 = 1
            sshd-980   [000] .... 12123.439035: sys_enter: NR 14 (0, 7ffee0218580, 7ffee0218500, 8, 0, 1000)
            sshd-980   [000] .... 12123.439035: sys_exit: NR 14 = 0
            sshd-980   [000] .... 12123.439035: sys_enter: NR 14 (2, 7ffee0218500, 0, 8, 0, 1000)
            sshd-980   [000] .... 12123.439035: sys_exit: NR 14 = 0
            sshd-980   [000] .... 12123.439035: sys_enter: NR 228 (7, 7ffee02185a0, 7ffee02185a0, 8, 7ffee02e50f0, 7ffee02185a0)
            sshd-980   [000] .... 12123.439035: sys_exit: NR 228 = 0
            sshd-980   [000] .... 12123.439035: sys_enter: NR 0 (b, 7ffee02144e0, 4000, 8, 7ffee02e50f0, 7ffee02185a0)
            sshd-980   [000] .... 12123.439035: sys_exit: NR 0 = 4
            sshd-980   [000] .... 12123.439035: sys_enter: NR 39 (557f11c39eb2, a, 12, 0, 1, 100)
            sshd-980   [000] .... 12123.439035: sys_exit: NR 39 = 980
            sshd-980   [000] .... 12123.439035: sys_enter: NR 228 (7, 7ffee02184f0, 7ffee02184f0, 0, 7ffee02e50f0, 7ffee02184f0)
            sshd-980   [000] .... 12123.439035: sys_exit: NR 228 = 0
            sshd-980   [000] .... 12123.439035: sys_enter: NR 23 (c, 557f11c3c8a0, 557f11c52f90, 0, 0, 1000)
            sshd-980   [000] .... 12123.439035: sys_exit: NR 23 = 1
            sshd-980   [000] .... 12123.439035: sys_enter: NR 14 (0, 7ffee0218580, 7ffee0218500, 8, 0, 1000)
            sshd-980   [000] .... 12123.439035: sys_exit: NR 14 = 0
            sshd-980   [000] .... 12123.439035: sys_enter: NR 14 (2, 7ffee0218500, 0, 8, 0, 1000)
            sshd-980   [000] .... 12123.439035: sys_exit: NR 14 = 0
            sshd-980   [000] .... 12123.439035: sys_enter: NR 228 (7, 7ffee02185a0, 7ffee02185a0, 8, 7ffee02e50f0, 7ffee02185a0)
            sshd-980   [000] .... 12123.439035: sys_exit: NR 228 = 0
            sshd-980   [000] .... 12123.439035: sys_enter: NR 1 (3, 557f11c57b30, 2c, 8, 7ffee02e50f0, 7ffee02185a0)
            sshd-980   [000] d... 12123.441439: sched_switch: prev_comm=sshd prev_pid=980 prev_prio=120 prev_state=R+ ==> next_comm=ksoftirqd/0 next_pid=9 next_prio=120
     ksoftirqd/0-9     [000] d... 12123.441439: sched_switch: prev_comm=ksoftirqd/0 prev_pid=9 prev_prio=120 prev_state=S ==> next_comm=sshd next_pid=980 next_prio=120
            sshd-980   [000] .... 12123.441439: sys_exit: NR 1 = 44
            sshd-980   [000] .... 12123.441439: sys_enter: NR 228 (7, 7ffee02184f0, 7ffee02184f0, 0, 7ffee02e50f0, 7ffee02184f0)
            sshd-980   [000] .... 12123.442452: sys_exit: NR 228 = 0
            sshd-980   [000] .... 12123.442452: sys_enter: NR 23 (c, 557f11c3c8a0, 557f11c52f90, 0, 0, 1000)
            sshd-980   [000] d... 12123.442452: sched_switch: prev_comm=sshd prev_pid=980 prev_prio=120 prev_state=S ==> next_comm=swapper/0 next_pid=0 next_prio=120
          <idle>-0     [000] d... 12123.727980: sched_switch: prev_comm=swapper/0 prev_pid=0 prev_prio=120 prev_state=R ==> next_comm=sshd next_pid=980 next_prio=120
            sshd-980   [000] .... 12123.727980: sys_exit: NR 23 = 1
            sshd-980   [000] .... 12123.727980: sys_enter: NR 14 (0, 7ffee0218580, 7ffee0218500, 8, 0, 1000)
            sshd-980   [000] .... 12123.727980: sys_exit: NR 14 = 0
            sshd-980   [000] .... 12123.727980: sys_enter: NR 14 (2, 7ffee0218500, 0, 8, 0, 1000)
            sshd-980   [000] .... 12123.727980: sys_exit: NR 14 = 0
            sshd-980   [000] .... 12123.727980: sys_enter: NR 228 (7, 7ffee02185a0, 7ffee02185a0, 8, 7ffee02e50f0, 7ffee02185a0)
            sshd-980   [000] .... 12123.727980: sys_exit: NR 228 = 0
            sshd-980   [000] .... 12123.727980: sys_enter: NR 0 (3, 7ffee0214610, 4000, 8, 7ffee02e50f0, 7ffee02185a0)
            sshd-980   [000] .... 12123.727980: sys_exit: NR 0 = 36
            sshd-980   [000] .... 12123.727980: sys_enter: NR 228 (7, 7ffee02184f0, 7ffee02184f0, 0, 7ffee02e50f0, 7ffee02184f0)
            sshd-980   [000] .... 12123.727980: sys_exit: NR 228 = 0
            sshd-980   [000] .... 12123.727980: sys_enter: NR 23 (c, 557f11c3c8a0, 557f11c52f90, 0, 0, 1000)
            sshd-980   [000] .... 12123.727980: sys_exit: NR 23 = 1
            sshd-980   [000] .... 12123.727980: sys_enter: NR 14 (0, 7ffee0218580, 7ffee0218500, 8, 0, 1000)
            sshd-980   [000] .... 12123.727980: sys_exit: NR 14 = 0
            sshd-980   [000] .... 12123.727980: sys_enter: NR 14 (2, 7ffee0218500, 0, 8, 0, 1000)
            sshd-980   [000] .... 12123.727980: sys_exit: NR 14 = 0
            sshd-980   [000] .... 12123.727980: sys_enter: NR 228 (7, 7ffee02185a0, 7ffee02185a0, 8, 7ffee02e50f0, 7ffee02185a0)
            sshd-980   [000] .... 12123.727980: sys_exit: NR 228 = 0
            sshd-980   [000] .... 12123.727980: sys_enter: NR 1 (9, 557f11c548c0, 1, 8, 0, 0)
            sshd-980   [000] .... 12123.727980: sys_exit: NR 1 = 1
            sshd-980   [000] .... 12123.727980: sys_enter: NR 16 (9, 5401, 7ffee02184e0, 8, 7ffee0218540, 0)
            sshd-980   [000] .... 12123.727980: sys_exit: NR 16 = 0
            sshd-980   [000] .... 12123.727980: sys_enter: NR 228 (7, 7ffee02184f0, 7ffee02184f0, 0, 7ffee02e50f0, 7ffee02184f0)
          <idle>-0     [001] d... 12123.731324: sched_switch: prev_comm=swapper/1 prev_pid=0 prev_prio=120 prev_state=R ==> next_comm=kworker/u8:1 next_pid=2527 next_prio=120
    kworker/u8:1-2527  [001] d... 12123.731324: sched_switch: prev_comm=kworker/u8:1 prev_pid=2527 prev_prio=120 prev_state=I ==> next_comm=swapper/1 next_pid=0 next_prio=120
            sshd-980   [000] .... 12123.731324: sys_exit: NR 228 = 0
            sshd-980   [000] .... 12123.731324: sys_enter: NR 23 (c, 557f11c3c8a0, 557f11c52f90, 0, 0, 1000)
            sshd-980   [000] d... 12123.731324: sched_switch: prev_comm=sshd prev_pid=980 prev_prio=120 prev_state=S ==> next_comm=swapper/0 next_pid=0 next_prio=120
          <idle>-0     [003] d... 12123.732115: sched_switch: prev_comm=swapper/3 prev_pid=0 prev_prio=120 prev_state=R ==> next_comm=bash next_pid=981 next_prio=120
            bash-981   [003] .... 12123.732115: sys_exit: NR 270 = 1
            bash-981   [003] .... 12123.732115: sys_enter: NR 0 (0, 7ffe8fac8c3f, 1, 0, 0, 7ffe8fac8bf0)
            bash-981   [003] .... 12123.732115: sys_exit: NR 0 = 1
            bash-981   [003] .... 12123.732115: sys_enter: NR 1 (2, 55ee544b97c0, 4, 0, 7f54c26878b0, 7f54c2ccd740)
            bash-981   [003] .... 12123.732115: sys_exit: NR 1 = 4
            bash-981   [003] .... 12123.732115: sys_enter: NR 270 (1, 7ffe8fac8cc0, 0, 0, 0, 7ffe8fac8bf0)
            bash-981   [003] d... 12123.732115: sched_switch: prev_comm=bash prev_pid=981 prev_prio=120 prev_state=S ==> next_comm=swapper/3 next_pid=0 next_prio=120
          <idle>-0     [000] d... 12123.733137: sched_switch: prev_comm=swapper/0 prev_pid=0 prev_prio=120 prev_state=R ==> next_comm=sshd next_pid=980 next_prio=120
            sshd-980   [000] .... 12123.733137: sys_exit: NR 23 = 1
            sshd-980   [000] .... 12123.733137: sys_enter: NR 14 (0, 7ffee0218580, 7ffee0218500, 8, 0, 1000)
            sshd-980   [000] .... 12123.733137: sys_exit: NR 14 = 0
            sshd-980   [000] .... 12123.733137: sys_enter: NR 14 (2, 7ffee0218500, 0, 8, 0, 1000)
            sshd-980   [000] .... 12123.733137: sys_exit: NR 14 = 0
            sshd-980   [000] .... 12123.733137: sys_enter: NR 228 (7, 7ffee02185a0, 7ffee02185a0, 8, 7ffee02e50f0, 7ffee02185a0)
          <idle>-0     [001] d... 12123.733137: sched_switch: prev_comm=swapper/1 prev_pid=0 prev_prio=120 prev_state=R ==> next_comm=kworker/u8:1 next_pid=2527 next_prio=120
    kworker/u8:1-2527  [001] d... 12123.733137: sched_switch: prev_comm=kworker/u8:1 prev_pid=2527 prev_prio=120 prev_state=I ==> next_comm=swapper/1 next_pid=0 next_prio=120
            sshd-980   [000] .... 12123.734297: sys_exit: NR 228 = 0
            sshd-980   [000] .... 12123.734297: sys_enter: NR 0 (b, 7ffee02144e0, 4000, 8, 7ffee02e50f0, 7ffee02185a0)
            sshd-980   [000] .... 12123.734297: sys_exit: NR 0 = 4
            sshd-980   [000] .... 12123.734297: sys_enter: NR 39 (557f11c39eb2, a, 12, 0, 1, 100)
            sshd-980   [000] .... 12123.734297: sys_exit: NR 39 = 980
            sshd-980   [000] .... 12123.734297: sys_enter: NR 228 (7, 7ffee02184f0, 7ffee02184f0, 0, 7ffee02e50f0, 7ffee02184f0)
            sshd-980   [000] .... 12123.734297: sys_exit: NR 228 = 0
            sshd-980   [000] .... 12123.734297: sys_enter: NR 23 (c, 557f11c3c8a0, 557f11c52f90, 0, 0, 1000)
            sshd-980   [000] .... 12123.734297: sys_exit: NR 23 = 1
            sshd-980   [000] .... 12123.734297: sys_enter: NR 14 (0, 7ffee0218580, 7ffee0218500, 8, 0, 1000)
            sshd-980   [000] .... 12123.734297: sys_exit: NR 14 = 0
            sshd-980   [000] .... 12123.734297: sys_enter: NR 14 (2, 7ffee0218500, 0, 8, 0, 1000)
            sshd-980   [000] .... 12123.734297: sys_exit: NR 14 = 0
            sshd-980   [000] .... 12123.734297: sys_enter: NR 228 (7, 7ffee02185a0, 7ffee02185a0, 8, 7ffee02e50f0, 7ffee02185a0)
            sshd-980   [000] .... 12123.734297: sys_exit: NR 228 = 0
            sshd-980   [000] .... 12123.734297: sys_enter: NR 1 (3, 557f11c57b30, 2c, 8, 7ffee02e50f0, 7ffee02185a0)
            sshd-980   [000] d... 12123.737544: sched_switch: prev_comm=sshd prev_pid=980 prev_prio=120 prev_state=R+ ==> next_comm=ksoftirqd/0 next_pid=9 next_prio=120
     ksoftirqd/0-9     [000] d... 12123.737544: sched_switch: prev_comm=ksoftirqd/0 prev_pid=9 prev_prio=120 prev_state=S ==> next_comm=sshd next_pid=980 next_prio=120
            sshd-980   [000] .... 12123.737544: sys_exit: NR 1 = 44
            sshd-980   [000] .... 12123.737544: sys_enter: NR 228 (7, 7ffee02184f0, 7ffee02184f0, 0, 7ffee02e50f0, 7ffee02184f0)
            sshd-980   [000] .... 12123.737544: sys_exit: NR 228 = 0
            sshd-980   [000] .... 12123.737544: sys_enter: NR 23 (c, 557f11c3c8a0, 557f11c52f90, 0, 0, 1000)
            sshd-980   [000] d... 12123.737544: sched_switch: prev_comm=sshd prev_pid=980 prev_prio=120 prev_state=S ==> next_comm=swapper/0 next_pid=0 next_prio=120
          <idle>-0     [000] d... 12123.768768: sched_switch: prev_comm=swapper/0 prev_pid=0 prev_prio=120 prev_state=R ==> next_comm=kworker/0:1 next_pid=1645 next_prio=120
     kworker/0:1-1645  [000] d... 12123.768768: sched_switch: prev_comm=kworker/0:1 prev_pid=1645 prev_prio=120 prev_state=I ==> next_comm=swapper/0 next_pid=0 next_prio=120
          <idle>-0     [000] d... 12123.894004: sched_switch: prev_comm=swapper/0 prev_pid=0 prev_prio=120 prev_state=R ==> next_comm=sshd next_pid=980 next_prio=120
            sshd-980   [000] .... 12123.894004: sys_exit: NR 23 = 1
            sshd-980   [000] .... 12123.894004: sys_enter: NR 14 (0, 7ffee0218580, 7ffee0218500, 8, 0, 1000)
            sshd-980   [000] .... 12123.894004: sys_exit: NR 14 = 0
            sshd-980   [000] .... 12123.894004: sys_enter: NR 14 (2, 7ffee0218500, 0, 8, 0, 1000)
            sshd-980   [000] .... 12123.894004: sys_exit: NR 14 = 0
            sshd-980   [000] .... 12123.894004: sys_enter: NR 228 (7, 7ffee02185a0, 7ffee02185a0, 8, 7ffee02e50f0, 7ffee02185a0)
            sshd-980   [000] .... 12123.894004: sys_exit: NR 228 = 0
            sshd-980   [000] .... 12123.894004: sys_enter: NR 0 (3, 7ffee0214610, 4000, 8, 7ffee02e50f0, 7ffee02185a0)
            sshd-980   [000] .... 12123.894004: sys_exit: NR 0 = 36
            sshd-980   [000] .... 12123.894004: sys_enter: NR 228 (7, 7ffee02184f0, 7ffee02184f0, 0, 7ffee02e50f0, 7ffee02184f0)
            sshd-980   [000] .... 12123.894004: sys_exit: NR 228 = 0
            sshd-980   [000] .... 12123.894004: sys_enter: NR 23 (c, 557f11c3c8a0, 557f11c52f90, 0, 0, 1000)
            sshd-980   [000] .... 12123.894004: sys_exit: NR 23 = 1
            sshd-980   [000] .... 12123.894004: sys_enter: NR 14 (0, 7ffee0218580, 7ffee0218500, 8, 0, 1000)
            sshd-980   [000] .... 12123.894004: sys_exit: NR 14 = 0
            sshd-980   [000] .... 12123.894004: sys_enter: NR 14 (2, 7ffee0218500, 0, 8, 0, 1000)
            sshd-980   [000] .... 12123.894004: sys_exit: NR 14 = 0
            sshd-980   [000] .... 12123.894004: sys_enter: NR 228 (7, 7ffee02185a0, 7ffee02185a0, 8, 7ffee02e50f0, 7ffee02185a0)
            sshd-980   [000] .... 12123.894004: sys_exit: NR 228 = 0
            sshd-980   [000] .... 12123.894004: sys_enter: NR 1 (9, 557f11c548c0, 1, 8, 0, 0)
            sshd-980   [000] .... 12123.894004: sys_exit: NR 1 = 1
            sshd-980   [000] .... 12123.894004: sys_enter: NR 16 (9, 5401, 7ffee02184e0, 8, 7ffee0218540, 0)
            sshd-980   [000] .... 12123.894004: sys_exit: NR 16 = 0
            sshd-980   [000] .... 12123.894004: sys_enter: NR 228 (7, 7ffee02184f0, 7ffee02184f0, 0, 7ffee02e50f0, 7ffee02184f0)
            sshd-980   [000] .... 12123.894004: sys_exit: NR 228 = 0
            sshd-980   [000] .... 12123.894004: sys_enter: NR 23 (c, 557f11c3c8a0, 557f11c52f90, 0, 0, 1000)
            sshd-980   [000] d... 12123.894004: sched_switch: prev_comm=sshd prev_pid=980 prev_prio=120 prev_state=S ==> next_comm=swapper/0 next_pid=0 next_prio=120
          <idle>-0     [001] d... 12123.897040: sched_switch: prev_comm=swapper/1 prev_pid=0 prev_prio=120 prev_state=R ==> next_comm=kworker/u8:1 next_pid=2527 next_prio=120
    kworker/u8:1-2527  [001] d... 12123.897040: sched_switch: prev_comm=kworker/u8:1 prev_pid=2527 prev_prio=120 prev_state=I ==> next_comm=swapper/1 next_pid=0 next_prio=120
          <idle>-0     [003] d... 12123.897040: sched_switch: prev_comm=swapper/3 prev_pid=0 prev_prio=120 prev_state=R ==> next_comm=bash next_pid=981 next_prio=120
            bash-981   [003] .... 12123.897040: sys_exit: NR 270 = 1
            bash-981   [003] .... 12123.897040: sys_enter: NR 0 (0, 7ffe8fac8c3f, 1, 0, 0, 7ffe8fac8bf0)
            bash-981   [003] .... 12123.897040: sys_exit: NR 0 = 1
            bash-981   [003] .... 12123.897040: sys_enter: NR 1 (2, 55ee544b97c0, 4, 0, 7f54c26878b0, 7f54c2ccd740)
            bash-981   [003] .... 12123.897040: sys_exit: NR 1 = 4
            bash-981   [003] .... 12123.897040: sys_enter: NR 270 (1, 7ffe8fac8cc0, 0, 0, 0, 7ffe8fac8bf0)
            bash-981   [003] d... 12123.897040: sched_switch: prev_comm=bash prev_pid=981 prev_prio=120 prev_state=S ==> next_comm=swapper/3 next_pid=0 next_prio=120
          <idle>-0     [000] d... 12123.898261: sched_switch: prev_comm=swapper/0 prev_pid=0 prev_prio=120 prev_state=R ==> next_comm=sshd next_pid=980 next_prio=120
            sshd-980   [000] .... 12123.898261: sys_exit: NR 23 = 1
            sshd-980   [000] .... 12123.898261: sys_enter: NR 14 (0, 7ffee0218580, 7ffee0218500, 8, 0, 1000)
            sshd-980   [000] .... 12123.898261: sys_exit: NR 14 = 0
            sshd-980   [000] .... 12123.898261: sys_enter: NR 14 (2, 7ffee0218500, 0, 8, 0, 1000)
            sshd-980   [000] .... 12123.898261: sys_exit: NR 14 = 0
            sshd-980   [000] .... 12123.898261: sys_enter: NR 228 (7, 7ffee02185a0, 7ffee02185a0, 8, 7ffee02e50f0, 7ffee02185a0)
          <idle>-0     [001] d... 12123.898261: sched_switch: prev_comm=swapper/1 prev_pid=0 prev_prio=120 prev_state=R ==> next_comm=kworker/u8:1 next_pid=2527 next_prio=120
    kworker/u8:1-2527  [001] d... 12123.898261: sched_switch: prev_comm=kworker/u8:1 prev_pid=2527 prev_prio=120 prev_state=I ==> next_comm=swapper/1 next_pid=0 next_prio=120
            sshd-980   [000] .... 12123.898680: sys_exit: NR 228 = 0
            sshd-980   [000] .... 12123.898680: sys_enter: NR 0 (b, 7ffee02144e0, 4000, 8, 7ffee02e50f0, 7ffee02185a0)
            sshd-980   [000] .... 12123.898680: sys_exit: NR 0 = 4
            sshd-980   [000] .... 12123.898680: sys_enter: NR 39 (557f11c39eb2, a, 12, 0, 1, 100)
            sshd-980   [000] .... 12123.898680: sys_exit: NR 39 = 980
            sshd-980   [000] .... 12123.898680: sys_enter: NR 228 (7, 7ffee02184f0, 7ffee02184f0, 0, 7ffee02e50f0, 7ffee02184f0)
            sshd-980   [000] .... 12123.898680: sys_exit: NR 228 = 0
            sshd-980   [000] .... 12123.898680: sys_enter: NR 23 (c, 557f11c3c8a0, 557f11c52f90, 0, 0, 1000)
            sshd-980   [000] .... 12123.898680: sys_exit: NR 23 = 1
            sshd-980   [000] .... 12123.898680: sys_enter: NR 14 (0, 7ffee0218580, 7ffee0218500, 8, 0, 1000)
            sshd-980   [000] .... 12123.898680: sys_exit: NR 14 = 0
            sshd-980   [000] .... 12123.898680: sys_enter: NR 14 (2, 7ffee0218500, 0, 8, 0, 1000)
            sshd-980   [000] .... 12123.898680: sys_exit: NR 14 = 0
            sshd-980   [000] .... 12123.898680: sys_enter: NR 228 (7, 7ffee02185a0, 7ffee02185a0, 8, 7ffee02e50f0, 7ffee02185a0)
            sshd-980   [000] .... 12123.898680: sys_exit: NR 228 = 0
            sshd-980   [000] .... 12123.898680: sys_enter: NR 1 (3, 557f11c57b30, 2c, 8, 7ffee02e50f0, 7ffee02185a0)
            sshd-980   [000] d... 12123.901378: sched_switch: prev_comm=sshd prev_pid=980 prev_prio=120 prev_state=R+ ==> next_comm=ksoftirqd/0 next_pid=9 next_prio=120
     ksoftirqd/0-9     [000] d... 12123.901378: sched_switch: prev_comm=ksoftirqd/0 prev_pid=9 prev_prio=120 prev_state=S ==> next_comm=sshd next_pid=980 next_prio=120
            sshd-980   [000] .... 12123.901378: sys_exit: NR 1 = 44
            sshd-980   [000] .... 12123.901378: sys_enter: NR 228 (7, 7ffee02184f0, 7ffee02184f0, 0, 7ffee02e50f0, 7ffee02184f0)
            sshd-980   [000] .... 12123.901378: sys_exit: NR 228 = 0
            sshd-980   [000] .... 12123.901378: sys_enter: NR 23 (c, 557f11c3c8a0, 557f11c52f90, 0, 0, 1000)
            sshd-980   [000] d... 12123.901378: sched_switch: prev_comm=sshd prev_pid=980 prev_prio=120 prev_state=S ==> next_comm=swapper/0 next_pid=0 next_prio=120
          <idle>-0     [001] d... 12124.007342: sched_switch: prev_comm=swapper/1 prev_pid=0 prev_prio=120 prev_state=R ==> next_comm=gmain next_pid=605 next_prio=120
           gmain-605   [001] .... 12124.007342: sys_exit: NR 7 = 0
           gmain-605   [001] .... 12124.007342: sys_enter: NR 228 (1, 7f52c7632bf0, 7f52c7632bf0, 7f52c0002880, 7ffccd3cb090, 7f52c7632bf0)
           gmain-605   [001] .... 12124.007547: sys_exit: NR 228 = 0
           gmain-605   [001] .... 12124.007547: sys_enter: NR 254 (7, 55692c9ec3a0, 1002fce, 7f52c0002880, 56cd36aa, 7f52c7632bf0)
           gmain-605   [001] .... 12124.007547: sys_exit: NR 254 = -2
           gmain-605   [001] .... 12124.007547: sys_enter: NR 254 (7, 55692c9eb980, 1002fce, 7f52c0002880, b10563a8, 7f52c7632bf0)
           gmain-605   [001] .... 12124.007547: sys_exit: NR 254 = -2
           gmain-605   [001] .... 12124.007547: sys_enter: NR 254 (7, 55692c9eb450, 1002fce, 7f52c0002880, b10563a8, 7f52c7632bf0)
           gmain-605   [001] .... 12124.007547: sys_exit: NR 254 = -2
           gmain-605   [001] .... 12124.007547: sys_enter: NR 254 (7, 55692c9eb100, 1002fce, 7f52c0002880, b10563a8, 7f52c7632bf0)
           gmain-605   [001] .... 12124.007547: sys_exit: NR 254 = -2
           gmain-605   [001] .... 12124.007547: sys_enter: NR 228 (1, 7f52c7632be0, 7f52c7632be0, 7f52c0002880, 7ffccd3cb090, 7f52c7632be0)
           gmain-605   [001] .... 12124.007547: sys_exit: NR 228 = 0
           gmain-605   [001] .... 12124.007547: sys_enter: NR 7 (55692c9cb410, 2, f98, 7f52c0002880, 0, 55692c9e82a0)
           gmain-605   [001] d... 12124.008403: sched_switch: prev_comm=gmain prev_pid=605 prev_prio=120 prev_state=S ==> next_comm=swapper/1 next_pid=0 next_prio=120
          <idle>-0     [000] d... 12124.045405: sched_switch: prev_comm=swapper/0 prev_pid=0 prev_prio=120 prev_state=R ==> next_comm=sshd next_pid=980 next_prio=120
            sshd-980   [000] .... 12124.045405: sys_exit: NR 23 = 1
            sshd-980   [000] .... 12124.045405: sys_enter: NR 14 (0, 7ffee0218580, 7ffee0218500, 8, 0, 1000)
            sshd-980   [000] .... 12124.045405: sys_exit: NR 14 = 0
            sshd-980   [000] .... 12124.045405: sys_enter: NR 14 (2, 7ffee0218500, 0, 8, 0, 1000)
            sshd-980   [000] .... 12124.045405: sys_exit: NR 14 = 0
            sshd-980   [000] .... 12124.045405: sys_enter: NR 228 (7, 7ffee02185a0, 7ffee02185a0, 8, 7ffee02e50f0, 7ffee02185a0)
            sshd-980   [000] .... 12124.045405: sys_exit: NR 228 = 0
            sshd-980   [000] .... 12124.045405: sys_enter: NR 0 (3, 7ffee0214610, 4000, 8, 7ffee02e50f0, 7ffee02185a0)
            sshd-980   [000] .... 12124.045405: sys_exit: NR 0 = 36
            sshd-980   [000] .... 12124.045405: sys_enter: NR 228 (7, 7ffee02184f0, 7ffee02184f0, 0, 7ffee02e50f0, 7ffee02184f0)
            sshd-980   [000] .... 12124.045405: sys_exit: NR 228 = 0
            sshd-980   [000] .... 12124.045405: sys_enter: NR 23 (c, 557f11c3c8a0, 557f11c52f90, 0, 0, 1000)
            sshd-980   [000] .... 12124.045405: sys_exit: NR 23 = 1
            sshd-980   [000] .... 12124.045405: sys_enter: NR 14 (0, 7ffee0218580, 7ffee0218500, 8, 0, 1000)
            sshd-980   [000] .... 12124.045405: sys_exit: NR 14 = 0
            sshd-980   [000] .... 12124.045405: sys_enter: NR 14 (2, 7ffee0218500, 0, 8, 0, 1000)
            sshd-980   [000] .... 12124.045405: sys_exit: NR 14 = 0
            sshd-980   [000] .... 12124.045405: sys_enter: NR 228 (7, 7ffee02185a0, 7ffee02185a0, 8, 7ffee02e50f0, 7ffee02185a0)
            sshd-980   [000] .... 12124.045405: sys_exit: NR 228 = 0
            sshd-980   [000] .... 12124.045405: sys_enter: NR 1 (9, 557f11c548c0, 1, 8, 0, 0)
            sshd-980   [000] .... 12124.045405: sys_exit: NR 1 = 1
            sshd-980   [000] .... 12124.045405: sys_enter: NR 16 (9, 5401, 7ffee02184e0, 8, 7ffee0218540, 0)
            sshd-980   [000] .... 12124.045405: sys_exit: NR 16 = 0
