 => 0xffffffffc014d061
 => ext4_file_open+0x5/0x1f0
 => do_dentry_open+0x1ea/0x380
 => path_openat+0x2e9/0x1570
 => do_filp_open+0x9b/0x110
 => do_sys_open+0x1bd/0x250
 => do_syscall_64+0x48/0x120
 => entry_SYSCALL_64_after_hwframe+0x44/0xa9
            sudo-2371  [001] ....  8483.028692: sys_exit: NR 257 = 6
            sudo-2371  [001] ....  8483.028692: sys_enter: NR 0 (6, 7ffcf0c965d8, 340, 0, 80000000, 7ffcf0c965bf)
            sudo-2371  [001] ....  8483.028692: ext4_file_read_iter+0x0/0x40 <-new_sync_read+0x114/0x1a0
            sudo-2371  [001] ....  8483.028692: <stack trace>
 => 0xffffffffc014d061
 => ext4_file_read_iter+0x5/0x40
 => new_sync_read+0x114/0x1a0
 => vfs_read+0x89/0x130
 => ksys_read+0xa1/0xe0
 => do_syscall_64+0x48/0x120
 => entry_SYSCALL_64_after_hwframe+0x44/0xa9
            sudo-2371  [001] ....  8483.028692: sys_exit: NR 0 = 832
            sudo-2371  [001] ....  8483.028692: sys_enter: NR 5 (6, 7ffcf0c96470, 7ffcf0c96470, 56100c074fe0, 56100c074fe0, 56100c074ad0)
            sudo-2371  [001] ....  8483.028692: sys_exit: NR 5 = 0
            sudo-2371  [001] ....  8483.028692: sys_enter: NR 9 (0, 203130, 5, 802, 6, 0)
            sudo-2371  [001] ....  8483.028692: sys_exit: NR 9 = 139736694800384
            sudo-2371  [001] ....  8483.028692: sys_enter: NR 10 (7f16fc0e7000, 1ff000, 0, 1, 6, 0)
            sudo-2371  [001] ....  8483.028692: sys_exit: NR 10 = 0
            sudo-2371  [001] ....  8483.028692: sys_enter: NR 9 (7f16fc2e6000, 2000, 3, 812, 6, 2000)
            sudo-2371  [001] ....  8483.028692: sys_exit: NR 9 = 139736696905728
            sudo-2371  [001] ....  8483.028692: sys_enter: NR 3 (6, 28, 0, 31, 6fffffff, 70000021)
            sudo-2371  [001] ....  8483.028692: __close_fd+0x0/0x80 <-__x64_sys_close+0x1e/0x50
            sudo-2371  [001] ....  8483.028692: <stack trace>
 => 0xffffffffc014d061
 => __close_fd+0x5/0x80
 => __x64_sys_close+0x1e/0x50
 => do_syscall_64+0x48/0x120
 => entry_SYSCALL_64_after_hwframe+0x44/0xa9
            sudo-2371  [001] ....  8483.028692: sys_exit: NR 3 = 0
            sudo-2371  [001] ....  8483.028692: sys_enter: NR 10 (7f16fc2e6000, 1000, 1, 56100c075010, 0, 419)
            sudo-2371  [001] ....  8483.028692: sys_exit: NR 10 = 0
            sudo-2371  [001] ....  8483.028692: sys_enter: NR 10 (7f16fc523000, 3000, 1, 56100c074ad0, 0, 2d)
            sudo-2371  [001] ....  8483.028692: sys_exit: NR 10 = 0
            sudo-2371  [001] ....  8483.028692: sys_enter: NR 11 (7f16ffe8b000, d29f, 7ffcf0c98310, 56100c0758b0, 0, 10)
            sudo-2371  [001] ....  8483.028692: sys_exit: NR 11 = 0
            sudo-2371  [001] ....  8483.028692: sys_enter: NR 0 (5, 56100c06bb80, 1000, 7f16ffe85c80, 1, 56100c06dbb0)
            sudo-2371  [001] ....  8483.028692: ext4_file_read_iter+0x0/0x40 <-new_sync_read+0x114/0x1a0
            sudo-2371  [001] ....  8483.028692: <stack trace>
 => 0xffffffffc014d061
 => ext4_file_read_iter+0x5/0x40
 => new_sync_read+0x114/0x1a0
 => vfs_read+0x89/0x130
 => ksys_read+0xa1/0xe0
 => do_syscall_64+0x48/0x120
 => entry_SYSCALL_64_after_hwframe+0x44/0xa9
            sudo-2371  [001] ....  8483.028692: sys_exit: NR 0 = 0
            sudo-2371  [001] ....  8483.028692: sys_enter: NR 3 (5, 1, 7f16ff3ff760, 7f16ffe85c80, 7f16ffe85c80, 56100c06dbb0)
            sudo-2371  [001] ....  8483.028692: __close_fd+0x0/0x80 <-__x64_sys_close+0x1e/0x50
            sudo-2371  [001] ....  8483.028692: <stack trace>
 => 0xffffffffc014d061
 => __close_fd+0x5/0x80
 => __x64_sys_close+0x1e/0x50
 => do_syscall_64+0x48/0x120
 => entry_SYSCALL_64_after_hwframe+0x44/0xa9
            sudo-2371  [001] ....  8483.028692: sys_exit: NR 3 = 0
            sudo-2371  [001] ....  8483.028692: sys_enter: NR 0 (4, 56100c06dd00, 1000, 7f16ffe85c80, 1, 56100c06a6f0)
            sudo-2371  [001] ....  8483.028692: ext4_file_read_iter+0x0/0x40 <-new_sync_read+0x114/0x1a0
            sudo-2371  [001] ....  8483.028692: <stack trace>
 => 0xffffffffc014d061
 => ext4_file_read_iter+0x5/0x40
 => new_sync_read+0x114/0x1a0
 => vfs_read+0x89/0x130
 => ksys_read+0xa1/0xe0
 => do_syscall_64+0x48/0x120
 => entry_SYSCALL_64_after_hwframe+0x44/0xa9
            sudo-2371  [001] ....  8483.028692: sys_exit: NR 0 = 0
            sudo-2371  [001] ....  8483.028692: sys_enter: NR 3 (4, 1, 7f16ff3ff760, 7f16ffe85c80, 7f16ffe85c80, 56100c06a6f0)
            sudo-2371  [001] ....  8483.028692: __close_fd+0x0/0x80 <-__x64_sys_close+0x1e/0x50
            sudo-2371  [001] ....  8483.028692: <stack trace>
 => 0xffffffffc014d061
 => __close_fd+0x5/0x80
 => __x64_sys_close+0x1e/0x50
 => do_syscall_64+0x48/0x120
 => entry_SYSCALL_64_after_hwframe+0x44/0xa9
            sudo-2371  [001] ....  8483.028692: sys_exit: NR 3 = 0
            sudo-2371  [001] ....  8483.028692: sys_enter: NR 4 (56100c060480, 7ffcf0c97bb0, 7ffcf0c97bb0, 56100c05a010, 7f16ff419741, 7ffcf0c97ab0)
            sudo-2371  [001] ....  8483.028692: sys_exit: NR 4 = 0
            sudo-2371  [001] ....  8483.028692: sys_enter: NR 257 (ffffff9c, 56100c06dd40, 42, 180, 7f16ff419741, 7ffcf0c97c40)
            sudo-2371  [001] ....  8483.028692: sys_exit: NR 257 = 4
            sudo-2371  [001] ....  8483.028692: sys_enter: NR 72 (4, 2, 1, 180, 7f16ff419741, 7ffcf0c97c40)
            sudo-2371  [001] ....  8483.028692: sys_exit: NR 72 = 0
            sudo-2371  [001] ....  8483.028692: sys_enter: NR 5 (4, 7ffcf0c97db0, 7ffcf0c97db0, 180, 7f16ff41975d, 7ffcf0c97c30)
            sudo-2371  [001] ....  8483.028692: sys_exit: NR 5 = 0
            sudo-2371  [001] ....  8483.028692: sys_enter: NR 228 (0, 7ffcf0c97da0, 7ffcf0c97da0, 180, 7ffcf0dbb080, 7ffcf0c97da0)
            sudo-2371  [001] ....  8483.030722: sys_exit: NR 228 = 0
            sudo-2371  [001] ....  8483.030722: sys_enter: NR 257 (ffffff9c, 7f16fdd207c8, 0, 0, 0, 7ffcf0c97c10)
            sudo-2371  [001] ....  8483.030722: sys_exit: NR 257 = 5
            sudo-2371  [001] ....  8483.030722: sys_enter: NR 5 (5, 7ffcf0c97ba0, 7ffcf0c97ba0, 0, 0, 0)
            sudo-2371  [001] ....  8483.030722: sys_exit: NR 5 = 0
            sudo-2371  [001] ....  8483.030722: sys_enter: NR 0 (5, 56100c06dde0, 400, 56100c05a010, 0, 0)
            sudo-2371  [001] ....  8483.031430: sys_exit: NR 0 = 1024
            sudo-2371  [001] ....  8483.031430: sys_enter: NR 0 (5, 56100c06dde0, 400, 2030203020302030, 2030363120373935, 2030203020323536)
            sudo-2371  [001] ....  8483.031430: sys_exit: NR 0 = 265
            sudo-2371  [001] ....  8483.031430: sys_enter: NR 3 (5, 1, 7f16ff3ff760, 314065dd, 7f16ffe85c80, 7ffcf0c97c30)
            sudo-2371  [001] ....  8483.031430: __close_fd+0x0/0x80 <-__x64_sys_close+0x1e/0x50
            sudo-2371  [001] ....  8483.031430: <stack trace>
 => 0xffffffffc014d061
 => __close_fd+0x5/0x80
 => __x64_sys_close+0x1e/0x50
 => do_syscall_64+0x48/0x120
 => entry_SYSCALL_64_after_hwframe+0x44/0xa9
            sudo-2371  [001] ....  8483.031430: sys_exit: NR 3 = 0
            sudo-2371  [001] ....  8483.031430: sys_enter: NR 8 (4, 0, 0, 314065dd, 7f16ff419741, 7ffcf0c979c0)
            sudo-2371  [001] ....  8483.031430: sys_exit: NR 8 = 0
            sudo-2371  [001] ....  8483.031430: sys_enter: NR 13 (2, 7ffcf0c97970, 7ffcf0c97a10, 8, 7ffcf0c97c70, 7ffcf0c979c0)
            sudo-2371  [001] ....  8483.031430: sys_exit: NR 13 = 0
            sudo-2371  [001] ....  8483.031430: sys_enter: NR 13 (3, 7ffcf0c97970, 7ffcf0c97a10, 8, 7ffcf0c97d10, 7ffcf0c979c0)
            sudo-2371  [001] ....  8483.031430: sys_exit: NR 13 = 0
            sudo-2371  [001] ....  8483.031430: sys_enter: NR 14 (1, 7ffcf0c97ad0, 7ffcf0c97b50, 8, 7ffcf0c97d10, 7ffcf0c979c0)
            sudo-2371  [001] ....  8483.031430: sys_exit: NR 14 = 0
            sudo-2371  [001] ....  8483.031430: sys_enter: NR 72 (4, 7, 7ffcf0c97a60, 8, 1, 7ffcf0c979a0)
            sudo-2371  [001] ....  8483.031430: sys_exit: NR 72 = 0
            sudo-2371  [001] ....  8483.031430: sys_enter: NR 14 (2, 7ffcf0c97b50, 0, 8, 7f16ff4197c6, 7ffcf0c97990)
            sudo-2371  [001] ....  8483.031430: sys_exit: NR 14 = 0
            sudo-2371  [001] ....  8483.031430: sys_enter: NR 13 (2, 7ffcf0c97970, 0, 8, 0, 7ffcf0c97990)
            sudo-2371  [001] ....  8483.031430: sys_exit: NR 13 = 0
            sudo-2371  [001] ....  8483.031430: sys_enter: NR 13 (3, 7ffcf0c97970, 0, 8, 0, 7ffcf0c97990)
            sudo-2371  [001] ....  8483.031430: sys_exit: NR 13 = 0
            sudo-2371  [001] ....  8483.031430: sys_enter: NR 0 (4, 7ffcf0c97e10, 28, 8, 7f16ff4197c6, 7ffcf0c979b0)
            sudo-2371  [001] ....  8483.031430: sys_exit: NR 0 = 40
            sudo-2371  [001] ....  8483.031430: sys_enter: NR 4 (56100c062290, 7ffcf0c97d20, 7ffcf0c97d20, 7f16fdd2371f, 7f16ff419741, 7ffcf0c97c20)
            sudo-2371  [001] ....  8483.031430: sys_exit: NR 4 = 0
            sudo-2371  [001] ....  8483.031430: sys_enter: NR 0 (4, 7ffcf0c97d80, 28, 7f16fdd2371f, 7f16ff419741, 7ffcf0c97c70)
            sudo-2371  [001] ....  8483.031430: sys_exit: NR 0 = 40
            sudo-2371  [001] ....  8483.031430: sys_enter: NR 8 (4, 0, 1, 7f16fdd2371f, 7f16fdd23a58, 7ffcf0c97d10)
            sudo-2371  [001] ....  8483.031430: sys_exit: NR 8 = 80
            sudo-2371  [001] ....  8483.031430: sys_enter: NR 8 (4, 0, 0, 7f16fdd2371f, 7f16ff419741, 7ffcf0c97cd0)
            sudo-2371  [001] ....  8483.031430: sys_exit: NR 8 = 0
            sudo-2371  [001] ....  8483.031430: sys_enter: NR 72 (4, 6, 7ffcf0c97d70, 7f16fdd2371f, 1, 7ffcf0c97cb0)
            sudo-2371  [001] ....  8483.031430: sys_exit: NR 72 = 0
            sudo-2371  [001] ....  8483.031430: sys_enter: NR 8 (4, 28, 0, 7f16fdd2371f, 7f16ff419741, 7ffcf0c979c0)
            sudo-2371  [001] ....  8483.031430: sys_exit: NR 8 = 40
            sudo-2371  [001] ....  8483.031430: sys_enter: NR 13 (2, 7ffcf0c97970, 7ffcf0c97a10, 8, 7ffcf0c97c70, 7ffcf0c979c0)
            sudo-2371  [001] ....  8483.031430: sys_exit: NR 13 = 0
            sudo-2371  [001] ....  8483.031430: sys_enter: NR 13 (3, 7ffcf0c97970, 7ffcf0c97a10, 8, 7ffcf0c97d10, 7ffcf0c979c0)
            sudo-2371  [001] ....  8483.031430: sys_exit: NR 13 = 0
            sudo-2371  [001] ....  8483.031430: sys_enter: NR 14 (1, 7ffcf0c97ad0, 7ffcf0c97b50, 8, 7ffcf0c97d10, 7ffcf0c979c0)
            sudo-2371  [001] ....  8483.031430: sys_exit: NR 14 = 0
            sudo-2371  [001] ....  8483.031430: sys_enter: NR 72 (4, 7, 7ffcf0c97a60, 8, 1, 7ffcf0c979a0)
            sudo-2371  [001] ....  8483.031430: sys_exit: NR 72 = 0
            sudo-2371  [001] ....  8483.031430: sys_enter: NR 14 (2, 7ffcf0c97b50, 0, 8, 7f16ff4197c6, 7ffcf0c97990)
            sudo-2371  [001] ....  8483.031430: sys_exit: NR 14 = 0
            sudo-2371  [001] ....  8483.031430: sys_enter: NR 13 (2, 7ffcf0c97970, 0, 8, 0, 7ffcf0c97990)
            sudo-2371  [001] ....  8483.031430: sys_exit: NR 13 = 0
            sudo-2371  [001] ....  8483.031430: sys_enter: NR 13 (3, 7ffcf0c97970, 0, 8, 0, 7ffcf0c97990)
            sudo-2371  [001] ....  8483.031430: sys_exit: NR 13 = 0
            sudo-2371  [001] ....  8483.031430: sys_enter: NR 17 (4, 7ffcf0c97e10, 28, 28, 7f16ff419741, 7ffcf0c97d00)
            sudo-2371  [001] ....  8483.031430: sys_exit: NR 17 = 40
            sudo-2371  [001] ....  8483.031430: sys_enter: NR 229 (1, 7ffcf0c97d80, 31069, 28, 7f16ff419741, 7ffcf0c97cf0)
            sudo-2371  [001] ....  8483.031430: sys_exit: NR 229 = 0
            sudo-2371  [001] ....  8483.031430: sys_enter: NR 228 (7, 7ffcf0c97e00, 7ffcf0c97e00, 28, 7ffcf0dbb0f0, 7ffcf0c97e00)
            sudo-2371  [001] ....  8483.032450: sys_exit: NR 228 = 0
            sudo-2371  [001] ....  8483.032450: sys_enter: NR 228 (7, 56100c06aa00, 56100c06aa00, 7ffcf0c97eb0, 7ffcf0dbb0f0, 56100c06aa00)
            sudo-2371  [001] ....  8483.032450: sys_exit: NR 228 = 0
            sudo-2371  [001] ....  8483.032450: sys_enter: NR 18 (4, 56100c06a9f0, 28, 28, 7f16ff419741, 7ffcf0c97d10)
            sudo-2371  [001] ....  8483.032450: sys_exit: NR 18 = 40
            sudo-2371  [001] ....  8483.032450: sys_enter: NR 3 (4, 0, ffffffff, 28, 7f16ff419741, 7ffcf0c97d60)
            sudo-2371  [001] ....  8483.032450: __close_fd+0x0/0x80 <-__x64_sys_close+0x1e/0x50
            sudo-2371  [001] ....  8483.032450: <stack trace>
 => 0xffffffffc014d061
 => __close_fd+0x5/0x80
 => __x64_sys_close+0x1e/0x50
 => do_syscall_64+0x48/0x120
 => entry_SYSCALL_64_after_hwframe+0x44/0xa9
            sudo-2371  [001] ....  8483.032450: sys_exit: NR 3 = 0
            sudo-2371  [001] ....  8483.032450: sys_enter: NR 117 (ffffffff, 3e8, ffffffff, 7f16fe99c330, 7f16fe99c330, 7ffcf0c96980)
            sudo-2371  [001] ....  8483.032450: sys_exit: NR 117 = 0
            sudo-2371  [001] ....  8483.032450: sys_enter: NR 257 (ffffff9c, 7ffcf0c96ef0, 8c1, 1a4, 7f16ff4197c6, 7ffcf0c96980)
            sudo-2371  [001] ....  8483.032450: sys_exit: NR 257 = -17
            sudo-2371  [001] ....  8483.032450: sys_enter: NR 117 (ffffffff, 0, ffffffff, 7f16fe99c330, 7f16fe99c330, 7ffcf0c96d90)
            sudo-2371  [001] ....  8483.032450: sys_exit: NR 117 = 0
            sudo-2371  [001] ....  8483.032450: sys_enter: NR 119 (ffffffff, ffffffff, ffffffff, 7f16fe99c330, 7f16fe99c330, 7ffcf0c96d90)
            sudo-2371  [001] ....  8483.032450: sys_exit: NR 119 = 0
            sudo-2371  [001] ....  8483.032450: sys_enter: NR 117 (ffffffff, 0, ffffffff, 7f16fe99c330, 7f16fe99c330, 7ffcf0c96d90)
            sudo-2371  [001] ....  8483.032450: sys_exit: NR 117 = 0
            sudo-2371  [001] ....  8483.032450: sys_enter: NR 117 (0, ffffffff, ffffffff, 7f16fe99c330, 7f16fe99c330, ffffffff)
            sudo-2371  [001] ....  8483.032450: sys_exit: NR 117 = 0
            sudo-2371  [001] ....  8483.032450: sys_enter: NR 119 (ffffffff, 0, ffffffff, 7f16fe99c330, 7f16fe99c330, 7ffcf0c97970)
            sudo-2371  [001] ....  8483.032450: sys_exit: NR 119 = 0
            sudo-2371  [001] ....  8483.032450: sys_enter: NR 41 (1, 80002, 0, 746f6f723d524553, 7f16ff403c40, 4d)
            sudo-2371  [001] ....  8483.032450: sys_exit: NR 41 = 4
            sudo-2371  [001] ....  8483.032450: sys_enter: NR 42 (4, 7f16ff4062a0, 6e, 746f6f723d524553, 7f16ff403c40, 4d)
          <idle>-0     [000] d...  8483.032478: sched_switch: prev_comm=swapper/0 prev_pid=0 prev_prio=120 prev_state=R ==> next_comm=rcu_sched next_pid=10 next_prio=120
       rcu_sched-10    [000] d...  8483.032478: sched_switch: prev_comm=rcu_sched prev_pid=10 prev_prio=120 prev_state=I ==> next_comm=swapper/0 next_pid=0 next_prio=120
            sudo-2371  [001] ....  8483.032478: sys_exit: NR 42 = 0
            sudo-2371  [001] ....  8483.032478: sys_enter: NR 44 (4, 56100c075b40, 73, 4000, 0, 0)
            sudo-2371  [001] ....  8483.032478: sys_exit: NR 44 = 115
            sudo-2371  [001] ....  8483.032478: sys_enter: NR 3 (4, 1, 56100c05a010, 4000, 0, 0)
            sudo-2371  [001] ....  8483.032478: __close_fd+0x0/0x80 <-__x64_sys_close+0x1e/0x50
            sudo-2371  [001] ....  8483.032478: <stack trace>
 => 0xffffffffc014d061
 => __close_fd+0x5/0x80
 => __x64_sys_close+0x1e/0x50
 => do_syscall_64+0x48/0x120
 => entry_SYSCALL_64_after_hwframe+0x44/0xa9
            sudo-2371  [001] ....  8483.032478: sys_exit: NR 3 = 0
            sudo-2371  [001] ....  8483.032478: sys_enter: NR 119 (ffffffff, 3e8, ffffffff, 7f16fe99c330, 7f16fe99c330, 7ffcf0c97d80)
            sudo-2371  [001] ....  8483.032478: sys_exit: NR 119 = 0
            sudo-2371  [001] ....  8483.032478: sys_enter: NR 117 (3e8, ffffffff, ffffffff, 7f16fe99c330, 7f16fe99c330, 7ffcf0c97d80)
            sudo-2371  [001] ....  8483.032478: sys_exit: NR 117 = 0
            sudo-2371  [001] ....  8483.032478: sys_enter: NR 3 (3, 1, 7f16ff3ff760, 56100c05a010, 7f16ffe85c80, 7ffcf0c97d60)
            sudo-2371  [001] ....  8483.032478: __close_fd+0x0/0x80 <-__x64_sys_close+0x1e/0x50
            sudo-2371  [001] ....  8483.032478: <stack trace>
 => 0xffffffffc014d061
 => __close_fd+0x5/0x80
 => __x64_sys_close+0x1e/0x50
 => do_syscall_64+0x48/0x120
 => entry_SYSCALL_64_after_hwframe+0x44/0xa9
            sudo-2371  [001] ....  8483.032478: sys_exit: NR 3 = 0
            sudo-2371  [001] ....  8483.032478: sys_enter: NR 41 (10, 3, 9, 56100c05a010, ffffffff, 7ffcf0c97db0)
            sudo-2371  [001] ....  8483.032478: sys_exit: NR 41 = 3
            sudo-2371  [001] ....  8483.032478: sys_enter: NR 72 (3, 2, 1, 56100c05a010, ffffffff, 7ffcf0c97db0)
            sudo-2371  [001] ....  8483.032478: sys_exit: NR 72 = 0
            sudo-2371  [001] ....  8483.032478: sys_enter: NR 72 (3, 2, 1, 56100c05a010, ffffffff, 7ffcf0c97db0)
            sudo-2371  [001] ....  8483.032478: sys_exit: NR 72 = 0
            sudo-2371  [001] ....  8483.032478: sys_enter: NR 16 (0, 5401, 7ffcf0c917e0, 56100c05a010, 7ffcf0c91840, 7ffcf0c97da0)
            sudo-2371  [001] ....  8483.032478: sys_exit: NR 16 = 0
            sudo-2371  [001] ....  8483.032478: sys_enter: NR 5 (0, 7ffcf0c91880, 7ffcf0c91880, 56100c05a010, 7ffcf0c91840, 7ffcf0c97da0)
            sudo-2371  [001] ....  8483.032478: sys_exit: NR 5 = 0
            sudo-2371  [001] ....  8483.032478: sys_enter: NR 89 (7ffcf0c919a0, 7ffcf0c91af0, 1f, 7f16ff1c55a0, 7ffcf0c919a0, 7f16ff1863a0)
            sudo-2371  [001] ....  8483.032478: sys_exit: NR 89 = 10
            sudo-2371  [001] ....  8483.032478: sys_enter: NR 4 (7ffcf0c91af0, 7ffcf0c91910, 7ffcf0c91910, 7f16ff1c55a0, 7ffcf0c919a0, 7f16ff1863a0)
            sudo-2371  [001] ....  8483.032478: sys_exit: NR 4 = 0
            sudo-2371  [001] ....  8483.032478: sys_enter: NR 6 (7ffcf0c91af0, 7ffcf0c91a10, 7ffcf0c91a10, 7f16ff1c55a0, 7ffcf0c919a0, 7f16ff1863a0)
            sudo-2371  [001] ....  8483.032478: sys_exit: NR 6 = 0
            sudo-2371  [001] ....  8483.032478: sys_enter: NR 79 (7ffcf0c91b50, 1000, 636f72, 7f16ff1c55a0, 7ffcf0c919a0, 7f16ff186750)
            sudo-2371  [001] ....  8483.032478: sys_exit: NR 79 = 29
            sudo-2371  [001] ....  8483.032478: sys_enter: NR 44 (3, 7ffcf0c8d3e0, 60, 0, 7ffcf0c8d3cc, c)
            sudo-2371  [001] ....  8483.032478: sys_exit: NR 44 = 96
            sudo-2371  [001] ....  8483.032478: sys_enter: NR 7 (7ffcf0c8d3d8, 1, 1f4, 0, 7ffcf0c8d3cc, c)
          <idle>-0     [003] d...  8483.034106: sched_switch: prev_comm=swapper/3 prev_pid=0 prev_prio=120 prev_state=R ==> next_comm=systemd-journal next_pid=369 next_prio=119
 systemd-journal-369   [003] ....  8483.034106: sys_exit: NR 232 = 1
 systemd-journal-369   [003] ....  8483.034106: sys_enter: NR 228 (0, 7fff8e43c340, 7fff8e43c340, ffffffff, 7fff8e444080, 7fff8e43c340)
 systemd-journal-369   [003] ....  8483.034106: sys_exit: NR 228 = 0
 systemd-journal-369   [003] ....  8483.034106: sys_enter: NR 228 (1, 7fff8e43c340, 7fff8e43c340, ffffffff, 7fff8e444090, 7fff8e43c340)
 systemd-journal-369   [003] ....  8483.034106: sys_exit: NR 228 = 0
 systemd-journal-369   [003] ....  8483.034106: sys_enter: NR 228 (7, 7fff8e43c340, 7fff8e43c340, ffffffff, 7fff8e4440f0, 7fff8e43c340)
 systemd-journal-369   [003] ....  8483.034106: sys_exit: NR 228 = 0
 systemd-journal-369   [003] ....  8483.034106: sys_enter: NR 16 (4, 541b, 7fff8e43c1fc, ffffffff, 1f9a0d131, 7fff8e43c340)
 systemd-journal-369   [003] ....  8483.034106: sys_exit: NR 16 = 0
 systemd-journal-369   [003] ....  8483.034106: sys_enter: NR 47 (4, 7fff8e43c220, 40000040, ffffffff, 0, 7fff8e43c340)
 systemd-journal-369   [003] ....  8483.034106: sys_exit: NR 47 = 115
            sudo-2371  [001] ....  8483.034106: sys_exit: NR 7 = 1
            sudo-2371  [001] ....  8483.034106: sys_enter: NR 45 (3, 7ffcf0c8f710, 231c, 42, 7ffcf0c8d35c, 7ffcf0c8d358)
            sudo-2371  [001] ....  8483.034106: sys_exit: NR 45 = 36
            sudo-2371  [001] ....  8483.034106: sys_enter: NR 45 (3, 7ffcf0c8f710, 231c, 40, 7ffcf0c8d35c, 7ffcf0c8d358)
            sudo-2371  [001] ....  8483.034106: sys_exit: NR 45 = 36
 systemd-journal-369   [003] ....  8483.034106: sys_enter: NR 228 (1, 7fff8e43bfd0, 7fff8e43bfd0, 4, 7fff8e444090, 7fff8e43bfd0)
            sudo-2371  [001] ....  8483.034106: sys_enter: NR 119 (ffffffff, ffffffff, ffffffff, 7f16fe99c330, 7f16fe99c330, 7ffcf0c97da0)
            sudo-2371  [001] ....  8483.034106: sys_exit: NR 119 = 0
            sudo-2371  [001] ....  8483.034106: sys_enter: NR 117 (ffffffff, ffffffff, ffffffff, 7f16fe99c330, 7f16fe99c330, 7ffcf0c97da0)
            sudo-2371  [001] ....  8483.034106: sys_exit: NR 117 = 0
            sudo-2371  [001] ....  8483.034106: sys_enter: NR 302 (0, 6, 7f16fdf3b500, 0, 7f16ff419741, 7ffcf0c97e20)
            sudo-2371  [001] ....  8483.034106: sys_exit: NR 302 = 0
            sudo-2371  [001] ....  8483.034106: sys_enter: NR 95 (3f, 56100c069e78, 1, 7f16ff182af0, 7f16ff404be0, 0)
            sudo-2371  [001] ....  8483.034106: sys_exit: NR 95 = 2
            sudo-2371  [001] ....  8483.034106: sys_enter: NR 257 (ffffff9c, 7f16fe57b220, 80000, 0, 0, 7f16fe57b214)
            sudo-2371  [001] ....  8483.034106: ext4_file_open+0x0/0x1f0 <-do_dentry_open+0x1ea/0x380
 systemd-journal-369   [003] ....  8483.034106: sys_exit: NR 228 = 0
            sudo-2371  [001] ....  8483.034106: <stack trace>
 => 0xffffffffc014d061
 => ext4_file_open+0x5/0x1f0
 => do_dentry_open+0x1ea/0x380
 => path_openat+0x2e9/0x1570
 => do_filp_open+0x9b/0x110
 => do_sys_open+0x1bd/0x250
 => do_syscall_64+0x48/0x120
 => entry_SYSCALL_64_after_hwframe+0x44/0xa9
            sudo-2371  [001] ....  8483.034106: sys_exit: NR 257 = 4
            sudo-2371  [001] ....  8483.034106: sys_enter: NR 8 (4, 0, 1, 0, 9c0, 0)
            sudo-2371  [001] ....  8483.034106: ext4_llseek+0x0/0x100 <-ksys_lseek+0x80/0xa0
            sudo-2371  [001] ....  8483.034106: <stack trace>
 => 0xffffffffc014d061
 => ext4_llseek+0x5/0x100
 => ksys_lseek+0x80/0xa0
 => do_syscall_64+0x48/0x120
 => entry_SYSCALL_64_after_hwframe+0x44/0xa9
            sudo-2371  [001] ....  8483.034106: sys_exit: NR 8 = 0
            sudo-2371  [001] ....  8483.034106: sys_enter: NR 5 (4, 7ffcf0c96b10, 7ffcf0c96b10, 0, 1, 0)
            sudo-2371  [001] ....  8483.034106: sys_exit: NR 5 = 0
            sudo-2371  [001] ....  8483.034106: sys_enter: NR 9 (0, 623, 1, 1, 4, 0)
 systemd-journal-369   [003] ....  8483.034106: sys_enter: NR 257 (ffffff9c, 7fff8e43bfa0, 80000, 0, 0, 7f841170735a)
            sudo-2371  [001] ....  8483.034106: sys_exit: NR 9 = 139736759500800
            sudo-2371  [001] ....  8483.034106: sys_enter: NR 8 (4, 623, 0, 1, 4, 0)
            sudo-2371  [001] ....  8483.034106: ext4_llseek+0x0/0x100 <-ksys_lseek+0x80/0xa0
            sudo-2371  [001] ....  8483.034106: <stack trace>
 => 0xffffffffc014d061
 => ext4_llseek+0x5/0x100
 => ksys_lseek+0x80/0xa0
 => do_syscall_64+0x48/0x120
 => entry_SYSCALL_64_after_hwframe+0x44/0xa9
            sudo-2371  [001] ....  8483.034107: sys_exit: NR 8 = 1571
            sudo-2371  [001] ....  8483.034107: sys_enter: NR 11 (7f16ffe98000, 623, 7f16ff3ff760, 7f16ff1b6cc0, 56100c05b7ca, 0)
 systemd-journal-369   [003] ....  8483.034107: sys_exit: NR 257 = 16
            sudo-2371  [001] ....  8483.034107: sys_exit: NR 11 = 0
            sudo-2371  [001] ....  8483.034107: sys_enter: NR 3 (4, 623, 7f16ff3ff760, 7f16ff1b6cc0, 56100c05b7ca, 0)
            sudo-2371  [001] ....  8483.034107: __close_fd+0x0/0x80 <-__x64_sys_close+0x1e/0x50
            sudo-2371  [001] ....  8483.034107: <stack trace>
 => 0xffffffffc014d061
 => __close_fd+0x5/0x80
 => __x64_sys_close+0x1e/0x50
 => do_syscall_64+0x48/0x120
 => entry_SYSCALL_64_after_hwframe+0x44/0xa9
            sudo-2371  [001] ....  8483.034107: sys_exit: NR 3 = 0
 systemd-journal-369   [003] ....  8483.034107: sys_enter: NR 5 (10, 7fff8e43bdd0, 7fff8e43bdd0, 0, 5629b52efb80, 7f8411ff5940)
            sudo-2371  [001] ....  8483.034107: sys_enter: NR 95 (2, 0, ffffffff, 56100c05a010, 7f16ff4197c6, 7ffcf0c96e40)
 systemd-journal-369   [003] ....  8483.034107: sys_exit: NR 5 = 0
            sudo-2371  [001] ....  8483.034107: sys_exit: NR 95 = 63
 systemd-journal-369   [003] ....  8483.034107: sys_enter: NR 0 (10, 5629b52e3d30, 400, 0, 0, 7f8411ff5940)
            sudo-2371  [001] ....  8483.034107: sys_enter: NR 257 (ffffff9c, 7f16fe57b220, 80000, 0, 0, 7f16fe57b214)
 systemd-journal-369   [003] ....  8483.034107: sys_exit: NR 0 = 5
            sudo-2371  [001] ....  8483.034107: ext4_file_open+0x0/0x1f0 <-do_dentry_open+0x1ea/0x380
            sudo-2371  [001] ....  8483.034107: <stack trace>
 => 0xffffffffc014d061
 => ext4_file_open+0x5/0x1f0
 => do_dentry_open+0x1ea/0x380
 => path_openat+0x2e9/0x1570
 => do_filp_open+0x9b/0x110
 => do_sys_open+0x1bd/0x250
 => do_syscall_64+0x48/0x120
 => entry_SYSCALL_64_after_hwframe+0x44/0xa9
            sudo-2371  [001] ....  8483.034107: sys_exit: NR 257 = 4
            sudo-2371  [001] ....  8483.034107: sys_enter: NR 8 (4, 0, 1, 0, 9c0, 0)
            sudo-2371  [001] ....  8483.034107: ext4_llseek+0x0/0x100 <-ksys_lseek+0x80/0xa0
            sudo-2371  [001] ....  8483.034107: <stack trace>
 => 0xffffffffc014d061
 => ext4_llseek+0x5/0x100
 => ksys_lseek+0x80/0xa0
 => do_syscall_64+0x48/0x120
 => entry_SYSCALL_64_after_hwframe+0x44/0xa9
            sudo-2371  [001] ....  8483.034107: sys_exit: NR 8 = 0
 systemd-journal-369   [003] ....  8483.034107: sys_enter: NR 3 (10, 0, 7f8411de1760, 0, 0, 7f8411ff5940)
            sudo-2371  [001] ....  8483.034107: sys_enter: NR 5 (4, 7ffcf0c97d00, 7ffcf0c97d00, 0, 1, 0)
            sudo-2371  [001] ....  8483.034107: sys_exit: NR 5 = 0
 systemd-journal-369   [003] ....  8483.034107: __close_fd+0x0/0x80 <-__x64_sys_close+0x1e/0x50
            sudo-2371  [001] ....  8483.034107: sys_enter: NR 9 (0, 623, 1, 1, 4, 0)
            sudo-2371  [001] ....  8483.034107: sys_exit: NR 9 = 139736759500800
            sudo-2371  [001] ....  8483.034107: sys_enter: NR 8 (4, 623, 0, 1, 4, 0)
            sudo-2371  [001] ....  8483.034107: ext4_llseek+0x0/0x100 <-ksys_lseek+0x80/0xa0
 systemd-journal-369   [003] ....  8483.034107: <stack trace>
 => 0xffffffffc014d061
 => __close_fd+0x5/0x80
 => __x64_sys_close+0x1e/0x50
 => do_syscall_64+0x48/0x120
 => entry_SYSCALL_64_after_hwframe+0x44/0xa9
            sudo-2371  [001] ....  8483.034107: <stack trace>
 => 0xffffffffc014d061
 => ext4_llseek+0x5/0x100
 => ksys_lseek+0x80/0xa0
 => do_syscall_64+0x48/0x120
 => entry_SYSCALL_64_after_hwframe+0x44/0xa9
            sudo-2371  [001] ....  8483.034107: sys_exit: NR 8 = 1571
 systemd-journal-369   [003] ....  8483.034107: sys_exit: NR 3 = 0
            sudo-2371  [001] ....  8483.034107: sys_enter: NR 11 (7f16ffe98000, 623, 7f16ff3ff760, 7f16ff1b6cc0, 56100c05b7ca, 0)
            sudo-2371  [001] ....  8483.034107: sys_exit: NR 11 = 0
            sudo-2371  [001] ....  8483.034107: sys_enter: NR 3 (4, 623, 7f16ff3ff760, 7f16ff1b6cc0, 56100c05b7ca, 0)
            sudo-2371  [001] ....  8483.034107: __close_fd+0x0/0x80 <-__x64_sys_close+0x1e/0x50
            sudo-2371  [001] ....  8483.034107: <stack trace>
 => 0xffffffffc014d061
 => __close_fd+0x5/0x80
 => __x64_sys_close+0x1e/0x50
 => do_syscall_64+0x48/0x120
 => entry_SYSCALL_64_after_hwframe+0x44/0xa9
            sudo-2371  [001] ....  8483.034107: sys_exit: NR 3 = 0
 systemd-journal-369   [003] ....  8483.034107: sys_enter: NR 267 (ffffff9c, 7fff8e43bfa0, 5629b5304b30, 63, 0, 0)
            sudo-2371  [001] ....  8483.034107: sys_enter: NR 105 (0, 7, 7f16ff413d20, 7f16fe99c330, 7f16fe99c330, 7ffcf0c97f70)
            sudo-2371  [001] ....  8483.034107: sys_exit: NR 105 = 0
            sudo-2371  [001] ....  8483.034107: sys_enter: NR 116 (1, 56100c05b270, 7f16ff413cf0, 7f16fe99c330, 7f16fe99c330, 7ffcf0c97cf0)
            sudo-2371  [001] ....  8483.034107: sys_exit: NR 116 = 0
            sudo-2371  [001] ....  8483.034107: sys_enter: NR 106 (0, 56100c05b7c0, 7f16ff410c88, 7f16fe99c330, 7f16fe99c330, 7ffcf0c97ce0)
 systemd-journal-369   [003] ....  8483.034107: sys_exit: NR 267 = 13
            sudo-2371  [001] ....  8483.034107: sys_exit: NR 106 = 0
            sudo-2371  [001] ....  8483.034107: sys_enter: NR 41 (10, 3, 9, d, 56100c06b890, 0)
 systemd-journal-369   [003] ....  8483.034107: sys_enter: NR 257 (ffffff9c, 7fff8e43bf40, 80000, 0, 0, 7f841170735a)
            sudo-2371  [001] ....  8483.034107: sys_exit: NR 41 = 4
 systemd-journal-369   [003] ....  8483.034107: sys_exit: NR 257 = 16
            sudo-2371  [001] ....  8483.034107: sys_enter: NR 72 (4, 2, 1, d, 56100c06b890, 0)
            sudo-2371  [001] ....  8483.034107: sys_exit: NR 72 = 0
 systemd-journal-369   [003] ....  8483.034107: sys_enter: NR 5 (10, 7fff8e43be00, 7fff8e43be00, 0, 2c, 0)
 systemd-journal-369   [003] ....  8483.034107: sys_exit: NR 5 = 0
            sudo-2371  [001] ....  8483.034107: sys_enter: NR 89 (7f16ffa6492e, 7ffcf0c948a0, 1000, d, 56100c06a350, ffffffff)
 systemd-journal-369   [003] ....  8483.034107: sys_enter: NR 0 (10, 5629b52e3d30, 400, 0, 0, 0)
            sudo-2371  [001] ....  8483.034107: sys_exit: NR 89 = 13
 systemd-journal-369   [003] ....  8483.034107: sys_exit: NR 0 = 16
 systemd-journal-369   [003] ....  8483.034107: sys_enter: NR 0 (10, 5629b52e3d30, 400, 0, 0, 0)
 systemd-journal-369   [003] ....  8483.034107: sys_exit: NR 0 = 0
            sudo-2371  [001] ....  8483.034107: sys_enter: NR 44 (4, 7ffcf0c911e0, 74, 0, 7ffcf0c911cc, c)
 systemd-journal-369   [003] ....  8483.034107: sys_enter: NR 3 (10, 0, 7f8411de1760, 0, 0, 0)
 systemd-journal-369   [003] ....  8483.034107: __close_fd+0x0/0x80 <-__x64_sys_close+0x1e/0x50
 systemd-journal-369   [003] ....  8483.034107: <stack trace>
 => 0xffffffffc014d061
 => __close_fd+0x5/0x80
 => __x64_sys_close+0x1e/0x50
 => do_syscall_64+0x48/0x120
 => entry_SYSCALL_64_after_hwframe+0x44/0xa9
 systemd-journal-369   [003] ....  8483.034107: sys_exit: NR 3 = 0
            sudo-2371  [001] ....  8483.034107: sys_exit: NR 44 = 116
            sudo-2371  [001] ....  8483.034107: sys_enter: NR 7 (7ffcf0c911d8, 1, 1f4, 0, 7ffcf0c911cc, c)
 systemd-journal-369   [003] ....  8483.034107: sys_enter: NR 257 (ffffff9c, 7fff8e43bfa0, 80000, 0, 0, 7f841170735a)
 systemd-journal-369   [003] ....  8483.034107: sys_exit: NR 257 = 16
 systemd-journal-369   [003] ....  8483.034107: sys_enter: NR 5 (10, 7fff8e43be40, 7fff8e43be40, 0, 2c, 0)
 systemd-journal-369   [003] ....  8483.034107: sys_exit: NR 5 = 0
 systemd-journal-369   [003] ....  8483.034107: sys_enter: NR 5 (10, 7fff8e43bcd0, 7fff8e43bcd0, 5629b52d9010, b40, 5629b5304d40)
 systemd-journal-369   [003] ....  8483.034107: sys_exit: NR 5 = 0
 systemd-journal-369   [003] ....  8483.034107: sys_enter: NR 0 (10, 5629b5304d40, 800, 5629b52d9010, 0, 5629b5304d40)
 systemd-journal-369   [003] ....  8483.034107: sys_exit: NR 0 = 1030
 systemd-journal-369   [003] ....  8483.034107: sys_enter: NR 0 (10, 5629b52e3d30, 400, 5629b52d9010, 0, 5629b5304d40)
 systemd-journal-369   [003] ....  8483.034107: sys_exit: NR 0 = 0
 systemd-journal-369   [003] ....  8483.034107: sys_enter: NR 3 (10, 0, 7f8411de1760, 5629b52d9010, 0, 5629b5304d40)
 systemd-journal-369   [003] ....  8483.034107: __close_fd+0x0/0x80 <-__x64_sys_close+0x1e/0x50
 systemd-journal-369   [003] ....  8483.034107: <stack trace>
 => 0xffffffffc014d061
 => __close_fd+0x5/0x80
 => __x64_sys_close+0x1e/0x50
 => do_syscall_64+0x48/0x120
 => entry_SYSCALL_64_after_hwframe+0x44/0xa9
 systemd-journal-369   [003] ....  8483.034107: sys_exit: NR 3 = 0
 systemd-journal-369   [003] ....  8483.034107: sys_enter: NR 257 (ffffff9c, 7fff8e43bf90, 80000, 0, 0, 7f841170735a)
            sudo-2371  [001] ....  8483.034107: sys_exit: NR 7 = 1
            sudo-2371  [001] ....  8483.034107: sys_enter: NR 45 (4, 7ffcf0c93510, 231c, 42, 7ffcf0c9115c, 7ffcf0c91158)
 systemd-journal-369   [003] ....  8483.034107: sys_exit: NR 257 = 16
            sudo-2371  [001] ....  8483.034107: sys_exit: NR 45 = 36
            sudo-2371  [001] ....  8483.034107: sys_enter: NR 45 (4, 7ffcf0c93510, 231c, 40, 7ffcf0c9115c, 7ffcf0c91158)
            sudo-2371  [001] ....  8483.034107: sys_exit: NR 45 = 36
 systemd-journal-369   [003] ....  8483.034107: sys_enter: NR 5 (10, 7fff8e43bdc0, 7fff8e43bdc0, 0, 5629b52efb80, 7f8411ff5940)
 systemd-journal-369   [003] ....  8483.034107: sys_exit: NR 5 = 0
            sudo-2371  [001] ....  8483.034107: sys_enter: NR 3 (4, 0, 0, d, 7ffcf0c9115c, 7ffcf0c91158)
            sudo-2371  [001] ....  8483.034107: __close_fd+0x0/0x80 <-__x64_sys_close+0x1e/0x50
            sudo-2371  [001] ....  8483.034107: <stack trace>
 => 0xffffffffc014d061
 => __close_fd+0x5/0x80
 => __x64_sys_close+0x1e/0x50
 => do_syscall_64+0x48/0x120
 => entry_SYSCALL_64_after_hwframe+0x44/0xa9
            sudo-2371  [001] ....  8483.034107: sys_exit: NR 3 = 0
 systemd-journal-369   [003] ....  8483.034107: sys_enter: NR 0 (10, 5629b52e3d30, 400, 0, 0, 7f8411ff5940)
 systemd-journal-369   [003] ....  8483.034107: sys_exit: NR 0 = 1
 systemd-journal-369   [003] ....  8483.034107: sys_enter: NR 0 (10, 5629b52e3d30, 400, 0, 0, 7f8411ff5940)
 systemd-journal-369   [003] ....  8483.034107: sys_exit: NR 0 = 0
            sudo-2371  [001] ....  8483.034107: sys_enter: NR 257 (ffffff9c, 7f16fd38c371, 0, 0, 0, 0)
 systemd-journal-369   [003] ....  8483.034107: sys_enter: NR 3 (10, 0, 7f8411de1760, 0, 0, 7f8411ff5940)
 systemd-journal-369   [003] ....  8483.034107: __close_fd+0x0/0x80 <-__x64_sys_close+0x1e/0x50
            sudo-2371  [001] ....  8483.034107: ext4_file_open+0x0/0x1f0 <-do_dentry_open+0x1ea/0x380
 systemd-journal-369   [003] ....  8483.034107: <stack trace>
 => 0xffffffffc014d061
 => __close_fd+0x5/0x80
 => __x64_sys_close+0x1e/0x50
 => do_syscall_64+0x48/0x120
 => entry_SYSCALL_64_after_hwframe+0x44/0xa9
 systemd-journal-369   [003] ....  8483.034107: sys_exit: NR 3 = 0
            sudo-2371  [001] ....  8483.034107: <stack trace>
 => 0xffffffffc014d061
 => ext4_file_open+0x5/0x1f0
 => do_dentry_open+0x1ea/0x380
 => path_openat+0x2e9/0x1570
 => do_filp_open+0x9b/0x110
 => do_sys_open+0x1bd/0x250
 => do_syscall_64+0x48/0x120
 => entry_SYSCALL_64_after_hwframe+0x44/0xa9
            sudo-2371  [001] ....  8483.034107: sys_exit: NR 257 = 4
            sudo-2371  [001] ....  8483.034107: sys_enter: NR 5 (4, 7ffcf0c97060, 7ffcf0c97060, 7f16ffe85c80, 1, 56100c05b520)
            sudo-2371  [001] ....  8483.034107: sys_exit: NR 5 = 0
 systemd-journal-369   [003] ....  8483.034107: sys_enter: NR 257 (ffffff9c, 7fff8e43bf90, 80000, 0, 0, 7f841170735a)
            sudo-2371  [001] ....  8483.034107: sys_enter: NR 0 (4, 56100c062a90, 1000, 56100c05a010, 1011, 0)
            sudo-2371  [001] ....  8483.034107: ext4_file_read_iter+0x0/0x40 <-new_sync_read+0x114/0x1a0
            sudo-2371  [001] ....  8483.034107: <stack trace>
 => 0xffffffffc014d061
 => ext4_file_read_iter+0x5/0x40
 => new_sync_read+0x114/0x1a0
 => vfs_read+0x89/0x130
 => ksys_read+0xa1/0xe0
 => do_syscall_64+0x48/0x120
 => entry_SYSCALL_64_after_hwframe+0x44/0xa9
 systemd-journal-369   [003] ....  8483.034107: sys_exit: NR 257 = 16
            sudo-2371  [001] ....  8483.034107: sys_exit: NR 0 = 2972
 systemd-journal-369   [003] ....  8483.034107: sys_enter: NR 5 (10, 7fff8e43bdc0, 7fff8e43bdc0, 0, 5629b52efb80, 7f8411ff5940)
 systemd-journal-369   [003] ....  8483.034107: sys_exit: NR 5 = 0
            sudo-2371  [001] ....  8483.034107: sys_enter: NR 0 (4, 56100c062a90, 1000, 7f16ffe85c80, 1, 56100c05b520)
            sudo-2371  [001] ....  8483.034107: ext4_file_read_iter+0x0/0x40 <-new_sync_read+0x114/0x1a0
            sudo-2371  [001] ....  8483.034107: <stack trace>
 => 0xffffffffc014d061
 => ext4_file_read_iter+0x5/0x40
 => new_sync_read+0x114/0x1a0
 => vfs_read+0x89/0x130
 => ksys_read+0xa1/0xe0
 => do_syscall_64+0x48/0x120
 => entry_SYSCALL_64_after_hwframe+0x44/0xa9
            sudo-2371  [001] ....  8483.034107: sys_exit: NR 0 = 0
            sudo-2371  [001] ....  8483.034107: sys_enter: NR 3 (4, 1, 7f16ff3ff760, 7f16ffe85c80, 7f16ffe85c80, 56100c05b520)
            sudo-2371  [001] ....  8483.034107: __close_fd+0x0/0x80 <-__x64_sys_close+0x1e/0x50
            sudo-2371  [001] ....  8483.034107: <stack trace>
 => 0xffffffffc014d061
 => __close_fd+0x5/0x80
 => __x64_sys_close+0x1e/0x50
 => do_syscall_64+0x48/0x120
 => entry_SYSCALL_64_after_hwframe+0x44/0xa9
 systemd-journal-369   [003] ....  8483.034107: sys_enter: NR 0 (10, 5629b52e3d30, 400, 0, 0, 7f8411ff5940)
            sudo-2371  [001] ....  8483.034107: sys_exit: NR 3 = 0
 systemd-journal-369   [003] ....  8483.034107: sys_exit: NR 0 = 4
            sudo-2371  [001] ....  8483.034107: sys_enter: NR 257 (ffffff9c, 7f16fd38c360, 0, 0, 0, 56100c05b520)
            sudo-2371  [001] ....  8483.034107: ext4_file_open+0x0/0x1f0 <-do_dentry_open+0x1ea/0x380
 systemd-journal-369   [003] ....  8483.034107: sys_enter: NR 0 (10, 5629b52e3d30, 400, 0, 0, 7f8411ff5940)
            sudo-2371  [001] ....  8483.034107: <stack trace>
 => 0xffffffffc014d061
 => ext4_file_open+0x5/0x1f0
 => do_dentry_open+0x1ea/0x380
 => path_openat+0x2e9/0x1570
 => do_filp_open+0x9b/0x110
 => do_sys_open+0x1bd/0x250
 => do_syscall_64+0x48/0x120
 => entry_SYSCALL_64_after_hwframe+0x44/0xa9
 systemd-journal-369   [003] ....  8483.034107: sys_exit: NR 0 = 0
            sudo-2371  [001] ....  8483.034107: sys_exit: NR 257 = 4
            sudo-2371  [001] ....  8483.034107: sys_enter: NR 5 (4, 7ffcf0c97510, 7ffcf0c97510, 7f16ffe85c80, 1, 56100c05b520)
            sudo-2371  [001] ....  8483.034107: sys_exit: NR 5 = 0
            sudo-2371  [001] ....  8483.034107: sys_enter: NR 0 (4, 56100c062a90, 1000, 56100c05a010, 77, 0)
            sudo-2371  [001] ....  8483.034107: ext4_file_read_iter+0x0/0x40 <-new_sync_read+0x114/0x1a0
            sudo-2371  [001] ....  8483.034107: <stack trace>
 => 0xffffffffc014d061
 => ext4_file_read_iter+0x5/0x40
 => new_sync_read+0x114/0x1a0
 => vfs_read+0x89/0x130
 => ksys_read+0xa1/0xe0
 => do_syscall_64+0x48/0x120
 => entry_SYSCALL_64_after_hwframe+0x44/0xa9
            sudo-2371  [001] ....  8483.034107: sys_exit: NR 0 = 96
 systemd-journal-369   [003] ....  8483.034107: sys_enter: NR 3 (10, 0, 7f8411de1760, 0, 0, 7f8411ff5940)
 systemd-journal-369   [003] ....  8483.034107: __close_fd+0x0/0x80 <-__x64_sys_close+0x1e/0x50
 systemd-journal-369   [003] ....  8483.034107: <stack trace>
 => 0xffffffffc014d061
 => __close_fd+0x5/0x80
 => __x64_sys_close+0x1e/0x50
 => do_syscall_64+0x48/0x120
 => entry_SYSCALL_64_after_hwframe+0x44/0xa9
 systemd-journal-369   [003] ....  8483.034107: sys_exit: NR 3 = 0
            sudo-2371  [001] ....  8483.034107: sys_enter: NR 0 (4, 56100c062a90, 1000, 7f16ffe85c80, 1, 56100c05b520)
            sudo-2371  [001] ....  8483.034107: ext4_file_read_iter+0x0/0x40 <-new_sync_read+0x114/0x1a0
            sudo-2371  [001] ....  8483.034107: <stack trace>
 => 0xffffffffc014d061
 => ext4_file_read_iter+0x5/0x40
 => new_sync_read+0x114/0x1a0
 => vfs_read+0x89/0x130
 => ksys_read+0xa1/0xe0
 => do_syscall_64+0x48/0x120
 => entry_SYSCALL_64_after_hwframe+0x44/0xa9
            sudo-2371  [001] ....  8483.034107: sys_exit: NR 0 = 0
            sudo-2371  [001] ....  8483.034107: sys_enter: NR 3 (4, 1, 7f16ff3ff760, 7f16ffe85c80, 7f16ffe85c80, 56100c05b520)
            sudo-2371  [001] ....  8483.034107: __close_fd+0x0/0x80 <-__x64_sys_close+0x1e/0x50
            sudo-2371  [001] ....  8483.034107: <stack trace>
 => 0xffffffffc014d061
 => __close_fd+0x5/0x80
 => __x64_sys_close+0x1e/0x50
 => do_syscall_64+0x48/0x120
 => entry_SYSCALL_64_after_hwframe+0x44/0xa9
            sudo-2371  [001] ....  8483.034107: sys_exit: NR 3 = 0
            sudo-2371  [001] ....  8483.034107: sys_enter: NR 257 (ffffff9c, 7f16fd38c371, 0, 0, 0, 0)
 systemd-journal-369   [003] ....  8483.034107: sys_enter: NR 257 (ffffff9c, 7fff8e43b6e0, 80000, 0, 0, 7f841170735a)
            sudo-2371  [001] ....  8483.034107: ext4_file_open+0x0/0x1f0 <-do_dentry_open+0x1ea/0x380
            sudo-2371  [001] ....  8483.034107: <stack trace>
 => 0xffffffffc014d061
 => ext4_file_open+0x5/0x1f0
 => do_dentry_open+0x1ea/0x380
 => path_openat+0x2e9/0x1570
 => do_filp_open+0x9b/0x110
 => do_sys_open+0x1bd/0x250
 => do_syscall_64+0x48/0x120
 => entry_SYSCALL_64_after_hwframe+0x44/0xa9
            sudo-2371  [001] ....  8483.034107: sys_exit: NR 257 = 4
            sudo-2371  [001] ....  8483.034107: sys_enter: NR 5 (4, 7ffcf0c97060, 7ffcf0c97060, 7f16ffe85c80, 1, 56100c05b520)
 systemd-journal-369   [003] ....  8483.034107: sys_exit: NR 257 = 16
            sudo-2371  [001] ....  8483.034107: sys_exit: NR 5 = 0
            sudo-2371  [001] ....  8483.034107: sys_enter: NR 0 (4, 56100c062a90, 1000, 56100c05a010, 77, 0)
            sudo-2371  [001] ....  8483.034107: ext4_file_read_iter+0x0/0x40 <-new_sync_read+0x114/0x1a0
            sudo-2371  [001] ....  8483.034107: <stack trace>
 => 0xffffffffc014d061
 => ext4_file_read_iter+0x5/0x40
 => new_sync_read+0x114/0x1a0
 => vfs_read+0x89/0x130
 => ksys_read+0xa1/0xe0
 => do_syscall_64+0x48/0x120
 => entry_SYSCALL_64_after_hwframe+0x44/0xa9
            sudo-2371  [001] ....  8483.034107: sys_exit: NR 0 = 2972
 systemd-journal-369   [003] ....  8483.034107: sys_enter: NR 5 (10, 7fff8e43b540, 7fff8e43b540, 0, 1, 0)
 systemd-journal-369   [003] ....  8483.034107: sys_exit: NR 5 = 0
            sudo-2371  [001] ....  8483.034107: sys_enter: NR 0 (4, 56100c062a90, 1000, 7f16ffe85c80, 1, 56100c05b520)
            sudo-2371  [001] ....  8483.034107: ext4_file_read_iter+0x0/0x40 <-new_sync_read+0x114/0x1a0
            sudo-2371  [001] ....  8483.034107: <stack trace>
 => 0xffffffffc014d061
 => ext4_file_read_iter+0x5/0x40
 => new_sync_read+0x114/0x1a0
 => vfs_read+0x89/0x130
 => ksys_read+0xa1/0xe0
 => do_syscall_64+0x48/0x120
 => entry_SYSCALL_64_after_hwframe+0x44/0xa9
            sudo-2371  [001] ....  8483.034107: sys_exit: NR 0 = 0
            sudo-2371  [001] ....  8483.034107: sys_enter: NR 3 (4, 1, 7f16ff3ff760, 7f16ffe85c80, 7f16ffe85c80, 56100c05b520)
            sudo-2371  [001] ....  8483.034107: __close_fd+0x0/0x80 <-__x64_sys_close+0x1e/0x50
 systemd-journal-369   [003] ....  8483.034107: sys_enter: NR 0 (10, 5629b52e3d30, 400, 0, 0, 0)
            sudo-2371  [001] ....  8483.034107: <stack trace>
 => 0xffffffffc014d061
 => __close_fd+0x5/0x80
 => __x64_sys_close+0x1e/0x50
 => do_syscall_64+0x48/0x120
 => entry_SYSCALL_64_after_hwframe+0x44/0xa9
            sudo-2371  [001] ....  8483.034107: sys_exit: NR 3 = 0
            sudo-2371  [001] ....  8483.034107: sys_enter: NR 257 (ffffff9c, 56100c06d6aa, 0, 0, 0, 56100c05b520)
            sudo-2371  [001] ....  8483.034107: ext4_file_open+0x0/0x1f0 <-do_dentry_open+0x1ea/0x380
            sudo-2371  [001] ....  8483.034107: <stack trace>
 => 0xffffffffc014d061
 => ext4_file_open+0x5/0x1f0
 => do_dentry_open+0x1ea/0x380
 => path_openat+0x2e9/0x1570
 => do_filp_open+0x9b/0x110
 => do_sys_open+0x1bd/0x250
 => do_syscall_64+0x48/0x120
 => entry_SYSCALL_64_after_hwframe+0x44/0xa9
            sudo-2371  [001] ....  8483.034107: sys_exit: NR 257 = 4
            sudo-2371  [001] ....  8483.034107: sys_enter: NR 5 (4, 7ffcf0c97510, 7ffcf0c97510, 7f16ffe85c80, 1, 56100c05b520)
            sudo-2371  [001] ....  8483.034107: sys_exit: NR 5 = 0
            sudo-2371  [001] ....  8483.034107: sys_enter: NR 0 (4, 56100c062a90, 1000, 56100c05a010, 77, 0)
            sudo-2371  [001] ....  8483.034107: ext4_file_read_iter+0x0/0x40 <-new_sync_read+0x114/0x1a0
            sudo-2371  [001] ....  8483.034107: <stack trace>
 => 0xffffffffc014d061
 => ext4_file_read_iter+0x5/0x40
 => new_sync_read+0x114/0x1a0
 => vfs_read+0x89/0x130
 => ksys_read+0xa1/0xe0
 => do_syscall_64+0x48/0x120
 => entry_SYSCALL_64_after_hwframe+0x44/0xa9
            sudo-2371  [001] ....  8483.034107: sys_exit: NR 0 = 17
 systemd-journal-369   [003] ....  8483.034107: sys_exit: NR 0 = 176
            sudo-2371  [001] ....  8483.034107: sys_enter: NR 0 (4, 56100c062a90, 1000, 7f16ffe85c80, 1, 56100c05b520)
            sudo-2371  [001] ....  8483.034107: ext4_file_read_iter+0x0/0x40 <-new_sync_read+0x114/0x1a0
            sudo-2371  [001] ....  8483.034107: <stack trace>
 => 0xffffffffc014d061
 => ext4_file_read_iter+0x5/0x40
 => new_sync_read+0x114/0x1a0
 => vfs_read+0x89/0x130
 => ksys_read+0xa1/0xe0
 => do_syscall_64+0x48/0x120
 => entry_SYSCALL_64_after_hwframe+0x44/0xa9
            sudo-2371  [001] ....  8483.034107: sys_exit: NR 0 = 0
            sudo-2371  [001] ....  8483.034107: sys_enter: NR 3 (4, 1, 7f16ff3ff760, 7f16ffe85c80, 7f16ffe85c80, 56100c05b520)
            sudo-2371  [001] ....  8483.034107: __close_fd+0x0/0x80 <-__x64_sys_close+0x1e/0x50
            sudo-2371  [001] ....  8483.034107: <stack trace>
 => 0xffffffffc014d061
 => __close_fd+0x5/0x80
 => __x64_sys_close+0x1e/0x50
 => do_syscall_64+0x48/0x120
 => entry_SYSCALL_64_after_hwframe+0x44/0xa9
            sudo-2371  [001] ....  8483.034107: sys_exit: NR 3 = 0
            sudo-2371  [001] ....  8483.034107: sys_enter: NR 257 (ffffff9c, 7f16fc5284b0, 0, 0, 0, 56100c05b520)
 systemd-journal-369   [003] ....  8483.034107: sys_enter: NR 3 (10, 0, 7f8411de1760, 6c732e303030312d, 800, 726573752f656369)
 systemd-journal-369   [003] ....  8483.034107: __close_fd+0x0/0x80 <-__x64_sys_close+0x1e/0x50
            sudo-2371  [001] ....  8483.034107: ext4_file_open+0x0/0x1f0 <-do_dentry_open+0x1ea/0x380
 systemd-journal-369   [003] ....  8483.034107: <stack trace>
 => 0xffffffffc014d061
 => __close_fd+0x5/0x80
 => __x64_sys_close+0x1e/0x50
 => do_syscall_64+0x48/0x120
 => entry_SYSCALL_64_after_hwframe+0x44/0xa9
 systemd-journal-369   [003] ....  8483.034107: sys_exit: NR 3 = 0
            sudo-2371  [001] ....  8483.034107: <stack trace>
 => 0xffffffffc014d061
 => ext4_file_open+0x5/0x1f0
 => do_dentry_open+0x1ea/0x380
 => path_openat+0x2e9/0x1570
 => do_filp_open+0x9b/0x110
 => do_sys_open+0x1bd/0x250
 => do_syscall_64+0x48/0x120
 => entry_SYSCALL_64_after_hwframe+0x44/0xa9
            sudo-2371  [001] ....  8483.034107: sys_exit: NR 257 = 4
            sudo-2371  [001] ....  8483.034107: sys_enter: NR 5 (4, 7ffcf0c97ac0, 7ffcf0c97ac0, 0, 7f16ffe85c80, 56100c05b520)
            sudo-2371  [001] ....  8483.034107: sys_exit: NR 5 = 0
            sudo-2371  [001] ....  8483.034107: sys_enter: NR 0 (4, 56100c062a90, 1000, 56100c05a010, 77, 0)
            sudo-2371  [001] ....  8483.034107: ext4_file_read_iter+0x0/0x40 <-new_sync_read+0x114/0x1a0
            sudo-2371  [001] ....  8483.034107: <stack trace>
 => 0xffffffffc014d061
 => ext4_file_read_iter+0x5/0x40
 => new_sync_read+0x114/0x1a0
 => vfs_read+0x89/0x130
 => ksys_read+0xa1/0xe0
 => do_syscall_64+0x48/0x120
 => entry_SYSCALL_64_after_hwframe+0x44/0xa9
            sudo-2371  [001] ....  8483.034107: sys_exit: NR 0 = 4096
            sudo-2371  [001] ....  8483.034107: sys_enter: NR 0 (4, 56100c062a90, 1000, 657020726568746f, 6c697473206e6163, 20776f6c6c61206c)
            sudo-2371  [001] ....  8483.034107: ext4_file_read_iter+0x0/0x40 <-new_sync_read+0x114/0x1a0
 systemd-journal-369   [003] ....  8483.034107: sys_enter: NR 267 (ffffff9c, 7fff8e43bf80, 5629b5304570, 63, b, 7f8411b681d0)
            sudo-2371  [001] ....  8483.034107: <stack trace>
 => 0xffffffffc014d061
 => ext4_file_read_iter+0x5/0x40
 => new_sync_read+0x114/0x1a0
 => vfs_read+0x89/0x130
 => ksys_read+0xa1/0xe0
 => do_syscall_64+0x48/0x120
 => entry_SYSCALL_64_after_hwframe+0x44/0xa9
            sudo-2371  [001] ....  8483.034107: sys_exit: NR 0 = 4096
 systemd-journal-369   [003] ....  8483.034107: sys_exit: NR 267 = 32
            sudo-2371  [001] ....  8483.034107: sys_enter: NR 3 (4, 1, 7f16ff3ff760, 56100c062e9f, 7f16ffe85c80, 7f16ff186940)
            sudo-2371  [001] ....  8483.034107: __close_fd+0x0/0x80 <-__x64_sys_close+0x1e/0x50
            sudo-2371  [001] ....  8483.034107: <stack trace>
 => 0xffffffffc014d061
 => __close_fd+0x5/0x80
 => __x64_sys_close+0x1e/0x50
 => do_syscall_64+0x48/0x120
 => entry_SYSCALL_64_after_hwframe+0x44/0xa9
            sudo-2371  [001] ....  8483.034107: sys_exit: NR 3 = 0
            sudo-2371  [001] ....  8483.034107: sys_enter: NR 257 (ffffff9c, 7f16fc5284b0, 0, 0, 0, 7f16ff186940)
            sudo-2371  [001] ....  8483.034107: ext4_file_open+0x0/0x1f0 <-do_dentry_open+0x1ea/0x380
 systemd-journal-369   [003] ....  8483.034107: sys_enter: NR 267 (ffffff9c, 7fff8e43bf80, 5629b5304570, 63, b, 7f8411b681d0)
            sudo-2371  [001] ....  8483.034107: <stack trace>
 => 0xffffffffc014d061
 => ext4_file_open+0x5/0x1f0
 => do_dentry_open+0x1ea/0x380
 => path_openat+0x2e9/0x1570
 => do_filp_open+0x9b/0x110
 => do_sys_open+0x1bd/0x250
 => do_syscall_64+0x48/0x120
 => entry_SYSCALL_64_after_hwframe+0x44/0xa9
            sudo-2371  [001] ....  8483.034107: sys_exit: NR 257 = 4
            sudo-2371  [001] ....  8483.034107: sys_enter: NR 5 (4, 7ffcf0c97ac0, 7ffcf0c97ac0, 0, 7f16ffe85c80, 7f16ff186940)
            sudo-2371  [001] ....  8483.034107: sys_exit: NR 5 = 0
 systemd-journal-369   [003] ....  8483.034107: sys_exit: NR 267 = -2
            sudo-2371  [001] ....  8483.034107: sys_enter: NR 0 (4, 56100c062a90, 1000, 56100c05a010, 77, 0)
            sudo-2371  [001] ....  8483.034107: ext4_file_read_iter+0x0/0x40 <-new_sync_read+0x114/0x1a0
            sudo-2371  [001] ....  8483.034107: <stack trace>
 => 0xffffffffc014d061
 => ext4_file_read_iter+0x5/0x40
 => new_sync_read+0x114/0x1a0
 => vfs_read+0x89/0x130
 => ksys_read+0xa1/0xe0
 => do_syscall_64+0x48/0x120
 => entry_SYSCALL_64_after_hwframe+0x44/0xa9
            sudo-2371  [001] ....  8483.034107: sys_exit: NR 0 = 4096
 systemd-journal-369   [003] ....  8483.034107: sys_enter: NR 257 (ffffff9c, 7fff8e43be80, 80000, 0, 0, 5629b3f067bb)
 systemd-journal-369   [003] ....  8483.034107: sys_exit: NR 257 = -2
            sudo-2371  [001] ....  8483.034107: sys_enter: NR 0 (4, 56100c062a90, 1000, 657020726568746f, 6c697473206e6163, 20776f6c6c61206c)
