       invoke.sh-1985  [003] ....  5908.597072: sys_enter: NR 108 (5635c92ff520, 7ffce061fe10, 7ffce061fe10, 5635c92f1010, 5635c92f75fc, 7f737be95940)
       invoke.sh-1985  [003] ....  5908.597072: sys_exit: NR 108 = 0
       invoke.sh-1985  [003] ....  5908.597072: sys_enter: NR 102 (5635c92ff520, 7ffce061fe10, 7ffce061fe10, 5635c92f1010, 5635c92f75fc, 7f737be95940)
       invoke.sh-1985  [003] ....  5908.597072: sys_exit: NR 102 = 0
       invoke.sh-1985  [003] ....  5908.597072: sys_enter: NR 104 (5635c92ff520, 7ffce061fe10, 7ffce061fe10, 5635c92f1010, 5635c92f75fc, 7f737be95940)
       invoke.sh-1985  [003] ....  5908.597072: sys_exit: NR 104 = 0
       invoke.sh-1985  [003] ....  5908.597072: sys_enter: NR 21 (5635c92ff520, 4, 7ffce061fe10, 5635c92f1010, 5635c92f75fc, 7f737be95940)
       invoke.sh-1985  [003] ....  5908.597072: sys_exit: NR 21 = 0
       invoke.sh-1985  [003] ....  5908.597072: sys_enter: NR 4 (5635c92ff520, 7ffce061ff20, 7ffce061ff20, 5635c92f1010, 5635c92f75fc, 7f737be95940)
       invoke.sh-1985  [003] ....  5908.597072: sys_exit: NR 4 = 0
       invoke.sh-1985  [003] ....  5908.597072: sys_enter: NR 4 (5635c92ff520, 7ffce061fe40, 7ffce061fe40, 5635c92f1010, 5635c92f75fc, 7f737be95940)
       invoke.sh-1985  [003] ....  5908.597072: sys_exit: NR 4 = 0
       invoke.sh-1985  [003] ....  5908.597072: sys_enter: NR 107 (5635c92ff520, 7ffce061fe40, 7ffce061fe40, 5635c92f1010, 5635c92f75fc, 7f737be95940)
       invoke.sh-1985  [003] ....  5908.597072: sys_exit: NR 107 = 0
       invoke.sh-1985  [003] ....  5908.597072: sys_enter: NR 108 (5635c92ff520, 7ffce061fe40, 7ffce061fe40, 5635c92f1010, 5635c92f75fc, 7f737be95940)
       invoke.sh-1985  [003] ....  5908.597072: sys_exit: NR 108 = 0
       invoke.sh-1985  [003] ....  5908.597072: sys_enter: NR 102 (5635c92ff520, 7ffce061fe40, 7ffce061fe40, 5635c92f1010, 5635c92f75fc, 7f737be95940)
       invoke.sh-1985  [003] ....  5908.597072: sys_exit: NR 102 = 0
       invoke.sh-1985  [003] ....  5908.597072: sys_enter: NR 104 (5635c92ff520, 7ffce061fe40, 7ffce061fe40, 5635c92f1010, 5635c92f75fc, 7f737be95940)
       invoke.sh-1985  [003] ....  5908.597072: sys_exit: NR 104 = 0
       invoke.sh-1985  [003] ....  5908.597072: sys_enter: NR 21 (5635c92ff520, 1, 7ffce061fe40, 5635c92f1010, 5635c92f75fc, 7f737be95940)
       invoke.sh-1985  [003] ....  5908.597072: sys_exit: NR 21 = 0
       invoke.sh-1985  [003] ....  5908.597072: sys_enter: NR 4 (5635c92ff520, 7ffce061fe40, 7ffce061fe40, 5635c92f1010, 5635c92f75fc, 7f737be95940)
       invoke.sh-1985  [003] ....  5908.597072: sys_exit: NR 4 = 0
       invoke.sh-1985  [003] ....  5908.597072: sys_enter: NR 107 (5635c92ff520, 7ffce061fe40, 7ffce061fe40, 5635c92f1010, 5635c92f75fc, 7f737be95940)
       invoke.sh-1985  [003] ....  5908.597072: sys_exit: NR 107 = 0
       invoke.sh-1985  [003] ....  5908.597072: sys_enter: NR 108 (5635c92ff520, 7ffce061fe40, 7ffce061fe40, 5635c92f1010, 5635c92f75fc, 7f737be95940)
       invoke.sh-1985  [003] ....  5908.597072: sys_exit: NR 108 = 0
       invoke.sh-1985  [003] ....  5908.597072: sys_enter: NR 102 (5635c92ff520, 7ffce061fe40, 7ffce061fe40, 5635c92f1010, 5635c92f75fc, 7f737be95940)
       invoke.sh-1985  [003] ....  5908.597072: sys_exit: NR 102 = 0
       invoke.sh-1985  [003] ....  5908.597072: sys_enter: NR 104 (5635c92ff520, 7ffce061fe40, 7ffce061fe40, 5635c92f1010, 5635c92f75fc, 7f737be95940)
       invoke.sh-1985  [003] ....  5908.597072: sys_exit: NR 104 = 0
       invoke.sh-1985  [003] ....  5908.597072: sys_enter: NR 21 (5635c92ff520, 4, 7ffce061fe40, 5635c92f1010, 5635c92f75fc, 7f737be95940)
       invoke.sh-1985  [003] ....  5908.597072: sys_exit: NR 21 = 0
       invoke.sh-1985  [003] ....  5908.597072: sys_enter: NR 14 (0, 7ffce061ffe0, 7ffce0620060, 8, fcff, 0)
       invoke.sh-1985  [003] ....  5908.597072: sys_exit: NR 14 = 0
       invoke.sh-1985  [003] ....  5908.597072: sys_enter: NR 8 (ff, ffffffffffffffbd, 1, 8, fcff, 0)
       invoke.sh-1985  [003] ....  5908.597072: ext4_llseek+0x0/0x100 <-ksys_lseek+0x80/0xa0
       invoke.sh-1985  [003] ....  5908.597072: <stack trace>
 => 0xffffffffc014d061
 => ext4_llseek+0x5/0x100
 => ksys_lseek+0x80/0xa0
 => do_syscall_64+0x48/0x120
 => entry_SYSCALL_64_after_hwframe+0x44/0xa9
       invoke.sh-1985  [003] ....  5908.597072: sys_exit: NR 8 = 52
       invoke.sh-1985  [003] ....  5908.597072: sys_enter: NR 56 (1200011, 0, 0, 7f737c75aa10, 7f737c75a740, 0)
       invoke.sh-1985  [003] ....  5908.597072: sys_exit: NR 56 = 1986
       invoke.sh-1985  [003] ....  5908.597072: sys_enter: NR 14 (2, 7ffce0620060, 0, 8, 7f737c75a740, 0)
       invoke.sh-1985  [003] ....  5908.597072: sys_exit: NR 14 = 0
       invoke.sh-1985  [003] ....  5908.597072: sys_enter: NR 14 (0, 7ffce061ff80, 7ffce0620000, 8, 0, 1)
       invoke.sh-1985  [003] ....  5908.597072: sys_exit: NR 14 = 0
       invoke.sh-1985  [003] ....  5908.597072: sys_enter: NR 14 (2, 7ffce0620000, 0, 8, feff, 2f78756e696c6c61)
       invoke.sh-1985  [003] ....  5908.597072: sys_exit: NR 14 = 0
       invoke.sh-1985  [003] ....  5908.597072: sys_enter: NR 14 (0, 7ffce0620080, 7ffce0620100, 8, feff, 2f78756e696c6c61)
       invoke.sh-1985  [003] ....  5908.597072: sys_exit: NR 14 = 0
       invoke.sh-1985  [003] ....  5908.597072: sys_enter: NR 13 (2, 7ffce061fdc0, 7ffce061fe60, 8, 7ffce061ffb0, 2f78756e696c6c61)
       invoke.sh-1985  [003] ....  5908.597072: sys_exit: NR 13 = 0
       invoke.sh-1985  [003] ....  5908.597072: sys_enter: NR 61 (ffffffff, 7ffce0620020, 0, 0, 5635c92fd4e0, 8)
       invoke.sh-1985  [003] d...  5908.597072: sched_switch: prev_comm=invoke.sh prev_pid=1985 prev_prio=120 prev_state=S ==> next_comm=invoke.sh next_pid=1986 next_prio=120
           sleep-1986  [003] ....  5908.597072: sys_exit: NR 56 = 0
           sleep-1986  [003] ....  5908.597072: sys_enter: NR 39 (1200011, 0, 0, 7f737c75aa10, 7f737c75a740, 0)
           sleep-1986  [003] ....  5908.597072: sys_exit: NR 39 = 1986
           sleep-1986  [003] ....  5908.597072: sys_enter: NR 3 (ff, 5635c92f1020, 5635c92f1010, 7f737c75aa10, 7f737c75a740, 0)
           sleep-1986  [003] ....  5908.597072: __close_fd+0x0/0x80 <-__x64_sys_close+0x1e/0x50
           sleep-1986  [003] ....  5908.597072: <stack trace>
 => 0xffffffffc014d061
 => __close_fd+0x5/0x80
 => __x64_sys_close+0x1e/0x50
 => do_syscall_64+0x48/0x120
 => entry_SYSCALL_64_after_hwframe+0x44/0xa9
           sleep-1986  [003] ....  5908.597072: sys_exit: NR 3 = 0
            sshd-980   [000] ....  5908.597072: sys_exit: NR 1 = 68
            sshd-980   [000] ....  5908.597072: sys_enter: NR 228 (7, 7ffee02184f0, 7ffee02184f0, 0, 7ffee02e50f0, 7ffee02184f0)
           sleep-1986  [003] ....  5908.597072: sys_enter: NR 14 (2, 5635c73c7b00, 0, 8, 7f737c75a740, 0)
           sleep-1986  [003] ....  5908.597072: sys_exit: NR 14 = 0
           sleep-1986  [003] ....  5908.597072: sys_enter: NR 13 (14, 7ffce061fd00, 7ffce061fda0, 8, 7ffce061fef0, 0)
           sleep-1986  [003] ....  5908.597072: sys_exit: NR 13 = 0
           sleep-1986  [003] ....  5908.597072: sys_enter: NR 13 (15, 7ffce061fd00, 7ffce061fda0, 8, 7ffce061fef0, 0)
           sleep-1986  [003] ....  5908.597072: sys_exit: NR 13 = 0
           sleep-1986  [003] ....  5908.597072: sys_enter: NR 13 (16, 7ffce061fd10, 7ffce061fdb0, 8, 7ffce061ff00, 0)
           sleep-1986  [003] ....  5908.597072: sys_exit: NR 13 = 0
           sleep-1986  [003] ....  5908.597072: sys_enter: NR 13 (2, 7ffce061fe20, 7ffce061fec0, 8, 7ffce0620010, 0)
           sleep-1986  [003] ....  5908.597072: sys_exit: NR 13 = 0
           sleep-1986  [003] ....  5908.597072: sys_enter: NR 13 (3, 7ffce061fe20, 7ffce061fec0, 8, 7ffce0620010, 0)
           sleep-1986  [003] ....  5908.597072: sys_exit: NR 13 = 0
           sleep-1986  [003] ....  5908.597072: sys_enter: NR 13 (11, 7ffce061fe20, 7ffce061fec0, 8, 7ffce0620010, 0)
           sleep-1986  [003] ....  5908.597072: sys_exit: NR 13 = 0
           sleep-1986  [003] ....  5908.597072: sys_enter: NR 59 (5635c92ff520, 5635c92ff7f0, 5635c92fab30, 5635c92f1010, 7ffce0620010, 0)
            sshd-980   [000] ....  5908.597072: sys_exit: NR 228 = 0
            sshd-980   [000] ....  5908.597072: sys_enter: NR 23 (c, 557f11c3c8a0, 557f11c52f90, 0, 0, 1000)
           sleep-1986  [003] ....  5908.597072: ext4_file_open+0x0/0x1f0 <-do_dentry_open+0x1ea/0x380
            sshd-980   [000] ....  5908.597072: sys_exit: NR 23 = 1
           sleep-1986  [003] ....  5908.597072: <stack trace>
 => 0xffffffffc014d061
 => ext4_file_open+0x5/0x1f0
 => do_dentry_open+0x1ea/0x380
 => path_openat+0x2e9/0x1570
 => do_filp_open+0x9b/0x110
 => do_open_execat+0x83/0x1a0
 => __do_execve_file.isra.44+0x5d0/0x8b0
 => __x64_sys_execve+0x34/0x40
 => do_syscall_64+0x48/0x120
 => entry_SYSCALL_64_after_hwframe+0x44/0xa9
            sshd-980   [000] ....  5908.597072: sys_enter: NR 14 (0, 7ffee0218580, 7ffee0218500, 8, 0, 1000)
            sshd-980   [000] ....  5908.597072: sys_exit: NR 14 = 0
            sshd-980   [000] ....  5908.597072: sys_enter: NR 14 (2, 7ffee0218500, 0, 8, 0, 1000)
            sshd-980   [000] ....  5908.597072: sys_exit: NR 14 = 0
            sshd-980   [000] ....  5908.597072: sys_enter: NR 228 (7, 7ffee02185a0, 7ffee02185a0, 8, 7ffee02e50f0, 7ffee02185a0)
           sleep-1986  [003] d...  5908.597072: sched_switch: prev_comm=invoke.sh prev_pid=1986 prev_prio=120 prev_state=R+ ==> next_comm=migration/3 next_pid=24 next_prio=0
            sshd-980   [000] ....  5908.597072: sys_exit: NR 228 = 0
            sshd-980   [000] ....  5908.597072: sys_enter: NR 0 (b, 7ffee02144e0, 4000, 8, 7ffee02e50f0, 7ffee02185a0)
            sshd-980   [000] ....  5908.597072: sys_exit: NR 0 = 40
            sshd-980   [000] ....  5908.597072: sys_enter: NR 39 (557f11c39ed6, 6, 36, 0, 1, 100)
            sshd-980   [000] ....  5908.597072: sys_exit: NR 39 = 980
            sshd-980   [000] ....  5908.597072: sys_enter: NR 228 (7, 7ffee02184f0, 7ffee02184f0, 0, 7ffee02e50f0, 7ffee02184f0)
     migration/3-24    [003] d...  5908.597072: sched_switch: prev_comm=migration/3 prev_pid=24 prev_prio=0 prev_state=S ==> next_comm=swapper/3 next_pid=0 next_prio=120
          <idle>-0     [002] d...  5908.598140: sched_switch: prev_comm=swapper/2 prev_pid=0 prev_prio=120 prev_state=R ==> next_comm=invoke.sh next_pid=1986 next_prio=120
            sshd-980   [000] ....  5908.598140: sys_exit: NR 228 = 0
           sleep-1986  [002] ....  5908.598140: ext4_file_read_iter+0x0/0x40 <-new_sync_read+0x114/0x1a0
            sshd-980   [000] ....  5908.598140: sys_enter: NR 23 (c, 557f11c3c8a0, 557f11c52f90, 0, 0, 1000)
           sleep-1986  [002] ....  5908.598140: <stack trace>
 => 0xffffffffc014d061
 => ext4_file_read_iter+0x5/0x40
 => new_sync_read+0x114/0x1a0
 => vfs_read+0x89/0x130
 => kernel_read+0x2c/0x40
 => prepare_binprm+0xe5/0x180
 => __do_execve_file.isra.44+0x533/0x8b0
 => __x64_sys_execve+0x34/0x40
 => do_syscall_64+0x48/0x120
 => entry_SYSCALL_64_after_hwframe+0x44/0xa9
            sshd-980   [000] ....  5908.598140: sys_exit: NR 23 = 1
            sshd-980   [000] ....  5908.598140: sys_enter: NR 14 (0, 7ffee0218580, 7ffee0218500, 8, 0, 1000)
            sshd-980   [000] ....  5908.598140: sys_exit: NR 14 = 0
            sshd-980   [000] ....  5908.598140: sys_enter: NR 14 (2, 7ffee0218500, 0, 8, 0, 1000)
            sshd-980   [000] ....  5908.598140: sys_exit: NR 14 = 0
            sshd-980   [000] ....  5908.598140: sys_enter: NR 228 (7, 7ffee02185a0, 7ffee02185a0, 8, 7ffee02e50f0, 7ffee02185a0)
           sleep-1986  [002] ....  5908.598140: ext4_file_read_iter+0x0/0x40 <-new_sync_read+0x114/0x1a0
           sleep-1986  [002] ....  5908.598140: <stack trace>
 => 0xffffffffc014d061
 => ext4_file_read_iter+0x5/0x40
 => new_sync_read+0x114/0x1a0
 => vfs_read+0x89/0x130
 => kernel_read+0x2c/0x40
 => load_elf_phdrs+0x6b/0xa0
 => load_elf_binary+0x111/0x1523
 => search_binary_handler+0x8a/0x1b0
 => __do_execve_file.isra.44+0x6e9/0x8b0
 => __x64_sys_execve+0x34/0x40
 => do_syscall_64+0x48/0x120
 => entry_SYSCALL_64_after_hwframe+0x44/0xa9
           sleep-1986  [002] ....  5908.598140: ext4_file_read_iter+0x0/0x40 <-new_sync_read+0x114/0x1a0
           sleep-1986  [002] ....  5908.598140: <stack trace>
 => 0xffffffffc014d061
 => ext4_file_read_iter+0x5/0x40
 => new_sync_read+0x114/0x1a0
 => vfs_read+0x89/0x130
 => kernel_read+0x2c/0x40
 => load_elf_binary+0x19b/0x1523
 => search_binary_handler+0x8a/0x1b0
 => __do_execve_file.isra.44+0x6e9/0x8b0
 => __x64_sys_execve+0x34/0x40
 => do_syscall_64+0x48/0x120
 => entry_SYSCALL_64_after_hwframe+0x44/0xa9
           sleep-1986  [002] ....  5908.598140: ext4_file_open+0x0/0x1f0 <-do_dentry_open+0x1ea/0x380
            sshd-980   [000] ....  5908.598140: sys_exit: NR 228 = 0
           sleep-1986  [002] ....  5908.598140: <stack trace>
 => 0xffffffffc014d061
 => ext4_file_open+0x5/0x1f0
 => do_dentry_open+0x1ea/0x380
 => path_openat+0x2e9/0x1570
 => do_filp_open+0x9b/0x110
 => do_open_execat+0x83/0x1a0
 => open_exec+0x26/0x40
 => load_elf_binary+0x1f9/0x1523
 => search_binary_handler+0x8a/0x1b0
 => __do_execve_file.isra.44+0x6e9/0x8b0
 => __x64_sys_execve+0x34/0x40
 => do_syscall_64+0x48/0x120
 => entry_SYSCALL_64_after_hwframe+0x44/0xa9
           sleep-1986  [002] ....  5908.598140: ext4_file_read_iter+0x0/0x40 <-new_sync_read+0x114/0x1a0
            sshd-980   [000] ....  5908.598140: sys_enter: NR 1 (3, 557f11c57b30, 4c, 8, 7ffee02e50f0, 7ffee02185a0)
           sleep-1986  [002] ....  5908.598140: <stack trace>
 => 0xffffffffc014d061
 => ext4_file_read_iter+0x5/0x40
 => new_sync_read+0x114/0x1a0
 => vfs_read+0x89/0x130
 => kernel_read+0x2c/0x40
 => load_elf_binary+0x23a/0x1523
 => search_binary_handler+0x8a/0x1b0
 => __do_execve_file.isra.44+0x6e9/0x8b0
 => __x64_sys_execve+0x34/0x40
 => do_syscall_64+0x48/0x120
 => entry_SYSCALL_64_after_hwframe+0x44/0xa9
           sleep-1986  [002] ....  5908.598140: ext4_file_read_iter+0x0/0x40 <-new_sync_read+0x114/0x1a0
           sleep-1986  [002] ....  5908.598140: <stack trace>
 => 0xffffffffc014d061
 => ext4_file_read_iter+0x5/0x40
 => new_sync_read+0x114/0x1a0
 => vfs_read+0x89/0x130
 => kernel_read+0x2c/0x40
 => load_elf_phdrs+0x6b/0xa0
 => load_elf_binary+0x31c/0x1523
 => search_binary_handler+0x8a/0x1b0
 => __do_execve_file.isra.44+0x6e9/0x8b0
 => __x64_sys_execve+0x34/0x40
 => do_syscall_64+0x48/0x120
 => entry_SYSCALL_64_after_hwframe+0x44/0xa9
           sleep-1986  [002] ....  5908.598140: sys_exit: NR 59 = 0
           sleep-1986  [002] ....  5908.598140: sys_enter: NR 12 (0, 5f, 4d, 0, 16, 7f32baf3b665)
           sleep-1986  [002] ....  5908.598140: sys_exit: NR 12 = 94773810315264
           sleep-1986  [002] ....  5908.598140: sys_enter: NR 21 (7f32baf3b082, 0, 17, 54, fffffffffffffffc, 7ffdce3ca120)
           sleep-1986  [002] ....  5908.598140: sys_exit: NR 21 = -2
           sleep-1986  [002] ....  5908.598140: sys_enter: NR 21 (7f32baf3ddd0, 4, 7f32baf1a190, 8, 7f32bb143c52, 1)
           sleep-1986  [002] ....  5908.598140: sys_exit: NR 21 = -2
           sleep-1986  [002] ....  5908.598140: sys_enter: NR 257 (ffffff9c, 7f32baf3b428, 80000, 0, ffff, 0)
           sleep-1986  [002] ....  5908.598140: ext4_file_open+0x0/0x1f0 <-do_dentry_open+0x1ea/0x380
           sleep-1986  [002] ....  5908.598140: <stack trace>
 => 0xffffffffc014d061
 => ext4_file_open+0x5/0x1f0
 => do_dentry_open+0x1ea/0x380
 => path_openat+0x2e9/0x1570
 => do_filp_open+0x9b/0x110
 => do_sys_open+0x1bd/0x250
 => do_syscall_64+0x48/0x120
 => entry_SYSCALL_64_after_hwframe+0x44/0xa9
           sleep-1986  [002] ....  5908.598140: sys_exit: NR 257 = 3
           sleep-1986  [002] ....  5908.598140: sys_enter: NR 5 (3, 7ffdce383580, 7ffdce383580, 0, ffff, 0)
           sleep-1986  [002] ....  5908.598140: sys_exit: NR 5 = 0
           sleep-1986  [002] ....  5908.598140: sys_enter: NR 9 (0, d29f, 1, 2, 3, 0)
           sleep-1986  [002] ....  5908.598140: sys_exit: NR 9 = 139855863689216
           sleep-1986  [002] ....  5908.598140: sys_enter: NR 3 (3, d29f, 1, 2, 3, 0)
           sleep-1986  [002] ....  5908.598140: __close_fd+0x0/0x80 <-__x64_sys_close+0x1e/0x50
           sleep-1986  [002] ....  5908.598140: <stack trace>
 => 0xffffffffc014d061
 => __close_fd+0x5/0x80
 => __x64_sys_close+0x1e/0x50
 => do_syscall_64+0x48/0x120
 => entry_SYSCALL_64_after_hwframe+0x44/0xa9
           sleep-1986  [002] ....  5908.598140: sys_exit: NR 3 = 0
           sleep-1986  [002] ....  5908.598140: sys_enter: NR 21 (7f32baf3b082, 0, 0, 2, 1, 0)
           sleep-1986  [002] ....  5908.598140: sys_exit: NR 21 = -2
           sleep-1986  [002] ....  5908.598140: sys_enter: NR 257 (ffffff9c, 7f32bb143dd0, 80000, 0, 0, 7ffdce38372f)
           sleep-1986  [002] ....  5908.598140: ext4_file_open+0x0/0x1f0 <-do_dentry_open+0x1ea/0x380
           sleep-1986  [002] ....  5908.598140: <stack trace>
 => 0xffffffffc014d061
 => ext4_file_open+0x5/0x1f0
 => do_dentry_open+0x1ea/0x380
 => path_openat+0x2e9/0x1570
 => do_filp_open+0x9b/0x110
 => do_sys_open+0x1bd/0x250
 => do_syscall_64+0x48/0x120
 => entry_SYSCALL_64_after_hwframe+0x44/0xa9
           sleep-1986  [002] ....  5908.598140: sys_exit: NR 257 = 3
           sleep-1986  [002] ....  5908.598140: sys_enter: NR 0 (3, 7ffdce383748, 340, 0, 0, 7ffdce38372f)
           sleep-1986  [002] ....  5908.598140: ext4_file_read_iter+0x0/0x40 <-new_sync_read+0x114/0x1a0
           sleep-1986  [002] ....  5908.598140: <stack trace>
 => 0xffffffffc014d061
 => ext4_file_read_iter+0x5/0x40
 => new_sync_read+0x114/0x1a0
 => vfs_read+0x89/0x130
 => ksys_read+0xa1/0xe0
 => do_syscall_64+0x48/0x120
 => entry_SYSCALL_64_after_hwframe+0x44/0xa9
           sleep-1986  [002] ....  5908.598140: sys_exit: NR 0 = 832
           sleep-1986  [002] ....  5908.598140: sys_enter: NR 5 (3, 7ffdce3835e0, 7ffdce3835e0, 7f32bb143dd0, 7f32bb143dd0, 7f32bb143170)
           sleep-1986  [002] ....  5908.598140: sys_exit: NR 5 = 0
           sleep-1986  [002] ....  5908.598140: sys_enter: NR 9 (0, 2000, 3, 22, ffffffff, 0)
           sleep-1986  [002] ....  5908.598140: sys_exit: NR 9 = 139855863681024
           sleep-1986  [002] ....  5908.598140: sys_enter: NR 9 (0, 3f0ae0, 5, 802, 3, 0)
           sleep-1986  [002] ....  5908.598140: sys_exit: NR 9 = 139855857356800
           sleep-1986  [002] ....  5908.598140: sys_enter: NR 10 (7f32bad10000, 200000, 0, 1, 3, 0)
           sleep-1986  [002] ....  5908.598140: sys_exit: NR 10 = 0
           sleep-1986  [002] ....  5908.598140: sys_enter: NR 9 (7f32baf10000, 6000, 3, 812, 3, 1e7000)
           sleep-1986  [002] ....  5908.598140: sys_exit: NR 9 = 139855861448704
           sleep-1986  [002] ....  5908.598140: sys_enter: NR 9 (7f32baf16000, 3ae0, 3, 32, ffffffff, 0)
           sleep-1986  [002] ....  5908.598140: sys_exit: NR 9 = 139855861473280
           sleep-1986  [002] ....  5908.598140: sys_enter: NR 3 (3, 28, 0, 31, 6fffffff, 70000021)
           sleep-1986  [002] ....  5908.598140: __close_fd+0x0/0x80 <-__x64_sys_close+0x1e/0x50
           sleep-1986  [002] ....  5908.598140: <stack trace>
 => 0xffffffffc014d061
 => __close_fd+0x5/0x80
 => __x64_sys_close+0x1e/0x50
 => do_syscall_64+0x48/0x120
 => entry_SYSCALL_64_after_hwframe+0x44/0xa9
           sleep-1986  [002] ....  5908.598140: sys_exit: NR 3 = 0
           sleep-1986  [002] ....  5908.598140: sys_enter: NR 158 (1002, 7f32bb132540, 7f32bb132e60, 7f32bb1319e8, 90, 40)
           sleep-1986  [002] ....  5908.598140: sys_exit: NR 158 = 0
           sleep-1986  [002] ....  5908.598140: sys_enter: NR 10 (7f32baf10000, 4000, 1, 7f32bb131000, 7ffdce3ca1b8, 2)
           sleep-1986  [002] ....  5908.598140: sys_exit: NR 10 = 0
           sleep-1986  [002] ....  5908.598140: sys_enter: NR 10 (56323e036000, 1000, 1, 7f32bb143170, 0, 54d)
           sleep-1986  [002] ....  5908.598140: sys_exit: NR 10 = 0
           sleep-1986  [002] ....  5908.598140: sys_enter: NR 10 (7f32bb141000, 1000, 1, 7f32bb1429f0, 0, c0)
           sleep-1986  [002] ....  5908.598140: sys_exit: NR 10 = 0
           sleep-1986  [002] ....  5908.598140: sys_enter: NR 11 (7f32bb133000, d29f, d8d00000000, 7f32bb1429f0, 0, c0)
           sleep-1986  [002] ....  5908.598140: sys_exit: NR 11 = 0
            sshd-980   [000] ....  5908.599216: sys_exit: NR 1 = 76
           sleep-1986  [002] ....  5908.599216: sys_enter: NR 12 (0, 7f32baf14c40, 20270, fffffffffffff000, 2, 0)
           sleep-1986  [002] ....  5908.599216: sys_exit: NR 12 = 94773810315264
           sleep-1986  [002] ....  5908.599216: sys_enter: NR 12 (56323f4e5000, 7f32baf14c40, 56323f4c4000, fffffffffffff000, 2, 0)
           sleep-1986  [002] ....  5908.599216: sys_exit: NR 12 = 94773810450432
            sshd-980   [000] ....  5908.599216: sys_enter: NR 228 (7, 7ffee02184f0, 7ffee02184f0, 0, 7ffee02e50f0, 7ffee02184f0)
           sleep-1986  [002] ....  5908.599216: sys_enter: NR 257 (ffffff9c, 7f32bace4190, 80000, 0, 1, 7f32bac973a0)
           sleep-1986  [002] ....  5908.599216: ext4_file_open+0x0/0x1f0 <-do_dentry_open+0x1ea/0x380
           sleep-1986  [002] ....  5908.599216: <stack trace>
 => 0xffffffffc014d061
 => ext4_file_open+0x5/0x1f0
 => do_dentry_open+0x1ea/0x380
 => path_openat+0x2e9/0x1570
 => do_filp_open+0x9b/0x110
 => do_sys_open+0x1bd/0x250
 => do_syscall_64+0x48/0x120
 => entry_SYSCALL_64_after_hwframe+0x44/0xa9
           sleep-1986  [002] ....  5908.599216: sys_exit: NR 257 = 3
           sleep-1986  [002] ....  5908.599216: sys_enter: NR 5 (3, 7f32baf15ac0, 7f32baf15ac0, 0, 1, 7f32bac973a0)
           sleep-1986  [002] ....  5908.599216: sys_exit: NR 5 = 0
           sleep-1986  [002] ....  5908.599216: sys_enter: NR 9 (0, 19ae70, 1, 2, 3, 0)
           sleep-1986  [002] ....  5908.599216: sys_exit: NR 9 = 139855861997568
           sleep-1986  [002] ....  5908.599216: sys_enter: NR 3 (3, 19ae70, 2ac7, 2, 3, 0)
           sleep-1986  [002] ....  5908.599216: __close_fd+0x0/0x80 <-__x64_sys_close+0x1e/0x50
           sleep-1986  [002] ....  5908.599216: <stack trace>
 => 0xffffffffc014d061
 => __close_fd+0x5/0x80
 => __x64_sys_close+0x1e/0x50
 => do_syscall_64+0x48/0x120
 => entry_SYSCALL_64_after_hwframe+0x44/0xa9
           sleep-1986  [002] ....  5908.599216: sys_exit: NR 3 = 0
            sshd-980   [000] ....  5908.599216: sys_exit: NR 228 = 0
            sshd-980   [000] ....  5908.599216: sys_enter: NR 23 (c, 557f11c3c8a0, 557f11c52f90, 0, 0, 1000)
            sshd-980   [000] d...  5908.599216: sched_switch: prev_comm=sshd prev_pid=980 prev_prio=120 prev_state=S ==> next_comm=swapper/0 next_pid=0 next_prio=120
           sleep-1986  [002] ....  5908.599216: sys_enter: NR 35 (7ffdce383e80, 0, 0, 0, 0, 0)
           sleep-1986  [002] d...  5908.599216: sched_switch: prev_comm=sleep prev_pid=1986 prev_prio=120 prev_state=S ==> next_comm=swapper/2 next_pid=0 next_prio=120
          <idle>-0     [002] d...  5908.600271: sched_switch: prev_comm=swapper/2 prev_pid=0 prev_prio=120 prev_state=R ==> next_comm=rcu_sched next_pid=10 next_prio=120
       rcu_sched-10    [002] d...  5908.600271: sched_switch: prev_comm=rcu_sched prev_pid=10 prev_prio=120 prev_state=I ==> next_comm=swapper/2 next_pid=0 next_prio=120
          <idle>-0     [002] d...  5908.605320: sched_switch: prev_comm=swapper/2 prev_pid=0 prev_prio=120 prev_state=R ==> next_comm=rcu_sched next_pid=10 next_prio=120
       rcu_sched-10    [002] d...  5908.605320: sched_switch: prev_comm=rcu_sched prev_pid=10 prev_prio=120 prev_state=I ==> next_comm=swapper/2 next_pid=0 next_prio=120
          <idle>-0     [002] d...  5908.609295: sched_switch: prev_comm=swapper/2 prev_pid=0 prev_prio=120 prev_state=R ==> next_comm=rcu_sched next_pid=10 next_prio=120
       rcu_sched-10    [002] d...  5908.609295: sched_switch: prev_comm=rcu_sched prev_pid=10 prev_prio=120 prev_state=I ==> next_comm=swapper/2 next_pid=0 next_prio=120
          <idle>-0     [002] d...  5908.613287: sched_switch: prev_comm=swapper/2 prev_pid=0 prev_prio=120 prev_state=R ==> next_comm=rcu_sched next_pid=10 next_prio=120
       rcu_sched-10    [002] d...  5908.613287: sched_switch: prev_comm=rcu_sched prev_pid=10 prev_prio=120 prev_state=I ==> next_comm=swapper/2 next_pid=0 next_prio=120
          <idle>-0     [002] d...  5908.617636: sched_switch: prev_comm=swapper/2 prev_pid=0 prev_prio=120 prev_state=R ==> next_comm=rcu_sched next_pid=10 next_prio=120
       rcu_sched-10    [002] d...  5908.617636: sched_switch: prev_comm=rcu_sched prev_pid=10 prev_prio=120 prev_state=I ==> next_comm=swapper/2 next_pid=0 next_prio=120
          <idle>-0     [000] d...  5908.809158: sched_switch: prev_comm=swapper/0 prev_pid=0 prev_prio=120 prev_state=R ==> next_comm=kworker/0:1 next_pid=1645 next_prio=120
     kworker/0:1-1645  [000] d...  5908.809158: sched_switch: prev_comm=kworker/0:1 prev_pid=1645 prev_prio=120 prev_state=I ==> next_comm=swapper/0 next_pid=0 next_prio=120
          <idle>-0     [002] d...  5908.834260: sched_switch: prev_comm=swapper/2 prev_pid=0 prev_prio=120 prev_state=R ==> next_comm=kworker/2:1 next_pid=90 next_prio=120
     kworker/2:1-90    [002] d...  5908.834260: sched_switch: prev_comm=kworker/2:1 prev_pid=90 prev_prio=120 prev_state=D ==> next_comm=kworker/2:2 next_pid=1239 next_prio=120
     kworker/2:2-1239  [002] d...  5908.834260: sched_switch: prev_comm=kworker/2:2 prev_pid=1239 prev_prio=120 prev_state=D ==> next_comm=kworker/2:3 next_pid=1913 next_prio=120
     kworker/2:3-1913  [002] d...  5908.834260: sched_switch: prev_comm=kworker/2:3 prev_pid=1913 prev_prio=120 prev_state=I ==> next_comm=swapper/2 next_pid=0 next_prio=120
          <idle>-0     [002] d...  5908.838187: sched_switch: prev_comm=swapper/2 prev_pid=0 prev_prio=120 prev_state=R ==> next_comm=kworker/2:1 next_pid=90 next_prio=120
     kworker/2:1-90    [002] d...  5908.838187: sched_switch: prev_comm=kworker/2:1 prev_pid=90 prev_prio=120 prev_state=R+ ==> next_comm=kworker/2:2 next_pid=1239 next_prio=120
     kworker/2:2-1239  [002] d...  5908.838187: sched_switch: prev_comm=kworker/2:2 prev_pid=1239 prev_prio=120 prev_state=I ==> next_comm=kworker/2:1 next_pid=90 next_prio=120
     kworker/2:1-90    [002] d...  5908.838187: sched_switch: prev_comm=kworker/2:1 prev_pid=90 prev_prio=120 prev_state=I ==> next_comm=swapper/2 next_pid=0 next_prio=120
          <idle>-0     [002] d...  5909.616822: sched_switch: prev_comm=swapper/2 prev_pid=0 prev_prio=120 prev_state=R ==> next_comm=cron next_pid=569 next_prio=120
            cron-569   [002] ....  5909.616822: sys_exit: NR 35 = 0
            cron-569   [002] ....  5909.616822: sys_enter: NR 4 (7f5be9f82227, 7ffd0da0c550, 7ffd0da0c550, 0, 10, 7f5be9f3bf20)
            cron-569   [002] ....  5909.616822: sys_exit: NR 4 = 0
            cron-569   [002] ....  5909.616822: sys_enter: NR 4 (5643dbde4c01, 7ffd0da0a340, 7ffd0da0a340, 2ce33e6c02ce33e7, 7f5be9f7cd00, a3d70a3d70a3d70b)
            cron-569   [002] ....  5909.616822: sys_exit: NR 4 = 0
            cron-569   [002] ....  5909.616822: sys_enter: NR 4 (5643dbde4c0a, 7ffd0da0a3d0, 7ffd0da0a3d0, 2ce33e6c02ce33e7, 7f5be9f7cd00, a3d70a3d70a3d70b)
            cron-569   [002] ....  5909.616822: sys_exit: NR 4 = 0
            cron-569   [002] ....  5909.616822: sys_enter: NR 4 (5643dbde4c17, 7ffd0da0a460, 7ffd0da0a460, 2ce33e6c02ce33e7, 7f5be9f7cd00, a3d70a3d70a3d70b)
            cron-569   [002] ....  5909.616822: sys_exit: NR 4 = 0
            cron-569   [002] ....  5909.616822: sys_enter: NR 4 (7ffd0da0a680, 7ffd0da0a4f0, 7ffd0da0a4f0, ffffffee, 5643dc3bb508, 12)
            cron-569   [002] ....  5909.616822: sys_exit: NR 4 = 0
            cron-569   [002] ....  5909.616822: sys_enter: NR 4 (7ffd0da0a680, 7ffd0da0a4f0, 7ffd0da0a4f0, fffffffb, 5643dc3b8bb8, 5)
            cron-569   [002] ....  5909.616822: sys_exit: NR 4 = 0
            cron-569   [002] ....  5909.616822: sys_enter: NR 35 (7ffd0da0c6a0, 7ffd0da0c6a0, 1, 0, 10, 1)
            cron-569   [002] d...  5909.616822: sched_switch: prev_comm=cron prev_pid=569 prev_prio=120 prev_state=S ==> next_comm=swapper/2 next_pid=0 next_prio=120
          <idle>-0     [000] d...  5909.993568: sched_switch: prev_comm=swapper/0 prev_pid=0 prev_prio=120 prev_state=R ==> next_comm=kworker/0:1 next_pid=1645 next_prio=120
     kworker/0:1-1645  [000] d...  5909.993568: sched_switch: prev_comm=kworker/0:1 prev_pid=1645 prev_prio=120 prev_state=I ==> next_comm=ksoftirqd/0 next_pid=9 next_prio=120
     ksoftirqd/0-9     [000] d...  5909.993568: sched_switch: prev_comm=ksoftirqd/0 prev_pid=9 prev_prio=120 prev_state=S ==> next_comm=swapper/0 next_pid=0 next_prio=120
          <idle>-0     [000] d...  5910.500203: sched_switch: prev_comm=swapper/0 prev_pid=0 prev_prio=120 prev_state=R ==> next_comm=kworker/0:1 next_pid=1645 next_prio=120
     kworker/0:1-1645  [000] d...  5910.500203: sched_switch: prev_comm=kworker/0:1 prev_pid=1645 prev_prio=120 prev_state=I ==> next_comm=swapper/0 next_pid=0 next_prio=120
          <idle>-0     [003] d...  5910.718050: sched_switch: prev_comm=swapper/3 prev_pid=0 prev_prio=120 prev_state=R ==> next_comm=kworker/3:5 next_pid=994 next_prio=120
     kworker/3:5-994   [003] d...  5910.718050: sched_switch: prev_comm=kworker/3:5 prev_pid=994 prev_prio=120 prev_state=I ==> next_comm=swapper/3 next_pid=0 next_prio=120
          <idle>-0     [002] d...  5910.890173: sched_switch: prev_comm=swapper/2 prev_pid=0 prev_prio=120 prev_state=R ==> next_comm=kworker/2:1 next_pid=90 next_prio=120
     kworker/2:1-90    [002] d...  5910.890173: sched_switch: prev_comm=kworker/2:1 prev_pid=90 prev_prio=120 prev_state=D ==> next_comm=kworker/2:2 next_pid=1239 next_prio=120
     kworker/2:2-1239  [002] d...  5910.892359: sched_switch: prev_comm=kworker/2:2 prev_pid=1239 prev_prio=120 prev_state=D ==> next_comm=kworker/2:3 next_pid=1913 next_prio=120
     kworker/2:3-1913  [002] d...  5910.892359: sched_switch: prev_comm=kworker/2:3 prev_pid=1913 prev_prio=120 prev_state=I ==> next_comm=swapper/2 next_pid=0 next_prio=120
          <idle>-0     [002] d...  5910.894811: sched_switch: prev_comm=swapper/2 prev_pid=0 prev_prio=120 prev_state=R ==> next_comm=kworker/2:1 next_pid=90 next_prio=120
     kworker/2:1-90    [002] d...  5910.895334: sched_switch: prev_comm=kworker/2:1 prev_pid=90 prev_prio=120 prev_state=R+ ==> next_comm=ksoftirqd/2 next_pid=20 next_prio=120
     ksoftirqd/2-20    [002] d...  5910.895334: sched_switch: prev_comm=ksoftirqd/2 prev_pid=20 prev_prio=120 prev_state=S ==> next_comm=kworker/2:2 next_pid=1239 next_prio=120
     kworker/2:2-1239  [002] d...  5910.895334: sched_switch: prev_comm=kworker/2:2 prev_pid=1239 prev_prio=120 prev_state=I ==> next_comm=kworker/2:1 next_pid=90 next_prio=120
     kworker/2:1-90    [002] d...  5910.895334: sched_switch: prev_comm=kworker/2:1 prev_pid=90 prev_prio=120 prev_state=I ==> next_comm=swapper/2 next_pid=0 next_prio=120
          <idle>-0     [000] d...  5911.010600: sched_switch: prev_comm=swapper/0 prev_pid=0 prev_prio=120 prev_state=R ==> next_comm=gmain next_pid=605 next_prio=120
           gmain-605   [000] ....  5911.010600: sys_exit: NR 7 = 0
           gmain-605   [000] ....  5911.010600: sys_enter: NR 228 (1, 7f52c7632bf0, 7f52c7632bf0, 7f52c00025a0, 7ffccd3cb090, 7f52c7632bf0)
           gmain-605   [000] ....  5911.010600: sys_exit: NR 228 = 0
           gmain-605   [000] ....  5911.010600: sys_enter: NR 254 (7, 55692c9ec3a0, 1002fce, 7f52c00025a0, 56cd36aa, 7f52c7632bf0)
           gmain-605   [000] ....  5911.010600: sys_exit: NR 254 = -2
           gmain-605   [000] ....  5911.010600: sys_enter: NR 254 (7, 55692c9eb980, 1002fce, 7f52c00025a0, b10563a8, 7f52c7632bf0)
           gmain-605   [000] ....  5911.010600: sys_exit: NR 254 = -2
           gmain-605   [000] ....  5911.010600: sys_enter: NR 254 (7, 55692c9eb450, 1002fce, 7f52c00025a0, b10563a8, 7f52c7632bf0)
           gmain-605   [000] ....  5911.010600: sys_exit: NR 254 = -2
           gmain-605   [000] ....  5911.010600: sys_enter: NR 254 (7, 55692c9eb100, 1002fce, 7f52c00025a0, b10563a8, 7f52c7632bf0)
           gmain-605   [000] ....  5911.010600: sys_exit: NR 254 = -2
           gmain-605   [000] ....  5911.010600: sys_enter: NR 228 (1, 7f52c7632be0, 7f52c7632be0, 7f52c00025a0, 7ffccd3cb090, 7f52c7632be0)
           gmain-605   [000] ....  5911.010600: sys_exit: NR 228 = 0
           gmain-605   [000] ....  5911.010600: sys_enter: NR 7 (55692c9cb410, 2, f96, 7f52c00025a0, 0, 55692c9e82a0)
           gmain-605   [000] d...  5911.010600: sched_switch: prev_comm=gmain prev_pid=605 prev_prio=120 prev_state=S ==> next_comm=swapper/0 next_pid=0 next_prio=120
          <idle>-0     [002] d...  5911.014001: sched_switch: prev_comm=swapper/2 prev_pid=0 prev_prio=120 prev_state=R ==> next_comm=irqbalance next_pid=554 next_prio=120
      irqbalance-554   [002] ....  5911.014001: sys_exit: NR 7 = 0
      irqbalance-554   [002] ....  5911.014001: sys_enter: NR 228 (1, 7ffe48f9d740, 7ffe48f9d740, 559c02158820, 7ffe48ff7090, 7ffe48f9d740)
      irqbalance-554   [002] ....  5911.014604: sys_exit: NR 228 = 0
      irqbalance-554   [002] ....  5911.014604: sys_enter: NR 257 (ffffff9c, 559c0121a155, 0, 0, 0, 7ffe48f9d740)
      irqbalance-554   [002] ....  5911.014604: sys_exit: NR 257 = 6
      irqbalance-554   [002] ....  5911.014604: sys_enter: NR 5 (6, 7ffe48f9d0f0, 7ffe48f9d0f0, 0, 7f153b4a7f00, 7ffe48f9d740)
      irqbalance-554   [002] ....  5911.014604: sys_exit: NR 5 = 0
      irqbalance-554   [002] ....  5911.014604: sys_enter: NR 0 (6, 559c0214c540, 400, 0, 0, 7ffe48f9d740)
      irqbalance-554   [002] ....  5911.014604: sys_exit: NR 0 = 1024
      irqbalance-554   [002] ....  5911.014604: sys_enter: NR 3 (6, 1, 7f153a543760, 1, 7f153b4a7f00, 3)
      irqbalance-554   [002] ....  5911.014604: __close_fd+0x0/0x80 <-__x64_sys_close+0x1e/0x50
      irqbalance-554   [002] ....  5911.014604: <stack trace>
 => 0xffffffffc014d061
 => __close_fd+0x5/0x80
 => __x64_sys_close+0x1e/0x50
 => do_syscall_64+0x48/0x120
 => entry_SYSCALL_64_after_hwframe+0x44/0xa9
      irqbalance-554   [002] ....  5911.014604: sys_exit: NR 3 = 0
      irqbalance-554   [002] ....  5911.014604: sys_enter: NR 257 (ffffff9c, 559c0121a1bd, 0, 0, 0, 3)
      irqbalance-554   [002] ....  5911.014604: sys_exit: NR 257 = 6
      irqbalance-554   [002] ....  5911.014604: sys_enter: NR 5 (6, 7ffe48f9d510, 7ffe48f9d510, 0, 7f153b4a7f00, 3)
      irqbalance-554   [002] ....  5911.014604: sys_exit: NR 5 = 0
      irqbalance-554   [002] ....  5911.014604: sys_enter: NR 0 (6, 559c0214c540, 400, 0, 0, 3)
      irqbalance-554   [002] ....  5911.017591: sys_exit: NR 0 = 1024
      irqbalance-554   [002] ....  5911.017591: sys_enter: NR 0 (6, 559c0214c540, 400, 2030203020302030, 0, 2030203020323536)
      irqbalance-554   [002] ....  5911.017591: sys_exit: NR 0 = 262
      irqbalance-554   [002] ....  5911.017591: sys_enter: NR 3 (6, 1, 7f153a543760, 2030203020302030, 7f153b4a7f00, 0)
      irqbalance-554   [002] ....  5911.017591: __close_fd+0x0/0x80 <-__x64_sys_close+0x1e/0x50
      irqbalance-554   [002] ....  5911.017591: <stack trace>
 => 0xffffffffc014d061
 => __close_fd+0x5/0x80
 => __x64_sys_close+0x1e/0x50
 => do_syscall_64+0x48/0x120
 => entry_SYSCALL_64_after_hwframe+0x44/0xa9
      irqbalance-554   [002] ....  5911.017591: sys_exit: NR 3 = 0
      irqbalance-554   [002] ....  5911.017591: sys_enter: NR 257 (ffffff9c, 7ffe48f9c680, 0, 0, 0, 0)
      irqbalance-554   [002] ....  5911.017591: sys_exit: NR 257 = 6
      irqbalance-554   [002] ....  5911.017591: sys_enter: NR 5 (6, 7ffe48f9bef0, 7ffe48f9bef0, 0, 7f153b4a7f00, 0)
      irqbalance-554   [002] ....  5911.017591: sys_exit: NR 5 = 0
      irqbalance-554   [002] ....  5911.017591: sys_enter: NR 0 (6, 559c0214c540, 400, 0, 0, 0)
      irqbalance-554   [002] ....  5911.017591: sys_exit: NR 0 = 2
      irqbalance-554   [002] ....  5911.017591: sys_enter: NR 3 (6, 1, 7f153a543760, f, 7f153b4a7f00, ffffffffffffffff)
      irqbalance-554   [002] ....  5911.017591: __close_fd+0x0/0x80 <-__x64_sys_close+0x1e/0x50
      irqbalance-554   [002] ....  5911.017591: <stack trace>
 => 0xffffffffc014d061
 => __close_fd+0x5/0x80
 => __x64_sys_close+0x1e/0x50
 => do_syscall_64+0x48/0x120
 => entry_SYSCALL_64_after_hwframe+0x44/0xa9
      irqbalance-554   [002] ....  5911.017591: sys_exit: NR 3 = 0
      irqbalance-554   [002] ....  5911.017591: sys_enter: NR 257 (ffffff9c, 7ffe48f9c680, 0, 0, 0, 0)
      irqbalance-554   [002] ....  5911.017591: sys_exit: NR 257 = 6
      irqbalance-554   [002] ....  5911.017591: sys_enter: NR 5 (6, 7ffe48f9bef0, 7ffe48f9bef0, 0, 7f153b4a7f00, 0)
      irqbalance-554   [002] ....  5911.017591: sys_exit: NR 5 = 0
      irqbalance-554   [002] ....  5911.017591: sys_enter: NR 0 (6, 559c0214c540, 400, 0, 0, 0)
      irqbalance-554   [002] ....  5911.017591: sys_exit: NR 0 = 2
      irqbalance-554   [002] ....  5911.017591: sys_enter: NR 3 (6, 1, 7f153a543760, f, 7f153b4a7f00, ffffffffffffffff)
      irqbalance-554   [002] ....  5911.017591: __close_fd+0x0/0x80 <-__x64_sys_close+0x1e/0x50
      irqbalance-554   [002] ....  5911.017591: <stack trace>
 => 0xffffffffc014d061
 => __close_fd+0x5/0x80
 => __x64_sys_close+0x1e/0x50
 => do_syscall_64+0x48/0x120
 => entry_SYSCALL_64_after_hwframe+0x44/0xa9
      irqbalance-554   [002] ....  5911.017591: sys_exit: NR 3 = 0
      irqbalance-554   [002] ....  5911.017591: sys_enter: NR 257 (ffffff9c, 7ffe48f9c680, 0, 0, 0, 0)
      irqbalance-554   [002] ....  5911.017591: sys_exit: NR 257 = 6
      irqbalance-554   [002] ....  5911.017591: sys_enter: NR 5 (6, 7ffe48f9bef0, 7ffe48f9bef0, 0, 7f153b4a7f00, 0)
      irqbalance-554   [002] ....  5911.017591: sys_exit: NR 5 = 0
      irqbalance-554   [002] ....  5911.017591: sys_enter: NR 0 (6, 559c0214c540, 400, 0, 0, 0)
      irqbalance-554   [002] ....  5911.017591: sys_exit: NR 0 = 2
      irqbalance-554   [002] ....  5911.017591: sys_enter: NR 3 (6, 1, 7f153a543760, f, 7f153b4a7f00, ffffffffffffffff)
      irqbalance-554   [002] ....  5911.017591: __close_fd+0x0/0x80 <-__x64_sys_close+0x1e/0x50
      irqbalance-554   [002] ....  5911.017591: <stack trace>
 => 0xffffffffc014d061
 => __close_fd+0x5/0x80
 => __x64_sys_close+0x1e/0x50
 => do_syscall_64+0x48/0x120
 => entry_SYSCALL_64_after_hwframe+0x44/0xa9
      irqbalance-554   [002] ....  5911.017591: sys_exit: NR 3 = 0
      irqbalance-554   [002] ....  5911.017591: sys_enter: NR 257 (ffffff9c, 7ffe48f9c680, 0, 0, 0, 0)
      irqbalance-554   [002] ....  5911.017591: sys_exit: NR 257 = 6
      irqbalance-554   [002] ....  5911.017591: sys_enter: NR 5 (6, 7ffe48f9bef0, 7ffe48f9bef0, 0, 7f153b4a7f00, 0)
      irqbalance-554   [002] ....  5911.017591: sys_exit: NR 5 = 0
      irqbalance-554   [002] ....  5911.017591: sys_enter: NR 0 (6, 559c0214c540, 400, 0, 0, 0)
      irqbalance-554   [002] ....  5911.017591: sys_exit: NR 0 = 2
      irqbalance-554   [002] ....  5911.017591: sys_enter: NR 3 (6, 1, 7f153a543760, f, 7f153b4a7f00, ffffffffffffffff)
      irqbalance-554   [002] ....  5911.017591: __close_fd+0x0/0x80 <-__x64_sys_close+0x1e/0x50
      irqbalance-554   [002] ....  5911.017591: <stack trace>
 => 0xffffffffc014d061
 => __close_fd+0x5/0x80
 => __x64_sys_close+0x1e/0x50
 => do_syscall_64+0x48/0x120
 => entry_SYSCALL_64_after_hwframe+0x44/0xa9
      irqbalance-554   [002] ....  5911.017591: sys_exit: NR 3 = 0
      irqbalance-554   [002] ....  5911.017591: sys_enter: NR 257 (ffffff9c, 7ffe48f9c680, 0, 0, 0, 0)
      irqbalance-554   [002] ....  5911.017591: sys_exit: NR 257 = 6
      irqbalance-554   [002] ....  5911.017591: sys_enter: NR 5 (6, 7ffe48f9bef0, 7ffe48f9bef0, 0, 7f153b4a7f00, 0)
      irqbalance-554   [002] ....  5911.017591: sys_exit: NR 5 = 0
      irqbalance-554   [002] ....  5911.017591: sys_enter: NR 0 (6, 559c0214c540, 400, 0, 0, 0)
      irqbalance-554   [002] ....  5911.017591: sys_exit: NR 0 = 2
      irqbalance-554   [002] ....  5911.017591: sys_enter: NR 3 (6, 1, 7f153a543760, f, 7f153b4a7f00, ffffffffffffffff)
      irqbalance-554   [002] ....  5911.017591: __close_fd+0x0/0x80 <-__x64_sys_close+0x1e/0x50
      irqbalance-554   [002] ....  5911.017591: <stack trace>
 => 0xffffffffc014d061
 => __close_fd+0x5/0x80
 => __x64_sys_close+0x1e/0x50
 => do_syscall_64+0x48/0x120
 => entry_SYSCALL_64_after_hwframe+0x44/0xa9
      irqbalance-554   [002] ....  5911.017591: sys_exit: NR 3 = 0
      irqbalance-554   [002] ....  5911.017591: sys_enter: NR 257 (ffffff9c, 7ffe48f9c680, 0, 0, 0, 0)
      irqbalance-554   [002] ....  5911.017591: sys_exit: NR 257 = 6
      irqbalance-554   [002] ....  5911.017591: sys_enter: NR 5 (6, 7ffe48f9bef0, 7ffe48f9bef0, 0, 7f153b4a7f00, 0)
      irqbalance-554   [002] ....  5911.017591: sys_exit: NR 5 = 0
      irqbalance-554   [002] ....  5911.017591: sys_enter: NR 0 (6, 559c0214c540, 400, 0, 0, 0)
      irqbalance-554   [002] ....  5911.017591: sys_exit: NR 0 = 2
      irqbalance-554   [002] ....  5911.017591: sys_enter: NR 3 (6, 1, 7f153a543760, f, 7f153b4a7f00, ffffffffffffffff)
      irqbalance-554   [002] ....  5911.017591: __close_fd+0x0/0x80 <-__x64_sys_close+0x1e/0x50
      irqbalance-554   [002] ....  5911.017591: <stack trace>
 => 0xffffffffc014d061
 => __close_fd+0x5/0x80
 => __x64_sys_close+0x1e/0x50
 => do_syscall_64+0x48/0x120
 => entry_SYSCALL_64_after_hwframe+0x44/0xa9
      irqbalance-554   [002] ....  5911.017591: sys_exit: NR 3 = 0
      irqbalance-554   [002] ....  5911.017591: sys_enter: NR 257 (ffffff9c, 7ffe48f9c680, 0, 0, 0, 0)
      irqbalance-554   [002] ....  5911.017591: sys_exit: NR 257 = 6
      irqbalance-554   [002] ....  5911.017591: sys_enter: NR 5 (6, 7ffe48f9bef0, 7ffe48f9bef0, 0, 7f153b4a7f00, 0)
      irqbalance-554   [002] ....  5911.017591: sys_exit: NR 5 = 0
      irqbalance-554   [002] ....  5911.017591: sys_enter: NR 0 (6, 559c0214c540, 400, 0, 0, 0)
      irqbalance-554   [002] ....  5911.017591: sys_exit: NR 0 = 2
      irqbalance-554   [002] ....  5911.017591: sys_enter: NR 3 (6, 1, 7f153a543760, f, 7f153b4a7f00, ffffffffffffffff)
      irqbalance-554   [002] ....  5911.017591: __close_fd+0x0/0x80 <-__x64_sys_close+0x1e/0x50
      irqbalance-554   [002] ....  5911.017591: <stack trace>
 => 0xffffffffc014d061
 => __close_fd+0x5/0x80
 => __x64_sys_close+0x1e/0x50
 => do_syscall_64+0x48/0x120
 => entry_SYSCALL_64_after_hwframe+0x44/0xa9
      irqbalance-554   [002] ....  5911.017591: sys_exit: NR 3 = 0
      irqbalance-554   [002] ....  5911.017591: sys_enter: NR 228 (1, 7ffe48f9d730, 7ffe48f9d730, f, 7ffe48ff7090, 7ffe48f9d730)
      irqbalance-554   [002] ....  5911.017591: sys_exit: NR 228 = 0
      irqbalance-554   [002] ....  5911.017591: sys_enter: NR 7 (559c0215a5e0, 2, 26fe, 559c02158820, 0, 559c02159840)
      irqbalance-554   [002] d...  5911.018165: sched_switch: prev_comm=irqbalance prev_pid=554 prev_prio=120 prev_state=S ==> next_comm=rcu_sched next_pid=10 next_prio=120
       rcu_sched-10    [002] d...  5911.018165: sched_switch: prev_comm=rcu_sched prev_pid=10 prev_prio=120 prev_state=I ==> next_comm=swapper/2 next_pid=0 next_prio=120
          <idle>-0     [002] d...  5911.029477: sched_switch: prev_comm=swapper/2 prev_pid=0 prev_prio=120 prev_state=R ==> next_comm=kworker/2:1 next_pid=90 next_prio=120
     kworker/2:1-90    [002] d...  5911.029477: sched_switch: prev_comm=kworker/2:1 prev_pid=90 prev_prio=120 prev_state=I ==> next_comm=rcu_sched next_pid=10 next_prio=120
       rcu_sched-10    [002] d...  5911.029477: sched_switch: prev_comm=rcu_sched prev_pid=10 prev_prio=120 prev_state=I ==> next_comm=swapper/2 next_pid=0 next_prio=120
          <idle>-0     [002] d...  5911.040476: sched_switch: prev_comm=swapper/2 prev_pid=0 prev_prio=120 prev_state=R ==> next_comm=rcu_sched next_pid=10 next_prio=120
       rcu_sched-10    [002] d...  5911.040476: sched_switch: prev_comm=rcu_sched prev_pid=10 prev_prio=120 prev_state=I ==> next_comm=swapper/2 next_pid=0 next_prio=120
          <idle>-0     [002] d...  5911.524503: sched_switch: prev_comm=swapper/2 prev_pid=0 prev_prio=120 prev_state=R ==> next_comm=kworker/2:1 next_pid=90 next_prio=120
     kworker/2:1-90    [002] d...  5911.524503: sched_switch: prev_comm=kworker/2:1 prev_pid=90 prev_prio=120 prev_state=I ==> next_comm=swapper/2 next_pid=0 next_prio=120
          <idle>-0     [002] d...  5911.601763: sched_switch: prev_comm=swapper/2 prev_pid=0 prev_prio=120 prev_state=R ==> next_comm=sleep next_pid=1986 next_prio=120
           sleep-1986  [002] ....  5911.601763: sys_exit: NR 35 = 0
           sleep-1986  [002] ....  5911.601763: sys_enter: NR 3 (1, 1, 7f32baf10760, 0, 7f32bb132540, 7f32bb132540)
           sleep-1986  [002] ....  5911.601763: __close_fd+0x0/0x80 <-__x64_sys_close+0x1e/0x50
           sleep-1986  [002] ....  5911.601763: <stack trace>
 => 0xffffffffc014d061
 => __close_fd+0x5/0x80
 => __x64_sys_close+0x1e/0x50
 => do_syscall_64+0x48/0x120
 => entry_SYSCALL_64_after_hwframe+0x44/0xa9
           sleep-1986  [002] ....  5911.601763: sys_exit: NR 3 = 0
           sleep-1986  [002] ....  5911.601763: sys_enter: NR 3 (2, 1, 7f32baf10760, 0, 7f32bb132540, 7f32bb132540)
           sleep-1986  [002] ....  5911.601763: __close_fd+0x0/0x80 <-__x64_sys_close+0x1e/0x50
           sleep-1986  [002] ....  5911.601763: <stack trace>
 => 0xffffffffc014d061
 => __close_fd+0x5/0x80
 => __x64_sys_close+0x1e/0x50
 => do_syscall_64+0x48/0x120
 => entry_SYSCALL_64_after_hwframe+0x44/0xa9
           sleep-1986  [002] ....  5911.601763: sys_exit: NR 3 = 0
           sleep-1986  [002] ....  5911.601763: sys_enter: NR 231 (0, 3c, 0, 2, e7, ffffffffffffff80)
           sleep-1986  [002] d...  5911.601763: sched_switch: prev_comm=sleep prev_pid=1986 prev_prio=120 prev_state=Z ==> next_comm=swapper/2 next_pid=0 next_prio=120
          <idle>-0     [003] d...  5911.602349: sched_switch: prev_comm=swapper/3 prev_pid=0 prev_prio=120 prev_state=R ==> next_comm=invoke.sh next_pid=1985 next_prio=120
       invoke.sh-1985  [003] ....  5911.602349: sys_exit: NR 61 = 1986
       invoke.sh-1985  [003] ....  5911.602349: sys_enter: NR 13 (2, 7ffce061fdc0, 7ffce061fe60, 8, 7ffce061ffb0, 5635c92fec00)
       invoke.sh-1985  [003] ....  5911.602349: sys_exit: NR 13 = 0
       invoke.sh-1985  [003] ....  5911.602349: sys_enter: NR 14 (2, 7ffce0620100, 0, 8, 5635c92fd4e0, 3)
       invoke.sh-1985  [003] ....  5911.602349: sys_exit: NR 14 = 0
       invoke.sh-1985  [003] ....  5911.602349: sys_enter: NR 61 (ffffffff, 7ffce061fb90, 1, 0, 5635c92fd4e0, 3)
       invoke.sh-1985  [003] ....  5911.602349: sys_exit: NR 61 = -10
       invoke.sh-1985  [003] ....  5911.602349: sys_enter: NR 15 (ffffffff, 7ffce061fb90, ffffffffffffff80, 0, 5635c92fd4e0, 3)
       invoke.sh-1985  [003] ....  5911.602349: sys_exit: NR -1 = 0
          <idle>-0     [002] d...  5911.602349: sched_switch: prev_comm=swapper/2 prev_pid=0 prev_prio=120 prev_state=R ==> next_comm=rcu_sched next_pid=10 next_prio=120
       rcu_sched-10    [002] d...  5911.602349: sched_switch: prev_comm=rcu_sched prev_pid=10 prev_prio=120 prev_state=I ==> next_comm=swapper/2 next_pid=0 next_prio=120
       invoke.sh-1985  [003] ....  5911.602349: sys_enter: NR 0 (ff, 5635c92faa90, 77, 1, 5635c92fd4e0, 0)
       invoke.sh-1985  [003] ....  5911.602349: ext4_file_read_iter+0x0/0x40 <-new_sync_read+0x114/0x1a0
       invoke.sh-1985  [003] ....  5911.602349: <stack trace>
 => 0xffffffffc014d061
 => ext4_file_read_iter+0x5/0x40
 => new_sync_read+0x114/0x1a0
 => vfs_read+0x89/0x130
 => ksys_read+0xa1/0xe0
 => do_syscall_64+0x48/0x120
 => entry_SYSCALL_64_after_hwframe+0x44/0xa9
       invoke.sh-1985  [003] ....  5911.602349: sys_exit: NR 0 = 67
       invoke.sh-1985  [003] ....  5911.602349: sys_enter: NR 1 (1, 5635c92fefc0, c, a, a, b)
       invoke.sh-1985  [003] d...  5911.602349: sched_switch: prev_comm=invoke.sh prev_pid=1985 prev_prio=120 prev_state=R+ ==> next_comm=kworker/u8:2 next_pid=1918 next_prio=120
    kworker/u8:2-1918  [003] d...  5911.602349: sched_switch: prev_comm=kworker/u8:2 prev_pid=1918 prev_prio=120 prev_state=I ==> next_comm=invoke.sh next_pid=1985 next_prio=120
       invoke.sh-1985  [003] .N..  5911.602349: sys_exit: NR 1 = 12
       invoke.sh-1985  [003] d...  5911.602349: sched_switch: prev_comm=invoke.sh prev_pid=1985 prev_prio=120 prev_state=R ==> next_comm=kworker/u8:2 next_pid=1918 next_prio=120
    kworker/u8:2-1918  [003] d...  5911.602349: sched_switch: prev_comm=kworker/u8:2 prev_pid=1918 prev_prio=120 prev_state=I ==> next_comm=invoke.sh next_pid=1985 next_prio=120
       invoke.sh-1985  [003] ....  5911.602349: sys_enter: NR 4 (5635c7181873, 7ffce0620000, 7ffce0620000, 5635c92f1010, f8ff, 642f6c656e72656b)
       invoke.sh-1985  [003] ....  5911.602349: sys_exit: NR 4 = 0
       invoke.sh-1985  [003] ....  5911.602349: sys_enter: NR 4 (5635c92feca0, 7ffce061fef0, 7ffce061fef0, 5635c92f1010, 5635c92f75cf, 7f737be95f20)
       invoke.sh-1985  [003] ....  5911.602349: sys_exit: NR 4 = -2
       invoke.sh-1985  [003] ....  5911.602349: sys_enter: NR 4 (5635c92feca0, 7ffce061fef0, 7ffce061fef0, 5635c92f1010, 5635c92f75de, 7f737be95d20)
       invoke.sh-1985  [003] ....  5911.602349: sys_exit: NR 4 = -2
       invoke.sh-1985  [003] ....  5911.602349: sys_enter: NR 4 (5635c92feca0, 7ffce061fef0, 7ffce061fef0, 5635c92f1010, 5635c92f75e8, 7f737be95390)
       invoke.sh-1985  [003] ....  5911.602349: sys_exit: NR 4 = -2
       invoke.sh-1985  [003] ....  5911.602349: sys_enter: NR 4 (5635c92feca0, 7ffce061fef0, 7ffce061fef0, 5635c92f1010, 5635c92f75f1, 7f737be951d0)
       invoke.sh-1985  [003] ....  5911.602349: sys_exit: NR 4 = -2
       invoke.sh-1985  [003] ....  5911.602349: sys_enter: NR 4 (5635c92feca0, 7ffce061fef0, 7ffce061fef0, 5635c92f1010, 5635c92f75f7, 7f737be95b40)
       invoke.sh-1985  [003] ....  5911.602349: sys_exit: NR 4 = -2
