# tracer: function
#
# entries-in-buffer/entries-written: 6371/6371   #P:4
#
#                              _-----=> irqs-off
#                             / _----=> need-resched
#                            | / _---=> hardirq/softirq
#                            || / _--=> preempt-depth
#                            ||| /     delay
#           TASK-PID   CPU#  ||||    TIMESTAMP  FUNCTION
#              | |       |   ||||       |         |
        trace.sh-2364  [003] ....  8483.003484: sys_exit: NR 1 = 2
        trace.sh-2364  [003] ....  8483.003484: sys_enter: NR 33 (a, 1, 7, a, a, 10)
        trace.sh-2364  [003] ....  8483.003484: sys_exit: NR 33 = 1
        trace.sh-2364  [003] ....  8483.003484: sys_enter: NR 72 (a, 1, 0, a, a, 10)
        trace.sh-2364  [003] ....  8483.003484: sys_exit: NR 72 = 1
        trace.sh-2364  [003] ....  8483.003484: sys_enter: NR 3 (a, a, a, a, 0, 10)
        trace.sh-2364  [003] ....  8483.003484: __close_fd+0x0/0x80 <-__x64_sys_close+0x1e/0x50
        trace.sh-2364  [003] ....  8483.003484: <stack trace>
 => 0xffffffffc014d061
 => __close_fd+0x5/0x80
 => __x64_sys_close+0x1e/0x50
 => do_syscall_64+0x48/0x120
 => entry_SYSCALL_64_after_hwframe+0x44/0xa9
        trace.sh-2364  [003] ....  8483.003484: sys_exit: NR 3 = 0
        trace.sh-2364  [003] ....  8483.003484: sys_enter: NR 1 (1, 55e0c1b7dbf0, e, a, a, d)
        trace.sh-2364  [003] ....  8483.003484: sys_exit: NR 1 = 14
        trace.sh-2364  [003] ....  8483.003484: sys_enter: NR 0 (ff, 55e0c1b7c4f0, 422, 1, 55e0c1b7f030, 0)
        trace.sh-2364  [003] ....  8483.003484: ext4_file_read_iter+0x0/0x40 <-new_sync_read+0x114/0x1a0
        trace.sh-2364  [003] ....  8483.003484: <stack trace>
 => 0xffffffffc014d061
 => ext4_file_read_iter+0x5/0x40
 => new_sync_read+0x114/0x1a0
 => vfs_read+0x89/0x130
 => ksys_read+0xa1/0xe0
 => do_syscall_64+0x48/0x120
 => entry_SYSCALL_64_after_hwframe+0x44/0xa9
        trace.sh-2364  [003] ....  8483.003484: sys_exit: NR 0 = 0
        trace.sh-2364  [003] ....  8483.003484: sys_enter: NR 14 (0, 7fffd7c74300, 7fffd7c74380, 8, 7f9cd01af8b0, 7f9cd07f5740)
        trace.sh-2364  [003] ....  8483.003484: sys_exit: NR 14 = 0
        trace.sh-2364  [003] ....  8483.003484: sys_enter: NR 14 (2, 7fffd7c74380, 0, 8, 7f9cd01af8b0, 7f9cd07f5740)
        trace.sh-2364  [003] ....  8483.003484: sys_exit: NR 14 = 0
        trace.sh-2364  [003] ....  8483.003484: sys_enter: NR 231 (0, 3c, 0, 4, e7, ffffffffffffff80)
        trace.sh-2364  [003] d...  8483.003484: sched_switch: prev_comm=trace.sh prev_pid=2364 prev_prio=120 prev_state=Z ==> next_comm=swapper/3 next_pid=0 next_prio=120
          <idle>-0     [000] d...  8483.004977: sched_switch: prev_comm=swapper/0 prev_pid=0 prev_prio=120 prev_state=R ==> next_comm=sshd next_pid=980 next_prio=120
            sshd-980   [000] ....  8483.004977: sys_exit: NR 23 = 1
            sshd-980   [000] ....  8483.004977: sys_enter: NR 14 (0, 7ffee0218580, 7ffee0218500, 8, 0, 1000)
            sshd-980   [000] ....  8483.004977: sys_exit: NR 14 = 0
            sshd-980   [000] ....  8483.004977: sys_enter: NR 14 (2, 7ffee0218500, 0, 8, 0, 1000)
            sshd-980   [000] ....  8483.004977: sys_exit: NR 14 = 0
            sshd-980   [000] ....  8483.004977: sys_enter: NR 228 (7, 7ffee02185a0, 7ffee02185a0, 8, 7ffee02e50f0, 7ffee02185a0)
            sshd-980   [000] ....  8483.004977: sys_exit: NR 228 = 0
            sshd-980   [000] ....  8483.004977: sys_enter: NR 0 (b, 7ffee02144e0, 4000, 8, 7ffee02e50f0, 7ffee02185a0)
            sshd-980   [000] ....  8483.004977: sys_exit: NR 0 = 15
            sshd-980   [000] ....  8483.004977: sys_enter: NR 39 (557f11c39ebd, 7, 1d, 0, 1, 100)
            sshd-980   [000] ....  8483.004977: sys_exit: NR 39 = 980
            sshd-980   [000] ....  8483.004977: sys_enter: NR 228 (7, 7ffee02184f0, 7ffee02184f0, 0, 7ffee02e50f0, 7ffee02184f0)
            sshd-980   [000] ....  8483.004977: sys_exit: NR 228 = 0
            sshd-980   [000] ....  8483.004977: sys_enter: NR 23 (c, 557f11c3c8a0, 557f11c52f90, 0, 0, 1000)
            sshd-980   [000] ....  8483.004977: sys_exit: NR 23 = 1
            sshd-980   [000] ....  8483.004977: sys_enter: NR 14 (0, 7ffee0218580, 7ffee0218500, 8, 0, 1000)
            sshd-980   [000] ....  8483.004977: sys_exit: NR 14 = 0
            sshd-980   [000] ....  8483.004977: sys_enter: NR 14 (2, 7ffee0218500, 0, 8, 0, 1000)
            sshd-980   [000] ....  8483.004977: sys_exit: NR 14 = 0
          <idle>-0     [001] d...  8483.004977: sched_switch: prev_comm=swapper/1 prev_pid=0 prev_prio=120 prev_state=R ==> next_comm=kworker/u8:0 next_pid=2232 next_prio=120
    kworker/u8:0-2232  [001] d...  8483.004977: sched_switch: prev_comm=kworker/u8:0 prev_pid=2232 prev_prio=120 prev_state=I ==> next_comm=sudo next_pid=2363 next_prio=120
            sudo-2363  [001] ....  8483.004977: sys_exit: NR 7 = -516
            sudo-2363  [001] ....  8483.004977: sys_enter: NR 1 (7, 7ffc341ea2e7, 1, 8, 5601c8effa90, 11)
            sudo-2363  [001] ....  8483.004977: sys_exit: NR 1 = 1
            sudo-2363  [001] ....  8483.004977: sys_enter: NR 15 (7, 7ffc341ea2e7, 1, 8, 5601c8effa90, 11)
            sudo-2363  [001] ....  8483.004977: sys_exit: NR -1 = -4
            sudo-2363  [001] ....  8483.004977: sys_enter: NR 0 (6, 7ffc341ea767, 1, 8, 7f09ba187741, 7ffc341ea660)
            sudo-2363  [001] ....  8483.004977: sys_exit: NR 0 = 1
            sudo-2363  [001] ....  8483.004977: sys_enter: NR 0 (6, 7ffc341ea767, 1, 8, 7f09ba1867ba, 7ffc341ea670)
            sudo-2363  [001] ....  8483.004977: sys_exit: NR 0 = -11
            sudo-2363  [001] ....  8483.004977: sys_enter: NR 14 (0, 7ffc341ea630, 7ffc341ea6b0, 8, 7f09ba187741, 7ffc341ea530)
            sudo-2363  [001] ....  8483.004977: sys_exit: NR 14 = 0
            sudo-2363  [001] ....  8483.004977: sys_enter: NR 14 (2, 7ffc341ea6b0, 0, 8, 11, 0)
            sudo-2363  [001] ....  8483.004977: sys_exit: NR 14 = 0
            sudo-2363  [001] ....  8483.004977: sys_enter: NR 61 (93c, 7ffc341ea58c, 3, 0, 7f09ba187741, 7ffc341ea480)
            sudo-2363  [001] ....  8483.004977: sys_exit: NR 61 = 2364
            sudo-2363  [001] ....  8483.004977: sys_enter: NR 13 (1, 7ffc341ea660, 0, 8, 0, 7ffc341ea6b0)
            sudo-2363  [001] ....  8483.004977: sys_exit: NR 13 = 0
            sudo-2363  [001] ....  8483.004977: sys_enter: NR 13 (2, 7ffc341ea660, 0, 8, 0, 7ffc341ea6b0)
            sudo-2363  [001] ....  8483.004977: sys_exit: NR 13 = 0
            sudo-2363  [001] ....  8483.004977: sys_enter: NR 13 (3, 7ffc341ea660, 0, 8, 0, 7ffc341ea6b0)
            sudo-2363  [001] ....  8483.004977: sys_exit: NR 13 = 0
            sudo-2363  [001] ....  8483.004977: sys_enter: NR 13 (a, 7ffc341ea660, 0, 8, 0, 7ffc341ea6b0)
            sudo-2363  [001] ....  8483.004977: sys_exit: NR 13 = 0
            sudo-2363  [001] ....  8483.004977: sys_enter: NR 13 (c, 7ffc341ea660, 0, 8, 0, 7ffc341ea6b0)
            sudo-2363  [001] ....  8483.004977: sys_exit: NR 13 = 0
            sudo-2363  [001] ....  8483.004977: sys_enter: NR 13 (d, 7ffc341ea660, 0, 8, 0, 7ffc341ea6b0)
            sudo-2363  [001] ....  8483.004977: sys_exit: NR 13 = 0
            sudo-2363  [001] ....  8483.004977: sys_enter: NR 13 (e, 7ffc341ea660, 0, 8, 0, 7ffc341ea6b0)
            sudo-2363  [001] ....  8483.004977: sys_exit: NR 13 = 0
            sudo-2363  [001] ....  8483.004977: sys_enter: NR 13 (f, 7ffc341ea660, 0, 8, 0, 7ffc341ea6b0)
            sudo-2363  [001] ....  8483.004977: sys_exit: NR 13 = 0
            sudo-2363  [001] ....  8483.004977: sys_enter: NR 13 (11, 7ffc341ea660, 0, 8, 0, 7ffc341ea6b0)
            sudo-2363  [001] ....  8483.004977: sys_exit: NR 13 = 0
            sudo-2363  [001] ....  8483.004977: sys_enter: NR 13 (12, 7ffc341ea660, 0, 8, 0, 7ffc341ea6b0)
            sudo-2363  [001] ....  8483.004977: sys_exit: NR 13 = 0
            sudo-2363  [001] ....  8483.004977: sys_enter: NR 13 (14, 7ffc341ea660, 0, 8, 0, 7ffc341ea6b0)
            sudo-2363  [001] ....  8483.004977: sys_exit: NR 13 = 0
            sudo-2363  [001] ....  8483.004977: sys_enter: NR 3 (6, 0, ffffffff, 8, 7f09ba18774f, 7ffc341ea6d0)
            sudo-2363  [001] ....  8483.004977: __close_fd+0x0/0x80 <-__x64_sys_close+0x1e/0x50
            sudo-2363  [001] ....  8483.004977: <stack trace>
 => 0xffffffffc014d061
 => __close_fd+0x5/0x80
 => __x64_sys_close+0x1e/0x50
 => do_syscall_64+0x48/0x120
 => entry_SYSCALL_64_after_hwframe+0x44/0xa9
            sudo-2363  [001] ....  8483.004977: sys_exit: NR 3 = 0
            sudo-2363  [001] ....  8483.004977: sys_enter: NR 3 (7, 0, ffffffff, 8, 7f09ba18774f, 7ffc341ea6d0)
            sudo-2363  [001] ....  8483.004977: __close_fd+0x0/0x80 <-__x64_sys_close+0x1e/0x50
            sudo-2363  [001] ....  8483.004977: <stack trace>
 => 0xffffffffc014d061
 => __close_fd+0x5/0x80
 => __x64_sys_close+0x1e/0x50
 => do_syscall_64+0x48/0x120
 => entry_SYSCALL_64_after_hwframe+0x44/0xa9
            sudo-2363  [001] ....  8483.004977: sys_exit: NR 3 = 0
            sudo-2363  [001] ....  8483.004977: sys_enter: NR 102 (5601c8f08890, 8000, 0, 0, 0, 0)
            sudo-2363  [001] ....  8483.004977: sys_exit: NR 102 = 0
            sudo-2363  [001] ....  8483.004977: sys_enter: NR 257 (ffffff9c, 7f09b7ee85ba, 0, 0, 0, 0)
            sudo-2363  [001] ....  8483.004977: ext4_file_open+0x0/0x1f0 <-do_dentry_open+0x1ea/0x380
            sudo-2363  [001] ....  8483.004977: <stack trace>
 => 0xffffffffc014d061
 => ext4_file_open+0x5/0x1f0
 => do_dentry_open+0x1ea/0x380
 => path_openat+0x2e9/0x1570
 => do_filp_open+0x9b/0x110
 => do_sys_open+0x1bd/0x250
 => do_syscall_64+0x48/0x120
 => entry_SYSCALL_64_after_hwframe+0x44/0xa9
            sudo-2363  [001] ....  8483.004977: sys_exit: NR 257 = 5
            sudo-2363  [001] ....  8483.004977: sys_enter: NR 5 (5, 7ffc341ea650, 7ffc341ea650, 0, 7f09babf3c80, 0)
            sudo-2363  [001] ....  8483.004977: sys_exit: NR 5 = 0
            sudo-2363  [001] ....  8483.004977: sys_enter: NR 0 (5, 5601c8f12c30, 1000, 5601c8ef7010, 7f09ba171da0, 0)
            sudo-2363  [001] ....  8483.004977: ext4_file_read_iter+0x0/0x40 <-new_sync_read+0x114/0x1a0
            sudo-2363  [001] ....  8483.004977: <stack trace>
 => 0xffffffffc014d061
 => ext4_file_read_iter+0x5/0x40
 => new_sync_read+0x114/0x1a0
 => vfs_read+0x89/0x130
 => ksys_read+0xa1/0xe0
 => do_syscall_64+0x48/0x120
 => entry_SYSCALL_64_after_hwframe+0x44/0xa9
            sudo-2363  [001] ....  8483.004977: sys_exit: NR 0 = 4096
            sudo-2363  [001] ....  8483.004977: sys_enter: NR 0 (5, 5601c8f12c30, 1000, 657020726568746f, 6c697473206e6163, 20776f6c6c61206c)
            sudo-2363  [001] ....  8483.004977: ext4_file_read_iter+0x0/0x40 <-new_sync_read+0x114/0x1a0
            sudo-2363  [001] ....  8483.004977: <stack trace>
 => 0xffffffffc014d061
 => ext4_file_read_iter+0x5/0x40
 => new_sync_read+0x114/0x1a0
 => vfs_read+0x89/0x130
 => ksys_read+0xa1/0xe0
 => do_syscall_64+0x48/0x120
 => entry_SYSCALL_64_after_hwframe+0x44/0xa9
            sudo-2363  [001] ....  8483.004977: sys_exit: NR 0 = 4096
            sudo-2363  [001] ....  8483.004977: sys_enter: NR 0 (5, 5601c8f12c30, 1000, 5601c8f13c2e, 7f09babf3c80, 7f09b9ef4580)
            sudo-2363  [001] ....  8483.004977: ext4_file_read_iter+0x0/0x40 <-new_sync_read+0x114/0x1a0
            sudo-2363  [001] ....  8483.004977: <stack trace>
 => 0xffffffffc014d061
 => ext4_file_read_iter+0x5/0x40
 => new_sync_read+0x114/0x1a0
 => vfs_read+0x89/0x130
 => ksys_read+0xa1/0xe0
 => do_syscall_64+0x48/0x120
 => entry_SYSCALL_64_after_hwframe+0x44/0xa9
            sudo-2363  [001] ....  8483.004977: sys_exit: NR 0 = 2358
            sudo-2363  [001] ....  8483.004977: sys_enter: NR 3 (5, 1, 7f09ba16d760, 5601c8f12f5b, 7f09babf3c80, 7f09b9ef4f40)
            sudo-2363  [001] ....  8483.004977: __close_fd+0x0/0x80 <-__x64_sys_close+0x1e/0x50
            sudo-2363  [001] ....  8483.004977: <stack trace>
 => 0xffffffffc014d061
 => __close_fd+0x5/0x80
 => __x64_sys_close+0x1e/0x50
 => do_syscall_64+0x48/0x120
 => entry_SYSCALL_64_after_hwframe+0x44/0xa9
            sudo-2363  [001] ....  8483.004977: sys_exit: NR 3 = 0
            sudo-2363  [001] ....  8483.004977: sys_enter: NR 44 (4, 5601c8f12c30, 4e, 4000, 0, 0)
            sudo-2363  [001] ....  8483.004977: sys_exit: NR 44 = 78
            sudo-2363  [001] ....  8483.004977: sys_enter: NR 41 (10, 3, 9, 4000, 5601c8f08890, 0)
            sudo-2363  [001] ....  8483.004977: sys_exit: NR 41 = 5
            sudo-2363  [001] ....  8483.004977: sys_enter: NR 72 (5, 2, 1, 4000, 5601c8f08890, 0)
            sudo-2363  [001] ....  8483.004977: sys_exit: NR 72 = 0
            sudo-2363  [001] ....  8483.004977: sys_enter: NR 44 (5, 7ffc341e3da0, 78, 0, 7ffc341e3d8c, c)
            sudo-2363  [001] ....  8483.004977: sys_exit: NR 44 = 120
            sudo-2363  [001] ....  8483.004977: sys_enter: NR 7 (7ffc341e3d98, 1, 1f4, 0, 7ffc341e3d8c, c)
            sudo-2363  [001] ....  8483.004977: sys_exit: NR 7 = 1
            sudo-2363  [001] ....  8483.004977: sys_enter: NR 45 (5, 7ffc341e60d0, 231c, 42, 7ffc341e3d1c, 7ffc341e3d18)
            sudo-2363  [001] ....  8483.004977: sys_exit: NR 45 = 36
            sudo-2363  [001] ....  8483.004977: sys_enter: NR 45 (5, 7ffc341e60d0, 231c, 40, 7ffc341e3d1c, 7ffc341e3d18)
            sudo-2363  [001] ....  8483.004977: sys_exit: NR 45 = 36
            sudo-2363  [001] ....  8483.004977: sys_enter: NR 3 (5, 0, 0, 40, 7ffc341e3d1c, 7ffc341e3d18)
            sudo-2363  [001] ....  8483.004977: __close_fd+0x0/0x80 <-__x64_sys_close+0x1e/0x50
            sudo-2363  [001] ....  8483.004977: <stack trace>
 => 0xffffffffc014d061
 => __close_fd+0x5/0x80
 => __x64_sys_close+0x1e/0x50
 => do_syscall_64+0x48/0x120
 => entry_SYSCALL_64_after_hwframe+0x44/0xa9
            sudo-2363  [001] ....  8483.004977: sys_exit: NR 3 = 0
            sudo-2363  [001] ....  8483.004977: sys_enter: NR 41 (10, 3, 9, 0, 5601c8f08890, 7ffc341e3d18)
            sudo-2363  [001] ....  8483.004977: sys_exit: NR 41 = 5
            sudo-2363  [001] ....  8483.004977: sys_enter: NR 72 (5, 2, 1, 0, 5601c8f08890, 7ffc341e3d18)
            sudo-2363  [001] ....  8483.004977: sys_exit: NR 72 = 0
            sudo-2363  [001] ....  8483.004977: sys_enter: NR 44 (5, 7ffc341e3da0, 74, 0, 7ffc341e3d8c, c)
            sudo-2363  [001] ....  8483.004977: sys_exit: NR 44 = 116
            sudo-2363  [001] ....  8483.004977: sys_enter: NR 7 (7ffc341e3d98, 1, 1f4, 0, 7ffc341e3d8c, c)
          <idle>-0     [003] d...  8483.004994: sched_switch: prev_comm=swapper/3 prev_pid=0 prev_prio=120 prev_state=R ==> next_comm=systemd-journal next_pid=369 next_prio=119
            sshd-980   [000] ....  8483.004994: sys_enter: NR 228 (7, 7ffee02185a0, 7ffee02185a0, 8, 7ffee02e50f0, 7ffee02185a0)
 systemd-journal-369   [003] ....  8483.004994: sys_exit: NR 232 = 1
 systemd-journal-369   [003] ....  8483.004994: sys_enter: NR 228 (0, 7fff8e43c340, 7fff8e43c340, ffffffff, 7fff8e444080, 7fff8e43c340)
            sudo-2363  [001] ....  8483.004994: sys_exit: NR 7 = 1
            sudo-2363  [001] ....  8483.004994: sys_enter: NR 45 (5, 7ffc341e60d0, 231c, 42, 7ffc341e3d1c, 7ffc341e3d18)
            sudo-2363  [001] ....  8483.004994: sys_exit: NR 45 = 36
            sudo-2363  [001] ....  8483.004994: sys_enter: NR 45 (5, 7ffc341e60d0, 231c, 40, 7ffc341e3d1c, 7ffc341e3d18)
            sudo-2363  [001] ....  8483.004994: sys_exit: NR 45 = 36
            sudo-2363  [001] ....  8483.004994: sys_enter: NR 3 (5, 0, 0, 40, 7ffc341e3d1c, 7ffc341e3d18)
            sudo-2363  [001] ....  8483.004994: __close_fd+0x0/0x80 <-__x64_sys_close+0x1e/0x50
            sudo-2363  [001] ....  8483.004994: <stack trace>
 => 0xffffffffc014d061
 => __close_fd+0x5/0x80
 => __x64_sys_close+0x1e/0x50
 => do_syscall_64+0x48/0x120
 => entry_SYSCALL_64_after_hwframe+0x44/0xa9
            sudo-2363  [001] ....  8483.004994: sys_exit: NR 3 = 0
            sshd-980   [000] ....  8483.004994: sys_exit: NR 228 = 0
            sshd-980   [000] ....  8483.004994: sys_enter: NR 1 (3, 557f11c57b30, 34, 8, 7ffee02e50f0, 7ffee02185a0)
            sudo-2363  [001] ....  8483.004994: sys_enter: NR 11 (7f09b80f8000, 2030e8, 2, 7f09b82fb0d8, 7f09bac08990, 0)
            sudo-2363  [001] ....  8483.004994: sys_exit: NR 11 = 0
            sudo-2363  [001] ....  8483.004994: sys_enter: NR 11 (7f09b7edd000, 21a400, 2, 7f09b7eae0c0, 7f09bac08990, 0)
            sudo-2363  [001] ....  8483.004994: sys_exit: NR 11 = 0
            sudo-2363  [001] ....  8483.004994: sys_enter: NR 11 (7f09b7ca5000, 237220, 2, 7f09b7eae0c0, 7f09bac08990, 0)
            sudo-2363  [001] ....  8483.004994: sys_exit: NR 11 = 0
            sudo-2363  [001] ....  8483.004994: sys_enter: NR 11 (7f09b7aa3000, 201028, 2, 7f09b7ca4018, 7f09bac08990, 0)
            sudo-2363  [001] ....  8483.004994: sys_exit: NR 11 = 0
            sudo-2363  [001] ....  8483.004994: sys_enter: NR 11 (7f09b78a1000, 201040, 2, 7f09b7aa2030, 7f09bac08990, 0)
            sudo-2363  [001] ....  8483.004994: sys_exit: NR 11 = 0
            sudo-2363  [001] ....  8483.004994: sys_enter: NR 11 (7f09b769e000, 202010, 2, 7f09b769d000, 7f09bac08990, 0)
            sudo-2363  [001] ....  8483.004994: sys_exit: NR 11 = 0
            sudo-2363  [001] ....  8483.004994: sys_enter: NR 11 (7f09b7498000, 205158, 2, 7f09b769d000, 7f09bac08990, 0)
            sudo-2363  [001] ....  8483.004994: sys_exit: NR 11 = 0
            sudo-2363  [001] ....  8483.004994: sys_enter: NR 11 (7f09b7295000, 2020f0, 2, 7f09b74970e0, 7f09bac08990, 0)
            sudo-2363  [001] ....  8483.004994: sys_exit: NR 11 = 0
            sudo-2363  [001] ....  8483.004994: sys_enter: NR 11 (7f09b7056000, 23eff8, 1, 7f09b70550e0, 7f09bac08990, 7f09ba174968)
            sudo-2363  [001] ....  8483.004994: sys_exit: NR 11 = 0
            sudo-2363  [001] ....  8483.004994: sys_enter: NR 11 (7f09b6e52000, 203130, 2, 7f09b70550e0, 7f09bac08990, 7f09ba174968)
            sudo-2363  [001] ....  8483.004994: sys_exit: NR 11 = 0
            sudo-2363  [001] ....  8483.004994: sys_enter: NR 231 (0, 3c, 0, 7f09b97062a0, e7, fffffffffffffe98)
            sudo-2363  [001] d...  8483.005413: sched_switch: prev_comm=sudo prev_pid=2363 prev_prio=120 prev_state=Z ==> next_comm=swapper/1 next_pid=0 next_prio=120
          <idle>-0     [001] d...  8483.005413: sched_switch: prev_comm=swapper/1 prev_pid=0 prev_prio=120 prev_state=R ==> next_comm=kworker/1:0 next_pid=1102 next_prio=120
     kworker/1:0-1102  [001] d...  8483.005413: sched_switch: prev_comm=kworker/1:0 prev_pid=1102 prev_prio=120 prev_state=I ==> next_comm=swapper/1 next_pid=0 next_prio=120
 systemd-journal-369   [003] ....  8483.005413: sys_exit: NR 228 = 0
 systemd-journal-369   [003] ....  8483.005413: sys_enter: NR 228 (1, 7fff8e43c340, 7fff8e43c340, ffffffff, 7fff8e444090, 7fff8e43c340)
 systemd-journal-369   [003] ....  8483.005413: sys_exit: NR 228 = 0
 systemd-journal-369   [003] ....  8483.005413: sys_enter: NR 228 (7, 7fff8e43c340, 7fff8e43c340, ffffffff, 7fff8e4440f0, 7fff8e43c340)
 systemd-journal-369   [003] ....  8483.005413: sys_exit: NR 228 = 0
 systemd-journal-369   [003] ....  8483.005413: sys_enter: NR 233 (8, 1, e, 7fff8e43c51c, 5629b52de86c, 5629b52dd94c)
 systemd-journal-369   [003] ....  8483.005413: sys_exit: NR 233 = 0
 systemd-journal-369   [003] ....  8483.005413: sys_enter: NR 228 (0, 7fff8e43c610, 7fff8e43c610, 7fff8e43c51c, 7fff8e444080, 7fff8e43c610)
 systemd-journal-369   [003] ....  8483.005413: sys_exit: NR 228 = 0
 systemd-journal-369   [003] ....  8483.005413: sys_enter: NR 228 (0, 7fff8e43c610, 7fff8e43c610, 7fff8e43c51c, 7fff8e444080, 7fff8e43c610)
 systemd-journal-369   [003] ....  8483.006557: sys_exit: NR 228 = 0
 systemd-journal-369   [003] ....  8483.006557: sys_enter: NR 286 (f, 1, 7fff8e43c580, 0, 5df0bbe5b0304, 7fff8e43c610)
 systemd-journal-369   [003] ....  8483.006557: sys_exit: NR 286 = 0
 systemd-journal-369   [003] ....  8483.006557: sys_enter: NR 232 (8, 7fff8e43c340, 20, 0, 0, 7fff8e43c610)
 systemd-journal-369   [003] ....  8483.006557: sys_exit: NR 232 = 2
 systemd-journal-369   [003] ....  8483.006557: sys_enter: NR 228 (0, 7fff8e43c300, 7fff8e43c300, 0, 7fff8e444080, 7fff8e43c300)
 systemd-journal-369   [003] ....  8483.006557: sys_exit: NR 228 = 0
 systemd-journal-369   [003] ....  8483.006557: sys_enter: NR 228 (1, 7fff8e43c300, 7fff8e43c300, 0, 7fff8e444090, 7fff8e43c300)
 systemd-journal-369   [003] ....  8483.007558: sys_exit: NR 228 = 0
 systemd-journal-369   [003] ....  8483.007558: sys_enter: NR 228 (7, 7fff8e43c300, 7fff8e43c300, 0, 7fff8e4440f0, 7fff8e43c300)
            sshd-980   [000] ....  8483.008267: sys_exit: NR 1 = 52
            sshd-980   [000] ....  8483.008267: sys_enter: NR 228 (7, 7ffee02184f0, 7ffee02184f0, 0, 7ffee02e50f0, 7ffee02184f0)
 systemd-journal-369   [003] ....  8483.008267: sys_exit: NR 228 = 0
 systemd-journal-369   [003] ....  8483.008267: sys_enter: NR 44 (e, 5629b3f076c0, a, 40, 0, 0)
            sshd-980   [000] ....  8483.008267: sys_exit: NR 228 = 0
            sshd-980   [000] ....  8483.008267: sys_enter: NR 23 (c, 557f11c3c8a0, 557f11c52f90, 0, 0, 1000)
            sshd-980   [000] d...  8483.008267: sched_switch: prev_comm=sshd prev_pid=980 prev_prio=120 prev_state=S ==> next_comm=rcu_sched next_pid=10 next_prio=120
       rcu_sched-10    [000] d...  8483.008267: sched_switch: prev_comm=rcu_sched prev_pid=10 prev_prio=120 prev_state=I ==> next_comm=bash next_pid=981 next_prio=120
            bash-981   [000] ....  8483.008267: sys_exit: NR 61 = 2363
            bash-981   [000] ....  8483.008267: sys_enter: NR 14 (0, 7ffe8fac9850, 7ffe8fac98d0, 8, 55ee543a0d60, 55ee545130b0)
            bash-981   [000] ....  8483.008267: sys_exit: NR 14 = 0
            bash-981   [000] ....  8483.008267: sys_enter: NR 16 (ff, 5410, 7ffe8fac983c, 8, 55ee543a0d60, 55ee545130b0)
            bash-981   [000] ....  8483.008267: sys_exit: NR 16 = 0
            bash-981   [000] ....  8483.008267: sys_enter: NR 14 (2, 7ffe8fac98d0, 0, 8, 55ee543a0d60, 55ee545130b0)
            bash-981   [000] ....  8483.008267: sys_exit: NR 14 = 0
            bash-981   [000] ....  8483.008267: sys_enter: NR 16 (ff, 5401, 7ffe8fac9930, 8, 55ee529acf20, 55ee545130b0)
            bash-981   [000] ....  8483.008267: sys_exit: NR 16 = 0
            bash-981   [000] ....  8483.008267: sys_enter: NR 16 (ff, 5413, 7ffe8fac9940, 8, 55ee529acf20, 55ee545130b0)
            bash-981   [000] ....  8483.008267: sys_exit: NR 16 = 0
            bash-981   [000] ....  8483.008267: sys_enter: NR 14 (2, 7ffe8fac9a10, 0, 8, 55ee543a0d60, 7)
            bash-981   [000] ....  8483.008267: sys_exit: NR 14 = 0
 systemd-journal-369   [003] ....  8483.008267: sys_exit: NR 44 = 10
 systemd-journal-369   [003] ....  8483.008267: sys_enter: NR 233 (8, 2, e, 0, 0, 0)
 systemd-journal-369   [003] ....  8483.008267: sys_exit: NR 233 = 0
 systemd-journal-369   [003] ....  8483.008267: sys_enter: NR 228 (0, 7fff8e43c610, 7fff8e43c610, 0, 7fff8e444080, 7fff8e43c610)
            bash-981   [000] ....  8483.008572: sys_enter: NR 61 (ffffffff, 7ffe8fac9490, b, 0, 55ee543a0d60, 7)
            bash-981   [000] ....  8483.008572: sys_exit: NR 61 = -10
            bash-981   [000] ....  8483.008572: sys_enter: NR 15 (ffffffff, 7ffe8fac9490, ffffffffffffff80, 0, 55ee543a0d60, 7)
            bash-981   [000] ....  8483.008572: sys_exit: NR -1 = 0
            bash-981   [000] ....  8483.008572: sys_enter: NR 14 (0, 7ffe8fac9910, 7ffe8fac9990, 8, ffff, 1)
            bash-981   [000] ....  8483.008572: sys_exit: NR 14 = 0
            bash-981   [000] ....  8483.008572: sys_enter: NR 22 (55ee529a2738, 7ffe8fac9910, 7ffe8fac9990, 8, ffff, 1)
            bash-981   [000] ....  8483.008572: sys_exit: NR 22 = 0
            bash-981   [000] ....  8483.008572: sys_enter: NR 56 (1200011, 0, 0, 7f54c2ccda10, 7f54c2ccd740, 1)
          <idle>-0     [002] d...  8483.009373: sched_switch: prev_comm=swapper/2 prev_pid=0 prev_prio=120 prev_state=R ==> next_comm=systemd next_pid=1 next_prio=120
 systemd-journal-369   [003] ....  8483.009373: sys_exit: NR 228 = 0
         systemd-1     [002] ....  8483.009373: sys_exit: NR 232 = 1
         systemd-1     [002] ....  8483.009373: sys_enter: NR 228 (0, 7ffd05e3d950, 7ffd05e3d950, ffffffff, 7ffd05f59080, 7ffd05e3d950)
 systemd-journal-369   [003] ....  8483.009373: sys_enter: NR 228 (0, 7fff8e43c610, 7fff8e43c610, 0, 7fff8e444080, 7fff8e43c610)
         systemd-1     [002] ....  8483.009373: sys_exit: NR 228 = 0
 systemd-journal-369   [003] ....  8483.009373: sys_exit: NR 228 = 0
         systemd-1     [002] ....  8483.009373: sys_enter: NR 228 (1, 7ffd05e3d950, 7ffd05e3d950, ffffffff, 7ffd05f59090, 7ffd05e3d950)
 systemd-journal-369   [003] ....  8483.009373: sys_enter: NR 232 (8, 7fff8e43c340, 20, 0, 0, 7fff8e43c610)
 systemd-journal-369   [003] ....  8483.009373: sys_exit: NR 232 = 1
 systemd-journal-369   [003] ....  8483.009373: sys_enter: NR 228 (0, 7fff8e43c300, 7fff8e43c300, 0, 7fff8e444080, 7fff8e43c300)
         systemd-1     [002] ....  8483.009373: sys_exit: NR 228 = 0
         systemd-1     [002] ....  8483.009373: sys_enter: NR 228 (7, 7ffd05e3d950, 7ffd05e3d950, ffffffff, 7ffd05f590f0, 7ffd05e3d950)
 systemd-journal-369   [003] ....  8483.009373: sys_exit: NR 228 = 0
 systemd-journal-369   [003] ....  8483.009373: sys_enter: NR 228 (1, 7fff8e43c300, 7fff8e43c300, 0, 7fff8e444090, 7fff8e43c300)
         systemd-1     [002] ....  8483.009373: sys_exit: NR 228 = 0
         systemd-1     [002] ....  8483.009373: sys_enter: NR 47 (25, 7ffd05e3c000, 40000060, 5588707ce700, 5588707cf458, 5588707ce738)
         systemd-1     [002] ....  8483.009373: sys_exit: NR 47 = 10
         systemd-1     [002] ....  8483.009373: sys_enter: NR 257 (ffffff9c, 7ffd05e3b6d0, 80000, 0, 0, 7febbfd7a35a)
         systemd-1     [002] ....  8483.009549: sys_exit: NR 257 = 18
         systemd-1     [002] ....  8483.009549: sys_enter: NR 5 (12, 7ffd05e3b530, 7ffd05e3b530, 0, 1, 0)
         systemd-1     [002] ....  8483.009549: sys_exit: NR 5 = 0
         systemd-1     [002] ....  8483.009549: sys_enter: NR 0 (12, 5588708592d0, 400, 0, 1, 0)
         systemd-1     [002] ....  8483.009549: sys_exit: NR 0 = 220
         systemd-1     [002] ....  8483.009549: sys_enter: NR 3 (12, 0, 7febc0454760, 79732f6563696c73, fec0, 2e6d65747379732f)
         systemd-1     [002] ....  8483.009549: __close_fd+0x0/0x80 <-__x64_sys_close+0x1e/0x50
         systemd-1     [002] ....  8483.009549: <stack trace>
 => 0xffffffffc014d061
 => __close_fd+0x5/0x80
 => __x64_sys_close+0x1e/0x50
 => do_syscall_64+0x48/0x120
 => entry_SYSCALL_64_after_hwframe+0x44/0xa9
         systemd-1     [002] ....  8483.009549: sys_exit: NR 3 = 0
 systemd-journal-369   [003] ....  8483.009550: sys_exit: NR 228 = 0
         systemd-1     [002] ....  8483.009550: sys_enter: NR 228 (0, 7ffd05e3bee0, 7ffd05e3bee0, fffffffffffff3d9, 7ffd05f59080, 7ffd05e3bee0)
 systemd-journal-369   [003] ....  8483.009550: sys_enter: NR 228 (7, 7fff8e43c300, 7fff8e43c300, 0, 7fff8e4440f0, 7fff8e43c300)
         systemd-1     [002] ....  8483.009550: sys_exit: NR 228 = 0
         systemd-1     [002] ....  8483.009550: sys_enter: NR 228 (1, 7ffd05e3bee0, 7ffd05e3bee0, fffffffffffff3d9, 7ffd05f59090, 7ffd05e3bee0)
 systemd-journal-369   [003] ....  8483.009550: sys_exit: NR 228 = 0
 systemd-journal-369   [003] ....  8483.009550: sys_enter: NR 16 (4, 541b, 7fff8e43c1fc, 0, 1f9a07543, 7fff8e43c300)
 systemd-journal-369   [003] ....  8483.009550: sys_exit: NR 16 = 0
 systemd-journal-369   [003] ....  8483.009550: sys_enter: NR 47 (4, 7fff8e43c220, 40000040, 0, 0, 7fff8e43c300)
 systemd-journal-369   [003] ....  8483.009550: sys_exit: NR 47 = 78
         systemd-1     [002] ....  8483.009550: sys_exit: NR 228 = 0
 systemd-journal-369   [003] ....  8483.009550: sys_enter: NR 228 (1, 7fff8e43bfe0, 7fff8e43bfe0, 350, 7fff8e444090, 7fff8e43bfe0)
         systemd-1     [002] ....  8483.009550: sys_enter: NR 228 (1, 7ffd05e3dd30, 7ffd05e3dd30, 7febc01d6fb0, 7ffd05f59090, 7ffd05e3dd30)
            bash-981   [000] ....  8483.009677: sys_exit: NR 56 = 2371
            bash-981   [000] ....  8483.009677: sys_enter: NR 109 (943, 943, 0, 7f54c2ccda10, 7f54c2ccd740, 1)
            bash-981   [000] ....  8483.009677: sys_exit: NR 109 = 0
 systemd-journal-369   [003] ....  8483.009677: sys_exit: NR 228 = 0
         systemd-1     [002] ....  8483.009677: sys_exit: NR 228 = 0
            bash-981   [000] ....  8483.009677: sys_enter: NR 14 (2, 7ffe8fac9990, 0, 8, 8, 55ee543a0d60)
            bash-981   [000] ....  8483.009677: sys_exit: NR 14 = 0
          <idle>-0     [001] d...  8483.009677: sched_switch: prev_comm=swapper/1 prev_pid=0 prev_prio=120 prev_state=R ==> next_comm=bash next_pid=2371 next_prio=120
         systemd-1     [002] ....  8483.009677: sys_enter: NR 286 (17, 1, 7ffd05e3dcb0, 0, 431bde82d7b634db, 0)
 systemd-journal-369   [003] ....  8483.009677: sys_enter: NR 257 (ffffff9c, 7fff8e43bf50, 80000, 0, 0, 7f841170735a)
            sudo-2371  [001] ....  8483.009677: sys_exit: NR 56 = 0
 systemd-journal-369   [003] ....  8483.009677: sys_exit: NR 257 = -2
 systemd-journal-369   [003] ....  8483.009677: sys_enter: NR 267 (ffffff9c, 7fff8e43bf50, 5629b5304b30, 63, 0, 0)
 systemd-journal-369   [003] ....  8483.009677: sys_exit: NR 267 = -2
 systemd-journal-369   [003] ....  8483.009677: sys_enter: NR 257 (ffffff9c, 7fff8e43bef0, 80000, 0, 0, 7f841170735a)
 systemd-journal-369   [003] ....  8483.009677: sys_exit: NR 257 = -2
            sudo-2371  [001] ....  8483.009677: sys_enter: NR 39 (1200011, 0, 0, 7f54c2ccda10, 7f54c2ccd740, 1)
            sudo-2371  [001] ....  8483.009677: sys_exit: NR 39 = 2371
         systemd-1     [002] ....  8483.009677: sys_exit: NR 286 = 0
 systemd-journal-369   [003] ....  8483.009677: sys_enter: NR 257 (ffffff9c, 7fff8e43bf50, 80000, 0, 0, 7f841170735a)
         systemd-1     [002] ....  8483.009677: sys_enter: NR 232 (4, 7ffd05e3d990, 38, ffffffff, 7ffd05e3d990, 0)
 systemd-journal-369   [003] ....  8483.009677: sys_exit: NR 257 = -2
            sudo-2371  [001] ....  8483.009677: sys_enter: NR 14 (2, 55ee529b3b00, 0, 8, 7f54c2ccd740, 1)
            sudo-2371  [001] ....  8483.009677: sys_exit: NR 14 = 0
         systemd-1     [002] d...  8483.009677: sched_switch: prev_comm=systemd prev_pid=1 prev_prio=120 prev_state=S ==> next_comm=swapper/2 next_pid=0 next_prio=120
 systemd-journal-369   [003] ....  8483.009677: sys_enter: NR 257 (ffffff9c, 7fff8e43bf40, 80000, 0, 0, 7f841170735a)
            sudo-2371  [001] ....  8483.009677: sys_enter: NR 13 (14, 7ffe8fac9630, 7ffe8fac96d0, 8, 7ffe8fac9820, 1)
            sudo-2371  [001] ....  8483.009677: sys_exit: NR 13 = 0
 systemd-journal-369   [003] ....  8483.009677: sys_exit: NR 257 = -2
            sudo-2371  [001] ....  8483.009677: sys_enter: NR 13 (15, 7ffe8fac9630, 7ffe8fac96d0, 8, 7ffe8fac9820, 1)
            sudo-2371  [001] ....  8483.009677: sys_exit: NR 13 = 0
            sudo-2371  [001] ....  8483.009677: sys_enter: NR 13 (16, 7ffe8fac9640, 7ffe8fac96e0, 8, 7ffe8fac9830, 1)
            sudo-2371  [001] ....  8483.009677: sys_exit: NR 13 = 0
            sudo-2371  [001] ....  8483.009677: sys_enter: NR 109 (943, 943, 7f54c22d8f20, 8, 7ffe8fac9830, 1)
            sudo-2371  [001] ....  8483.009677: sys_exit: NR 109 = 0
            sudo-2371  [001] ....  8483.009677: sys_enter: NR 14 (0, 7ffe8fac97c0, 7ffe8fac9840, 8, 0, 0)
            sudo-2371  [001] ....  8483.009677: sys_exit: NR 14 = 0
 systemd-journal-369   [003] ....  8483.009677: sys_enter: NR 257 (ffffff9c, 7fff8e43bf40, 80000, 0, 0, 7f841170735a)
            bash-981   [000] ....  8483.009677: sys_enter: NR 14 (0, 7ffe8fac98b0, 7ffe8fac9930, 8, 0, 1)
 systemd-journal-369   [003] ....  8483.009677: sys_exit: NR 257 = -2
            bash-981   [000] ....  8483.009677: sys_exit: NR 14 = 0
            bash-981   [000] ....  8483.009677: sys_enter: NR 3 (3, 7ffe8fac98b0, 7ffe8fac9930, 8, 0, 1)
            bash-981   [000] ....  8483.009677: __close_fd+0x0/0x80 <-__x64_sys_close+0x1e/0x50
            sudo-2371  [001] ....  8483.009677: sys_enter: NR 16 (ff, 5410, 7ffe8fac97ac, 8, 0, 0)
            sudo-2371  [001] ....  8483.009677: sys_exit: NR 16 = 0
            bash-981   [000] ....  8483.009677: <stack trace>
 => 0xffffffffc014d061
 => __close_fd+0x5/0x80
 => __x64_sys_close+0x1e/0x50
 => do_syscall_64+0x48/0x120
 => entry_SYSCALL_64_after_hwframe+0x44/0xa9
 systemd-journal-369   [003] ....  8483.009677: sys_enter: NR 257 (ffffff9c, 7fff8e43b690, 80000, 0, 0, 7f841170735a)
            bash-981   [000] ....  8483.009677: sys_exit: NR 3 = 0
            sudo-2371  [001] ....  8483.009677: sys_enter: NR 14 (2, 7ffe8fac9840, 0, 8, 0, 0)
            bash-981   [000] ....  8483.009677: sys_enter: NR 3 (4, 7ffe8fac98b0, 7ffe8fac9930, 8, 0, 1)
            sudo-2371  [001] ....  8483.009677: sys_exit: NR 14 = 0
            bash-981   [000] ....  8483.009677: __close_fd+0x0/0x80 <-__x64_sys_close+0x1e/0x50
            sudo-2371  [001] ....  8483.009677: sys_enter: NR 3 (4, 7ffe8fac9840, 0, 8, 0, 0)
 systemd-journal-369   [003] ....  8483.009677: sys_exit: NR 257 = -2
            bash-981   [000] ....  8483.009677: <stack trace>
 => 0xffffffffc014d061
 => __close_fd+0x5/0x80
 => __x64_sys_close+0x1e/0x50
 => do_syscall_64+0x48/0x120
 => entry_SYSCALL_64_after_hwframe+0x44/0xa9
            sudo-2371  [001] ....  8483.009677: __close_fd+0x0/0x80 <-__x64_sys_close+0x1e/0x50
            bash-981   [000] ....  8483.009677: sys_exit: NR 3 = 0
            sudo-2371  [001] ....  8483.009677: <stack trace>
 => 0xffffffffc014d061
 => __close_fd+0x5/0x80
 => __x64_sys_close+0x1e/0x50
 => do_syscall_64+0x48/0x120
 => entry_SYSCALL_64_after_hwframe+0x44/0xa9
            sudo-2371  [001] ....  8483.009677: sys_exit: NR 3 = 0
 systemd-journal-369   [003] ....  8483.009677: sys_enter: NR 46 (4, 7fff8e43c030, 4000, 5629b3f07b80, 0, 7fff8e43c0f8)
            sudo-2371  [001] ....  8483.009677: sys_enter: NR 0 (3, 7ffe8fac990f, 1, 8, 0, 0)
            sudo-2371  [001] ....  8483.009677: sys_exit: NR 0 = 0
 systemd-journal-369   [003] ....  8483.009677: sys_exit: NR 46 = -3
            sudo-2371  [001] ....  8483.009677: sys_enter: NR 3 (3, 7ffe8fac990f, 1, 8, 0, 0)
            sudo-2371  [001] ....  8483.009677: __close_fd+0x0/0x80 <-__x64_sys_close+0x1e/0x50
            bash-981   [000] ....  8483.009677: sys_enter: NR 16 (ff, 540f, 7ffe8fac9874, 1, 0, 2f78756e696c6c61)
            sudo-2371  [001] ....  8483.009677: <stack trace>
 => 0xffffffffc014d061
 => __close_fd+0x5/0x80
 => __x64_sys_close+0x1e/0x50
 => do_syscall_64+0x48/0x120
 => entry_SYSCALL_64_after_hwframe+0x44/0xa9
            sudo-2371  [001] ....  8483.009677: sys_exit: NR 3 = 0
 systemd-journal-369   [003] ....  8483.009677: sys_enter: NR 46 (4, 7fff8e43c030, 4000, 5629b3f07b80, 0, 7fff8e43c0f8)
            bash-981   [000] ....  8483.009677: sys_exit: NR 16 = 0
            bash-981   [000] ....  8483.009677: sys_enter: NR 14 (2, 7ffe8fac9930, 0, 8, 0, 2f78756e696c6c61)
            bash-981   [000] ....  8483.009677: sys_exit: NR 14 = 0
            bash-981   [000] ....  8483.009677: sys_enter: NR 14 (0, 7ffe8fac99b0, 7ffe8fac9a30, 8, 0, 2f78756e696c6c61)
            bash-981   [000] ....  8483.009677: sys_exit: NR 14 = 0
            bash-981   [000] ....  8483.009677: sys_enter: NR 61 (ffffffff, 7ffe8fac9950, a, 0, 55ee543a0d60, 8)
            bash-981   [000] d...  8483.009677: sched_switch: prev_comm=bash prev_pid=981 prev_prio=120 prev_state=S ==> next_comm=swapper/0 next_pid=0 next_prio=120
            sudo-2371  [001] ....  8483.009677: sys_enter: NR 13 (1, 7ffe8fac9850, 0, 8, 0, 0)
            sudo-2371  [001] ....  8483.009677: sys_exit: NR 13 = 0
            sudo-2371  [001] ....  8483.009677: sys_enter: NR 13 (4, 7ffe8fac9850, 0, 8, 0, 0)
            sudo-2371  [001] ....  8483.009677: sys_exit: NR 13 = 0
            sudo-2371  [001] ....  8483.009677: sys_enter: NR 13 (5, 7ffe8fac9850, 0, 8, 0, 0)
            sudo-2371  [001] ....  8483.009677: sys_exit: NR 13 = 0
            sudo-2371  [001] ....  8483.009677: sys_enter: NR 13 (6, 7ffe8fac9850, 0, 8, 0, 0)
            sudo-2371  [001] ....  8483.009677: sys_exit: NR 13 = 0
            sudo-2371  [001] ....  8483.009677: sys_enter: NR 13 (8, 7ffe8fac9850, 0, 8, 0, 0)
            sudo-2371  [001] ....  8483.009677: sys_exit: NR 13 = 0
            sudo-2371  [001] ....  8483.009677: sys_enter: NR 13 (7, 7ffe8fac9850, 0, 8, 0, 0)
            sudo-2371  [001] ....  8483.009677: sys_exit: NR 13 = 0
            sudo-2371  [001] ....  8483.009677: sys_enter: NR 13 (b, 7ffe8fac9850, 0, 8, 0, 0)
            sudo-2371  [001] ....  8483.009677: sys_exit: NR 13 = 0
            sudo-2371  [001] ....  8483.009677: sys_enter: NR 13 (1f, 7ffe8fac9850, 0, 8, 0, 0)
            sudo-2371  [001] ....  8483.009677: sys_exit: NR 13 = 0
            sudo-2371  [001] ....  8483.009677: sys_enter: NR 13 (d, 7ffe8fac9850, 0, 8, 0, 0)
            sudo-2371  [001] ....  8483.009677: sys_exit: NR 13 = 0
            sudo-2371  [001] ....  8483.009677: sys_enter: NR 13 (e, 7ffe8fac9850, 0, 8, 0, 0)
            sudo-2371  [001] ....  8483.009677: sys_exit: NR 13 = 0
            sudo-2371  [001] ....  8483.009677: sys_enter: NR 13 (18, 7ffe8fac9850, 0, 8, 0, 0)
            sudo-2371  [001] ....  8483.009677: sys_exit: NR 13 = 0
            sudo-2371  [001] ....  8483.009677: sys_enter: NR 13 (19, 7ffe8fac9850, 0, 8, 0, 0)
            sudo-2371  [001] ....  8483.009677: sys_exit: NR 13 = 0
            sudo-2371  [001] ....  8483.009677: sys_enter: NR 13 (1a, 7ffe8fac9850, 0, 8, 0, 0)
            sudo-2371  [001] ....  8483.009677: sys_exit: NR 13 = 0
            sudo-2371  [001] ....  8483.009677: sys_enter: NR 13 (a, 7ffe8fac9850, 0, 8, 0, 0)
            sudo-2371  [001] ....  8483.009677: sys_exit: NR 13 = 0
            sudo-2371  [001] ....  8483.009677: sys_enter: NR 13 (c, 7ffe8fac9850, 0, 8, 0, 0)
            sudo-2371  [001] ....  8483.009677: sys_exit: NR 13 = 0
            sudo-2371  [001] ....  8483.009677: sys_enter: NR 13 (2, 7ffe8fac9750, 7ffe8fac97f0, 8, 7ffe8fac9940, 0)
            sudo-2371  [001] ....  8483.009677: sys_exit: NR 13 = 0
            sudo-2371  [001] ....  8483.009677: sys_enter: NR 13 (3, 7ffe8fac9750, 7ffe8fac97f0, 8, 7ffe8fac9940, 0)
            sudo-2371  [001] ....  8483.009677: sys_exit: NR 13 = 0
            sudo-2371  [001] ....  8483.009677: sys_enter: NR 13 (f, 7ffe8fac9750, 7ffe8fac97f0, 8, 7ffe8fac9940, 0)
            sudo-2371  [001] ....  8483.009677: sys_exit: NR 13 = 0
            sudo-2371  [001] ....  8483.009677: sys_enter: NR 13 (11, 7ffe8fac9750, 7ffe8fac97f0, 8, 7ffe8fac9940, 0)
            sudo-2371  [001] ....  8483.009677: sys_exit: NR 13 = 0
            sudo-2371  [001] ....  8483.009677: sys_enter: NR 59 (55ee544e0d70, 55ee54512920, 55ee545ed3f0, 8, 7ffe8fac9940, 0)
            sudo-2371  [001] ....  8483.009677: ext4_file_open+0x0/0x1f0 <-do_dentry_open+0x1ea/0x380
            sudo-2371  [001] ....  8483.009677: <stack trace>
 => 0xffffffffc014d061
 => ext4_file_open+0x5/0x1f0
 => do_dentry_open+0x1ea/0x380
 => path_openat+0x2e9/0x1570
 => do_filp_open+0x9b/0x110
 => do_open_execat+0x83/0x1a0
 => __do_execve_file.isra.44+0x5d0/0x8b0
 => __x64_sys_execve+0x34/0x40
 => do_syscall_64+0x48/0x120
 => entry_SYSCALL_64_after_hwframe+0x44/0xa9
            sudo-2371  [001] ....  8483.009677: ext4_file_read_iter+0x0/0x40 <-new_sync_read+0x114/0x1a0
            sudo-2371  [001] ....  8483.009677: <stack trace>
 => 0xffffffffc014d061
 => ext4_file_read_iter+0x5/0x40
 => new_sync_read+0x114/0x1a0
 => vfs_read+0x89/0x130
 => kernel_read+0x2c/0x40
 => prepare_binprm+0xe5/0x180
 => __do_execve_file.isra.44+0x533/0x8b0
 => __x64_sys_execve+0x34/0x40
 => do_syscall_64+0x48/0x120
 => entry_SYSCALL_64_after_hwframe+0x44/0xa9
            sudo-2371  [001] ....  8483.009677: ext4_file_read_iter+0x0/0x40 <-new_sync_read+0x114/0x1a0
            sudo-2371  [001] ....  8483.009677: <stack trace>
 => 0xffffffffc014d061
 => ext4_file_read_iter+0x5/0x40
 => new_sync_read+0x114/0x1a0
 => vfs_read+0x89/0x130
 => kernel_read+0x2c/0x40
 => load_elf_phdrs+0x6b/0xa0
 => load_elf_binary+0x111/0x1523
 => search_binary_handler+0x8a/0x1b0
 => __do_execve_file.isra.44+0x6e9/0x8b0
 => __x64_sys_execve+0x34/0x40
 => do_syscall_64+0x48/0x120
 => entry_SYSCALL_64_after_hwframe+0x44/0xa9
            sudo-2371  [001] ....  8483.009677: ext4_file_read_iter+0x0/0x40 <-new_sync_read+0x114/0x1a0
            sudo-2371  [001] ....  8483.010677: <stack trace>
 => 0xffffffffc014d061
 => ext4_file_read_iter+0x5/0x40
 => new_sync_read+0x114/0x1a0
 => vfs_read+0x89/0x130
 => kernel_read+0x2c/0x40
 => load_elf_binary+0x19b/0x1523
 => search_binary_handler+0x8a/0x1b0
 => __do_execve_file.isra.44+0x6e9/0x8b0
 => __x64_sys_execve+0x34/0x40
 => do_syscall_64+0x48/0x120
 => entry_SYSCALL_64_after_hwframe+0x44/0xa9
            sudo-2371  [001] ....  8483.010677: ext4_file_open+0x0/0x1f0 <-do_dentry_open+0x1ea/0x380
            sudo-2371  [001] ....  8483.010677: <stack trace>
 => 0xffffffffc014d061
 => ext4_file_open+0x5/0x1f0
 => do_dentry_open+0x1ea/0x380
 => path_openat+0x2e9/0x1570
 => do_filp_open+0x9b/0x110
 => do_open_execat+0x83/0x1a0
 => open_exec+0x26/0x40
 => load_elf_binary+0x1f9/0x1523
 => search_binary_handler+0x8a/0x1b0
 => __do_execve_file.isra.44+0x6e9/0x8b0
 => __x64_sys_execve+0x34/0x40
 => do_syscall_64+0x48/0x120
 => entry_SYSCALL_64_after_hwframe+0x44/0xa9
            sudo-2371  [001] ....  8483.010677: ext4_file_read_iter+0x0/0x40 <-new_sync_read+0x114/0x1a0
            sudo-2371  [001] ....  8483.010677: <stack trace>
 => 0xffffffffc014d061
 => ext4_file_read_iter+0x5/0x40
 => new_sync_read+0x114/0x1a0
 => vfs_read+0x89/0x130
 => kernel_read+0x2c/0x40
 => load_elf_binary+0x23a/0x1523
 => search_binary_handler+0x8a/0x1b0
 => __do_execve_file.isra.44+0x6e9/0x8b0
 => __x64_sys_execve+0x34/0x40
 => do_syscall_64+0x48/0x120
 => entry_SYSCALL_64_after_hwframe+0x44/0xa9
            sudo-2371  [001] ....  8483.010677: ext4_file_read_iter+0x0/0x40 <-new_sync_read+0x114/0x1a0
            sudo-2371  [001] ....  8483.010677: <stack trace>
 => 0xffffffffc014d061
 => ext4_file_read_iter+0x5/0x40
 => new_sync_read+0x114/0x1a0
 => vfs_read+0x89/0x130
 => kernel_read+0x2c/0x40
 => load_elf_phdrs+0x6b/0xa0
 => load_elf_binary+0x31c/0x1523
 => search_binary_handler+0x8a/0x1b0
 => __do_execve_file.isra.44+0x6e9/0x8b0
 => __x64_sys_execve+0x34/0x40
 => do_syscall_64+0x48/0x120
 => entry_SYSCALL_64_after_hwframe+0x44/0xa9
            sudo-2371  [001] ....  8483.010677: sys_exit: NR 59 = 0
            sudo-2371  [001] ....  8483.010677: sys_enter: NR 21 (7f16ffc92abb, 0, 1, 1, 1, 7ffcf0c98519)
            sudo-2371  [001] ....  8483.010677: sys_exit: NR 21 = -2
            sudo-2371  [001] ....  8483.010677: sys_enter: NR 12 (0, 5f, 4d, 1, 16, 7f16ffc93665)
            sudo-2371  [001] ....  8483.010677: sys_exit: NR 12 = 94626921160704
 systemd-journal-369   [003] .N..  8483.010677: sys_exit: NR 46 = 78
 systemd-journal-369   [003] d...  8483.010677: sched_switch: prev_comm=systemd-journal prev_pid=369 prev_prio=119 prev_state=R ==> next_comm=in:imuxsock next_pid=590 next_prio=120
     in:imuxsock-590   [003] ....  8483.010677: sys_exit: NR 23 = 1
     in:imuxsock-590   [003] ....  8483.010677: sys_enter: NR 47 (3, 7f36a0b0d780, 40, 7f369c0008d0, 0, 0)
     in:imuxsock-590   [003] ....  8483.010677: sys_exit: NR 47 = 78
     in:imuxsock-590   [003] ....  8483.010677: sys_enter: NR 202 (561cd8d1dfd0, 81, 1, 0, 0, 561cd8d1dfa8)
     in:imuxsock-590   [003] ....  8483.010677: sys_exit: NR 202 = 1
     in:imuxsock-590   [003] ....  8483.010677: sys_enter: NR 23 (4, 7f36a0b10ca0, 0, 0, 0, 0)
     in:imuxsock-590   [003] d...  8483.010677: sched_switch: prev_comm=in:imuxsock prev_pid=590 prev_prio=120 prev_state=S ==> next_comm=rs:main Q:Reg next_pid=592 next_prio=120
   rs:main Q:Reg-592   [003] ....  8483.010677: sys_exit: NR 202 = 0
   rs:main Q:Reg-592   [003] ....  8483.010677: sys_enter: NR 202 (561cd8d1dd90, 81, 1, 0, 0, 1)
   rs:main Q:Reg-592   [003] ....  8483.010677: sys_exit: NR 202 = 0
   rs:main Q:Reg-592   [003] ....  8483.010677: sys_enter: NR 1 (9, 7f368c0173b0, 52, 6f6c63206e6f6973, 0, 736573203a296e6f)
   rs:main Q:Reg-592   [003] ....  8483.010677: ext4_file_write_iter+0x0/0x3b0 <-new_sync_write+0x11b/0x1b0
   rs:main Q:Reg-592   [003] ....  8483.010677: <stack trace>
 => 0xffffffffc014d061
 => ext4_file_write_iter+0x5/0x3b0
 => new_sync_write+0x11b/0x1b0
 => vfs_write+0xad/0x1a0
 => ksys_write+0xa1/0xe0
 => do_syscall_64+0x48/0x120
 => entry_SYSCALL_64_after_hwframe+0x44/0xa9
   rs:main Q:Reg-592   [003] ....  8483.010677: sys_exit: NR 1 = 82
   rs:main Q:Reg-592   [003] ....  8483.010677: sys_enter: NR 202 (561cd8d1dfd4, 80, 0, 0, 1, 1)
   rs:main Q:Reg-592   [003] d...  8483.010677: sched_switch: prev_comm=rs:main Q:Reg prev_pid=592 prev_prio=120 prev_state=S ==> next_comm=gmain next_pid=605 next_prio=120
           gmain-605   [003] ....  8483.010677: sys_exit: NR 7 = 1
           gmain-605   [003] ....  8483.010677: sys_enter: NR 228 (1, 7f52c7632bf0, 7f52c7632bf0, 7f52c0002840, 7ffccd3cb090, 7f52c7632bf0)
            sudo-2371  [001] ....  8483.011452: sys_enter: NR 72 (0, 1, 7f16ffe9b170, 1, 2, 7ffcf0c98228)
            sudo-2371  [001] ....  8483.011452: sys_exit: NR 72 = 0
            sudo-2371  [001] ....  8483.011452: sys_enter: NR 72 (1, 1, 7f16ffe9b170, 1, 2, 7ffcf0c98228)
            sudo-2371  [001] ....  8483.011452: sys_exit: NR 72 = 0
            sudo-2371  [001] ....  8483.011452: sys_enter: NR 72 (2, 1, 7f16ffe9b170, 1, 2, 7ffcf0c98228)
            sudo-2371  [001] ....  8483.011452: sys_exit: NR 72 = 0
            sudo-2371  [001] ....  8483.011452: sys_enter: NR 21 (7f16ffc92abb, 0, ffe0, 1, 7ffcf0c983b8, 7ffcf0c98228)
            sudo-2371  [001] ....  8483.012452: sys_exit: NR 21 = -2
            sudo-2371  [001] ....  8483.012452: sys_enter: NR 21 (7f16ffc93082, 0, 17, 54, fffffffffffffffc, 7ffcf0dbe120)
            sudo-2371  [001] ....  8483.012452: sys_exit: NR 21 = -2
            sudo-2371  [001] ....  8483.012452: sys_enter: NR 21 (7f16ffc95dd0, 4, 7f16ffc72190, 8, 1, 7f16ffe9be00)
            sudo-2371  [001] ....  8483.012452: sys_exit: NR 21 = -2
            sudo-2371  [001] ....  8483.012452: sys_enter: NR 257 (ffffff9c, 7ffcf0c977d0, 80000, 0, 0, 7ffcf0c979df)
            sudo-2371  [001] ....  8483.012452: sys_exit: NR 257 = -2
            sudo-2371  [001] ....  8483.012452: sys_enter: NR 4 (7ffcf0c977d0, 7ffcf0c97890, 7ffcf0c97890, 0, 7f16ffc78317, 7ffcf0c979df)
            sudo-2371  [001] ....  8483.012452: sys_exit: NR 4 = -2
            sudo-2371  [001] ....  8483.012452: sys_enter: NR 257 (ffffff9c, 7ffcf0c977d0, 80000, 0, 0, 7ffcf0c979df)
            sudo-2371  [001] ....  8483.012452: sys_exit: NR 257 = -2
            sudo-2371  [001] ....  8483.012452: sys_enter: NR 4 (7ffcf0c977d0, 7ffcf0c97890, 7ffcf0c97890, 0, 7f16ffc78317, 7ffcf0c979df)
            sudo-2371  [001] ....  8483.012452: sys_exit: NR 4 = -2
            sudo-2371  [001] ....  8483.012452: sys_enter: NR 257 (ffffff9c, 7ffcf0c977d0, 80000, 0, 0, 7ffcf0c979df)
            sudo-2371  [001] ....  8483.012452: sys_exit: NR 257 = -2
            sudo-2371  [001] ....  8483.012452: sys_enter: NR 4 (7ffcf0c977d0, 7ffcf0c97890, 7ffcf0c97890, 0, 7f16ffc78317, 7ffcf0c979df)
            sudo-2371  [001] ....  8483.012452: sys_exit: NR 4 = -2
            sudo-2371  [001] ....  8483.012452: sys_enter: NR 257 (ffffff9c, 7ffcf0c977d0, 80000, 0, 0, 7ffcf0c979df)
            sudo-2371  [001] ....  8483.012452: sys_exit: NR 257 = -2
            sudo-2371  [001] ....  8483.012452: sys_enter: NR 4 (7ffcf0c977d0, 7ffcf0c97890, 7ffcf0c97890, 0, 7f16ffc78317, 7ffcf0c979df)
            sudo-2371  [001] ....  8483.012452: sys_exit: NR 4 = -2
            sudo-2371  [001] ....  8483.012452: sys_enter: NR 257 (ffffff9c, 7ffcf0c977d0, 80000, 0, 0, 7ffcf0c979df)
            sudo-2371  [001] ....  8483.012452: sys_exit: NR 257 = -2
            sudo-2371  [001] ....  8483.012452: sys_enter: NR 4 (7ffcf0c977d0, 7ffcf0c97890, 7ffcf0c97890, 0, 7f16ffc78317, 7ffcf0c979df)
            sudo-2371  [001] ....  8483.012452: sys_exit: NR 4 = -2
            sudo-2371  [001] ....  8483.012452: sys_enter: NR 257 (ffffff9c, 7ffcf0c977d0, 80000, 0, 0, 7ffcf0c979df)
            sudo-2371  [001] ....  8483.012452: sys_exit: NR 257 = -2
            sudo-2371  [001] ....  8483.012452: sys_enter: NR 4 (7ffcf0c977d0, 7ffcf0c97890, 7ffcf0c97890, 0, 7f16ffc78317, 7ffcf0c979df)
            sudo-2371  [001] ....  8483.012452: sys_exit: NR 4 = -2
            sudo-2371  [001] ....  8483.012452: sys_enter: NR 257 (ffffff9c, 7ffcf0c977d0, 80000, 0, 0, 7ffcf0c979df)
            sudo-2371  [001] ....  8483.012452: sys_exit: NR 257 = -2
            sudo-2371  [001] ....  8483.012452: sys_enter: NR 4 (7ffcf0c977d0, 7ffcf0c97890, 7ffcf0c97890, 0, 7f16ffc78317, 7ffcf0c979df)
            sudo-2371  [001] ....  8483.012452: sys_exit: NR 4 = -2
            sudo-2371  [001] ....  8483.012452: sys_enter: NR 257 (ffffff9c, 7ffcf0c977d0, 80000, 0, 0, 7ffcf0c979df)
            sudo-2371  [001] ....  8483.012452: sys_exit: NR 257 = -2
            sudo-2371  [001] ....  8483.012452: sys_enter: NR 4 (7ffcf0c977d0, 7ffcf0c97890, 7ffcf0c97890, 0, 7f16ffc78317, 7ffcf0c979df)
            sudo-2371  [001] ....  8483.012452: sys_exit: NR 4 = 0
            sudo-2371  [001] ....  8483.012452: sys_enter: NR 257 (ffffff9c, 7f16ffc93428, 80000, 0, 7f16ffc78317, 0)
            sudo-2371  [001] ....  8483.012452: ext4_file_open+0x0/0x1f0 <-do_dentry_open+0x1ea/0x380
            sudo-2371  [001] ....  8483.012452: <stack trace>
 => 0xffffffffc014d061
 => ext4_file_open+0x5/0x1f0
 => do_dentry_open+0x1ea/0x380
