            bash-981   [003] ....  9529.715013: sys_exit: NR 16 = 0
            bash-981   [003] ....  9529.715013: sys_enter: NR 14 (0, 55ee529ae360, 55ee529ae2e0, 8, 1, 7f54c2ccd740)
            bash-981   [003] ....  9529.715013: sys_exit: NR 14 = 0
            bash-981   [003] ....  9529.715013: sys_enter: NR 13 (2, 7ffe8fac8970, 7ffe8fac8a10, 8, 7ffe8fac8ac0, 7f54c2ccd740)
            bash-981   [003] ....  9529.715013: sys_exit: NR 13 = 0
            bash-981   [003] ....  9529.715013: sys_enter: NR 13 (f, 7ffe8fac8970, 7ffe8fac8a10, 8, 7ffe8fac8ac0, 7f54c2ccd740)
            bash-981   [003] ....  9529.715013: sys_exit: NR 13 = 0
            bash-981   [003] ....  9529.715013: sys_enter: NR 13 (1, 7ffe8fac8970, 7ffe8fac8a10, 8, 7ffe8fac8ac0, 7f54c2ccd740)
            bash-981   [003] ....  9529.715013: sys_exit: NR 13 = 0
            bash-981   [003] ....  9529.715013: sys_enter: NR 13 (3, 7ffe8fac8970, 7ffe8fac8a10, 8, 7ffe8fac8ac0, 7f54c2ccd740)
            bash-981   [003] ....  9529.715013: sys_exit: NR 13 = 0
            bash-981   [003] ....  9529.715013: sys_enter: NR 13 (3, 7ffe8fac8ae0, 7ffe8fac8b80, 8, 7ffe8fac8c30, 7f54c2ccd740)
            bash-981   [003] ....  9529.715013: sys_exit: NR 13 = 0
            bash-981   [003] ....  9529.715013: sys_enter: NR 13 (e, 7ffe8fac8a40, 7ffe8fac8ae0, 8, 7ffe8fac8b90, 7f54c2ccd740)
            bash-981   [003] ....  9529.715013: sys_exit: NR 13 = 0
            bash-981   [003] ....  9529.715013: sys_enter: NR 13 (14, 7ffe8fac8970, 7ffe8fac8a10, 8, 7ffe8fac8ac0, 7f54c2ccd740)
            bash-981   [003] ....  9529.715013: sys_exit: NR 13 = 0
            bash-981   [003] ....  9529.715013: sys_enter: NR 13 (14, 7ffe8fac8ae0, 7ffe8fac8b80, 8, 7ffe8fac8c30, 7f54c2ccd740)
            bash-981   [003] ....  9529.715013: sys_exit: NR 13 = 0
            bash-981   [003] ....  9529.715013: sys_enter: NR 13 (16, 7ffe8fac8970, 7ffe8fac8a10, 8, 7ffe8fac8ac0, 7f54c2ccd740)
            bash-981   [003] ....  9529.715013: sys_exit: NR 13 = 0
            bash-981   [003] ....  9529.715013: sys_enter: NR 13 (16, 7ffe8fac8ae0, 7ffe8fac8b80, 8, 7ffe8fac8c30, 7f54c2ccd740)
            bash-981   [003] ....  9529.715013: sys_exit: NR 13 = 0
            bash-981   [003] ....  9529.715013: sys_enter: NR 13 (15, 7ffe8fac8970, 7ffe8fac8a10, 8, 7ffe8fac8ac0, 7f54c2ccd740)
            bash-981   [003] ....  9529.715013: sys_exit: NR 13 = 0
            bash-981   [003] ....  9529.715013: sys_enter: NR 13 (15, 7ffe8fac8ae0, 7ffe8fac8b80, 8, 7ffe8fac8c30, 7f54c2ccd740)
            bash-981   [003] ....  9529.715013: sys_exit: NR 13 = 0
            bash-981   [003] ....  9529.715013: sys_enter: NR 14 (2, 55ee529ae2e0, 0, 8, 7ffe8fac8c30, 7f54c2ccd740)
            bash-981   [003] ....  9529.715013: sys_exit: NR 14 = 0
            bash-981   [003] ....  9529.715013: sys_enter: NR 13 (1c, 7ffe8fac8970, 7ffe8fac8a10, 8, 7ffe8fac8ac0, 7f54c2ccd740)
            bash-981   [003] ....  9529.715013: sys_exit: NR 13 = 0
            sshd-980   [000] ....  9529.715013: sys_exit: NR 228 = 0
            bash-981   [003] ....  9529.715013: sys_enter: NR 1 (2, 55ee544b97c0, 60, 0, 7f54c26878b0, 7f54c2ccd740)
            sshd-980   [000] ....  9529.715013: sys_enter: NR 0 (b, 7ffee02144e0, 4000, 8, 7ffee02e50f0, 7ffee02185a0)
            bash-981   [003] .N..  9529.715013: sys_exit: NR 1 = 96
            sshd-980   [000] ....  9529.715013: sys_exit: NR 0 = 11
            bash-981   [003] d...  9529.715013: sched_switch: prev_comm=bash prev_pid=981 prev_prio=120 prev_state=R ==> next_comm=kworker/u8:2 next_pid=2357 next_prio=120
    kworker/u8:2-2357  [003] d...  9529.715013: sched_switch: prev_comm=kworker/u8:2 prev_pid=2357 prev_prio=120 prev_state=I ==> next_comm=rcu_sched next_pid=10 next_prio=120
            sshd-980   [000] ....  9529.715013: sys_enter: NR 39 (557f11c39eb9, b, 19, 0, 1, 100)
       rcu_sched-10    [003] d...  9529.715013: sched_switch: prev_comm=rcu_sched prev_pid=10 prev_prio=120 prev_state=I ==> next_comm=bash next_pid=981 next_prio=120
            sshd-980   [000] ....  9529.715013: sys_exit: NR 39 = 980
            sshd-980   [000] ....  9529.715013: sys_enter: NR 228 (7, 7ffee02184f0, 7ffee02184f0, 0, 7ffee02e50f0, 7ffee02184f0)
            bash-981   [003] ....  9529.715013: sys_enter: NR 270 (1, 7ffe8fac8cc0, 0, 0, 0, 7ffe8fac8bf0)
            bash-981   [003] d...  9529.715013: sched_switch: prev_comm=bash prev_pid=981 prev_prio=120 prev_state=S ==> next_comm=swapper/3 next_pid=0 next_prio=120
            sshd-980   [000] ....  9529.715013: sys_exit: NR 228 = 0
            sshd-980   [000] ....  9529.715013: sys_enter: NR 23 (c, 557f11c3c8a0, 557f11c52f90, 0, 0, 1000)
            sshd-980   [000] ....  9529.715013: sys_exit: NR 23 = 2
            sshd-980   [000] ....  9529.715013: sys_enter: NR 14 (0, 7ffee0218580, 7ffee0218500, 8, 0, 1000)
            sshd-980   [000] ....  9529.715013: sys_exit: NR 14 = 0
            sshd-980   [000] ....  9529.715013: sys_enter: NR 14 (2, 7ffee0218500, 0, 8, 0, 1000)
            sshd-980   [000] ....  9529.715013: sys_exit: NR 14 = 0
            sshd-980   [000] ....  9529.715013: sys_enter: NR 228 (7, 7ffee02185a0, 7ffee02185a0, 8, 7ffee02e50f0, 7ffee02185a0)
            sshd-980   [000] ....  9529.715013: sys_exit: NR 228 = 0
            sshd-980   [000] ....  9529.715013: sys_enter: NR 0 (b, 7ffee02144e0, 4000, 8, 7ffee02e50f0, 7ffee02185a0)
            sshd-980   [000] ....  9529.715013: sys_exit: NR 0 = 96
            sshd-980   [000] ....  9529.715013: sys_enter: NR 1 (3, 557f11c57b30, 34, 8, 557f11c56b70, 0)
          <idle>-0     [003] d...  9529.718258: sched_switch: prev_comm=swapper/3 prev_pid=0 prev_prio=120 prev_state=R ==> next_comm=rcu_sched next_pid=10 next_prio=120
       rcu_sched-10    [003] d...  9529.718258: sched_switch: prev_comm=rcu_sched prev_pid=10 prev_prio=120 prev_state=I ==> next_comm=swapper/3 next_pid=0 next_prio=120
            sshd-980   [000] d...  9529.718343: sched_switch: prev_comm=sshd prev_pid=980 prev_prio=120 prev_state=R+ ==> next_comm=ksoftirqd/0 next_pid=9 next_prio=120
     ksoftirqd/0-9     [000] d...  9529.718343: sched_switch: prev_comm=ksoftirqd/0 prev_pid=9 prev_prio=120 prev_state=S ==> next_comm=sshd next_pid=980 next_prio=120
            sshd-980   [000] ....  9529.718343: sys_exit: NR 1 = 52
            sshd-980   [000] ....  9529.718343: sys_enter: NR 39 (557f11c39f0e, 6, 6e, 0, 1, 100)
            sshd-980   [000] ....  9529.718343: sys_exit: NR 39 = 980
            sshd-980   [000] ....  9529.718343: sys_enter: NR 228 (7, 7ffee02184f0, 7ffee02184f0, 0, 7ffee02e50f0, 7ffee02184f0)
            sshd-980   [000] ....  9529.718343: sys_exit: NR 228 = 0
            sshd-980   [000] ....  9529.718343: sys_enter: NR 23 (c, 557f11c3c8a0, 557f11c52f90, 0, 0, 1000)
            sshd-980   [000] ....  9529.718343: sys_exit: NR 23 = 1
            sshd-980   [000] ....  9529.718343: sys_enter: NR 14 (0, 7ffee0218580, 7ffee0218500, 8, 0, 1000)
            sshd-980   [000] ....  9529.718343: sys_exit: NR 14 = 0
            sshd-980   [000] ....  9529.718343: sys_enter: NR 14 (2, 7ffee0218500, 0, 8, 0, 1000)
            sshd-980   [000] ....  9529.718343: sys_exit: NR 14 = 0
            sshd-980   [000] ....  9529.718343: sys_enter: NR 228 (7, 7ffee02185a0, 7ffee02185a0, 8, 7ffee02e50f0, 7ffee02185a0)
            sshd-980   [000] ....  9529.718343: sys_exit: NR 228 = 0
            sshd-980   [000] ....  9529.718343: sys_enter: NR 1 (3, 557f11c57b30, 84, 8, 7ffee02e50f0, 7ffee02185a0)
          <idle>-0     [003] d...  9529.721417: sched_switch: prev_comm=swapper/3 prev_pid=0 prev_prio=120 prev_state=R ==> next_comm=rcu_sched next_pid=10 next_prio=120
       rcu_sched-10    [003] d...  9529.721417: sched_switch: prev_comm=rcu_sched prev_pid=10 prev_prio=120 prev_state=I ==> next_comm=swapper/3 next_pid=0 next_prio=120
            sshd-980   [000] ....  9529.721541: sys_exit: NR 1 = 132
            sshd-980   [000] ....  9529.721541: sys_enter: NR 228 (7, 7ffee02184f0, 7ffee02184f0, 0, 7ffee02e50f0, 7ffee02184f0)
            sshd-980   [000] ....  9529.721541: sys_exit: NR 228 = 0
            sshd-980   [000] ....  9529.721541: sys_enter: NR 23 (c, 557f11c3c8a0, 557f11c52f90, 0, 0, 1000)
            sshd-980   [000] d...  9529.721541: sched_switch: prev_comm=sshd prev_pid=980 prev_prio=120 prev_state=S ==> next_comm=swapper/0 next_pid=0 next_prio=120
          <idle>-0     [003] d...  9529.724744: sched_switch: prev_comm=swapper/3 prev_pid=0 prev_prio=120 prev_state=R ==> next_comm=rcu_sched next_pid=10 next_prio=120
       rcu_sched-10    [003] d...  9529.724744: sched_switch: prev_comm=rcu_sched prev_pid=10 prev_prio=120 prev_state=I ==> next_comm=swapper/3 next_pid=0 next_prio=120
          <idle>-0     [003] d...  9529.730659: sched_switch: prev_comm=swapper/3 prev_pid=0 prev_prio=120 prev_state=R ==> next_comm=rcu_sched next_pid=10 next_prio=120
       rcu_sched-10    [003] d...  9529.730659: sched_switch: prev_comm=rcu_sched prev_pid=10 prev_prio=120 prev_state=I ==> next_comm=swapper/3 next_pid=0 next_prio=120
          <idle>-0     [003] d...  9529.736272: sched_switch: prev_comm=swapper/3 prev_pid=0 prev_prio=120 prev_state=R ==> next_comm=rcu_sched next_pid=10 next_prio=120
       rcu_sched-10    [003] d...  9529.736272: sched_switch: prev_comm=rcu_sched prev_pid=10 prev_prio=120 prev_state=I ==> next_comm=swapper/3 next_pid=0 next_prio=120
          <idle>-0     [003] d...  9529.739406: sched_switch: prev_comm=swapper/3 prev_pid=0 prev_prio=120 prev_state=R ==> next_comm=rcu_sched next_pid=10 next_prio=120
       rcu_sched-10    [003] d...  9529.739406: sched_switch: prev_comm=rcu_sched prev_pid=10 prev_prio=120 prev_state=I ==> next_comm=swapper/3 next_pid=0 next_prio=120
          <idle>-0     [000] d...  9529.931635: sched_switch: prev_comm=swapper/0 prev_pid=0 prev_prio=120 prev_state=R ==> next_comm=kworker/0:1 next_pid=1645 next_prio=120
     kworker/0:1-1645  [000] d...  9529.931635: sched_switch: prev_comm=kworker/0:1 prev_pid=1645 prev_prio=120 prev_state=I ==> next_comm=swapper/0 next_pid=0 next_prio=120
          <idle>-0     [003] d...  9529.932711: sched_switch: prev_comm=swapper/3 prev_pid=0 prev_prio=120 prev_state=R ==> next_comm=kworker/3:5 next_pid=994 next_prio=120
     kworker/3:5-994   [003] d...  9529.932711: sched_switch: prev_comm=kworker/3:5 prev_pid=994 prev_prio=120 prev_state=I ==> next_comm=swapper/3 next_pid=0 next_prio=120
          <idle>-0     [001] d...  9529.933477: sched_switch: prev_comm=swapper/1 prev_pid=0 prev_prio=120 prev_state=R ==> next_comm=kworker/1:0 next_pid=1102 next_prio=120
     kworker/1:0-1102  [001] d...  9529.933477: sched_switch: prev_comm=kworker/1:0 prev_pid=1102 prev_prio=120 prev_state=I ==> next_comm=swapper/1 next_pid=0 next_prio=120
          <idle>-0     [000] d...  9530.404875: sched_switch: prev_comm=swapper/0 prev_pid=0 prev_prio=120 prev_state=R ==> next_comm=kworker/0:1 next_pid=1645 next_prio=120
          <idle>-0     [002] d...  9530.407432: sched_switch: prev_comm=swapper/2 prev_pid=0 prev_prio=120 prev_state=R ==> next_comm=kworker/2:0 next_pid=2421 next_prio=120
     kworker/2:0-2421  [002] d...  9530.407432: sched_switch: prev_comm=kworker/2:0 prev_pid=2421 prev_prio=120 prev_state=D ==> next_comm=kworker/2:1 next_pid=90 next_prio=120
     kworker/2:1-90    [002] d...  9530.410151: sched_switch: prev_comm=kworker/2:1 prev_pid=90 prev_prio=120 prev_state=D ==> next_comm=kworker/2:3 next_pid=2053 next_prio=120
     kworker/2:3-2053  [002] d...  9530.410151: sched_switch: prev_comm=kworker/2:3 prev_pid=2053 prev_prio=120 prev_state=I ==> next_comm=swapper/2 next_pid=0 next_prio=120
     kworker/0:1-1645  [000] d...  9530.412819: sched_switch: prev_comm=kworker/0:1 prev_pid=1645 prev_prio=120 prev_state=R+ ==> next_comm=ksoftirqd/0 next_pid=9 next_prio=120
     ksoftirqd/0-9     [000] d...  9530.412819: sched_switch: prev_comm=ksoftirqd/0 prev_pid=9 prev_prio=120 prev_state=S ==> next_comm=kworker/0:1 next_pid=1645 next_prio=120
     kworker/0:1-1645  [000] d...  9530.412819: sched_switch: prev_comm=kworker/0:1 prev_pid=1645 prev_prio=120 prev_state=I ==> next_comm=swapper/0 next_pid=0 next_prio=120
          <idle>-0     [002] d...  9530.413332: sched_switch: prev_comm=swapper/2 prev_pid=0 prev_prio=120 prev_state=R ==> next_comm=kworker/2:1 next_pid=90 next_prio=120
     kworker/2:1-90    [002] d...  9530.413437: sched_switch: prev_comm=kworker/2:1 prev_pid=90 prev_prio=120 prev_state=I ==> next_comm=kworker/2:0 next_pid=2421 next_prio=120
     kworker/2:0-2421  [002] d...  9530.414239: sched_switch: prev_comm=kworker/2:0 prev_pid=2421 prev_prio=120 prev_state=I ==> next_comm=swapper/2 next_pid=0 next_prio=120
          <idle>-0     [002] d...  9530.722607: sched_switch: prev_comm=swapper/2 prev_pid=0 prev_prio=120 prev_state=R ==> next_comm=kworker/2:0 next_pid=2421 next_prio=120
     kworker/2:0-2421  [002] d...  9530.725393: sched_switch: prev_comm=kworker/2:0 prev_pid=2421 prev_prio=120 prev_state=I ==> next_comm=swapper/2 next_pid=0 next_prio=120
          <idle>-0     [003] d...  9531.021707: sched_switch: prev_comm=swapper/3 prev_pid=0 prev_prio=120 prev_state=R ==> next_comm=irqbalance next_pid=554 next_prio=120
      irqbalance-554   [003] ....  9531.021707: sys_exit: NR 7 = 0
      irqbalance-554   [003] ....  9531.021707: sys_enter: NR 228 (1, 7ffe48f9d740, 7ffe48f9d740, 559c02158820, 7ffe48ff7090, 7ffe48f9d740)
      irqbalance-554   [003] ....  9531.021707: sys_exit: NR 228 = 0
      irqbalance-554   [003] ....  9531.021707: sys_enter: NR 257 (ffffff9c, 559c0121a155, 0, 0, 0, 7ffe48f9d740)
      irqbalance-554   [003] ....  9531.021707: sys_exit: NR 257 = 6
      irqbalance-554   [003] ....  9531.021707: sys_enter: NR 5 (6, 7ffe48f9d0f0, 7ffe48f9d0f0, 0, 7f153b4a7f00, 7ffe48f9d740)
      irqbalance-554   [003] ....  9531.021707: sys_exit: NR 5 = 0
      irqbalance-554   [003] ....  9531.021707: sys_enter: NR 0 (6, 559c0214c540, 400, 0, 0, 7ffe48f9d740)
      irqbalance-554   [003] ....  9531.021707: sys_exit: NR 0 = 1024
      irqbalance-554   [003] ....  9531.021707: sys_enter: NR 3 (6, 1, 7f153a543760, 1, 7f153b4a7f00, 3)
      irqbalance-554   [003] ....  9531.021707: __close_fd+0x0/0x80 <-__x64_sys_close+0x1e/0x50
      irqbalance-554   [003] ....  9531.021707: <stack trace>
 => 0xffffffffc014d061
 => __close_fd+0x5/0x80
 => __x64_sys_close+0x1e/0x50
 => do_syscall_64+0x48/0x120
 => entry_SYSCALL_64_after_hwframe+0x44/0xa9
      irqbalance-554   [003] ....  9531.021707: sys_exit: NR 3 = 0
      irqbalance-554   [003] ....  9531.021707: sys_enter: NR 257 (ffffff9c, 559c0121a1bd, 0, 0, 0, 3)
      irqbalance-554   [003] ....  9531.021707: sys_exit: NR 257 = 6
      irqbalance-554   [003] ....  9531.021707: sys_enter: NR 5 (6, 7ffe48f9d510, 7ffe48f9d510, 0, 7f153b4a7f00, 3)
      irqbalance-554   [003] ....  9531.021707: sys_exit: NR 5 = 0
      irqbalance-554   [003] ....  9531.021707: sys_enter: NR 0 (6, 559c0214c540, 400, 0, 0, 3)
      irqbalance-554   [003] ....  9531.023451: sys_exit: NR 0 = 1024
      irqbalance-554   [003] ....  9531.023451: sys_enter: NR 0 (6, 559c0214c540, 400, 2030203020302030, 0, 2030203020323536)
      irqbalance-554   [003] ....  9531.023451: sys_exit: NR 0 = 266
      irqbalance-554   [003] ....  9531.023451: sys_enter: NR 3 (6, 1, 7f153a543760, 2030203020302030, 7f153b4a7f00, 0)
      irqbalance-554   [003] ....  9531.023451: __close_fd+0x0/0x80 <-__x64_sys_close+0x1e/0x50
      irqbalance-554   [003] ....  9531.023451: <stack trace>
 => 0xffffffffc014d061
 => __close_fd+0x5/0x80
 => __x64_sys_close+0x1e/0x50
 => do_syscall_64+0x48/0x120
 => entry_SYSCALL_64_after_hwframe+0x44/0xa9
      irqbalance-554   [003] ....  9531.023451: sys_exit: NR 3 = 0
      irqbalance-554   [003] ....  9531.023451: sys_enter: NR 257 (ffffff9c, 7ffe48f9c680, 0, 0, 0, 0)
      irqbalance-554   [003] ....  9531.023451: sys_exit: NR 257 = 6
      irqbalance-554   [003] ....  9531.023451: sys_enter: NR 5 (6, 7ffe48f9bef0, 7ffe48f9bef0, 0, 7f153b4a7f00, 0)
      irqbalance-554   [003] ....  9531.023451: sys_exit: NR 5 = 0
      irqbalance-554   [003] ....  9531.023451: sys_enter: NR 0 (6, 559c0214c540, 400, 0, 0, 0)
      irqbalance-554   [003] ....  9531.023451: sys_exit: NR 0 = 2
      irqbalance-554   [003] ....  9531.023451: sys_enter: NR 3 (6, 1, 7f153a543760, f, 7f153b4a7f00, ffffffffffffffff)
      irqbalance-554   [003] ....  9531.023451: __close_fd+0x0/0x80 <-__x64_sys_close+0x1e/0x50
      irqbalance-554   [003] ....  9531.023451: <stack trace>
 => 0xffffffffc014d061
 => __close_fd+0x5/0x80
 => __x64_sys_close+0x1e/0x50
 => do_syscall_64+0x48/0x120
 => entry_SYSCALL_64_after_hwframe+0x44/0xa9
      irqbalance-554   [003] ....  9531.023451: sys_exit: NR 3 = 0
      irqbalance-554   [003] ....  9531.023451: sys_enter: NR 257 (ffffff9c, 7ffe48f9c680, 0, 0, 0, 0)
      irqbalance-554   [003] ....  9531.023451: sys_exit: NR 257 = 6
      irqbalance-554   [003] ....  9531.023451: sys_enter: NR 5 (6, 7ffe48f9bef0, 7ffe48f9bef0, 0, 7f153b4a7f00, 0)
      irqbalance-554   [003] ....  9531.023451: sys_exit: NR 5 = 0
      irqbalance-554   [003] ....  9531.023451: sys_enter: NR 0 (6, 559c0214c540, 400, 0, 0, 0)
      irqbalance-554   [003] ....  9531.023451: sys_exit: NR 0 = 2
      irqbalance-554   [003] ....  9531.023451: sys_enter: NR 3 (6, 1, 7f153a543760, f, 7f153b4a7f00, ffffffffffffffff)
      irqbalance-554   [003] ....  9531.023451: __close_fd+0x0/0x80 <-__x64_sys_close+0x1e/0x50
      irqbalance-554   [003] ....  9531.023451: <stack trace>
 => 0xffffffffc014d061
 => __close_fd+0x5/0x80
 => __x64_sys_close+0x1e/0x50
 => do_syscall_64+0x48/0x120
 => entry_SYSCALL_64_after_hwframe+0x44/0xa9
      irqbalance-554   [003] ....  9531.023451: sys_exit: NR 3 = 0
      irqbalance-554   [003] ....  9531.023451: sys_enter: NR 257 (ffffff9c, 7ffe48f9c680, 0, 0, 0, 0)
      irqbalance-554   [003] ....  9531.023451: sys_exit: NR 257 = 6
      irqbalance-554   [003] ....  9531.023451: sys_enter: NR 5 (6, 7ffe48f9bef0, 7ffe48f9bef0, 0, 7f153b4a7f00, 0)
      irqbalance-554   [003] ....  9531.023451: sys_exit: NR 5 = 0
      irqbalance-554   [003] ....  9531.023451: sys_enter: NR 0 (6, 559c0214c540, 400, 0, 0, 0)
      irqbalance-554   [003] ....  9531.023451: sys_exit: NR 0 = 2
      irqbalance-554   [003] ....  9531.023451: sys_enter: NR 3 (6, 1, 7f153a543760, f, 7f153b4a7f00, ffffffffffffffff)
      irqbalance-554   [003] ....  9531.023451: __close_fd+0x0/0x80 <-__x64_sys_close+0x1e/0x50
      irqbalance-554   [003] ....  9531.023451: <stack trace>
 => 0xffffffffc014d061
 => __close_fd+0x5/0x80
 => __x64_sys_close+0x1e/0x50
 => do_syscall_64+0x48/0x120
 => entry_SYSCALL_64_after_hwframe+0x44/0xa9
      irqbalance-554   [003] ....  9531.023451: sys_exit: NR 3 = 0
      irqbalance-554   [003] ....  9531.023451: sys_enter: NR 257 (ffffff9c, 7ffe48f9c680, 0, 0, 0, 0)
      irqbalance-554   [003] ....  9531.023451: sys_exit: NR 257 = 6
      irqbalance-554   [003] ....  9531.023451: sys_enter: NR 5 (6, 7ffe48f9bef0, 7ffe48f9bef0, 0, 7f153b4a7f00, 0)
      irqbalance-554   [003] ....  9531.023451: sys_exit: NR 5 = 0
      irqbalance-554   [003] ....  9531.023451: sys_enter: NR 0 (6, 559c0214c540, 400, 0, 0, 0)
      irqbalance-554   [003] ....  9531.023451: sys_exit: NR 0 = 2
      irqbalance-554   [003] ....  9531.023451: sys_enter: NR 3 (6, 1, 7f153a543760, f, 7f153b4a7f00, ffffffffffffffff)
      irqbalance-554   [003] ....  9531.023451: __close_fd+0x0/0x80 <-__x64_sys_close+0x1e/0x50
      irqbalance-554   [003] ....  9531.023451: <stack trace>
 => 0xffffffffc014d061
 => __close_fd+0x5/0x80
 => __x64_sys_close+0x1e/0x50
 => do_syscall_64+0x48/0x120
 => entry_SYSCALL_64_after_hwframe+0x44/0xa9
      irqbalance-554   [003] ....  9531.023451: sys_exit: NR 3 = 0
      irqbalance-554   [003] ....  9531.023451: sys_enter: NR 257 (ffffff9c, 7ffe48f9c680, 0, 0, 0, 0)
      irqbalance-554   [003] ....  9531.023451: sys_exit: NR 257 = 6
      irqbalance-554   [003] ....  9531.023451: sys_enter: NR 5 (6, 7ffe48f9bef0, 7ffe48f9bef0, 0, 7f153b4a7f00, 0)
      irqbalance-554   [003] ....  9531.023451: sys_exit: NR 5 = 0
      irqbalance-554   [003] ....  9531.023451: sys_enter: NR 0 (6, 559c0214c540, 400, 0, 0, 0)
      irqbalance-554   [003] ....  9531.023451: sys_exit: NR 0 = 2
      irqbalance-554   [003] ....  9531.023451: sys_enter: NR 3 (6, 1, 7f153a543760, f, 7f153b4a7f00, ffffffffffffffff)
      irqbalance-554   [003] ....  9531.023451: __close_fd+0x0/0x80 <-__x64_sys_close+0x1e/0x50
      irqbalance-554   [003] ....  9531.023451: <stack trace>
 => 0xffffffffc014d061
 => __close_fd+0x5/0x80
 => __x64_sys_close+0x1e/0x50
 => do_syscall_64+0x48/0x120
 => entry_SYSCALL_64_after_hwframe+0x44/0xa9
      irqbalance-554   [003] ....  9531.023451: sys_exit: NR 3 = 0
      irqbalance-554   [003] ....  9531.023451: sys_enter: NR 257 (ffffff9c, 7ffe48f9c680, 0, 0, 0, 0)
      irqbalance-554   [003] ....  9531.023451: sys_exit: NR 257 = 6
      irqbalance-554   [003] ....  9531.023451: sys_enter: NR 5 (6, 7ffe48f9bef0, 7ffe48f9bef0, 0, 7f153b4a7f00, 0)
      irqbalance-554   [003] ....  9531.023451: sys_exit: NR 5 = 0
      irqbalance-554   [003] ....  9531.023451: sys_enter: NR 0 (6, 559c0214c540, 400, 0, 0, 0)
      irqbalance-554   [003] ....  9531.023451: sys_exit: NR 0 = 2
      irqbalance-554   [003] ....  9531.023451: sys_enter: NR 3 (6, 1, 7f153a543760, f, 7f153b4a7f00, ffffffffffffffff)
      irqbalance-554   [003] ....  9531.023451: __close_fd+0x0/0x80 <-__x64_sys_close+0x1e/0x50
      irqbalance-554   [003] ....  9531.023451: <stack trace>
 => 0xffffffffc014d061
 => __close_fd+0x5/0x80
 => __x64_sys_close+0x1e/0x50
 => do_syscall_64+0x48/0x120
 => entry_SYSCALL_64_after_hwframe+0x44/0xa9
      irqbalance-554   [003] ....  9531.023451: sys_exit: NR 3 = 0
      irqbalance-554   [003] ....  9531.023451: sys_enter: NR 257 (ffffff9c, 7ffe48f9c680, 0, 0, 0, 0)
      irqbalance-554   [003] ....  9531.023451: sys_exit: NR 257 = 6
      irqbalance-554   [003] ....  9531.023451: sys_enter: NR 5 (6, 7ffe48f9bef0, 7ffe48f9bef0, 0, 7f153b4a7f00, 0)
      irqbalance-554   [003] ....  9531.023451: sys_exit: NR 5 = 0
      irqbalance-554   [003] ....  9531.023451: sys_enter: NR 0 (6, 559c0214c540, 400, 0, 0, 0)
      irqbalance-554   [003] ....  9531.023451: sys_exit: NR 0 = 2
      irqbalance-554   [003] ....  9531.023451: sys_enter: NR 3 (6, 1, 7f153a543760, f, 7f153b4a7f00, ffffffffffffffff)
      irqbalance-554   [003] ....  9531.023451: __close_fd+0x0/0x80 <-__x64_sys_close+0x1e/0x50
      irqbalance-554   [003] ....  9531.023451: <stack trace>
 => 0xffffffffc014d061
 => __close_fd+0x5/0x80
 => __x64_sys_close+0x1e/0x50
 => do_syscall_64+0x48/0x120
 => entry_SYSCALL_64_after_hwframe+0x44/0xa9
      irqbalance-554   [003] ....  9531.023451: sys_exit: NR 3 = 0
      irqbalance-554   [003] ....  9531.023451: sys_enter: NR 228 (1, 7ffe48f9d730, 7ffe48f9d730, f, 7ffe48ff7090, 7ffe48f9d730)
      irqbalance-554   [003] ....  9531.025288: sys_exit: NR 228 = 0
      irqbalance-554   [003] ....  9531.025288: sys_enter: NR 7 (559c0215a5e0, 2, 26f7, 559c02158820, 0, 559c02159840)
      irqbalance-554   [003] d...  9531.025288: sched_switch: prev_comm=irqbalance prev_pid=554 prev_prio=120 prev_state=S ==> next_comm=kworker/3:5 next_pid=994 next_prio=120
     kworker/3:5-994   [003] d...  9531.025288: sched_switch: prev_comm=kworker/3:5 prev_pid=994 prev_prio=120 prev_state=I ==> next_comm=rcu_sched next_pid=10 next_prio=120
       rcu_sched-10    [003] d...  9531.025288: sched_switch: prev_comm=rcu_sched prev_pid=10 prev_prio=120 prev_state=I ==> next_comm=swapper/3 next_pid=0 next_prio=120
          <idle>-0     [003] d...  9531.029512: sched_switch: prev_comm=swapper/3 prev_pid=0 prev_prio=120 prev_state=R ==> next_comm=rcu_sched next_pid=10 next_prio=120
       rcu_sched-10    [003] d...  9531.029512: sched_switch: prev_comm=rcu_sched prev_pid=10 prev_prio=120 prev_state=I ==> next_comm=swapper/3 next_pid=0 next_prio=120
          <idle>-0     [003] d...  9531.034398: sched_switch: prev_comm=swapper/3 prev_pid=0 prev_prio=120 prev_state=R ==> next_comm=rcu_sched next_pid=10 next_prio=120
       rcu_sched-10    [003] d...  9531.034398: sched_switch: prev_comm=rcu_sched prev_pid=10 prev_prio=120 prev_state=I ==> next_comm=swapper/3 next_pid=0 next_prio=120
          <idle>-0     [002] d...  9531.752498: sched_switch: prev_comm=swapper/2 prev_pid=0 prev_prio=120 prev_state=R ==> next_comm=kworker/2:0 next_pid=2421 next_prio=120
     kworker/2:0-2421  [002] d...  9531.756600: sched_switch: prev_comm=kworker/2:0 prev_pid=2421 prev_prio=120 prev_state=I ==> next_comm=swapper/2 next_pid=0 next_prio=120
          <idle>-0     [000] d...  9531.814608: sched_switch: prev_comm=swapper/0 prev_pid=0 prev_prio=120 prev_state=R ==> next_comm=sshd next_pid=980 next_prio=120
            sshd-980   [000] ....  9531.814608: sys_exit: NR 23 = 1
            sshd-980   [000] ....  9531.814608: sys_enter: NR 14 (0, 7ffee0218580, 7ffee0218500, 8, 0, 1000)
            sshd-980   [000] ....  9531.814608: sys_exit: NR 14 = 0
            sshd-980   [000] ....  9531.814608: sys_enter: NR 14 (2, 7ffee0218500, 0, 8, 0, 1000)
            sshd-980   [000] ....  9531.814608: sys_exit: NR 14 = 0
            sshd-980   [000] ....  9531.814608: sys_enter: NR 228 (7, 7ffee02185a0, 7ffee02185a0, 8, 7ffee02e50f0, 7ffee02185a0)
            sshd-980   [000] ....  9531.814608: sys_exit: NR 228 = 0
            sshd-980   [000] ....  9531.814608: sys_enter: NR 0 (3, 7ffee0214610, 4000, 8, 7ffee02e50f0, 7ffee02185a0)
            sshd-980   [000] .N..  9531.817164: sys_exit: NR 0 = 36
            sshd-980   [000] d...  9531.817164: sched_switch: prev_comm=sshd prev_pid=980 prev_prio=120 prev_state=R ==> next_comm=ksoftirqd/0 next_pid=9 next_prio=120
     ksoftirqd/0-9     [000] d...  9531.817164: sched_switch: prev_comm=ksoftirqd/0 prev_pid=9 prev_prio=120 prev_state=S ==> next_comm=kworker/0:1 next_pid=1645 next_prio=120
     kworker/0:1-1645  [000] d...  9531.817164: sched_switch: prev_comm=kworker/0:1 prev_pid=1645 prev_prio=120 prev_state=I ==> next_comm=sshd next_pid=980 next_prio=120
            sshd-980   [000] ....  9531.817164: sys_enter: NR 228 (7, 7ffee02184f0, 7ffee02184f0, 0, 7ffee02e50f0, 7ffee02184f0)
            sshd-980   [000] ....  9531.817164: sys_exit: NR 228 = 0
            sshd-980   [000] ....  9531.817164: sys_enter: NR 23 (c, 557f11c3c8a0, 557f11c52f90, 0, 0, 1000)
            sshd-980   [000] ....  9531.817164: sys_exit: NR 23 = 1
            sshd-980   [000] ....  9531.817164: sys_enter: NR 14 (0, 7ffee0218580, 7ffee0218500, 8, 0, 1000)
            sshd-980   [000] ....  9531.817164: sys_exit: NR 14 = 0
            sshd-980   [000] ....  9531.817164: sys_enter: NR 14 (2, 7ffee0218500, 0, 8, 0, 1000)
            sshd-980   [000] ....  9531.817164: sys_exit: NR 14 = 0
            sshd-980   [000] ....  9531.817164: sys_enter: NR 228 (7, 7ffee02185a0, 7ffee02185a0, 8, 7ffee02e50f0, 7ffee02185a0)
            sshd-980   [000] ....  9531.817164: sys_exit: NR 228 = 0
            sshd-980   [000] ....  9531.817164: sys_enter: NR 1 (9, 557f11c548c0, 1, 8, 0, 0)
            sshd-980   [000] ....  9531.817468: sys_exit: NR 1 = 1
            sshd-980   [000] ....  9531.817468: sys_enter: NR 16 (9, 5401, 7ffee02184e0, 8, 7ffee0218540, 0)
            sshd-980   [000] ....  9531.817468: sys_exit: NR 16 = 0
            sshd-980   [000] ....  9531.817468: sys_enter: NR 228 (7, 7ffee02184f0, 7ffee02184f0, 0, 7ffee02e50f0, 7ffee02184f0)
            sshd-980   [000] ....  9531.817468: sys_exit: NR 228 = 0
            sshd-980   [000] ....  9531.817468: sys_enter: NR 23 (c, 557f11c3c8a0, 557f11c52f90, 0, 0, 1000)
            sshd-980   [000] d...  9531.817468: sched_switch: prev_comm=sshd prev_pid=980 prev_prio=120 prev_state=S ==> next_comm=swapper/0 next_pid=0 next_prio=120
          <idle>-0     [003] d...  9531.817836: sched_switch: prev_comm=swapper/3 prev_pid=0 prev_prio=120 prev_state=R ==> next_comm=kworker/u8:2 next_pid=2357 next_prio=120
    kworker/u8:2-2357  [003] d...  9531.817836: sched_switch: prev_comm=kworker/u8:2 prev_pid=2357 prev_prio=120 prev_state=I ==> next_comm=bash next_pid=981 next_prio=120
            bash-981   [003] ....  9531.817836: sys_exit: NR 270 = 1
            bash-981   [003] ....  9531.817836: sys_enter: NR 0 (0, 7ffe8fac8c3f, 1, 0, 0, 7ffe8fac8bf0)
            bash-981   [003] ....  9531.817836: sys_exit: NR 0 = 1
            bash-981   [003] ....  9531.817836: sys_enter: NR 23 (1, 7ffe8fac8be0, 0, 7ffe8fac8c60, 7ffe8fac8bd0, 7f54c24083a0)
            bash-981   [003] ....  9531.817836: sys_exit: NR 23 = 0
            bash-981   [003] ....  9531.817836: sys_enter: NR 1 (2, 55ee544b97c0, 1, 0, 7f54c26878b0, 7f54c2ccd740)
            bash-981   [003] .N..  9531.817836: sys_exit: NR 1 = 1
            bash-981   [003] d...  9531.817836: sched_switch: prev_comm=bash prev_pid=981 prev_prio=120 prev_state=R ==> next_comm=kworker/u8:2 next_pid=2357 next_prio=120
    kworker/u8:2-2357  [003] d...  9531.817836: sched_switch: prev_comm=kworker/u8:2 prev_pid=2357 prev_prio=120 prev_state=I ==> next_comm=bash next_pid=981 next_prio=120
            bash-981   [003] ....  9531.817836: sys_enter: NR 270 (1, 7ffe8fac8cc0, 0, 0, 0, 7ffe8fac8bf0)
            bash-981   [003] d...  9531.817836: sched_switch: prev_comm=bash prev_pid=981 prev_prio=120 prev_state=S ==> next_comm=swapper/3 next_pid=0 next_prio=120
          <idle>-0     [000] d...  9531.819590: sched_switch: prev_comm=swapper/0 prev_pid=0 prev_prio=120 prev_state=R ==> next_comm=sshd next_pid=980 next_prio=120
            sshd-980   [000] ....  9531.819590: sys_exit: NR 23 = 1
            sshd-980   [000] ....  9531.819590: sys_enter: NR 14 (0, 7ffee0218580, 7ffee0218500, 8, 0, 1000)
            sshd-980   [000] ....  9531.819590: sys_exit: NR 14 = 0
            sshd-980   [000] ....  9531.819590: sys_enter: NR 14 (2, 7ffee0218500, 0, 8, 0, 1000)
            sshd-980   [000] ....  9531.819590: sys_exit: NR 14 = 0
            sshd-980   [000] ....  9531.819590: sys_enter: NR 228 (7, 7ffee02185a0, 7ffee02185a0, 8, 7ffee02e50f0, 7ffee02185a0)
            sshd-980   [000] ....  9531.819590: sys_exit: NR 228 = 0
            sshd-980   [000] ....  9531.819590: sys_enter: NR 0 (b, 7ffee02144e0, 4000, 8, 7ffee02e50f0, 7ffee02185a0)
            sshd-980   [000] ....  9531.819590: sys_exit: NR 0 = 1
            sshd-980   [000] ....  9531.819590: sys_enter: NR 39 (557f11c39eaf, 5, f, 0, 1, 100)
            sshd-980   [000] ....  9531.819590: sys_exit: NR 39 = 980
            sshd-980   [000] ....  9531.819590: sys_enter: NR 228 (7, 7ffee02184f0, 7ffee02184f0, 0, 7ffee02e50f0, 7ffee02184f0)
            sshd-980   [000] ....  9531.819590: sys_exit: NR 228 = 0
            sshd-980   [000] ....  9531.819590: sys_enter: NR 23 (c, 557f11c3c8a0, 557f11c52f90, 0, 0, 1000)
            sshd-980   [000] ....  9531.819590: sys_exit: NR 23 = 1
            sshd-980   [000] ....  9531.819590: sys_enter: NR 14 (0, 7ffee0218580, 7ffee0218500, 8, 0, 1000)
            sshd-980   [000] ....  9531.819590: sys_exit: NR 14 = 0
            sshd-980   [000] ....  9531.819590: sys_enter: NR 14 (2, 7ffee0218500, 0, 8, 0, 1000)
            sshd-980   [000] ....  9531.819590: sys_exit: NR 14 = 0
            sshd-980   [000] ....  9531.819590: sys_enter: NR 228 (7, 7ffee02185a0, 7ffee02185a0, 8, 7ffee02e50f0, 7ffee02185a0)
            sshd-980   [000] ....  9531.819590: sys_exit: NR 228 = 0
            sshd-980   [000] ....  9531.819590: sys_enter: NR 1 (3, 557f11c57b30, 24, 8, 7ffee02e50f0, 7ffee02185a0)
            sshd-980   [000] d...  9531.822295: sched_switch: prev_comm=sshd prev_pid=980 prev_prio=120 prev_state=R+ ==> next_comm=ksoftirqd/0 next_pid=9 next_prio=120
     ksoftirqd/0-9     [000] d...  9531.822295: sched_switch: prev_comm=ksoftirqd/0 prev_pid=9 prev_prio=120 prev_state=S ==> next_comm=sshd next_pid=980 next_prio=120
            sshd-980   [000] ....  9531.822295: sys_exit: NR 1 = 36
            sshd-980   [000] ....  9531.822295: sys_enter: NR 228 (7, 7ffee02184f0, 7ffee02184f0, 0, 7ffee02e50f0, 7ffee02184f0)
            sshd-980   [000] ....  9531.822295: sys_exit: NR 228 = 0
            sshd-980   [000] ....  9531.822295: sys_enter: NR 23 (c, 557f11c3c8a0, 557f11c52f90, 0, 0, 1000)
            sshd-980   [000] d...  9531.822295: sched_switch: prev_comm=sshd prev_pid=980 prev_prio=120 prev_state=S ==> next_comm=swapper/0 next_pid=0 next_prio=120
          <idle>-0     [002] d...  9531.872567: sched_switch: prev_comm=swapper/2 prev_pid=0 prev_prio=120 prev_state=R ==> next_comm=kworker/2:1H next_pid=175 next_prio=100
    kworker/2:1H-175   [002] d...  9531.872567: sched_switch: prev_comm=kworker/2:1H prev_pid=175 prev_prio=100 prev_state=I ==> next_comm=swapper/2 next_pid=0 next_prio=120
          <idle>-0     [001] d...  9531.888658: sched_switch: prev_comm=swapper/1 prev_pid=0 prev_prio=120 prev_state=R ==> next_comm=kworker/1:0 next_pid=1102 next_prio=120
     kworker/1:0-1102  [001] d...  9531.888658: sched_switch: prev_comm=kworker/1:0 prev_pid=1102 prev_prio=120 prev_state=I ==> next_comm=swapper/1 next_pid=0 next_prio=120
          <idle>-0     [003] d...  9531.888658: sched_switch: prev_comm=swapper/3 prev_pid=0 prev_prio=120 prev_state=R ==> next_comm=kworker/u8:2 next_pid=2357 next_prio=120
    kworker/u8:2-2357  [003] d...  9531.888658: sched_switch: prev_comm=kworker/u8:2 prev_pid=2357 prev_prio=120 prev_state=I ==> next_comm=swapper/3 next_pid=0 next_prio=120
          <idle>-0     [002] d...  9532.008086: sched_switch: prev_comm=swapper/2 prev_pid=0 prev_prio=120 prev_state=R ==> next_comm=gmain next_pid=605 next_prio=120
           gmain-605   [002] ....  9532.008086: sys_exit: NR 7 = 0
           gmain-605   [002] ....  9532.008086: sys_enter: NR 228 (1, 7f52c7632bf0, 7f52c7632bf0, 7f52c00028e0, 7ffccd3cb090, 7f52c7632bf0)
           gmain-605   [002] ....  9532.008086: sys_exit: NR 228 = 0
           gmain-605   [002] ....  9532.008086: sys_enter: NR 254 (7, 55692c9ec3a0, 1002fce, 7f52c00028e0, 56cd36aa, 7f52c7632bf0)
           gmain-605   [002] ....  9532.008086: sys_exit: NR 254 = -2
           gmain-605   [002] ....  9532.008086: sys_enter: NR 254 (7, 55692c9eb980, 1002fce, 7f52c00028e0, b10563a8, 7f52c7632bf0)
           gmain-605   [002] ....  9532.008086: sys_exit: NR 254 = -2
           gmain-605   [002] ....  9532.008086: sys_enter: NR 254 (7, 55692c9eb450, 1002fce, 7f52c00028e0, b10563a8, 7f52c7632bf0)
           gmain-605   [002] ....  9532.008086: sys_exit: NR 254 = -2
           gmain-605   [002] ....  9532.008086: sys_enter: NR 254 (7, 55692c9eb100, 1002fce, 7f52c00028e0, b10563a8, 7f52c7632bf0)
           gmain-605   [002] ....  9532.008086: sys_exit: NR 254 = -2
           gmain-605   [002] ....  9532.008086: sys_enter: NR 228 (1, 7f52c7632be0, 7f52c7632be0, 7f52c00028e0, 7ffccd3cb090, 7f52c7632be0)
           gmain-605   [002] ....  9532.008503: sys_exit: NR 228 = 0
           gmain-605   [002] ....  9532.008503: sys_enter: NR 7 (55692c9cb410, 2, f98, 7f52c00028e0, 0, 55692c9e82a0)
           gmain-605   [002] d...  9532.008503: sched_switch: prev_comm=gmain prev_pid=605 prev_prio=120 prev_state=S ==> next_comm=kworker/2:0 next_pid=2421 next_prio=120
     kworker/2:0-2421  [002] d...  9532.008503: sched_switch: prev_comm=kworker/2:0 prev_pid=2421 prev_prio=120 prev_state=I ==> next_comm=swapper/2 next_pid=0 next_prio=120
          <idle>-0     [000] d...  9532.452700: sched_switch: prev_comm=swapper/0 prev_pid=0 prev_prio=120 prev_state=R ==> next_comm=kworker/0:1 next_pid=1645 next_prio=120
          <idle>-0     [002] d...  9532.452776: sched_switch: prev_comm=swapper/2 prev_pid=0 prev_prio=120 prev_state=R ==> next_comm=kworker/2:0 next_pid=2421 next_prio=120
     kworker/2:0-2421  [002] d...  9532.452776: sched_switch: prev_comm=kworker/2:0 prev_pid=2421 prev_prio=120 prev_state=D ==> next_comm=kworker/2:1 next_pid=90 next_prio=120
     kworker/2:1-90    [002] d...  9532.455375: sched_switch: prev_comm=kworker/2:1 prev_pid=90 prev_prio=120 prev_state=D ==> next_comm=kworker/2:3 next_pid=2053 next_prio=120
     kworker/2:3-2053  [002] d...  9532.455375: sched_switch: prev_comm=kworker/2:3 prev_pid=2053 prev_prio=120 prev_state=I ==> next_comm=swapper/2 next_pid=0 next_prio=120
     kworker/0:1-1645  [000] d...  9532.458596: sched_switch: prev_comm=kworker/0:1 prev_pid=1645 prev_prio=120 prev_state=R+ ==> next_comm=ksoftirqd/0 next_pid=9 next_prio=120
          <idle>-0     [002] d...  9532.459590: sched_switch: prev_comm=swapper/2 prev_pid=0 prev_prio=120 prev_state=R ==> next_comm=kworker/2:0 next_pid=2421 next_prio=120
     ksoftirqd/0-9     [000] d...  9532.460290: sched_switch: prev_comm=ksoftirqd/0 prev_pid=9 prev_prio=120 prev_state=S ==> next_comm=kworker/0:1 next_pid=1645 next_prio=120
     kworker/0:1-1645  [000] d...  9532.460290: sched_switch: prev_comm=kworker/0:1 prev_pid=1645 prev_prio=120 prev_state=I ==> next_comm=swapper/0 next_pid=0 next_prio=120
     kworker/2:0-2421  [002] d...  9532.460420: sched_switch: prev_comm=kworker/2:0 prev_pid=2421 prev_prio=120 prev_state=R+ ==> next_comm=kworker/2:1 next_pid=90 next_prio=120
     kworker/2:1-90    [002] d...  9532.460420: sched_switch: prev_comm=kworker/2:1 prev_pid=90 prev_prio=120 prev_state=I ==> next_comm=ksoftirqd/2 next_pid=20 next_prio=120
     ksoftirqd/2-20    [002] d...  9532.460420: sched_switch: prev_comm=ksoftirqd/2 prev_pid=20 prev_prio=120 prev_state=S ==> next_comm=kworker/2:0 next_pid=2421 next_prio=120
     kworker/2:0-2421  [002] d...  9532.460420: sched_switch: prev_comm=kworker/2:0 prev_pid=2421 prev_prio=120 prev_state=I ==> next_comm=swapper/2 next_pid=0 next_prio=120
          <idle>-0     [000] d...  9532.546328: sched_switch: prev_comm=swapper/0 prev_pid=0 prev_prio=120 prev_state=R ==> next_comm=sshd next_pid=980 next_prio=120
            sshd-980   [000] ....  9532.546328: sys_exit: NR 23 = 1
            sshd-980   [000] ....  9532.546328: sys_enter: NR 14 (0, 7ffee0218580, 7ffee0218500, 8, 0, 1000)
            sshd-980   [000] ....  9532.546328: sys_exit: NR 14 = 0
            sshd-980   [000] ....  9532.546328: sys_enter: NR 14 (2, 7ffee0218500, 0, 8, 0, 1000)
            sshd-980   [000] ....  9532.546328: sys_exit: NR 14 = 0
            sshd-980   [000] ....  9532.546328: sys_enter: NR 228 (7, 7ffee02185a0, 7ffee02185a0, 8, 7ffee02e50f0, 7ffee02185a0)
            sshd-980   [000] ....  9532.548550: sys_exit: NR 228 = 0
            sshd-980   [000] ....  9532.548550: sys_enter: NR 0 (3, 7ffee0214610, 4000, 8, 7ffee02e50f0, 7ffee02185a0)
            sshd-980   [000] ....  9532.548550: sys_exit: NR 0 = 36
            sshd-980   [000] ....  9532.548550: sys_enter: NR 228 (7, 7ffee02184f0, 7ffee02184f0, 0, 7ffee02e50f0, 7ffee02184f0)
            sshd-980   [000] ....  9532.549353: sys_exit: NR 228 = 0
            sshd-980   [000] ....  9532.549353: sys_enter: NR 23 (c, 557f11c3c8a0, 557f11c52f90, 0, 0, 1000)
            sshd-980   [000] ....  9532.549353: sys_exit: NR 23 = 1
            sshd-980   [000] ....  9532.549353: sys_enter: NR 14 (0, 7ffee0218580, 7ffee0218500, 8, 0, 1000)
            sshd-980   [000] ....  9532.549353: sys_exit: NR 14 = 0
            sshd-980   [000] ....  9532.549353: sys_enter: NR 14 (2, 7ffee0218500, 0, 8, 0, 1000)
            sshd-980   [000] ....  9532.549353: sys_exit: NR 14 = 0
            sshd-980   [000] ....  9532.549353: sys_enter: NR 228 (7, 7ffee02185a0, 7ffee02185a0, 8, 7ffee02e50f0, 7ffee02185a0)
            sshd-980   [000] ....  9532.549353: sys_exit: NR 228 = 0
            sshd-980   [000] ....  9532.549353: sys_enter: NR 1 (9, 557f11c548c0, 1, 8, 0, 0)
            sshd-980   [000] ....  9532.550112: sys_exit: NR 1 = 1
            sshd-980   [000] ....  9532.550112: sys_enter: NR 16 (9, 5401, 7ffee02184e0, 8, 7ffee0218540, 0)
            sshd-980   [000] ....  9532.550112: sys_exit: NR 16 = 0
            sshd-980   [000] ....  9532.550112: sys_enter: NR 228 (7, 7ffee02184f0, 7ffee02184f0, 0, 7ffee02e50f0, 7ffee02184f0)
            sshd-980   [000] ....  9532.550112: sys_exit: NR 228 = 0
            sshd-980   [000] ....  9532.550112: sys_enter: NR 23 (c, 557f11c3c8a0, 557f11c52f90, 0, 0, 1000)
            sshd-980   [000] d...  9532.550112: sched_switch: prev_comm=sshd prev_pid=980 prev_prio=120 prev_state=S ==> next_comm=swapper/0 next_pid=0 next_prio=120
          <idle>-0     [000] d...  9532.552002: sched_switch: prev_comm=swapper/0 prev_pid=0 prev_prio=120 prev_state=R ==> next_comm=sshd next_pid=980 next_prio=120
            sshd-980   [000] ....  9532.552002: sys_exit: NR 23 = 1
            sshd-980   [000] ....  9532.552002: sys_enter: NR 14 (0, 7ffee0218580, 7ffee0218500, 8, 0, 1000)
            sshd-980   [000] ....  9532.552002: sys_exit: NR 14 = 0
            sshd-980   [000] ....  9532.552002: sys_enter: NR 14 (2, 7ffee0218500, 0, 8, 0, 1000)
            sshd-980   [000] ....  9532.552002: sys_exit: NR 14 = 0
            sshd-980   [000] ....  9532.552002: sys_enter: NR 228 (7, 7ffee02185a0, 7ffee02185a0, 8, 7ffee02e50f0, 7ffee02185a0)
            sshd-980   [000] ....  9532.552002: sys_exit: NR 228 = 0
            sshd-980   [000] ....  9532.552002: sys_enter: NR 0 (b, 7ffee02144e0, 4000, 8, 7ffee02e50f0, 7ffee02185a0)
            sshd-980   [000] ....  9532.552002: sys_exit: NR 0 = 4
            sshd-980   [000] ....  9532.552002: sys_enter: NR 39 (557f11c39eb2, a, 12, 0, 1, 100)
            sshd-980   [000] ....  9532.552002: sys_exit: NR 39 = 980
            sshd-980   [000] ....  9532.552002: sys_enter: NR 228 (7, 7ffee02184f0, 7ffee02184f0, 0, 7ffee02e50f0, 7ffee02184f0)
            sshd-980   [000] ....  9532.552002: sys_exit: NR 228 = 0
            sshd-980   [000] ....  9532.552002: sys_enter: NR 23 (c, 557f11c3c8a0, 557f11c52f90, 0, 0, 1000)
            sshd-980   [000] ....  9532.552002: sys_exit: NR 23 = 1
            sshd-980   [000] ....  9532.552002: sys_enter: NR 14 (0, 7ffee0218580, 7ffee0218500, 8, 0, 1000)
            sshd-980   [000] ....  9532.552002: sys_exit: NR 14 = 0
            sshd-980   [000] ....  9532.552002: sys_enter: NR 14 (2, 7ffee0218500, 0, 8, 0, 1000)
            sshd-980   [000] ....  9532.552002: sys_exit: NR 14 = 0
            sshd-980   [000] ....  9532.552002: sys_enter: NR 228 (7, 7ffee02185a0, 7ffee02185a0, 8, 7ffee02e50f0, 7ffee02185a0)
            sshd-980   [000] ....  9532.552002: sys_exit: NR 228 = 0
            sshd-980   [000] ....  9532.552002: sys_enter: NR 1 (3, 557f11c57b30, 2c, 8, 7ffee02e50f0, 7ffee02185a0)
          <idle>-0     [003] d...  9532.552002: sched_switch: prev_comm=swapper/3 prev_pid=0 prev_prio=120 prev_state=R ==> next_comm=kworker/u8:2 next_pid=2357 next_prio=120
    kworker/u8:2-2357  [003] d...  9532.552002: sched_switch: prev_comm=kworker/u8:2 prev_pid=2357 prev_prio=120 prev_state=I ==> next_comm=bash next_pid=981 next_prio=120
            bash-981   [003] ....  9532.552002: sys_exit: NR 270 = 1
            bash-981   [003] ....  9532.552002: sys_enter: NR 0 (0, 7ffe8fac8c3f, 1, 0, 0, 7ffe8fac8bf0)
            bash-981   [003] ....  9532.552002: sys_exit: NR 0 = 1
            bash-981   [003] ....  9532.552002: sys_enter: NR 1 (2, 55ee544b97c0, 4, 0, 7f54c26878b0, 7f54c2ccd740)
            bash-981   [003] .N..  9532.552002: sys_exit: NR 1 = 4
            bash-981   [003] d...  9532.552002: sched_switch: prev_comm=bash prev_pid=981 prev_prio=120 prev_state=R ==> next_comm=kworker/u8:2 next_pid=2357 next_prio=120
    kworker/u8:2-2357  [003] d...  9532.552002: sched_switch: prev_comm=kworker/u8:2 prev_pid=2357 prev_prio=120 prev_state=I ==> next_comm=bash next_pid=981 next_prio=120
            bash-981   [003] ....  9532.552002: sys_enter: NR 270 (1, 7ffe8fac8cc0, 0, 0, 0, 7ffe8fac8bf0)
            bash-981   [003] d...  9532.552002: sched_switch: prev_comm=bash prev_pid=981 prev_prio=120 prev_state=S ==> next_comm=swapper/3 next_pid=0 next_prio=120
            sshd-980   [000] d...  9532.553592: sched_switch: prev_comm=sshd prev_pid=980 prev_prio=120 prev_state=R+ ==> next_comm=ksoftirqd/0 next_pid=9 next_prio=120
     ksoftirqd/0-9     [000] d...  9532.553592: sched_switch: prev_comm=ksoftirqd/0 prev_pid=9 prev_prio=120 prev_state=S ==> next_comm=sshd next_pid=980 next_prio=120
            sshd-980   [000] ....  9532.553592: sys_exit: NR 1 = 44
            sshd-980   [000] ....  9532.553592: sys_enter: NR 228 (7, 7ffee02184f0, 7ffee02184f0, 0, 7ffee02e50f0, 7ffee02184f0)
            sshd-980   [000] ....  9532.553592: sys_exit: NR 228 = 0
            sshd-980   [000] ....  9532.553592: sys_enter: NR 23 (c, 557f11c3c8a0, 557f11c52f90, 0, 0, 1000)
            sshd-980   [000] d...  9532.553592: sched_switch: prev_comm=sshd prev_pid=980 prev_prio=120 prev_state=S ==> next_comm=swapper/0 next_pid=0 next_prio=120
          <idle>-0     [002] d...  9532.707878: sched_switch: prev_comm=swapper/2 prev_pid=0 prev_prio=120 prev_state=R ==> next_comm=kworker/2:0 next_pid=2421 next_prio=120
     kworker/2:0-2421  [002] d...  9532.707878: sched_switch: prev_comm=kworker/2:0 prev_pid=2421 prev_prio=120 prev_state=I ==> next_comm=swapper/2 next_pid=0 next_prio=120
          <idle>-0     [000] d...  9532.768191: sched_switch: prev_comm=swapper/0 prev_pid=0 prev_prio=120 prev_state=R ==> next_comm=sshd next_pid=980 next_prio=120
            sshd-980   [000] ....  9532.768191: sys_exit: NR 23 = 1
            sshd-980   [000] ....  9532.768191: sys_enter: NR 14 (0, 7ffee0218580, 7ffee0218500, 8, 0, 1000)
            sshd-980   [000] ....  9532.768191: sys_exit: NR 14 = 0
            sshd-980   [000] ....  9532.768191: sys_enter: NR 14 (2, 7ffee0218500, 0, 8, 0, 1000)
            sshd-980   [000] ....  9532.768191: sys_exit: NR 14 = 0
            sshd-980   [000] ....  9532.768191: sys_enter: NR 228 (7, 7ffee02185a0, 7ffee02185a0, 8, 7ffee02e50f0, 7ffee02185a0)
            sshd-980   [000] .N..  9532.770583: sys_exit: NR 228 = 0
            sshd-980   [000] d...  9532.770583: sched_switch: prev_comm=sshd prev_pid=980 prev_prio=120 prev_state=R ==> next_comm=kworker/0:1 next_pid=1645 next_prio=120
     kworker/0:1-1645  [000] d...  9532.771583: sched_switch: prev_comm=kworker/0:1 prev_pid=1645 prev_prio=120 prev_state=I ==> next_comm=sshd next_pid=980 next_prio=120
            sshd-980   [000] ....  9532.771583: sys_enter: NR 0 (3, 7ffee0214610, 4000, 8, 7ffee02e50f0, 7ffee02185a0)
            sshd-980   [000] ....  9532.771872: sys_exit: NR 0 = 36
            sshd-980   [000] ....  9532.771872: sys_enter: NR 228 (7, 7ffee02184f0, 7ffee02184f0, 0, 7ffee02e50f0, 7ffee02184f0)
          <idle>-0     [002] d...  9532.771872: sched_switch: prev_comm=swapper/2 prev_pid=0 prev_prio=120 prev_state=R ==> next_comm=kworker/2:0 next_pid=2421 next_prio=120
     kworker/2:0-2421  [002] d...  9532.771872: sched_switch: prev_comm=kworker/2:0 prev_pid=2421 prev_prio=120 prev_state=I ==> next_comm=swapper/2 next_pid=0 next_prio=120
            sshd-980   [000] ....  9532.772618: sys_exit: NR 228 = 0
            sshd-980   [000] ....  9532.772618: sys_enter: NR 23 (c, 557f11c3c8a0, 557f11c52f90, 0, 0, 1000)
            sshd-980   [000] ....  9532.772618: sys_exit: NR 23 = 1
            sshd-980   [000] ....  9532.772618: sys_enter: NR 14 (0, 7ffee0218580, 7ffee0218500, 8, 0, 1000)
            sshd-980   [000] ....  9532.772618: sys_exit: NR 14 = 0
            sshd-980   [000] ....  9532.772618: sys_enter: NR 14 (2, 7ffee0218500, 0, 8, 0, 1000)
            sshd-980   [000] ....  9532.772618: sys_exit: NR 14 = 0
            sshd-980   [000] ....  9532.772618: sys_enter: NR 228 (7, 7ffee02185a0, 7ffee02185a0, 8, 7ffee02e50f0, 7ffee02185a0)
            sshd-980   [000] ....  9532.772618: sys_exit: NR 228 = 0
            sshd-980   [000] ....  9532.772618: sys_enter: NR 1 (9, 557f11c548c0, 1, 8, 0, 0)
            sshd-980   [000] ....  9532.772618: sys_exit: NR 1 = 1
            sshd-980   [000] ....  9532.772618: sys_enter: NR 16 (9, 5401, 7ffee02184e0, 8, 7ffee0218540, 0)
            sshd-980   [000] ....  9532.772618: sys_exit: NR 16 = 0
            sshd-980   [000] ....  9532.772618: sys_enter: NR 228 (7, 7ffee02184f0, 7ffee02184f0, 0, 7ffee02e50f0, 7ffee02184f0)
            sshd-980   [000] ....  9532.774665: sys_exit: NR 228 = 0
            sshd-980   [000] ....  9532.774665: sys_enter: NR 23 (c, 557f11c3c8a0, 557f11c52f90, 0, 0, 1000)
            sshd-980   [000] d...  9532.774665: sched_switch: prev_comm=sshd prev_pid=980 prev_prio=120 prev_state=S ==> next_comm=swapper/0 next_pid=0 next_prio=120
          <idle>-0     [003] d...  9532.774665: sched_switch: prev_comm=swapper/3 prev_pid=0 prev_prio=120 prev_state=R ==> next_comm=kworker/u8:2 next_pid=2357 next_prio=120
    kworker/u8:2-2357  [003] d...  9532.775874: sched_switch: prev_comm=kworker/u8:2 prev_pid=2357 prev_prio=120 prev_state=I ==> next_comm=bash next_pid=981 next_prio=120
            bash-981   [003] ....  9532.775874: sys_exit: NR 270 = 1
            bash-981   [003] ....  9532.775874: sys_enter: NR 0 (0, 7ffe8fac8c3f, 1, 0, 0, 7ffe8fac8bf0)
            bash-981   [003] ....  9532.775874: sys_exit: NR 0 = 1
            bash-981   [003] ....  9532.775874: sys_enter: NR 23 (1, 7ffe8fac8be0, 0, 7ffe8fac8c60, 7ffe8fac8bd0, 7f54c24083a0)
            bash-981   [003] ....  9532.775874: sys_exit: NR 23 = 0
            bash-981   [003] ....  9532.775874: sys_enter: NR 1 (2, 55ee544b97c0, 1, 0, 7f54c26878b0, 7f54c2ccd740)
            bash-981   [003] .N..  9532.775874: sys_exit: NR 1 = 1
            bash-981   [003] d...  9532.775874: sched_switch: prev_comm=bash prev_pid=981 prev_prio=120 prev_state=R ==> next_comm=kworker/u8:2 next_pid=2357 next_prio=120
    kworker/u8:2-2357  [003] d...  9532.776018: sched_switch: prev_comm=kworker/u8:2 prev_pid=2357 prev_prio=120 prev_state=I ==> next_comm=bash next_pid=981 next_prio=120
