            sshd-980   [001] ....  7787.277355: sys_exit: NR 14 = 0
            sshd-980   [001] ....  7787.277355: sys_enter: NR 228 (7, 7ffee02185a0, 7ffee02185a0, 8, 7ffee02e50f0, 7ffee02185a0)
            sshd-980   [001] ....  7787.277355: sys_exit: NR 228 = 0
            sshd-980   [001] ....  7787.277355: sys_enter: NR 1 (3, 557f11c57b30, 24, 8, 7ffee02e50f0, 7ffee02185a0)
            sshd-980   [001] ....  7787.277355: sys_exit: NR 1 = 36
            sshd-980   [001] ....  7787.277355: sys_enter: NR 228 (7, 7ffee02184f0, 7ffee02184f0, 0, 7ffee02e50f0, 7ffee02184f0)
            sshd-980   [001] ....  7787.277355: sys_exit: NR 228 = 0
            sshd-980   [001] ....  7787.277355: sys_enter: NR 23 (c, 557f11c3c8a0, 557f11c52f90, 0, 0, 1000)
            sshd-980   [001] d...  7787.277355: sched_switch: prev_comm=sshd prev_pid=980 prev_prio=120 prev_state=S ==> next_comm=swapper/1 next_pid=0 next_prio=120
          <idle>-0     [001] d...  7787.437596: sched_switch: prev_comm=swapper/1 prev_pid=0 prev_prio=120 prev_state=R ==> next_comm=sshd next_pid=980 next_prio=120
            sshd-980   [001] ....  7787.437596: sys_exit: NR 23 = 1
            sshd-980   [001] ....  7787.437596: sys_enter: NR 14 (0, 7ffee0218580, 7ffee0218500, 8, 0, 1000)
            sshd-980   [001] ....  7787.437596: sys_exit: NR 14 = 0
            sshd-980   [001] ....  7787.437596: sys_enter: NR 14 (2, 7ffee0218500, 0, 8, 0, 1000)
            sshd-980   [001] ....  7787.437596: sys_exit: NR 14 = 0
            sshd-980   [001] ....  7787.437596: sys_enter: NR 228 (7, 7ffee02185a0, 7ffee02185a0, 8, 7ffee02e50f0, 7ffee02185a0)
            sshd-980   [001] ....  7787.437596: sys_exit: NR 228 = 0
            sshd-980   [001] ....  7787.437596: sys_enter: NR 0 (3, 7ffee0214610, 4000, 8, 7ffee02e50f0, 7ffee02185a0)
            sshd-980   [001] ....  7787.437596: sys_exit: NR 0 = 36
            sshd-980   [001] ....  7787.437596: sys_enter: NR 228 (7, 7ffee02184f0, 7ffee02184f0, 0, 7ffee02e50f0, 7ffee02184f0)
            sshd-980   [001] ....  7787.437596: sys_exit: NR 228 = 0
            sshd-980   [001] ....  7787.437596: sys_enter: NR 23 (c, 557f11c3c8a0, 557f11c52f90, 0, 0, 1000)
            sshd-980   [001] ....  7787.437596: sys_exit: NR 23 = 1
            sshd-980   [001] ....  7787.437596: sys_enter: NR 14 (0, 7ffee0218580, 7ffee0218500, 8, 0, 1000)
            sshd-980   [001] ....  7787.437596: sys_exit: NR 14 = 0
            sshd-980   [001] ....  7787.437596: sys_enter: NR 14 (2, 7ffee0218500, 0, 8, 0, 1000)
            sshd-980   [001] ....  7787.437596: sys_exit: NR 14 = 0
            sshd-980   [001] ....  7787.437596: sys_enter: NR 228 (7, 7ffee02185a0, 7ffee02185a0, 8, 7ffee02e50f0, 7ffee02185a0)
            sshd-980   [001] ....  7787.437596: sys_exit: NR 228 = 0
            sshd-980   [001] ....  7787.437596: sys_enter: NR 1 (9, 557f11c548c0, 1, 8, 0, 0)
            sshd-980   [001] .N..  7787.437596: sys_exit: NR 1 = 1
            sshd-980   [001] d...  7787.437596: sched_switch: prev_comm=sshd prev_pid=980 prev_prio=120 prev_state=R ==> next_comm=kworker/u8:1 next_pid=2086 next_prio=120
    kworker/u8:1-2086  [001] d...  7787.437596: sched_switch: prev_comm=kworker/u8:1 prev_pid=2086 prev_prio=120 prev_state=I ==> next_comm=bash next_pid=2094 next_prio=120
            bash-2094  [001] ....  7787.437596: sys_exit: NR 270 = 1
            bash-2094  [001] ....  7787.437596: sys_enter: NR 0 (0, 7ffe1263155f, 1, 0, 0, 7ffe12631510)
            bash-2094  [001] ....  7787.437596: sys_exit: NR 0 = 1
            bash-2094  [001] ....  7787.437596: sys_enter: NR 23 (1, 7ffe12631500, 0, 7ffe12631580, 7ffe126314f0, 7f1c686063a0)
            bash-2094  [001] ....  7787.437596: sys_exit: NR 23 = 0
            bash-2094  [001] ....  7787.437596: sys_enter: NR 1 (2, 55b8236ec2a0, 1, 0, 7f1c688858b0, 7f1c68ecb740)
            bash-2094  [001] .N..  7787.437596: sys_exit: NR 1 = 1
            bash-2094  [001] d...  7787.437596: sched_switch: prev_comm=bash prev_pid=2094 prev_prio=120 prev_state=R ==> next_comm=kworker/u8:1 next_pid=2086 next_prio=120
    kworker/u8:1-2086  [001] d...  7787.437596: sched_switch: prev_comm=kworker/u8:1 prev_pid=2086 prev_prio=120 prev_state=I ==> next_comm=bash next_pid=2094 next_prio=120
            bash-2094  [001] ....  7787.437596: sys_enter: NR 270 (1, 7ffe126315e0, 0, 0, 0, 7ffe12631510)
            bash-2094  [001] d...  7787.437596: sched_switch: prev_comm=bash prev_pid=2094 prev_prio=120 prev_state=S ==> next_comm=sshd next_pid=980 next_prio=120
            sshd-980   [001] ....  7787.437596: sys_enter: NR 16 (9, 5401, 7ffee02184e0, 8, 7ffee0218540, 0)
            sshd-980   [001] ....  7787.437596: sys_exit: NR 16 = 0
            sshd-980   [001] ....  7787.437596: sys_enter: NR 228 (7, 7ffee02184f0, 7ffee02184f0, 0, 7ffee02e50f0, 7ffee02184f0)
            sshd-980   [001] ....  7787.437596: sys_exit: NR 228 = 0
            sshd-980   [001] ....  7787.437596: sys_enter: NR 23 (c, 557f11c3c8a0, 557f11c52f90, 0, 0, 1000)
            sshd-980   [001] ....  7787.437596: sys_exit: NR 23 = 1
            sshd-980   [001] ....  7787.437596: sys_enter: NR 14 (0, 7ffee0218580, 7ffee0218500, 8, 0, 1000)
            sshd-980   [001] ....  7787.437596: sys_exit: NR 14 = 0
            sshd-980   [001] ....  7787.437596: sys_enter: NR 14 (2, 7ffee0218500, 0, 8, 0, 1000)
            sshd-980   [001] ....  7787.437596: sys_exit: NR 14 = 0
            sshd-980   [001] ....  7787.437596: sys_enter: NR 228 (7, 7ffee02185a0, 7ffee02185a0, 8, 7ffee02e50f0, 7ffee02185a0)
            sshd-980   [001] ....  7787.437596: sys_exit: NR 228 = 0
            sshd-980   [001] ....  7787.437596: sys_enter: NR 0 (b, 7ffee02144e0, 4000, 8, 7ffee02e50f0, 7ffee02185a0)
            sshd-980   [001] ....  7787.437596: sys_exit: NR 0 = 1
            sshd-980   [001] ....  7787.437596: sys_enter: NR 39 (557f11c39eaf, 5, f, 0, 1, 100)
            sshd-980   [001] ....  7787.437596: sys_exit: NR 39 = 980
            sshd-980   [001] ....  7787.437596: sys_enter: NR 228 (7, 7ffee02184f0, 7ffee02184f0, 0, 7ffee02e50f0, 7ffee02184f0)
            sshd-980   [001] ....  7787.437596: sys_exit: NR 228 = 0
            sshd-980   [001] ....  7787.437596: sys_enter: NR 23 (c, 557f11c3c8a0, 557f11c52f90, 0, 0, 1000)
            sshd-980   [001] ....  7787.437596: sys_exit: NR 23 = 1
            sshd-980   [001] ....  7787.437596: sys_enter: NR 14 (0, 7ffee0218580, 7ffee0218500, 8, 0, 1000)
            sshd-980   [001] ....  7787.437596: sys_exit: NR 14 = 0
            sshd-980   [001] ....  7787.437596: sys_enter: NR 14 (2, 7ffee0218500, 0, 8, 0, 1000)
            sshd-980   [001] ....  7787.437596: sys_exit: NR 14 = 0
            sshd-980   [001] ....  7787.437596: sys_enter: NR 228 (7, 7ffee02185a0, 7ffee02185a0, 8, 7ffee02e50f0, 7ffee02185a0)
            sshd-980   [001] ....  7787.437596: sys_exit: NR 228 = 0
            sshd-980   [001] ....  7787.437596: sys_enter: NR 1 (3, 557f11c57b30, 24, 8, 7ffee02e50f0, 7ffee02185a0)
            sshd-980   [001] ....  7787.437596: sys_exit: NR 1 = 36
            sshd-980   [001] ....  7787.437596: sys_enter: NR 228 (7, 7ffee02184f0, 7ffee02184f0, 0, 7ffee02e50f0, 7ffee02184f0)
            sshd-980   [001] ....  7787.437596: sys_exit: NR 228 = 0
            sshd-980   [001] ....  7787.437596: sys_enter: NR 23 (c, 557f11c3c8a0, 557f11c52f90, 0, 0, 1000)
            sshd-980   [001] d...  7787.437596: sched_switch: prev_comm=sshd prev_pid=980 prev_prio=120 prev_state=S ==> next_comm=swapper/1 next_pid=0 next_prio=120
          <idle>-0     [001] d...  7787.488878: sched_switch: prev_comm=swapper/1 prev_pid=0 prev_prio=120 prev_state=R ==> next_comm=kworker/u8:1 next_pid=2086 next_prio=120
    kworker/u8:1-2086  [001] d...  7787.491036: sched_switch: prev_comm=kworker/u8:1 prev_pid=2086 prev_prio=120 prev_state=I ==> next_comm=swapper/1 next_pid=0 next_prio=120
          <idle>-0     [001] d...  7787.500401: sched_switch: prev_comm=swapper/1 prev_pid=0 prev_prio=120 prev_state=R ==> next_comm=sshd next_pid=980 next_prio=120
            sshd-980   [001] ....  7787.500401: sys_exit: NR 23 = 1
            sshd-980   [001] ....  7787.500401: sys_enter: NR 14 (0, 7ffee0218580, 7ffee0218500, 8, 0, 1000)
            sshd-980   [001] ....  7787.500401: sys_exit: NR 14 = 0
            sshd-980   [001] ....  7787.500401: sys_enter: NR 14 (2, 7ffee0218500, 0, 8, 0, 1000)
            sshd-980   [001] ....  7787.500401: sys_exit: NR 14 = 0
            sshd-980   [001] ....  7787.500401: sys_enter: NR 228 (7, 7ffee02185a0, 7ffee02185a0, 8, 7ffee02e50f0, 7ffee02185a0)
            sshd-980   [001] ....  7787.500401: sys_exit: NR 228 = 0
            sshd-980   [001] ....  7787.500401: sys_enter: NR 0 (3, 7ffee0214610, 4000, 8, 7ffee02e50f0, 7ffee02185a0)
            sshd-980   [001] ....  7787.500401: sys_exit: NR 0 = 36
            sshd-980   [001] ....  7787.500401: sys_enter: NR 228 (7, 7ffee02184f0, 7ffee02184f0, 0, 7ffee02e50f0, 7ffee02184f0)
            sshd-980   [001] ....  7787.500401: sys_exit: NR 228 = 0
            sshd-980   [001] ....  7787.500401: sys_enter: NR 23 (c, 557f11c3c8a0, 557f11c52f90, 0, 0, 1000)
            sshd-980   [001] ....  7787.500401: sys_exit: NR 23 = 1
            sshd-980   [001] ....  7787.500401: sys_enter: NR 14 (0, 7ffee0218580, 7ffee0218500, 8, 0, 1000)
            sshd-980   [001] ....  7787.500401: sys_exit: NR 14 = 0
            sshd-980   [001] ....  7787.500401: sys_enter: NR 14 (2, 7ffee0218500, 0, 8, 0, 1000)
            sshd-980   [001] ....  7787.500401: sys_exit: NR 14 = 0
            sshd-980   [001] ....  7787.500401: sys_enter: NR 228 (7, 7ffee02185a0, 7ffee02185a0, 8, 7ffee02e50f0, 7ffee02185a0)
            sshd-980   [001] ....  7787.500401: sys_exit: NR 228 = 0
            sshd-980   [001] ....  7787.500401: sys_enter: NR 1 (9, 557f11c548c0, 1, 8, 0, 0)
            sshd-980   [001] .N..  7787.500401: sys_exit: NR 1 = 1
            sshd-980   [001] d...  7787.500401: sched_switch: prev_comm=sshd prev_pid=980 prev_prio=120 prev_state=R ==> next_comm=kworker/u8:1 next_pid=2086 next_prio=120
    kworker/u8:1-2086  [001] d...  7787.500401: sched_switch: prev_comm=kworker/u8:1 prev_pid=2086 prev_prio=120 prev_state=I ==> next_comm=bash next_pid=2094 next_prio=120
            bash-2094  [001] ....  7787.500401: sys_exit: NR 270 = 1
            bash-2094  [001] ....  7787.500401: sys_enter: NR 0 (0, 7ffe1263155f, 1, 0, 0, 7ffe12631510)
            bash-2094  [001] ....  7787.500401: sys_exit: NR 0 = 1
            bash-2094  [001] ....  7787.500401: sys_enter: NR 4 (55b8236ee5e0, 7ffe12631270, 7ffe12631270, 55b8236ee5e1, fe80, 2f78756e696c6c61)
            bash-2094  [001] ....  7787.500401: sys_exit: NR 4 = 0
            bash-2094  [001] ....  7787.500401: sys_enter: NR 4 (55b8236ee5e0, 7ffe12631270, 7ffe12631270, 55b8236ee5e1, fe80, 2f78756e696c6c61)
            bash-2094  [001] ....  7787.500401: sys_exit: NR 4 = 0
            bash-2094  [001] ....  7787.500401: sys_enter: NR 4 (55b8236ee5e0, 7ffe12631270, 7ffe12631270, 55b8236ee5e1, fe80, 2f78756e696c6c61)
            bash-2094  [001] ....  7787.500401: sys_exit: NR 4 = 0
            bash-2094  [001] ....  7787.500401: sys_enter: NR 4 (55b8236ee5e0, 7ffe12631270, 7ffe12631270, 55b8236ee5e1, fe80, 2f78756e696c6c61)
            bash-2094  [001] ....  7787.500401: sys_exit: NR 4 = 0
            bash-2094  [001] ....  7787.500401: sys_enter: NR 257 (ffffff9c, 55b8236ee5e0, 90800, 0, 7f1c68883c40, 2f78756e696c6c61)
            bash-2094  [001] ....  7787.500401: sys_exit: NR 257 = 3
            bash-2094  [001] ....  7787.500401: sys_enter: NR 5 (3, 7ffe12631300, 7ffe12631300, 0, 7f1c68883c40, 2f78756e696c6c61)
            bash-2094  [001] ....  7787.500401: sys_exit: NR 5 = 0
            bash-2094  [001] ....  7787.500401: sys_enter: NR 78 (3, 55b8236f57e0, 8000, 55b8236b3010, 7f1c68883cc0, 0)
            bash-2094  [001] ....  7787.500401: sys_exit: NR 78 = 304
            bash-2094  [001] ....  7787.500401: sys_enter: NR 4 (55b8236edb60, 7ffe12631320, 7ffe12631320, 55b8236edb61, 8200, 2f78756e696c6c61)
            bash-2094  [001] ....  7787.500401: sys_exit: NR 4 = 0
            bash-2094  [001] ....  7787.500401: sys_enter: NR 4 (55b8236edb60, 7ffe12631320, 7ffe12631320, 55b8236edb61, 8200, 2f78756e696c6c61)
            bash-2094  [001] ....  7787.500401: sys_exit: NR 4 = 0
            bash-2094  [001] ....  7787.500401: sys_enter: NR 4 (55b8236edb60, 7ffe12631320, 7ffe12631320, 55b8236edb61, 8200, 2f78756e696c6c61)
            bash-2094  [001] ....  7787.500401: sys_exit: NR 4 = 0
            bash-2094  [001] ....  7787.500401: sys_enter: NR 4 (55b8236edb60, 7ffe12631320, 7ffe12631320, 55b8236edb61, 8200, 2f78756e696c6c61)
            bash-2094  [001] ....  7787.500401: sys_exit: NR 4 = 0
            bash-2094  [001] ....  7787.500401: sys_enter: NR 4 (55b8236edb60, 7ffe12631320, 7ffe12631320, 55b8236edb61, 8200, 2f78756e696c6c61)
            bash-2094  [001] ....  7787.500401: sys_exit: NR 4 = 0
            bash-2094  [001] ....  7787.500401: sys_enter: NR 4 (55b8236bc8a0, 7ffe126313b0, 7ffe126313b0, 55b8236edb61, 8200, 2f78756e696c6c61)
            bash-2094  [001] ....  7787.500401: sys_exit: NR 4 = 0
            bash-2094  [001] ....  7787.500401: sys_enter: NR 4 (55b8236bc8a0, 7ffe126312d0, 7ffe126312d0, 55b8236edb61, 8200, 2f78756e696c6c61)
            bash-2094  [001] ....  7787.500401: sys_exit: NR 4 = 0
            bash-2094  [001] ....  7787.500401: sys_enter: NR 107 (55b8236bc8a0, 7ffe126312d0, 7ffe126312d0, 55b8236edb61, 8200, 2f78756e696c6c61)
            bash-2094  [001] ....  7787.500401: sys_exit: NR 107 = 0
            bash-2094  [001] ....  7787.500401: sys_enter: NR 108 (55b8236bc8a0, 7ffe126312d0, 7ffe126312d0, 55b8236edb61, 8200, 2f78756e696c6c61)
            bash-2094  [001] ....  7787.500401: sys_exit: NR 108 = 0
            bash-2094  [001] ....  7787.500401: sys_enter: NR 102 (55b8236bc8a0, 7ffe126312d0, 7ffe126312d0, 55b8236edb61, 8200, 2f78756e696c6c61)
            bash-2094  [001] ....  7787.500401: sys_exit: NR 102 = 0
            bash-2094  [001] ....  7787.500401: sys_enter: NR 104 (55b8236bc8a0, 7ffe126312d0, 7ffe126312d0, 55b8236edb61, 8200, 2f78756e696c6c61)
            bash-2094  [001] ....  7787.500401: sys_exit: NR 104 = 0
            bash-2094  [001] ....  7787.500401: sys_enter: NR 21 (55b8236bc8a0, 1, 7ffe126312d0, 55b8236edb61, 8200, 2f78756e696c6c61)
            bash-2094  [001] ....  7787.500401: sys_exit: NR 21 = 0
            bash-2094  [001] ....  7787.500401: sys_enter: NR 4 (55b8236bc8a0, 7ffe126312d0, 7ffe126312d0, 55b8236edb61, 8200, 2f78756e696c6c61)
            bash-2094  [001] ....  7787.500401: sys_exit: NR 4 = 0
            bash-2094  [001] ....  7787.500401: sys_enter: NR 107 (55b8236bc8a0, 7ffe126312d0, 7ffe126312d0, 55b8236edb61, 8200, 2f78756e696c6c61)
            bash-2094  [001] ....  7787.500401: sys_exit: NR 107 = 0
            bash-2094  [001] ....  7787.500401: sys_enter: NR 108 (55b8236bc8a0, 7ffe126312d0, 7ffe126312d0, 55b8236edb61, 8200, 2f78756e696c6c61)
            bash-2094  [001] ....  7787.500401: sys_exit: NR 108 = 0
            bash-2094  [001] ....  7787.500401: sys_enter: NR 102 (55b8236bc8a0, 7ffe126312d0, 7ffe126312d0, 55b8236edb61, 8200, 2f78756e696c6c61)
            bash-2094  [001] ....  7787.500401: sys_exit: NR 102 = 0
            bash-2094  [001] ....  7787.500401: sys_enter: NR 104 (55b8236bc8a0, 7ffe126312d0, 7ffe126312d0, 55b8236edb61, 8200, 2f78756e696c6c61)
            bash-2094  [001] ....  7787.500401: sys_exit: NR 104 = 0
            bash-2094  [001] ....  7787.500401: sys_enter: NR 21 (55b8236bc8a0, 4, 7ffe126312d0, 55b8236edb61, 8200, 2f78756e696c6c61)
            bash-2094  [001] ....  7787.500401: sys_exit: NR 21 = 0
            bash-2094  [001] ....  7787.500401: sys_enter: NR 78 (3, 55b8236f57e0, 8000, 55b8236edb61, 3, 0)
            bash-2094  [001] ....  7787.500401: sys_exit: NR 78 = 0
            bash-2094  [001] ....  7787.500401: sys_enter: NR 3 (3, 0, 0, 55b8236edb61, 3, 0)
            bash-2094  [001] ....  7787.500401: __close_fd+0x0/0x80 <-__x64_sys_close+0x1e/0x50
            bash-2094  [001] ....  7787.500401: <stack trace>
 => 0xffffffffc014d061
 => __close_fd+0x5/0x80
 => __x64_sys_close+0x1e/0x50
 => do_syscall_64+0x48/0x120
 => entry_SYSCALL_64_after_hwframe+0x44/0xa9
            bash-2094  [001] ....  7787.500401: sys_exit: NR 3 = 0
            bash-2094  [001] ....  7787.500401: sys_enter: NR 4 (55b8236edb60, 7ffe126313f0, 7ffe126313f0, 55b8236edb61, 8200, 2f78756e696c6c61)
            bash-2094  [001] ....  7787.500401: sys_exit: NR 4 = 0
            bash-2094  [001] ....  7787.500401: sys_enter: NR 4 (55b8236edb60, 7ffe126313f0, 7ffe126313f0, 55b8236edb61, 8200, 2f78756e696c6c61)
            bash-2094  [001] ....  7787.500401: sys_exit: NR 4 = 0
            bash-2094  [001] ....  7787.500401: sys_enter: NR 4 (55b8236edb60, 7ffe126313f0, 7ffe126313f0, 55b8236edb61, 8200, 2f78756e696c6c61)
            bash-2094  [001] ....  7787.500401: sys_exit: NR 4 = 0
            bash-2094  [001] ....  7787.500401: sys_enter: NR 4 (55b8236edb60, 7ffe126313f0, 7ffe126313f0, 55b8236edb61, 8200, 2f78756e696c6c61)
            bash-2094  [001] ....  7787.500401: sys_exit: NR 4 = 0
            bash-2094  [001] ....  7787.500401: sys_enter: NR 4 (55b8236edb60, 7ffe126313f0, 7ffe126313f0, 55b8236edb61, 8200, 2f78756e696c6c61)
            bash-2094  [001] ....  7787.500401: sys_exit: NR 4 = 0
            bash-2094  [001] ....  7787.500401: sys_enter: NR 6 (55b8236efcd0, 7ffe12631550, 7ffe12631550, 55b8236edb61, 8200, 2f78756e696c6c61)
            bash-2094  [001] ....  7787.500401: sys_exit: NR 6 = 0
            bash-2094  [001] ....  7787.500401: sys_enter: NR 1 (2, 55b8236ec2a0, 8, 0, 7f1c688858b0, 7f1c68ecb740)
            bash-2094  [001] .N..  7787.500401: sys_exit: NR 1 = 8
            bash-2094  [001] d...  7787.500401: sched_switch: prev_comm=bash prev_pid=2094 prev_prio=120 prev_state=R ==> next_comm=kworker/u8:1 next_pid=2086 next_prio=120
    kworker/u8:1-2086  [001] d...  7787.500401: sched_switch: prev_comm=kworker/u8:1 prev_pid=2086 prev_prio=120 prev_state=I ==> next_comm=bash next_pid=2094 next_prio=120
            bash-2094  [001] ....  7787.500401: sys_enter: NR 270 (1, 7ffe126315e0, 0, 0, 0, 7ffe12631510)
            bash-2094  [001] d...  7787.500401: sched_switch: prev_comm=bash prev_pid=2094 prev_prio=120 prev_state=S ==> next_comm=sshd next_pid=980 next_prio=120
            sshd-980   [001] ....  7787.500401: sys_enter: NR 16 (9, 5401, 7ffee02184e0, 8, 7ffee0218540, 0)
            sshd-980   [001] ....  7787.500401: sys_exit: NR 16 = 0
            sshd-980   [001] ....  7787.500401: sys_enter: NR 228 (7, 7ffee02184f0, 7ffee02184f0, 0, 7ffee02e50f0, 7ffee02184f0)
            sshd-980   [001] .N..  7787.500401: sys_exit: NR 228 = 0
            sshd-980   [001] d...  7787.500401: sched_switch: prev_comm=sshd prev_pid=980 prev_prio=120 prev_state=R ==> next_comm=rcu_sched next_pid=10 next_prio=120
       rcu_sched-10    [001] d...  7787.500401: sched_switch: prev_comm=rcu_sched prev_pid=10 prev_prio=120 prev_state=I ==> next_comm=sshd next_pid=980 next_prio=120
            sshd-980   [001] ....  7787.500401: sys_enter: NR 23 (c, 557f11c3c8a0, 557f11c52f90, 0, 0, 1000)
            sshd-980   [001] ....  7787.500401: sys_exit: NR 23 = 1
            sshd-980   [001] ....  7787.500401: sys_enter: NR 14 (0, 7ffee0218580, 7ffee0218500, 8, 0, 1000)
            sshd-980   [001] ....  7787.500401: sys_exit: NR 14 = 0
            sshd-980   [001] ....  7787.500401: sys_enter: NR 14 (2, 7ffee0218500, 0, 8, 0, 1000)
            sshd-980   [001] ....  7787.500401: sys_exit: NR 14 = 0
            sshd-980   [001] ....  7787.500401: sys_enter: NR 228 (7, 7ffee02185a0, 7ffee02185a0, 8, 7ffee02e50f0, 7ffee02185a0)
            sshd-980   [001] ....  7787.500401: sys_exit: NR 228 = 0
            sshd-980   [001] ....  7787.500401: sys_enter: NR 0 (b, 7ffee02144e0, 4000, 8, 7ffee02e50f0, 7ffee02185a0)
            sshd-980   [001] ....  7787.500401: sys_exit: NR 0 = 8
            sshd-980   [001] ....  7787.500401: sys_enter: NR 39 (557f11c39eb6, 6, 16, 0, 1, 100)
            sshd-980   [001] ....  7787.500401: sys_exit: NR 39 = 980
            sshd-980   [001] ....  7787.500401: sys_enter: NR 228 (7, 7ffee02184f0, 7ffee02184f0, 0, 7ffee02e50f0, 7ffee02184f0)
            sshd-980   [001] ....  7787.500401: sys_exit: NR 228 = 0
            sshd-980   [001] ....  7787.500401: sys_enter: NR 23 (c, 557f11c3c8a0, 557f11c52f90, 0, 0, 1000)
            sshd-980   [001] ....  7787.500401: sys_exit: NR 23 = 1
            sshd-980   [001] ....  7787.500401: sys_enter: NR 14 (0, 7ffee0218580, 7ffee0218500, 8, 0, 1000)
            sshd-980   [001] ....  7787.500401: sys_exit: NR 14 = 0
            sshd-980   [001] ....  7787.500401: sys_enter: NR 14 (2, 7ffee0218500, 0, 8, 0, 1000)
            sshd-980   [001] ....  7787.500401: sys_exit: NR 14 = 0
            sshd-980   [001] ....  7787.500401: sys_enter: NR 228 (7, 7ffee02185a0, 7ffee02185a0, 8, 7ffee02e50f0, 7ffee02185a0)
            sshd-980   [001] ....  7787.500401: sys_exit: NR 228 = 0
            sshd-980   [001] ....  7787.500401: sys_enter: NR 1 (3, 557f11c57b30, 2c, 8, 7ffee02e50f0, 7ffee02185a0)
            sshd-980   [001] ....  7787.500401: sys_exit: NR 1 = 44
            sshd-980   [001] ....  7787.500401: sys_enter: NR 228 (7, 7ffee02184f0, 7ffee02184f0, 0, 7ffee02e50f0, 7ffee02184f0)
            sshd-980   [001] ....  7787.500401: sys_exit: NR 228 = 0
            sshd-980   [001] ....  7787.500401: sys_enter: NR 23 (c, 557f11c3c8a0, 557f11c52f90, 0, 0, 1000)
            sshd-980   [001] d...  7787.500401: sched_switch: prev_comm=sshd prev_pid=980 prev_prio=120 prev_state=S ==> next_comm=swapper/1 next_pid=0 next_prio=120
          <idle>-0     [001] d...  7787.507494: sched_switch: prev_comm=swapper/1 prev_pid=0 prev_prio=120 prev_state=R ==> next_comm=rcu_sched next_pid=10 next_prio=120
       rcu_sched-10    [001] d...  7787.507494: sched_switch: prev_comm=rcu_sched prev_pid=10 prev_prio=120 prev_state=I ==> next_comm=swapper/1 next_pid=0 next_prio=120
          <idle>-0     [001] d...  7787.518536: sched_switch: prev_comm=swapper/1 prev_pid=0 prev_prio=120 prev_state=R ==> next_comm=rcu_sched next_pid=10 next_prio=120
       rcu_sched-10    [001] d...  7787.518536: sched_switch: prev_comm=rcu_sched prev_pid=10 prev_prio=120 prev_state=I ==> next_comm=swapper/1 next_pid=0 next_prio=120
          <idle>-0     [003] d...  7787.680565: sched_switch: prev_comm=swapper/3 prev_pid=0 prev_prio=120 prev_state=R ==> next_comm=snapd next_pid=578 next_prio=120
           snapd-578   [003] ....  7787.680565: sys_exit: NR 202 = -110
           snapd-578   [003] ....  7787.680565: sys_enter: NR 228 (1, 7f0610492d50, 7f0610492d50, 7f0610492d50, 7ffd450df090, 7f0610492d50)
           snapd-578   [003] ....  7787.680565: sys_exit: NR 228 = 0
           snapd-578   [003] ....  7787.680565: sys_enter: NR 228 (1, 7f0610492db0, 7f0610492db0, 7f0610492d50, 7ffd450df090, 7f0610492db0)
           snapd-578   [003] ....  7787.680565: sys_exit: NR 228 = 0
           snapd-578   [003] ....  7787.680565: sys_enter: NR 202 (c420053d48, 1, 1, 0, 0, 0)
           snapd-578   [003] ....  7787.680565: sys_exit: NR 202 = 1
           snapd-578   [003] ....  7787.680565: sys_enter: NR 270 (0, 0, 0, 0, 7f0610492db0, 0)
           snapd-578   [003] d...  7787.680565: sched_switch: prev_comm=snapd prev_pid=578 prev_prio=120 prev_state=S ==> next_comm=swapper/3 next_pid=0 next_prio=120
          <idle>-0     [002] d...  7787.682222: sched_switch: prev_comm=swapper/2 prev_pid=0 prev_prio=120 prev_state=R ==> next_comm=snapd next_pid=839 next_prio=120
           snapd-839   [002] ....  7787.682222: sys_exit: NR 202 = 0
           snapd-839   [002] ....  7787.682222: sys_enter: NR 228 (1, 7f05cb7fde70, 7f05cb7fde70, 0, 7ffd450df090, 7f05cb7fde70)
           snapd-839   [002] ....  7787.682222: sys_exit: NR 228 = 0
           snapd-839   [002] ....  7787.682222: sys_enter: NR 228 (1, 7f05cb7fde70, 7f05cb7fde70, 0, 7ffd450df090, 7f05cb7fde70)
           snapd-839   [002] ....  7787.682222: sys_exit: NR 228 = 0
           snapd-839   [002] ....  7787.682222: sys_enter: NR 281 (6, 7f05cb7fd7f8, 80, 0, 0, 0)
           snapd-839   [002] ....  7787.682222: sys_exit: NR 281 = 0
           snapd-839   [002] ....  7787.682222: sys_enter: NR 228 (1, 7f05cb7fdd30, 7f05cb7fdd30, 0, 7ffd450df090, 7f05cb7fdd30)
           snapd-839   [002] ....  7787.682222: sys_exit: NR 228 = 0
           snapd-839   [002] ....  7787.682222: sys_enter: NR 228 (1, 7f05cb7fddf0, 7f05cb7fddf0, 0, 7ffd450df090, 7f05cb7fddf0)
           snapd-839   [002] ....  7787.682222: sys_exit: NR 228 = 0
           snapd-839   [002] ....  7787.682222: sys_enter: NR 202 (c420052948, 1, 1, 0, 0, 0)
          <idle>-0     [003] d...  7787.682222: sched_switch: prev_comm=swapper/3 prev_pid=0 prev_prio=120 prev_state=R ==> next_comm=snapd next_pid=578 next_prio=120
           snapd-578   [003] ....  7787.682222: sys_exit: NR 270 = 0
           snapd-578   [003] ....  7787.682222: sys_enter: NR 228 (1, 7f0610492db0, 7f0610492db0, 0, 7ffd450df090, 7f0610492db0)
           snapd-839   [002] ....  7787.682222: sys_exit: NR 202 = 1
           snapd-839   [002] ....  7787.682222: sys_enter: NR 228 (1, 7f05cb7fde70, 7f05cb7fde70, 0, 7ffd450df090, 7f05cb7fde70)
           snapd-578   [003] ....  7787.682444: sys_exit: NR 228 = 0
           snapd-578   [003] ....  7787.682444: sys_enter: NR 270 (0, 0, 0, 0, 7f0610492db0, 0)
          <idle>-0     [000] d...  7787.682444: sched_switch: prev_comm=swapper/0 prev_pid=0 prev_prio=120 prev_state=R ==> next_comm=snapd next_pid=579 next_prio=120
           snapd-579   [000] ....  7787.682444: sys_exit: NR 202 = 0
           snapd-579   [000] ....  7787.682444: sys_enter: NR 202 (c420086d48, 1, 1, 0, 0, 0)
           snapd-579   [000] ....  7787.682550: sys_exit: NR 202 = 1
           snapd-579   [000] ....  7787.682550: sys_enter: NR 228 (1, 7f060fc91e70, 7f060fc91e70, 0, 7ffd450df090, 7f060fc91e70)
           snapd-579   [000] ....  7787.682550: sys_exit: NR 228 = 0
           snapd-839   [002] ....  7787.682550: sys_exit: NR 228 = 0
           snapd-578   [003] d...  7787.682550: sched_switch: prev_comm=snapd prev_pid=578 prev_prio=120 prev_state=S ==> next_comm=swapper/3 next_pid=0 next_prio=120
          <idle>-0     [003] d...  7787.684160: sched_switch: prev_comm=swapper/3 prev_pid=0 prev_prio=120 prev_state=R ==> next_comm=snapd next_pid=578 next_prio=120
           snapd-578   [003] ....  7787.684160: sys_exit: NR 270 = 0
           snapd-578   [003] ....  7787.684160: sys_enter: NR 228 (1, 7f0610492db0, 7f0610492db0, 0, 7ffd450df090, 7f0610492db0)
           snapd-578   [003] ....  7787.684160: sys_exit: NR 228 = 0
           snapd-578   [003] ....  7787.684160: sys_enter: NR 270 (0, 0, 0, 0, 7f0610492db0, 0)
           snapd-578   [003] d...  7787.684160: sched_switch: prev_comm=snapd prev_pid=578 prev_prio=120 prev_state=S ==> next_comm=snapd next_pid=701 next_prio=120
           snapd-701   [003] ....  7787.684160: sys_exit: NR 202 = 0
           snapd-701   [003] ....  7787.684160: sys_enter: NR 202 (c4203f6548, 1, 1, 0, 0, 0)
           snapd-701   [003] ....  7787.684160: sys_exit: NR 202 = 1
           snapd-701   [003] ....  7787.684160: sys_enter: NR 228 (1, 7f05ed3d7e70, 7f05ed3d7e70, 0, 7ffd450df090, 7f05ed3d7e70)
           snapd-701   [003] ....  7787.684583: sys_exit: NR 228 = 0
           snapd-839   [002] ....  7787.684583: sys_enter: NR 228 (1, 7f05cb7fde70, 7f05cb7fde70, 10, 7ffd450df090, 7f05cb7fde70)
           snapd-701   [003] ....  7787.684583: sys_enter: NR 228 (1, 7f05ed3d7e70, 7f05ed3d7e70, 240, 7ffd450df090, 7f05ed3d7e70)
           snapd-579   [000] d...  7787.685645: sched_switch: prev_comm=snapd prev_pid=579 prev_prio=120 prev_state=R ==> next_comm=snapd next_pid=676 next_prio=120
           snapd-676   [000] ....  7787.685645: sys_exit: NR 202 = 0
           snapd-676   [000] ....  7787.685645: sys_enter: NR 228 (1, 7f05eebdae70, 7f05eebdae70, 0, 7ffd450df090, 7f05eebdae70)
           snapd-839   [002] ....  7787.686683: sys_exit: NR 228 = 0
           snapd-839   [002] ....  7787.686683: sys_enter: NR 228 (1, 7f05cb7fde70, 7f05cb7fde70, 10, 7ffd450df090, 7f05cb7fde70)
           snapd-701   [003] ....  7787.686753: sys_exit: NR 228 = 0
           snapd-701   [003] ....  7787.686753: sys_enter: NR 228 (1, 7f05ed3d7e70, 7f05ed3d7e70, 240, 7ffd450df090, 7f05ed3d7e70)
           snapd-839   [002] ....  7787.686753: sys_exit: NR 228 = 0
           snapd-701   [003] ....  7787.686753: sys_exit: NR 228 = 0
           snapd-676   [000] ....  7787.687259: sys_exit: NR 228 = 0
           snapd-676   [000] ....  7787.687259: sys_enter: NR 228 (1, 7f05eebdae70, 7f05eebdae70, 20, 7ffd450df090, 7f05eebdae70)
           snapd-839   [002] ....  7787.687428: sys_enter: NR 228 (1, 7f05cb7fde70, 7f05cb7fde70, 20, 7ffd450df090, 7f05cb7fde70)
           snapd-676   [000] ....  7787.687428: sys_exit: NR 228 = 0
           snapd-676   [000] ....  7787.687428: sys_enter: NR 202 (c4203f6548, 0, 0, 0, 0, 0)
           snapd-839   [002] ....  7787.687428: sys_exit: NR 228 = 0
           snapd-676   [000] d...  7787.687428: sched_switch: prev_comm=snapd prev_pid=676 prev_prio=120 prev_state=S ==> next_comm=snapd next_pid=579 next_prio=120
           snapd-839   [002] ....  7787.687428: sys_enter: NR 202 (c420053d48, 0, 0, 0, 0, 0)
           snapd-839   [002] d...  7787.687428: sched_switch: prev_comm=snapd prev_pid=839 prev_prio=120 prev_state=S ==> next_comm=kworker/2:1 next_pid=90 next_prio=120
     kworker/2:1-90    [002] d...  7787.687561: sched_switch: prev_comm=kworker/2:1 prev_pid=90 prev_prio=120 prev_state=I ==> next_comm=snapd next_pid=578 next_prio=120
           snapd-578   [002] ....  7787.687561: sys_exit: NR 270 = 0
           snapd-578   [002] ....  7787.687561: sys_enter: NR 228 (1, 7f0610492db0, 7f0610492db0, 0, 7ffd450df090, 7f0610492db0)
           snapd-578   [002] ....  7787.687561: sys_exit: NR 228 = 0
           snapd-578   [002] ....  7787.687561: sys_enter: NR 270 (0, 0, 0, 0, 7f0610492db0, 0)
           snapd-578   [002] d...  7787.687561: sched_switch: prev_comm=snapd prev_pid=578 prev_prio=120 prev_state=S ==> next_comm=swapper/2 next_pid=0 next_prio=120
           snapd-701   [003] ....  7787.687561: sys_enter: NR 228 (1, 7f05ed3d7e70, 7f05ed3d7e70, 140, 7ffd450df090, 7f05ed3d7e70)
           snapd-701   [003] ....  7787.687561: sys_exit: NR 228 = 0
           snapd-701   [003] ....  7787.687561: sys_enter: NR 228 (1, 7f05ed3d7e70, 7f05ed3d7e70, 140, 7ffd450df090, 7f05ed3d7e70)
           snapd-701   [003] ....  7787.687561: sys_exit: NR 228 = 0
           snapd-701   [003] ....  7787.688469: sys_enter: NR 228 (1, 7f05ed3d7e70, 7f05ed3d7e70, 20, 7ffd450df090, 7f05ed3d7e70)
           snapd-579   [000] ....  7787.688529: sys_enter: NR 228 (1, 7f060fc91e70, 7f060fc91e70, 20, 7ffd450df090, 7f060fc91e70)
           snapd-701   [003] ....  7787.688529: sys_exit: NR 228 = 0
           snapd-701   [003] ....  7787.688529: sys_enter: NR 202 (c420086d48, 0, 0, 0, 0, 0)
           snapd-701   [003] d...  7787.688529: sched_switch: prev_comm=snapd prev_pid=701 prev_prio=120 prev_state=S ==> next_comm=swapper/3 next_pid=0 next_prio=120
           snapd-579   [000] ....  7787.688529: sys_exit: NR 228 = 0
           snapd-579   [000] ....  7787.688529: sys_enter: NR 228 (1, 7f060fc91e70, 7f060fc91e70, 20, 7ffd450df090, 7f060fc91e70)
           snapd-579   [000] ....  7787.688529: sys_exit: NR 228 = 0
           snapd-579   [000] ....  7787.688529: sys_enter: NR 228 (1, 7f060fc91e70, 7f060fc91e70, 20, 7ffd450df090, 7f060fc91e70)
          <idle>-0     [002] d...  7787.689327: sched_switch: prev_comm=swapper/2 prev_pid=0 prev_prio=120 prev_state=R ==> next_comm=snapd next_pid=578 next_prio=120
           snapd-579   [000] ....  7787.689327: sys_exit: NR 228 = 0
           snapd-578   [002] ....  7787.689327: sys_exit: NR 270 = 0
           snapd-579   [000] ....  7787.689327: sys_enter: NR 228 (1, 7f060fc91e70, 7f060fc91e70, 20, 7ffd450df090, 7f060fc91e70)
           snapd-578   [002] ....  7787.689327: sys_enter: NR 228 (1, 7f0610492d50, 7f0610492d50, 0, 7ffd450df090, 7f0610492d50)
           snapd-578   [002] ....  7787.689327: sys_exit: NR 228 = 0
           snapd-578   [002] ....  7787.689327: sys_enter: NR 202 (55cf08ed7430, 0, 0, 7f0610492d50, 0, 0)
           snapd-579   [000] ....  7787.689327: sys_exit: NR 228 = 0
           snapd-579   [000] ....  7787.689327: sys_enter: NR 202 (c420086d48, 1, 1, 0, 0, 0)
           snapd-579   [000] ....  7787.689327: sys_exit: NR 202 = 1
           snapd-579   [000] ....  7787.689327: sys_enter: NR 202 (c420053d48, 1, 1, 0, 0, 0)
           snapd-578   [002] d...  7787.689327: sched_switch: prev_comm=snapd prev_pid=578 prev_prio=120 prev_state=S ==> next_comm=swapper/2 next_pid=0 next_prio=120
           snapd-579   [000] ....  7787.689327: sys_exit: NR 202 = 1
           snapd-579   [000] ....  7787.689327: sys_enter: NR 202 (c4203f6548, 1, 1, 0, 0, 0)
           snapd-579   [000] .N..  7787.689327: sys_exit: NR 202 = 1
           snapd-579   [000] d...  7787.689327: sched_switch: prev_comm=snapd prev_pid=579 prev_prio=120 prev_state=R ==> next_comm=snapd next_pid=676 next_prio=120
           snapd-676   [000] ....  7787.689327: sys_exit: NR 202 = 0
           snapd-676   [000] ....  7787.689327: sys_enter: NR 24 (7fffffffffffffff, 1, 55cf08ed7350, 6, 0, 55cf08ed79c8)
           snapd-676   [000] ....  7787.689529: sys_exit: NR 24 = 0
           snapd-676   [000] ....  7787.689529: sys_enter: NR 202 (55cf08ed7350, 0, 2, 0, 0, 0)
           snapd-676   [000] d...  7787.689529: sched_switch: prev_comm=snapd prev_pid=676 prev_prio=120 prev_state=S ==> next_comm=snapd next_pid=579 next_prio=120
           snapd-579   [000] ....  7787.689529: sys_enter: NR 202 (55cf08ed7350, 1, 1, 0, 0, 0)
           snapd-579   [000] .N..  7787.689529: sys_exit: NR 202 = 1
           snapd-579   [000] d...  7787.689529: sched_switch: prev_comm=snapd prev_pid=579 prev_prio=120 prev_state=R ==> next_comm=snapd next_pid=676 next_prio=120
           snapd-676   [000] ....  7787.689529: sys_exit: NR 202 = 0
           snapd-676   [000] ....  7787.689529: sys_enter: NR 202 (55cf08ed7350, 1, 1, 0, 0, 0)
           snapd-676   [000] ....  7787.689529: sys_exit: NR 202 = 0
           snapd-676   [000] ....  7787.689529: sys_enter: NR 202 (c4203f6548, 0, 0, 0, 0, 0)
           snapd-676   [000] d...  7787.689529: sched_switch: prev_comm=snapd prev_pid=676 prev_prio=120 prev_state=S ==> next_comm=snapd next_pid=579 next_prio=120
           snapd-579   [000] ....  7787.689529: sys_enter: NR 202 (55cf08ed79e8, 0, 0, 0, 0, 0)
           snapd-579   [000] d...  7787.689529: sched_switch: prev_comm=snapd prev_pid=579 prev_prio=120 prev_state=S ==> next_comm=swapper/0 next_pid=0 next_prio=120
          <idle>-0     [003] d...  7787.690136: sched_switch: prev_comm=swapper/3 prev_pid=0 prev_prio=120 prev_state=R ==> next_comm=snapd next_pid=701 next_prio=120
           snapd-701   [003] ....  7787.690136: sys_exit: NR 202 = 0
           snapd-701   [003] ....  7787.690136: sys_enter: NR 202 (c420086d48, 0, 0, 0, 0, 0)
           snapd-701   [003] d...  7787.690136: sched_switch: prev_comm=snapd prev_pid=701 prev_prio=120 prev_state=S ==> next_comm=swapper/3 next_pid=0 next_prio=120
          <idle>-0     [002] d...  7787.690136: sched_switch: prev_comm=swapper/2 prev_pid=0 prev_prio=120 prev_state=R ==> next_comm=snapd next_pid=839 next_prio=120
           snapd-839   [002] ....  7787.690136: sys_exit: NR 202 = 0
           snapd-839   [002] ....  7787.690136: sys_enter: NR 202 (55cf08ed79e8, 1, 1, 0, 0, 0)
           snapd-839   [002] ....  7787.690136: sys_exit: NR 202 = 1
           snapd-839   [002] ....  7787.690136: sys_enter: NR 202 (c420053d48, 0, 0, 0, 0, 0)
           snapd-839   [002] d...  7787.690136: sched_switch: prev_comm=snapd prev_pid=839 prev_prio=120 prev_state=S ==> next_comm=swapper/2 next_pid=0 next_prio=120
          <idle>-0     [000] d...  7787.690793: sched_switch: prev_comm=swapper/0 prev_pid=0 prev_prio=120 prev_state=R ==> next_comm=snapd next_pid=579 next_prio=120
           snapd-579   [000] ....  7787.690793: sys_exit: NR 202 = 0
           snapd-579   [000] ....  7787.690793: sys_enter: NR 228 (1, 7f060fc91e70, 7f060fc91e70, 0, 7ffd450df090, 7f060fc91e70)
           snapd-579   [000] ....  7787.690793: sys_exit: NR 228 = 0
           snapd-579   [000] ....  7787.690793: sys_enter: NR 228 (0, 7f060fc91e70, 7f060fc91e70, 0, 7ffd450df080, 7f060fc91e70)
           snapd-579   [000] ....  7787.690793: sys_exit: NR 228 = 0
           snapd-579   [000] ....  7787.690793: sys_enter: NR 228 (1, 7f060fc91e70, 7f060fc91e70, 0, 7ffd450df090, 7f060fc91e70)
           snapd-579   [000] ....  7787.690793: sys_exit: NR 228 = 0
           snapd-579   [000] ....  7787.690793: sys_enter: NR 281 (6, 7f060fc91800, 80, 0, 0, 7f060fc91e70)
           snapd-579   [000] ....  7787.690793: sys_exit: NR 281 = 0
           snapd-579   [000] ....  7787.690793: sys_enter: NR 228 (1, 7f060fc91d30, 7f060fc91d30, 0, 7ffd450df090, 7f060fc91d30)
           snapd-579   [000] ....  7787.690793: sys_exit: NR 228 = 0
           snapd-579   [000] ....  7787.690793: sys_enter: NR 202 (55cf08ed7430, 1, 1, 0, 0, 0)
           snapd-579   [000] ....  7787.690793: sys_exit: NR 202 = 1
           snapd-579   [000] ....  7787.690793: sys_enter: NR 228 (1, 7f060fc91df0, 7f060fc91df0, 0, 7ffd450df090, 7f060fc91df0)
          <idle>-0     [002] d...  7787.692247: sched_switch: prev_comm=swapper/2 prev_pid=0 prev_prio=120 prev_state=R ==> next_comm=snapd next_pid=578 next_prio=120
           snapd-578   [002] ....  7787.692247: sys_exit: NR 202 = 0
           snapd-578   [002] ....  7787.692247: sys_enter: NR 228 (1, 7f0610492db0, 7f0610492db0, 7f0610492d50, 7ffd450df090, 7f0610492db0)
           snapd-579   [000] ....  7787.692247: sys_exit: NR 228 = 0
           snapd-579   [000] ....  7787.692247: sys_enter: NR 202 (c420053d48, 1, 1, 0, 0, 0)
           snapd-578   [002] ....  7787.692247: sys_exit: NR 228 = 0
           snapd-578   [002] ....  7787.692247: sys_enter: NR 270 (0, 0, 0, 0, 7f0610492db0, 0)
           snapd-579   [000] ....  7787.692247: sys_exit: NR 202 = 1
           snapd-579   [000] ....  7787.692247: sys_enter: NR 228 (1, 7f060fc91c00, 7f060fc91c00, 1a0, 7ffd450df090, 7f060fc91c00)
           snapd-579   [000] ....  7787.692247: sys_exit: NR 228 = 0
           snapd-578   [002] d...  7787.692247: sched_switch: prev_comm=snapd prev_pid=578 prev_prio=120 prev_state=S ==> next_comm=snapd next_pid=839 next_prio=120
           snapd-839   [002] ....  7787.692247: sys_exit: NR 202 = 0
           snapd-839   [002] ....  7787.692247: sys_enter: NR 202 (c420053d48, 0, 0, 0, 0, 0)
           snapd-839   [002] d...  7787.692247: sched_switch: prev_comm=snapd prev_pid=839 prev_prio=120 prev_state=S ==> next_comm=swapper/2 next_pid=0 next_prio=120
           snapd-579   [000] ....  7787.692444: sys_enter: NR 228 (1, 7f060fc91d90, 7f060fc91d90, 1000, 7ffd450df090, 7f060fc91d90)
           snapd-579   [000] ....  7787.692444: sys_exit: NR 228 = 0
           snapd-579   [000] ....  7787.692444: sys_enter: NR 202 (c420052948, 0, 0, 0, 0, 0)
           snapd-579   [000] d...  7787.692444: sched_switch: prev_comm=snapd prev_pid=579 prev_prio=120 prev_state=S ==> next_comm=swapper/0 next_pid=0 next_prio=120
          <idle>-0     [002] d...  7787.693315: sched_switch: prev_comm=swapper/2 prev_pid=0 prev_prio=120 prev_state=R ==> next_comm=snapd next_pid=578 next_prio=120
           snapd-578   [002] ....  7787.693315: sys_exit: NR 270 = 0
           snapd-578   [002] ....  7787.693315: sys_enter: NR 228 (1, 7f0610492d50, 7f0610492d50, 0, 7ffd450df090, 7f0610492d50)
           snapd-578   [002] ....  7787.693315: sys_exit: NR 228 = 0
           snapd-578   [002] ....  7787.693315: sys_enter: NR 202 (55cf08ed7430, 0, 0, 7f0610492d50, 0, 0)
           snapd-578   [002] d...  7787.693315: sched_switch: prev_comm=snapd prev_pid=578 prev_prio=120 prev_state=S ==> next_comm=swapper/2 next_pid=0 next_prio=120
          <idle>-0     [000] d...  7787.745497: sched_switch: prev_comm=swapper/0 prev_pid=0 prev_prio=120 prev_state=R ==> next_comm=kworker/0:1 next_pid=1645 next_prio=120
          <idle>-0     [002] d...  7787.745554: sched_switch: prev_comm=swapper/2 prev_pid=0 prev_prio=120 prev_state=R ==> next_comm=kworker/2:1 next_pid=90 next_prio=120
     kworker/2:1-90    [002] d...  7787.745554: sched_switch: prev_comm=kworker/2:1 prev_pid=90 prev_prio=120 prev_state=D ==> next_comm=kworker/2:3 next_pid=2053 next_prio=120
     kworker/2:3-2053  [002] d...  7787.748418: sched_switch: prev_comm=kworker/2:3 prev_pid=2053 prev_prio=120 prev_state=D ==> next_comm=kworker/2:2 next_pid=2155 next_prio=120
     kworker/2:2-2155  [002] d...  7787.748890: sched_switch: prev_comm=kworker/2:2 prev_pid=2155 prev_prio=120 prev_state=I ==> next_comm=swapper/2 next_pid=0 next_prio=120
          <idle>-0     [002] d...  7787.754586: sched_switch: prev_comm=swapper/2 prev_pid=0 prev_prio=120 prev_state=R ==> next_comm=kworker/2:1 next_pid=90 next_prio=120
     kworker/2:1-90    [002] d...  7787.754586: sched_switch: prev_comm=kworker/2:1 prev_pid=90 prev_prio=120 prev_state=I ==> next_comm=kworker/2:3 next_pid=2053 next_prio=120
     kworker/0:1-1645  [000] d...  7787.754676: sched_switch: prev_comm=kworker/0:1 prev_pid=1645 prev_prio=120 prev_state=R+ ==> next_comm=ksoftirqd/0 next_pid=9 next_prio=120
     ksoftirqd/0-9     [000] d...  7787.754676: sched_switch: prev_comm=ksoftirqd/0 prev_pid=9 prev_prio=120 prev_state=S ==> next_comm=kworker/0:1 next_pid=1645 next_prio=120
     kworker/0:1-1645  [000] d...  7787.754676: sched_switch: prev_comm=kworker/0:1 prev_pid=1645 prev_prio=120 prev_state=I ==> next_comm=swapper/0 next_pid=0 next_prio=120
     kworker/2:3-2053  [002] d...  7787.754676: sched_switch: prev_comm=kworker/2:3 prev_pid=2053 prev_prio=120 prev_state=I ==> next_comm=swapper/2 next_pid=0 next_prio=120
          <idle>-0     [003] d...  7787.756418: sched_switch: prev_comm=swapper/3 prev_pid=0 prev_prio=120 prev_state=R ==> next_comm=kworker/3:5 next_pid=994 next_prio=120
     kworker/3:5-994   [003] d...  7787.756418: sched_switch: prev_comm=kworker/3:5 prev_pid=994 prev_prio=120 prev_state=I ==> next_comm=swapper/3 next_pid=0 next_prio=120
          <idle>-0     [001] d...  7787.955065: sched_switch: prev_comm=swapper/1 prev_pid=0 prev_prio=120 prev_state=R ==> next_comm=sshd next_pid=980 next_prio=120
            sshd-980   [001] ....  7787.955065: sys_exit: NR 23 = 1
            sshd-980   [001] ....  7787.955065: sys_enter: NR 14 (0, 7ffee0218580, 7ffee0218500, 8, 0, 1000)
            sshd-980   [001] ....  7787.955065: sys_exit: NR 14 = 0
            sshd-980   [001] ....  7787.955065: sys_enter: NR 14 (2, 7ffee0218500, 0, 8, 0, 1000)
            sshd-980   [001] ....  7787.955065: sys_exit: NR 14 = 0
            sshd-980   [001] ....  7787.955065: sys_enter: NR 228 (7, 7ffee02185a0, 7ffee02185a0, 8, 7ffee02e50f0, 7ffee02185a0)
            sshd-980   [001] ....  7787.955065: sys_exit: NR 228 = 0
            sshd-980   [001] ....  7787.955065: sys_enter: NR 0 (3, 7ffee0214610, 4000, 8, 7ffee02e50f0, 7ffee02185a0)
            sshd-980   [001] ....  7787.955065: sys_exit: NR 0 = 36
            sshd-980   [001] ....  7787.955065: sys_enter: NR 228 (7, 7ffee02184f0, 7ffee02184f0, 0, 7ffee02e50f0, 7ffee02184f0)
            sshd-980   [001] ....  7787.955065: sys_exit: NR 228 = 0
            sshd-980   [001] ....  7787.955065: sys_enter: NR 23 (c, 557f11c3c8a0, 557f11c52f90, 0, 0, 1000)
            sshd-980   [001] ....  7787.955065: sys_exit: NR 23 = 1
            sshd-980   [001] ....  7787.955065: sys_enter: NR 14 (0, 7ffee0218580, 7ffee0218500, 8, 0, 1000)
            sshd-980   [001] ....  7787.955065: sys_exit: NR 14 = 0
            sshd-980   [001] ....  7787.955065: sys_enter: NR 14 (2, 7ffee0218500, 0, 8, 0, 1000)
            sshd-980   [001] ....  7787.955065: sys_exit: NR 14 = 0
            sshd-980   [001] ....  7787.955065: sys_enter: NR 228 (7, 7ffee02185a0, 7ffee02185a0, 8, 7ffee02e50f0, 7ffee02185a0)
            sshd-980   [001] ....  7787.955065: sys_exit: NR 228 = 0
            sshd-980   [001] ....  7787.955065: sys_enter: NR 1 (9, 557f11c548c0, 1, 8, 0, 0)
            sshd-980   [001] .N..  7787.955065: sys_exit: NR 1 = 1
            sshd-980   [001] d...  7787.955065: sched_switch: prev_comm=sshd prev_pid=980 prev_prio=120 prev_state=R ==> next_comm=kworker/u8:1 next_pid=2086 next_prio=120
    kworker/u8:1-2086  [001] d...  7787.955065: sched_switch: prev_comm=kworker/u8:1 prev_pid=2086 prev_prio=120 prev_state=I ==> next_comm=bash next_pid=2094 next_prio=120
            bash-2094  [001] ....  7787.955065: sys_exit: NR 270 = 1
            bash-2094  [001] ....  7787.955065: sys_enter: NR 0 (0, 7ffe1263155f, 1, 0, 0, 7ffe12631510)
            bash-2094  [001] ....  7787.955065: sys_exit: NR 0 = 1
            bash-2094  [001] ....  7787.955065: sys_enter: NR 1 (2, 55b8236ec2a0, 1, a, a, 7ffe12631510)
            bash-2094  [001] .N..  7787.955065: sys_exit: NR 1 = 1
            bash-2094  [001] d...  7787.955065: sched_switch: prev_comm=bash prev_pid=2094 prev_prio=120 prev_state=R ==> next_comm=kworker/u8:1 next_pid=2086 next_prio=120
    kworker/u8:1-2086  [001] d...  7787.955065: sched_switch: prev_comm=kworker/u8:1 prev_pid=2086 prev_prio=120 prev_state=I ==> next_comm=bash next_pid=2094 next_prio=120
            bash-2094  [001] ....  7787.955065: sys_enter: NR 16 (0, 5401, 7ffe12631650, 1, 7f1c688858b0, 55b822904f60)
            bash-2094  [001] ....  7787.955065: sys_exit: NR 16 = 0
            bash-2094  [001] ....  7787.955065: sys_enter: NR 16 (0, 5403, 7ffe12631620, 10, 0, 55b822904f60)
            bash-2094  [001] ....  7787.955065: sys_exit: NR 16 = 0
            bash-2094  [001] ....  7787.955065: sys_enter: NR 16 (0, 5401, 7ffe12631620, 10, ffffffffffffff80, 55b822904f60)
            bash-2094  [001] ....  7787.955065: sys_exit: NR 16 = 0
            bash-2094  [001] ....  7787.955065: sys_enter: NR 13 (2, 7ffe12631410, 7ffe126314b0, 8, 7ffe12631560, 55b822904f60)
            bash-2094  [001] ....  7787.955065: sys_exit: NR 13 = 0
            bash-2094  [001] ....  7787.955065: sys_enter: NR 13 (f, 7ffe12631410, 7ffe126314b0, 8, 7ffe12631560, 55b822904f60)
            bash-2094  [001] ....  7787.955065: sys_exit: NR 13 = 0
            bash-2094  [001] ....  7787.955065: sys_enter: NR 13 (1, 7ffe12631410, 7ffe126314b0, 8, 7ffe12631560, 55b822904f60)
            bash-2094  [001] ....  7787.955065: sys_exit: NR 13 = 0
            bash-2094  [001] ....  7787.955065: sys_enter: NR 13 (e, 7ffe12631410, 7ffe126314b0, 8, 7ffe12631560, 55b822904f60)
            bash-2094  [001] ....  7787.955065: sys_exit: NR 13 = 0
            bash-2094  [001] ....  7787.955065: sys_enter: NR 13 (1c, 7ffe126314d0, 7ffe12631570, 8, 7ffe12631620, 55b822904f60)
            bash-2094  [001] ....  7787.955065: sys_exit: NR 13 = 0
            bash-2094  [001] ....  7787.955065: sys_enter: NR 13 (2, 7ffe12631430, 7ffe126314d0, 8, 7ffe12631620, 55b822904f60)
            bash-2094  [001] ....  7787.955065: sys_exit: NR 13 = 0
            bash-2094  [001] ....  7787.955065: sys_enter: NR 14 (0, 7ffe12632410, 7ffe12632490, 8, 0, 0)
            bash-2094  [001] ....  7787.955065: sys_exit: NR 14 = 0
            bash-2094  [001] ....  7787.955065: sys_enter: NR 22 (55b8228f9738, 7ffe12632410, 7ffe12632490, 8, 0, 0)
            bash-2094  [001] ....  7787.955065: sys_exit: NR 22 = 0
            bash-2094  [001] ....  7787.955065: sys_enter: NR 56 (1200011, 0, 0, 7f1c68ecba10, 7f1c68ecb740, 0)
            bash-2094  [001] ....  7787.955065: sys_exit: NR 56 = 2156
            bash-2094  [001] ....  7787.955065: sys_enter: NR 109 (86c, 86c, 0, 7f1c68ecba10, 7f1c68ecb740, 0)
            bash-2094  [001] ....  7787.955065: sys_exit: NR 109 = 0
            bash-2094  [001] ....  7787.955065: sys_enter: NR 14 (2, 7ffe12632490, 0, 8, 8, 55b8236c1270)
            bash-2094  [001] ....  7787.955065: sys_exit: NR 14 = 0
            bash-2094  [001] ....  7787.955065: sys_enter: NR 14 (0, 7ffe126323b0, 7ffe12632430, 8, 0, 1)
            bash-2094  [001] ....  7787.955065: sys_exit: NR 14 = 0
            bash-2094  [001] ....  7787.955065: sys_enter: NR 3 (3, 7ffe126323b0, 7ffe12632430, 8, 0, 1)
            bash-2094  [001] ....  7787.955065: __close_fd+0x0/0x80 <-__x64_sys_close+0x1e/0x50
            bash-2094  [001] ....  7787.955065: <stack trace>
 => 0xffffffffc014d061
 => __close_fd+0x5/0x80
 => __x64_sys_close+0x1e/0x50
 => do_syscall_64+0x48/0x120
 => entry_SYSCALL_64_after_hwframe+0x44/0xa9
            bash-2094  [001] ....  7787.955065: sys_exit: NR 3 = 0
            bash-2094  [001] ....  7787.955065: sys_enter: NR 3 (4, 7ffe126323b0, 7ffe12632430, 8, 0, 1)
            bash-2094  [001] ....  7787.955065: __close_fd+0x0/0x80 <-__x64_sys_close+0x1e/0x50
            bash-2094  [001] ....  7787.955065: <stack trace>
 => 0xffffffffc014d061
 => __close_fd+0x5/0x80
 => __x64_sys_close+0x1e/0x50
 => do_syscall_64+0x48/0x120
 => entry_SYSCALL_64_after_hwframe+0x44/0xa9
            bash-2094  [001] ....  7787.955065: sys_exit: NR 3 = 0
            bash-2094  [001] ....  7787.955065: sys_enter: NR 16 (ff, 540f, 7ffe12632374, 1, 0, 2f78756e696c6c61)
            bash-2094  [001] ....  7787.955065: sys_exit: NR 16 = 0
            bash-2094  [001] ....  7787.955065: sys_enter: NR 14 (0, 7ffe12632260, 7ffe126322e0, 8, 0, 2f78756e696c6c61)
            bash-2094  [001] ....  7787.955065: sys_exit: NR 14 = 0
